Archive member included to satisfy reference by file (symbol)

/usr/local/m68k-elf/lib/libc.a(lib_a-exit.o)
                              crt0.o (exit)
/usr/local/m68k-elf/lib/libc.a(lib_a-impure.o)
                              /usr/local/m68k-elf/lib/libc.a(lib_a-exit.o) (_global_impure_ptr)
/usr/local/m68k-elf/lib/libc.a(lib_a-printf.o)
                              test1.o (printf)
/usr/local/m68k-elf/lib/libc.a(lib_a-scanf.o)
                              test1.o (scanf)
/usr/local/m68k-elf/lib/libc.a(lib_a-vfprintf.o)
                              /usr/local/m68k-elf/lib/libc.a(lib_a-printf.o) (_vfprintf_r)
/usr/local/m68k-elf/lib/libc.a(lib_a-vfscanf.o)
                              /usr/local/m68k-elf/lib/libc.a(lib_a-scanf.o) (_vfscanf_r)
/usr/local/m68k-elf/lib/libc.a(lib_a-wsetup.o)
                              /usr/local/m68k-elf/lib/libc.a(lib_a-vfprintf.o) (__swsetup_r)
/usr/local/m68k-elf/lib/libc.a(lib_a-__call_atexit.o)
                              /usr/local/m68k-elf/lib/libc.a(lib_a-exit.o) (__call_exitprocs)
/usr/local/m68k-elf/lib/libc.a(lib_a-dtoa.o)
                              /usr/local/m68k-elf/lib/libc.a(lib_a-vfprintf.o) (_dtoa_r)
/usr/local/m68k-elf/lib/libc.a(lib_a-fflush.o)
                              /usr/local/m68k-elf/lib/libc.a(lib_a-vfprintf.o) (_fflush_r)
/usr/local/m68k-elf/lib/libc.a(lib_a-findfp.o)
                              /usr/local/m68k-elf/lib/libc.a(lib_a-vfprintf.o) (__sinit)
/usr/local/m68k-elf/lib/libc.a(lib_a-fread.o)
                              /usr/local/m68k-elf/lib/libc.a(lib_a-vfscanf.o) (_fread_r)
/usr/local/m68k-elf/lib/libc.a(lib_a-freer.o)
                              /usr/local/m68k-elf/lib/libc.a(lib_a-wsetup.o) (_free_r)
/usr/local/m68k-elf/lib/libc.a(lib_a-fwalk.o)
                              /usr/local/m68k-elf/lib/libc.a(lib_a-findfp.o) (_fwalk)
/usr/local/m68k-elf/lib/libc.a(lib_a-iswspace.o)
                              /usr/local/m68k-elf/lib/libc.a(lib_a-vfscanf.o) (iswspace)
/usr/local/m68k-elf/lib/libc.a(lib_a-locale.o)
                              /usr/local/m68k-elf/lib/libc.a(lib_a-vfscanf.o) (__locale_mb_cur_max)
/usr/local/m68k-elf/lib/libc.a(lib_a-localeconv.o)
                              /usr/local/m68k-elf/lib/libc.a(lib_a-vfprintf.o) (_localeconv_r)
/usr/local/m68k-elf/lib/libc.a(lib_a-makebuf.o)
                              /usr/local/m68k-elf/lib/libc.a(lib_a-wsetup.o) (__smakebuf_r)
/usr/local/m68k-elf/lib/libc.a(lib_a-mallocr.o)
                              /usr/local/m68k-elf/lib/libc.a(lib_a-findfp.o) (_malloc_r)
/usr/local/m68k-elf/lib/libc.a(lib_a-mbrtowc.o)
                              /usr/local/m68k-elf/lib/libc.a(lib_a-vfscanf.o) (_mbrtowc_r)
/usr/local/m68k-elf/lib/libc.a(lib_a-mbtowc_r.o)
                              /usr/local/m68k-elf/lib/libc.a(lib_a-locale.o) (__ascii_mbtowc)
/usr/local/m68k-elf/lib/libc.a(lib_a-memchr.o)
                              /usr/local/m68k-elf/lib/libc.a(lib_a-vfprintf.o) (memchr)
/usr/local/m68k-elf/lib/libc.a(lib_a-memcpy.o)
                              /usr/local/m68k-elf/lib/libc.a(lib_a-dtoa.o) (memcpy)
/usr/local/m68k-elf/lib/libc.a(lib_a-memset.o)
                              /usr/local/m68k-elf/lib/libc.a(lib_a-vfscanf.o) (memset)
/usr/local/m68k-elf/lib/libc.a(lib_a-mlock.o)
                              /usr/local/m68k-elf/lib/libc.a(lib_a-freer.o) (__malloc_lock)
/usr/local/m68k-elf/lib/libc.a(lib_a-mprec.o)
                              /usr/local/m68k-elf/lib/libc.a(lib_a-dtoa.o) (_Balloc)
/usr/local/m68k-elf/lib/libc.a(lib_a-refill.o)
                              /usr/local/m68k-elf/lib/libc.a(lib_a-vfscanf.o) (__srefill_r)
/usr/local/m68k-elf/lib/libc.a(lib_a-sbrkr.o)
                              /usr/local/m68k-elf/lib/libc.a(lib_a-freer.o) (_sbrk_r)
/usr/local/m68k-elf/lib/libc.a(lib_a-sccl.o)
                              /usr/local/m68k-elf/lib/libc.a(lib_a-vfscanf.o) (__sccl)
/usr/local/m68k-elf/lib/libc.a(lib_a-sf_nan.o)
                              /usr/local/m68k-elf/lib/libc.a(lib_a-vfscanf.o) (nanf)
/usr/local/m68k-elf/lib/libc.a(lib_a-sprintf.o)
                              /usr/local/m68k-elf/lib/libc.a(lib_a-vfscanf.o) (sprintf)
/usr/local/m68k-elf/lib/libc.a(lib_a-stdio.o)
                              /usr/local/m68k-elf/lib/libc.a(lib_a-findfp.o) (__sread)
/usr/local/m68k-elf/lib/libc.a(lib_a-strcmp.o)
                              /usr/local/m68k-elf/lib/libc.a(lib_a-locale.o) (strcmp)
/usr/local/m68k-elf/lib/libc.a(lib_a-strlen.o)
                              /usr/local/m68k-elf/lib/libc.a(lib_a-vfprintf.o) (strlen)
/usr/local/m68k-elf/lib/libc.a(lib_a-strtod.o)
                              /usr/local/m68k-elf/lib/libc.a(lib_a-vfscanf.o) (_strtod_r)
/usr/local/m68k-elf/lib/libc.a(lib_a-strtol.o)
                              /usr/local/m68k-elf/lib/libc.a(lib_a-vfscanf.o) (_strtol_r)
/usr/local/m68k-elf/lib/libc.a(lib_a-strtoul.o)
                              /usr/local/m68k-elf/lib/libc.a(lib_a-vfscanf.o) (_strtoul_r)
[...]
Memory Configuration

Name             Origin             Length             Attributes
ram              0x0000000000000000 0x0000000000040000 xrw
rom0             0x0000000000c00000 0x0000000000080000
device           0x0000000000fff000 0x0000000000001000
*default*        0x0000000000000000 0xffffffffffffffff

Linker script and memory map

LOAD crt0.o
LOAD mon.o
LOAD inchrw.o
LOAD outchr.o
LOAD csys68k.o
LOAD test1.o
START GROUP
LOAD /usr/local/m68k-elf/lib/libidp.a
LOAD /usr/local/m68k-elf/lib/libc.a
LOAD /usr/local/lib/gcc/m68k-elf/5/libgcc.a
END GROUP
                0x0000000000000000                __DYNAMIC = 0x0
                0x000000000003fff0                PROVIDE (__stack = 0x3fff0)
                0x0000000000000000                PROVIDE (hardware_init_hook = 0x0)
                [!provide]                        PROVIDE (_hardware_init_hook = 0x0)
                0x0000000000000000                PROVIDE (software_init_hook = 0x0)
                [!provide]                        PROVIDE (_software_init_hook = 0x0)

.vector
 *(.vector)

.text           0x0000000000000400    0x129b3
                0x0000000000000400                __text_start = .
 *(.text)
 .text          0x0000000000000400       0x90 crt0.o
                0x000000000000043c                start
 .text          0x0000000000000490      0x438 mon.o
                0x0000000000000490                monitor_begin
 .text          0x00000000000008c8       0x26 inchrw.o
                0x00000000000008c8                inbyte
 *fill*         0x00000000000008ee        0x2 
 .text          0x00000000000008f0       0x28 outchr.o
                0x00000000000008f0                outbyte
 .text          0x0000000000000918      0x106 csys68k.o
                0x0000000000000918                read
                0x00000000000009c8                write
 *fill*         0x0000000000000a1e        0x2 
 .text          0x0000000000000a20        0x0 test1.o
 .text          0x0000000000000a20       0x34 /usr/local/m68k-elf/lib/libc.a(lib_a-exit.o)
                0x0000000000000a20                exit
 .text          0x0000000000000a54        0x0 /usr/local/m68k-elf/lib/libc.a(lib_a-impure.o)
 .text          0x0000000000000a54       0x42 /usr/local/m68k-elf/lib/libc.a(lib_a-printf.o)
                0x0000000000000a54                _printf_r
                0x0000000000000a74                printf
 *fill*         0x0000000000000a96        0x2 
 .text          0x0000000000000a98       0x42 /usr/local/m68k-elf/lib/libc.a(lib_a-scanf.o)
                0x0000000000000a98                scanf
                0x0000000000000aba                _scanf_r
 *fill*         0x0000000000000ada        0x2 
 .text          0x0000000000000adc     0x1e20 /usr/local/m68k-elf/lib/libc.a(lib_a-vfprintf.o)
                0x0000000000000adc                _vfprintf_r
                0x0000000000002840                vfprintf
 .text          0x00000000000028fc     0x1606 /usr/local/m68k-elf/lib/libc.a(lib_a-vfscanf.o)
                0x00000000000028fc                __svfscanf_r
                0x0000000000003e28                vfscanf
                0x0000000000003e7e                __svfscanf
                0x0000000000003e9c                _vfscanf_r
 *fill*         0x0000000000003f02        0x2 
 .text          0x0000000000003f04      0x14e /usr/local/m68k-elf/lib/libc.a(lib_a-wsetup.o)
                0x0000000000003f04                __swsetup_r
 *fill*         0x0000000000004052        0x2 
 .text          0x0000000000004054      0x118 /usr/local/m68k-elf/lib/libc.a(lib_a-__call_atexit.o)
                0x0000000000004054                __call_exitprocs
 .text          0x000000000000416c     0x1876 /usr/local/m68k-elf/lib/libc.a(lib_a-dtoa.o)
                0x0000000000004328                _dtoa_r
 *fill*         0x00000000000059e2        0x2 
 .text          0x00000000000059e4      0x238 /usr/local/m68k-elf/lib/libc.a(lib_a-fflush.o)
                0x00000000000059e4                __sflush_r
                0x0000000000005b94                _fflush_r
                0x0000000000005bea                fflush
 .text          0x0000000000005c1c      0x338 /usr/local/m68k-elf/lib/libc.a(lib_a-findfp.o)
                0x0000000000005c26                _cleanup_r
                0x0000000000005d96                __sfmoreglue
                0x0000000000005dfa                __sfp
                0x0000000000005ecc                _cleanup
                0x0000000000005ee8                __sinit
                0x0000000000005f00                __sfp_lock_acquire
                0x0000000000005f08                __sfp_lock_release
                0x0000000000005f10                __sinit_lock_acquire
                0x0000000000005f18                __sinit_lock_release
                0x0000000000005f20                __fp_lock_all
                0x0000000000005f3a                __fp_unlock_all
 .text          0x0000000000005f54      0x1f8 /usr/local/m68k-elf/lib/libc.a(lib_a-fread.o)
                0x0000000000005f54                _fread_r
                0x000000000000612a                fread
 .text          0x000000000000614c      0x456 /usr/local/m68k-elf/lib/libc.a(lib_a-freer.o)
                0x000000000000614c                _malloc_trim_r
                0x0000000000006236                _free_r
 *fill*         0x00000000000065a2        0x2 
 .text          0x00000000000065a4       0xc8 /usr/local/m68k-elf/lib/libc.a(lib_a-fwalk.o)
                0x00000000000065a4                _fwalk
                0x0000000000006606                _fwalk_reent
 .text          0x000000000000666c       0x36 /usr/local/m68k-elf/lib/libc.a(lib_a-iswspace.o)
                0x000000000000666c                iswspace
 *fill*         0x00000000000066a2        0x2 
 .text          0x00000000000066a4       0xea /usr/local/m68k-elf/lib/libc.a(lib_a-locale.o)
                0x00000000000066a4                _setlocale_r
                0x0000000000006708                __locale_mb_cur_max
                0x000000000000673a                __locale_ctype_ptr_l
                0x000000000000674a                __locale_ctype_ptr
                0x0000000000006774                setlocale
 *fill*         0x000000000000678e        0x2 
 .text          0x0000000000006790       0x66 /usr/local/m68k-elf/lib/libc.a(lib_a-localeconv.o)
                0x0000000000006790                __localeconv_l
                0x00000000000067a2                _localeconv_r
                0x00000000000067cc                localeconv
 *fill*         0x00000000000067f6        0x2 
 .text          0x00000000000067f8      0x17e /usr/local/m68k-elf/lib/libc.a(lib_a-makebuf.o)
                0x00000000000067f8                __swhatbuf_r
                0x000000000000688a                __smakebuf_r
 *fill*         0x0000000000006976        0x2 
 .text          0x0000000000006978      0x80a /usr/local/m68k-elf/lib/libc.a(lib_a-mallocr.o)
                0x0000000000006978                _malloc_r
 *fill*         0x0000000000007182        0x2 
 .text          0x0000000000007184      0x19c /usr/local/m68k-elf/lib/libc.a(lib_a-mbrtowc.o)
                0x0000000000007184                _mbrtowc_r
                0x0000000000007254                mbrtowc
 .text          0x0000000000007320       0xba /usr/local/m68k-elf/lib/libc.a(lib_a-mbtowc_r.o)
                0x0000000000007320                _mbtowc_r
                0x0000000000007392                __ascii_mbtowc
 *fill*         0x00000000000073da        0x2 
 .text          0x00000000000073dc       0xbc /usr/local/m68k-elf/lib/libc.a(lib_a-memchr.o)
                0x00000000000073dc                memchr
 .text          0x0000000000007498       0x6e /usr/local/m68k-elf/lib/libc.a(lib_a-memcpy.o)
                0x0000000000007498                memcpy
 *fill*         0x0000000000007506        0x2 
 .text          0x0000000000007508       0x72 /usr/local/m68k-elf/lib/libc.a(lib_a-memset.o)
                0x0000000000007508                memset
 *fill*         0x000000000000757a        0x2 
 .text          0x000000000000757c       0x10 /usr/local/m68k-elf/lib/libc.a(lib_a-mlock.o)
                0x000000000000757c                __malloc_lock
                0x0000000000007584                __malloc_unlock
 .text          0x000000000000758c      0xe72 /usr/local/m68k-elf/lib/libc.a(lib_a-mprec.o)
                0x000000000000758c                _Balloc
                0x000000000000762c                _Bfree
                0x0000000000007656                __multadd
                0x000000000000773a                __s2b
                0x00000000000077fa                __hi0bits
                0x000000000000785c                __lo0bits
                0x00000000000078e0                __i2b
                0x0000000000007902                __multiply
                0x0000000000007b7c                __pow5mult
                0x0000000000007c5e                __lshift
                0x0000000000007d20                __mcmp
                0x0000000000007d70                __mdiff
                0x0000000000007f88                __ulp
                0x0000000000007fea                __b2d
                0x0000000000008108                __d2b
                0x0000000000008220                __ratio
                0x00000000000082b8                _mprec_log10
                0x0000000000008322                __copybits
                0x000000000000837e                __any_on
 *fill*         0x00000000000083fe        0x2 
 .text          0x0000000000008400      0x200 /usr/local/m68k-elf/lib/libc.a(lib_a-refill.o)
                0x0000000000008424                __srefill_r
 .text          0x0000000000008600       0x32 /usr/local/m68k-elf/lib/libc.a(lib_a-sbrkr.o)
                0x0000000000008600                _sbrk_r
 *fill*         0x0000000000008632        0x2 
 .text          0x0000000000008634       0xc6 /usr/local/m68k-elf/lib/libc.a(lib_a-sccl.o)
                0x0000000000008634                __sccl
 *fill*         0x00000000000086fa        0x2 
 .text          0x00000000000086fc        0xe /usr/local/m68k-elf/lib/libc.a(lib_a-sf_nan.o)
                0x00000000000086fc                nanf
 *fill*         0x000000000000870a        0x2 
 .text          0x000000000000870c       0x9a /usr/local/m68k-elf/lib/libc.a(lib_a-sprintf.o)
                0x000000000000870c                _sprintf_r
                0x0000000000008758                sprintf
 *fill*         0x00000000000087a6        0x2 
 .text          0x00000000000087a8      0x144 /usr/local/m68k-elf/lib/libc.a(lib_a-stdio.o)
                0x00000000000087a8                __sread
                0x00000000000087ec                __seofread
                0x00000000000087f6                __swrite
                0x0000000000008888                __sseek
                0x00000000000088d4                __sclose
 .text          0x00000000000088ec       0x6c /usr/local/m68k-elf/lib/libc.a(lib_a-strcmp.o)
                0x00000000000088ec                strcmp
 .text          0x0000000000008958       0x1a /usr/local/m68k-elf/lib/libc.a(lib_a-strlen.o)
                0x0000000000008958                strlen
 *fill*         0x0000000000008972        0x2 
 .text          0x0000000000008974     0x1870 /usr/local/m68k-elf/lib/libc.a(lib_a-strtod.o)
                0x0000000000008974                _strtod_l
                0x0000000000009f74                _strtod_r
                0x0000000000009fb6                strtod_l
                0x0000000000009fd4                strtod
                0x000000000000a012                strtof_l
                0x000000000000a0f0                strtof
 .text          0x000000000000a1e4      0x374 /usr/local/m68k-elf/lib/libc.a(lib_a-strtol.o)
                0x000000000000a4a6                _strtol_r
                0x000000000000a4f0                strtol_l
                0x000000000000a512                strtol
 .text          0x000000000000a558      0x2f2 /usr/local/m68k-elf/lib/libc.a(lib_a-strtoul.o)
                0x000000000000a798                _strtoul_r
                0x000000000000a7e2                strtoul_l
                0x000000000000a804                strtoul
 *fill*         0x000000000000a84a        0x2 
 .text          0x000000000000a84c     0x1dc0 /usr/local/m68k-elf/lib/libc.a(lib_a-svfprintf.o)
                0x000000000000a84c                _svfprintf_r
 .text          0x000000000000c60c      0x224 /usr/local/m68k-elf/lib/libc.a(lib_a-ungetc.o)
                0x000000000000c60c                __submore
                0x000000000000c6be                _ungetc_r
                0x000000000000c816                ungetc
 .text          0x000000000000c830     0x1122 /usr/local/m68k-elf/lib/libc.a(lib_a-vfiprintf.o)
                0x000000000000c8e0                __sprint_r
                0x000000000000c8fe                _vfiprintf_r
                0x000000000000d896                vfiprintf
 *fill*         0x000000000000d952        0x2 
 .text          0x000000000000d954       0x98 /usr/local/m68k-elf/lib/libc.a(lib_a-wctomb_r.o)
                0x000000000000d954                _wctomb_r
                0x000000000000d9b4                __ascii_wctomb
 .text          0x000000000000d9ec       0x3c /usr/local/m68k-elf/lib/libc.a(lib_a-writer.o)
                0x000000000000d9ec                _write_r
 .text          0x000000000000da28       0xd2 /usr/local/m68k-elf/lib/libc.a(lib_a-callocr.o)
                0x000000000000da28                _calloc_r
 *fill*         0x000000000000dafa        0x2 
 .text          0x000000000000dafc       0x32 /usr/local/m68k-elf/lib/libc.a(lib_a-closer.o)
                0x000000000000dafc                _close_r
 *fill*         0x000000000000db2e        0x2 
 .text          0x000000000000db30        0x0 /usr/local/m68k-elf/lib/libc.a(lib_a-ctype_.o)
 .text          0x000000000000db30       0xf8 /usr/local/m68k-elf/lib/libc.a(lib_a-fclose.o)
                0x000000000000db30                _fclose_r
                0x000000000000dc12                fclose
 .text          0x000000000000dc28      0x18c /usr/local/m68k-elf/lib/libc.a(lib_a-fputwc.o)
                0x000000000000dc28                __fputwc
                0x000000000000dd14                _fputwc_r
                0x000000000000dd54                fputwc
 .text          0x000000000000ddb4       0x36 /usr/local/m68k-elf/lib/libc.a(lib_a-fstatr.o)
                0x000000000000ddb4                _fstat_r
 *fill*         0x000000000000ddea        0x2 
 .text          0x000000000000ddec      0x40e /usr/local/m68k-elf/lib/libc.a(lib_a-fvwrite.o)
                0x000000000000ddec                __sfvwrite_r
 *fill*         0x000000000000e1fa        0x2 
 .text          0x000000000000e1fc      0x892 /usr/local/m68k-elf/lib/libc.a(lib_a-gdtoa-gethex.o)
                0x000000000000e2ba                __gethex
 *fill*         0x000000000000ea8e        0x2 
 .text          0x000000000000ea90      0x220 /usr/local/m68k-elf/lib/libc.a(lib_a-gdtoa-hexnan.o)
                0x000000000000ea90                __match
                0x000000000000eae0                __hexnan
 .text          0x000000000000ecb0       0x32 /usr/local/m68k-elf/lib/libc.a(lib_a-isattyr.o)
                0x000000000000ecb0                _isatty_r
 *fill*         0x000000000000ece2        0x2 
 .text          0x000000000000ece4       0x3c /usr/local/m68k-elf/lib/libc.a(lib_a-lseekr.o)
                0x000000000000ece4                _lseek_r
 .text          0x000000000000ed20       0xec /usr/local/m68k-elf/lib/libc.a(lib_a-memmove.o)
                0x000000000000ed20                memmove
 .text          0x000000000000ee0c       0x3c /usr/local/m68k-elf/lib/libc.a(lib_a-readr.o)
                0x000000000000ee0c                _read_r
 .text          0x000000000000ee48      0x622 /usr/local/m68k-elf/lib/libc.a(lib_a-reallocr.o)
                0x000000000000ee48                _realloc_r
 *fill*         0x000000000000f46a        0x2 
 .text          0x000000000000f46c      0x112 /usr/local/m68k-elf/lib/libc.a(lib_a-reent.o)
                0x000000000000f46c                cleanup_glue
                0x000000000000f4a2                _reclaim_reent
 *fill*         0x000000000000f57e        0x2 
 .text          0x000000000000f580       0x9e /usr/local/m68k-elf/lib/libc.a(lib_a-strncmp.o)
                0x000000000000f580                strncmp
 *fill*         0x000000000000f61e        0x2 
 .text          0x000000000000f620      0xf4e /usr/local/m68k-elf/lib/libc.a(lib_a-svfiprintf.o)
                0x000000000000f620                __ssprint_r
                0x000000000000f7ce                _svfiprintf_r
 *fill*         0x000000000001056e        0x2 
 .text          0x0000000000010570      0x14c /usr/local/m68k-elf/lib/libc.a(lib_a-wbuf.o)
                0x0000000000010570                __swbuf_r
                0x00000000000106a2                __swbuf
 .text          0x00000000000106bc      0x174 /usr/local/m68k-elf/lib/libc.a(lib_a-wcrtomb.o)
                0x00000000000106bc                _wcrtomb_r
                0x0000000000010778                wcrtomb
 .text          0x0000000000010830       0x22 /usr/local/lib/gcc/m68k-elf/5/libgcc.a(_mulsi3.o)
                0x0000000000010830                __mulsi3
 *fill*         0x0000000000010852        0x2 
 .text          0x0000000000010854       0x5c /usr/local/lib/gcc/m68k-elf/5/libgcc.a(_udivsi3.o)
                0x0000000000010854                __udivsi3
 .text          0x00000000000108b0       0x2e /usr/local/lib/gcc/m68k-elf/5/libgcc.a(_divsi3.o)
                0x00000000000108b0                __divsi3
 *fill*         0x00000000000108de        0x2 
 .text          0x00000000000108e0       0x2e /usr/local/lib/gcc/m68k-elf/5/libgcc.a(_umodsi3.o)
                0x00000000000108e0                __umodsi3
 *fill*         0x000000000001090e        0x2 
 .text          0x0000000000010910       0x2e /usr/local/lib/gcc/m68k-elf/5/libgcc.a(_modsi3.o)
                0x0000000000010910                __modsi3
 *fill*         0x000000000001093e        0x2 
 .text          0x0000000000010940      0x9cc /usr/local/lib/gcc/m68k-elf/5/libgcc.a(_double.o)
                0x000000000001099a                __subdf3
                0x00000000000109a0                __adddf3
                0x0000000000010d36                __muldf3
                0x0000000000010ee4                __divdf3
                0x0000000000011158                __negdf2
                0x00000000000111b6                __cmpdf2_internal
                0x0000000000011286                __cmpdf2
 .text          0x000000000001130c       0x6a /usr/local/lib/gcc/m68k-elf/5/libgcc.a(_floatex.o)
                0x000000000001130c                __clear_sticky_bit
                0x000000000001131a                $_exception_handler
 *fill*         0x0000000000011376        0x2 
 .text          0x0000000000011378       0x22 /usr/local/lib/gcc/m68k-elf/5/libgcc.a(_eqdf2.o)
                0x0000000000011378                __eqdf2
 *fill*         0x000000000001139a        0x2 
 .text          0x000000000001139c       0x22 /usr/local/lib/gcc/m68k-elf/5/libgcc.a(_nedf2.o)
                0x000000000001139c                __nedf2
 *fill*         0x00000000000113be        0x2 
 .text          0x00000000000113c0       0x22 /usr/local/lib/gcc/m68k-elf/5/libgcc.a(_gtdf2.o)
                0x00000000000113c0                __gtdf2
 *fill*         0x00000000000113e2        0x2 
 .text          0x00000000000113e4       0x22 /usr/local/lib/gcc/m68k-elf/5/libgcc.a(_gedf2.o)
                0x00000000000113e4                __gedf2
 *fill*         0x0000000000011406        0x2 
 .text          0x0000000000011408       0x22 /usr/local/lib/gcc/m68k-elf/5/libgcc.a(_ltdf2.o)
                0x0000000000011408                __ltdf2
 *fill*         0x000000000001142a        0x2 
 .text          0x000000000001142c       0x22 /usr/local/lib/gcc/m68k-elf/5/libgcc.a(_ledf2.o)
                0x000000000001142c                __ledf2
 *fill*         0x000000000001144e        0x2 
 .text          0x0000000000011450       0x1a /usr/local/lib/gcc/m68k-elf/5/libgcc.a(_lesf2.o)
                0x0000000000011450                __lesf2
 *fill*         0x000000000001146a        0x2 
 .text          0x000000000001146c       0x76 /usr/local/lib/gcc/m68k-elf/5/libgcc.a(_fixunsdfsi.o)
                0x000000000001146c                __fixunsdfsi
 *fill*         0x00000000000114e2        0x2 
 .text          0x00000000000114e4      0x4aa /usr/local/lib/gcc/m68k-elf/5/libgcc.a(fpgnulib.o)
                0x00000000000114e4                __unordsf2
                0x0000000000011544                __unorddf2
                0x00000000000115b6                __floatunsidf
                0x0000000000011622                __floatsidf
                0x00000000000116ec                __floatunsisf
                0x0000000000011706                __floatsisf
                0x0000000000011720                __extendsfdf2
                0x000000000001179c                __truncdfsf2
                0x00000000000118e6                __fixdfsi
                0x0000000000011974                __fixsfsi
 *fill*         0x000000000001198e        0x2 
 .text          0x0000000000011990      0x800 /usr/local/lib/gcc/m68k-elf/5/libgcc.a(xfgnulib.o)
                0x0000000000011990                __unordxf2
                0x0000000000011a14                __extenddfxf2
                0x0000000000011b2e                __truncxfdf2
                0x0000000000011bf4                __extendsfxf2
                0x0000000000011c38                __truncxfsf2
                0x0000000000011c60                __floatsixf
                0x0000000000011ca6                __floatunsixf
                0x0000000000011cec                __fixxfsi
                0x0000000000011d14                __addxf3
                0x0000000000011d8a                __subxf3
                0x0000000000011e00                __mulxf3
                0x0000000000011e76                __divxf3
                0x0000000000011eec                __negxf2
                0x0000000000011f44                __cmpxf2
                0x0000000000011f98                __eqxf2
                0x0000000000011fec                __nexf2
                0x0000000000012040                __ltxf2
                0x0000000000012094                __lexf2
                0x00000000000120e8                __gtxf2
                0x000000000001213c                __gexf2
 .text          0x0000000000012190      0x72c /usr/local/lib/gcc/m68k-elf/5/libgcc.a(_float.o)
                0x00000000000121d8                __subsf3
                0x00000000000121de                __addsf3
                0x000000000001246e                __mulsf3
                0x000000000001259a                __divsf3
                0x0000000000012760                __negsf2
                0x00000000000127b2                __cmpsf2_internal
                0x000000000001284e                __cmpsf2
 .text          0x00000000000128bc        0xa /usr/local/m68k-elf/lib/libidp.a(close.o)
                0x00000000000128bc                close
 *fill*         0x00000000000128c6        0x2 
 .text          0x00000000000128c8       0x1a /usr/local/m68k-elf/lib/libidp.a(fstat.o)
                0x00000000000128c8                fstat
 *fill*         0x00000000000128e2        0x2 
 .text          0x00000000000128e4        0xa /usr/local/m68k-elf/lib/libidp.a(isatty.o)
                0x00000000000128e4                isatty
 *fill*         0x00000000000128ee        0x2 
 .text          0x00000000000128f0       0x16 /usr/local/m68k-elf/lib/libidp.a(lseek.o)
                0x00000000000128f0                lseek
 *fill*         0x0000000000012906        0x2 
 .text          0x0000000000012908       0x32 /usr/local/m68k-elf/lib/libidp.a(sbrk.o)
                0x0000000000012908                sbrk
 *fill*         0x000000000001293a        0x2 
 .text          0x000000000001293c       0x2a /usr/local/m68k-elf/lib/libidp.a(mc68ec.o)
                0x000000000001293c                _exit
                0x0000000000012946                delay
 *fill*         0x0000000000012966        0x2 
 .text          0x0000000000012968        0xe /usr/local/m68k-elf/lib/libc.a(lib_a-errno.o)
                0x0000000000012968                __errno
                0x0000000000012978                . = ALIGN (0x4)
 *fill*         0x0000000000012976        0x2 
                0x0000000000012978                __CTOR_LIST__ = .
                0x0000000000012978                ___CTOR_LIST__ = .
                0x0000000000012978        0x4 LONG 0x0 (((__CTOR_END__ - __CTOR_LIST__) / 0x4) - 0x2)
 *(.ctors)
                0x000000000001297c        0x4 LONG 0x0
                0x0000000000012980                __CTOR_END__ = .
                0x0000000000012980                __DTOR_LIST__ = .
                0x0000000000012980                ___DTOR_LIST__ = .
                0x0000000000012980        0x4 LONG 0x0 (((__DTOR_END__ - __DTOR_LIST__) / 0x4) - 0x2)
 *(.dtors)
                0x0000000000012984        0x4 LONG 0x0
                0x0000000000012988                __DTOR_END__ = .
 *(.rodata)
 .rodata        0x0000000000012988        0x4 /usr/local/m68k-elf/lib/libc.a(lib_a-impure.o)
                0x0000000000012988                _global_impure_ptr
 .rodata        0x000000000001298c       0x20 /usr/local/m68k-elf/lib/libc.a(lib_a-vfprintf.o)
 .rodata        0x00000000000129ac       0x22 /usr/local/m68k-elf/lib/libc.a(lib_a-vfscanf.o)
 .rodata        0x00000000000129ce      0x124 /usr/local/m68k-elf/lib/libc.a(lib_a-mprec.o)
                0x00000000000129da                __mprec_tinytens
                0x0000000000012a02                __mprec_bigtens
                0x0000000000012a2a                __mprec_tens
 .rodata        0x0000000000012af2       0x50 /usr/local/m68k-elf/lib/libc.a(lib_a-strtod.o)
 .rodata        0x0000000000012b42       0x20 /usr/local/m68k-elf/lib/libc.a(lib_a-svfprintf.o)
 .rodata        0x0000000000012b62       0x20 /usr/local/m68k-elf/lib/libc.a(lib_a-vfiprintf.o)
 .rodata        0x0000000000012b82      0x101 /usr/local/m68k-elf/lib/libc.a(lib_a-ctype_.o)
                0x0000000000012b82                _ctype_
 .rodata        0x0000000000012c83      0x100 /usr/local/m68k-elf/lib/libc.a(lib_a-gdtoa-gethex.o)
                0x0000000000012c83                __hexdig
 .rodata        0x0000000000012d83       0x20 /usr/local/m68k-elf/lib/libc.a(lib_a-svfiprintf.o)
 *(.gcc_except_table)
                0x0000000000012da3                __INIT_SECTION__ = .
                0x0000000000012da3        0x4 LONG 0x4e560000
 *(.init)
                0x0000000000012da7        0x2 SHORT 0x4e5e
                0x0000000000012da9        0x2 SHORT 0x4e75
                0x0000000000012dab                __FINI_SECTION__ = .
                0x0000000000012dab        0x4 LONG 0x4e560000
 *(.fini)
                0x0000000000012daf        0x2 SHORT 0x4e5e
                0x0000000000012db1        0x2 SHORT 0x4e75
                0x0000000000012db3                _etext = .
 *(.lit)

.text.startup   0x0000000000012db4       0x5a
 .text.startup  0x0000000000012db4       0x5a test1.o
                0x0000000000012db4                main

.text.unlikely  0x0000000000012e0e       0x6c
 .text.unlikely
                0x0000000000012e0e       0x6c /usr/local/m68k-elf/lib/libc.a(lib_a-strtod.o)

.rodata.str1.1  0x0000000000012e7a      0x10b
 .rodata.str1.1
                0x0000000000012e7a       0x17 test1.o
 .rodata.str1.1
                0x0000000000012e91       0x3b /usr/local/m68k-elf/lib/libc.a(lib_a-vfprintf.o)
 .rodata.str1.1
                0x0000000000012ecc        0x5 /usr/local/m68k-elf/lib/libc.a(lib_a-vfscanf.o)
 .rodata.str1.1
                0x0000000000012ed1        0xf /usr/local/m68k-elf/lib/libc.a(lib_a-dtoa.o)
 .rodata.str1.1
                0x0000000000012ee0        0xb /usr/local/m68k-elf/lib/libc.a(lib_a-locale.o)
 .rodata.str1.1
                0x0000000000012eeb        0x1 /usr/local/m68k-elf/lib/libc.a(lib_a-mbrtowc.o)
 .rodata.str1.1
                0x0000000000012eec        0xc /usr/local/m68k-elf/lib/libc.a(lib_a-strtod.o)
 .rodata.str1.1
                0x0000000000012ef8       0x3b /usr/local/m68k-elf/lib/libc.a(lib_a-svfprintf.o)
 .rodata.str1.1
                0x0000000000012f33       0x29 /usr/local/m68k-elf/lib/libc.a(lib_a-vfiprintf.o)
 .rodata.str1.1
                0x0000000000012f5c       0x29 /usr/local/m68k-elf/lib/libc.a(lib_a-svfiprintf.o)

.data           0x0000000000012f88      0xbe4
 *(.shdata)
 *(.data)
 .data          0x0000000000012f88        0x4 crt0.o
 .data          0x0000000000012f8c      0x222 mon.o
 *fill*         0x00000000000131ae        0x2 
 .data          0x00000000000131b0        0x0 inchrw.o
 .data          0x00000000000131b0        0x0 outchr.o
 .data          0x00000000000131b0        0x0 csys68k.o
 .data          0x00000000000131b0        0x0 test1.o
 .data          0x00000000000131b0        0x0 /usr/local/m68k-elf/lib/libc.a(lib_a-exit.o)
 .data          0x00000000000131b0      0x426 /usr/local/m68k-elf/lib/libc.a(lib_a-impure.o)
                0x00000000000131b0                _impure_ptr
 *fill*         0x00000000000135d6        0x2 
 .data          0x00000000000135d8        0x0 /usr/local/m68k-elf/lib/libc.a(lib_a-printf.o)
 .data          0x00000000000135d8        0x0 /usr/local/m68k-elf/lib/libc.a(lib_a-scanf.o)
 .data          0x00000000000135d8        0x0 /usr/local/m68k-elf/lib/libc.a(lib_a-vfprintf.o)
 .data          0x00000000000135d8        0x0 /usr/local/m68k-elf/lib/libc.a(lib_a-vfscanf.o)
 .data          0x00000000000135d8        0x0 /usr/local/m68k-elf/lib/libc.a(lib_a-wsetup.o)
 .data          0x00000000000135d8        0x0 /usr/local/m68k-elf/lib/libc.a(lib_a-__call_atexit.o)
 .data          0x00000000000135d8        0x0 /usr/local/m68k-elf/lib/libc.a(lib_a-dtoa.o)
 .data          0x00000000000135d8        0x0 /usr/local/m68k-elf/lib/libc.a(lib_a-fflush.o)
 .data          0x00000000000135d8        0x0 /usr/local/m68k-elf/lib/libc.a(lib_a-findfp.o)
 .data          0x00000000000135d8        0x0 /usr/local/m68k-elf/lib/libc.a(lib_a-fread.o)
 .data          0x00000000000135d8        0x0 /usr/local/m68k-elf/lib/libc.a(lib_a-freer.o)
 .data          0x00000000000135d8        0x0 /usr/local/m68k-elf/lib/libc.a(lib_a-fwalk.o)
 .data          0x00000000000135d8        0x0 /usr/local/m68k-elf/lib/libc.a(lib_a-iswspace.o)
 .data          0x00000000000135d8      0x168 /usr/local/m68k-elf/lib/libc.a(lib_a-locale.o)
                0x00000000000135d8                __global_locale
 .data          0x0000000000013740        0x0 /usr/local/m68k-elf/lib/libc.a(lib_a-localeconv.o)
 .data          0x0000000000013740        0x0 /usr/local/m68k-elf/lib/libc.a(lib_a-makebuf.o)
 .data          0x0000000000013740      0x410 /usr/local/m68k-elf/lib/libc.a(lib_a-mallocr.o)
                0x0000000000013740                __malloc_sbrk_base
                0x0000000000013744                __malloc_trim_threshold
                0x0000000000013748                __malloc_av_
 .data          0x0000000000013b50        0x0 /usr/local/m68k-elf/lib/libc.a(lib_a-mbrtowc.o)
 .data          0x0000000000013b50        0x0 /usr/local/m68k-elf/lib/libc.a(lib_a-mbtowc_r.o)
 .data          0x0000000000013b50        0x0 /usr/local/m68k-elf/lib/libc.a(lib_a-memchr.o)
 .data          0x0000000000013b50        0x0 /usr/local/m68k-elf/lib/libc.a(lib_a-memcpy.o)
 .data          0x0000000000013b50        0x0 /usr/local/m68k-elf/lib/libc.a(lib_a-memset.o)
 .data          0x0000000000013b50        0x0 /usr/local/m68k-elf/lib/libc.a(lib_a-mlock.o)
 .data          0x0000000000013b50        0x0 /usr/local/m68k-elf/lib/libc.a(lib_a-mprec.o)
 .data          0x0000000000013b50        0x0 /usr/local/m68k-elf/lib/libc.a(lib_a-refill.o)
 .data          0x0000000000013b50        0x0 /usr/local/m68k-elf/lib/libc.a(lib_a-sbrkr.o)
 .data          0x0000000000013b50        0x0 /usr/local/m68k-elf/lib/libc.a(lib_a-sccl.o)
 .data          0x0000000000013b50        0x0 /usr/local/m68k-elf/lib/libc.a(lib_a-sf_nan.o)
 .data          0x0000000000013b50        0x0 /usr/local/m68k-elf/lib/libc.a(lib_a-sprintf.o)
 .data          0x0000000000013b50        0x0 /usr/local/m68k-elf/lib/libc.a(lib_a-stdio.o)
 .data          0x0000000000013b50        0x0 /usr/local/m68k-elf/lib/libc.a(lib_a-strcmp.o)
 .data          0x0000000000013b50        0x0 /usr/local/m68k-elf/lib/libc.a(lib_a-strlen.o)
 .data          0x0000000000013b50        0x0 /usr/local/m68k-elf/lib/libc.a(lib_a-strtod.o)
 .data          0x0000000000013b50        0x0 /usr/local/m68k-elf/lib/libc.a(lib_a-strtol.o)
 .data          0x0000000000013b50        0x0 /usr/local/m68k-elf/lib/libc.a(lib_a-strtoul.o)
 .data          0x0000000000013b50        0x0 /usr/local/m68k-elf/lib/libc.a(lib_a-svfprintf.o)
 .data          0x0000000000013b50        0x0 /usr/local/m68k-elf/lib/libc.a(lib_a-ungetc.o)
 .data          0x0000000000013b50        0x0 /usr/local/m68k-elf/lib/libc.a(lib_a-vfiprintf.o)
 .data          0x0000000000013b50        0x0 /usr/local/m68k-elf/lib/libc.a(lib_a-wctomb_r.o)
 .data          0x0000000000013b50        0x0 /usr/local/m68k-elf/lib/libc.a(lib_a-writer.o)
 .data          0x0000000000013b50        0x0 /usr/local/m68k-elf/lib/libc.a(lib_a-callocr.o)
 .data          0x0000000000013b50        0x0 /usr/local/m68k-elf/lib/libc.a(lib_a-closer.o)
 .data          0x0000000000013b50        0x0 /usr/local/m68k-elf/lib/libc.a(lib_a-ctype_.o)
 .data          0x0000000000013b50        0x0 /usr/local/m68k-elf/lib/libc.a(lib_a-fclose.o)
 .data          0x0000000000013b50        0x0 /usr/local/m68k-elf/lib/libc.a(lib_a-fputwc.o)
 .data          0x0000000000013b50        0x0 /usr/local/m68k-elf/lib/libc.a(lib_a-fstatr.o)
 .data          0x0000000000013b50        0x0 /usr/local/m68k-elf/lib/libc.a(lib_a-fvwrite.o)
 .data          0x0000000000013b50        0x0 /usr/local/m68k-elf/lib/libc.a(lib_a-gdtoa-gethex.o)
 .data          0x0000000000013b50        0x0 /usr/local/m68k-elf/lib/libc.a(lib_a-gdtoa-hexnan.o)
 .data          0x0000000000013b50        0x0 /usr/local/m68k-elf/lib/libc.a(lib_a-isattyr.o)
 .data          0x0000000000013b50        0x0 /usr/local/m68k-elf/lib/libc.a(lib_a-lseekr.o)
 .data          0x0000000000013b50        0x0 /usr/local/m68k-elf/lib/libc.a(lib_a-memmove.o)
 .data          0x0000000000013b50        0x0 /usr/local/m68k-elf/lib/libc.a(lib_a-readr.o)
 .data          0x0000000000013b50        0x0 /usr/local/m68k-elf/lib/libc.a(lib_a-reallocr.o)
 .data          0x0000000000013b50        0x0 /usr/local/m68k-elf/lib/libc.a(lib_a-reent.o)
 .data          0x0000000000013b50        0x0 /usr/local/m68k-elf/lib/libc.a(lib_a-strncmp.o)
 .data          0x0000000000013b50        0x0 /usr/local/m68k-elf/lib/libc.a(lib_a-svfiprintf.o)
 .data          0x0000000000013b50        0x0 /usr/local/m68k-elf/lib/libc.a(lib_a-wbuf.o)
 .data          0x0000000000013b50        0x0 /usr/local/m68k-elf/lib/libc.a(lib_a-wcrtomb.o)
 .data          0x0000000000013b50        0x0 /usr/local/lib/gcc/m68k-elf/5/libgcc.a(_mulsi3.o)
 .data          0x0000000000013b50        0x0 /usr/local/lib/gcc/m68k-elf/5/libgcc.a(_udivsi3.o)
 .data          0x0000000000013b50        0x0 /usr/local/lib/gcc/m68k-elf/5/libgcc.a(_divsi3.o)
 .data          0x0000000000013b50        0x0 /usr/local/lib/gcc/m68k-elf/5/libgcc.a(_umodsi3.o)
 .data          0x0000000000013b50        0x0 /usr/local/lib/gcc/m68k-elf/5/libgcc.a(_modsi3.o)
 .data          0x0000000000013b50        0x0 /usr/local/lib/gcc/m68k-elf/5/libgcc.a(_double.o)
 .data          0x0000000000013b50       0x1c /usr/local/lib/gcc/m68k-elf/5/libgcc.a(_floatex.o)
                0x0000000000013b50                _fpCCR
 .data          0x0000000000013b6c        0x0 /usr/local/lib/gcc/m68k-elf/5/libgcc.a(_eqdf2.o)
 .data          0x0000000000013b6c        0x0 /usr/local/lib/gcc/m68k-elf/5/libgcc.a(_nedf2.o)
 .data          0x0000000000013b6c        0x0 /usr/local/lib/gcc/m68k-elf/5/libgcc.a(_gtdf2.o)
 .data          0x0000000000013b6c        0x0 /usr/local/lib/gcc/m68k-elf/5/libgcc.a(_gedf2.o)
 .data          0x0000000000013b6c        0x0 /usr/local/lib/gcc/m68k-elf/5/libgcc.a(_ltdf2.o)
 .data          0x0000000000013b6c        0x0 /usr/local/lib/gcc/m68k-elf/5/libgcc.a(_ledf2.o)
 .data          0x0000000000013b6c        0x0 /usr/local/lib/gcc/m68k-elf/5/libgcc.a(_lesf2.o)
 .data          0x0000000000013b6c        0x0 /usr/local/lib/gcc/m68k-elf/5/libgcc.a(_fixunsdfsi.o)
 .data          0x0000000000013b6c        0x0 /usr/local/lib/gcc/m68k-elf/5/libgcc.a(fpgnulib.o)
 .data          0x0000000000013b6c        0x0 /usr/local/lib/gcc/m68k-elf/5/libgcc.a(xfgnulib.o)
 .data          0x0000000000013b6c        0x0 /usr/local/lib/gcc/m68k-elf/5/libgcc.a(_float.o)
 .data          0x0000000000013b6c        0x0 /usr/local/m68k-elf/lib/libidp.a(close.o)
 .data          0x0000000000013b6c        0x0 /usr/local/m68k-elf/lib/libidp.a(fstat.o)
 .data          0x0000000000013b6c        0x0 /usr/local/m68k-elf/lib/libidp.a(isatty.o)
 .data          0x0000000000013b6c        0x0 /usr/local/m68k-elf/lib/libidp.a(lseek.o)
 .data          0x0000000000013b6c        0x0 /usr/local/m68k-elf/lib/libidp.a(sbrk.o)
 .data          0x0000000000013b6c        0x0 /usr/local/m68k-elf/lib/libidp.a(mc68ec.o)
 .data          0x0000000000013b6c        0x0 /usr/local/m68k-elf/lib/libc.a(lib_a-errno.o)
                0x0000000000013b6c                _edata = .

.bss            0x0000000000013b6c     0x8148
                0x0000000000013b6c                . = ALIGN (0x4)
                0x0000000000013b6c                __bss_start = .
 *(.shbss)
 *(.bss)
 .bss           0x0000000000013b6c        0x0 crt0.o
 .bss           0x0000000000013b6c     0x8104 mon.o
 .bss           0x000000000001bc70        0x1 inchrw.o
 *fill*         0x000000000001bc71        0x3 
 .bss           0x000000000001bc74        0x0 outchr.o
 .bss           0x000000000001bc74        0x0 csys68k.o
 .bss           0x000000000001bc74        0x0 test1.o
 .bss           0x000000000001bc74        0x0 /usr/local/m68k-elf/lib/libc.a(lib_a-exit.o)
 .bss           0x000000000001bc74        0x0 /usr/local/m68k-elf/lib/libc.a(lib_a-impure.o)
 .bss           0x000000000001bc74        0x0 /usr/local/m68k-elf/lib/libc.a(lib_a-printf.o)
 .bss           0x000000000001bc74        0x0 /usr/local/m68k-elf/lib/libc.a(lib_a-scanf.o)
 .bss           0x000000000001bc74        0x0 /usr/local/m68k-elf/lib/libc.a(lib_a-vfprintf.o)
 .bss           0x000000000001bc74        0x0 /usr/local/m68k-elf/lib/libc.a(lib_a-vfscanf.o)
 .bss           0x000000000001bc74        0x0 /usr/local/m68k-elf/lib/libc.a(lib_a-wsetup.o)
 .bss           0x000000000001bc74        0x0 /usr/local/m68k-elf/lib/libc.a(lib_a-__call_atexit.o)
 .bss           0x000000000001bc74        0x0 /usr/local/m68k-elf/lib/libc.a(lib_a-dtoa.o)
 .bss           0x000000000001bc74        0x0 /usr/local/m68k-elf/lib/libc.a(lib_a-fflush.o)
 .bss           0x000000000001bc74        0x0 /usr/local/m68k-elf/lib/libc.a(lib_a-findfp.o)
 .bss           0x000000000001bc74        0x0 /usr/local/m68k-elf/lib/libc.a(lib_a-fread.o)
 .bss           0x000000000001bc74        0x0 /usr/local/m68k-elf/lib/libc.a(lib_a-freer.o)
 .bss           0x000000000001bc74        0x0 /usr/local/m68k-elf/lib/libc.a(lib_a-fwalk.o)
 .bss           0x000000000001bc74        0x0 /usr/local/m68k-elf/lib/libc.a(lib_a-iswspace.o)
 .bss           0x000000000001bc74        0x4 /usr/local/m68k-elf/lib/libc.a(lib_a-locale.o)
                0x000000000001bc74                _PathLocale
 .bss           0x000000000001bc78        0x0 /usr/local/m68k-elf/lib/libc.a(lib_a-localeconv.o)
 .bss           0x000000000001bc78        0x0 /usr/local/m68k-elf/lib/libc.a(lib_a-makebuf.o)
 .bss           0x000000000001bc78       0x34 /usr/local/m68k-elf/lib/libc.a(lib_a-mallocr.o)
                0x000000000001bc78                __malloc_current_mallinfo
                0x000000000001bca0                __malloc_max_total_mem
                0x000000000001bca4                __malloc_max_sbrked_mem
                0x000000000001bca8                __malloc_top_pad
 .bss           0x000000000001bcac        0x0 /usr/local/m68k-elf/lib/libc.a(lib_a-mbrtowc.o)
 .bss           0x000000000001bcac        0x0 /usr/local/m68k-elf/lib/libc.a(lib_a-mbtowc_r.o)
 .bss           0x000000000001bcac        0x0 /usr/local/m68k-elf/lib/libc.a(lib_a-memchr.o)
 .bss           0x000000000001bcac        0x0 /usr/local/m68k-elf/lib/libc.a(lib_a-memcpy.o)
 .bss           0x000000000001bcac        0x0 /usr/local/m68k-elf/lib/libc.a(lib_a-memset.o)
 .bss           0x000000000001bcac        0x0 /usr/local/m68k-elf/lib/libc.a(lib_a-mlock.o)
 .bss           0x000000000001bcac        0x0 /usr/local/m68k-elf/lib/libc.a(lib_a-mprec.o)
 .bss           0x000000000001bcac        0x0 /usr/local/m68k-elf/lib/libc.a(lib_a-refill.o)
 .bss           0x000000000001bcac        0x0 /usr/local/m68k-elf/lib/libc.a(lib_a-sbrkr.o)
 .bss           0x000000000001bcac        0x0 /usr/local/m68k-elf/lib/libc.a(lib_a-sccl.o)
 .bss           0x000000000001bcac        0x0 /usr/local/m68k-elf/lib/libc.a(lib_a-sf_nan.o)
 .bss           0x000000000001bcac        0x0 /usr/local/m68k-elf/lib/libc.a(lib_a-sprintf.o)
 .bss           0x000000000001bcac        0x0 /usr/local/m68k-elf/lib/libc.a(lib_a-stdio.o)
 .bss           0x000000000001bcac        0x0 /usr/local/m68k-elf/lib/libc.a(lib_a-strcmp.o)
 .bss           0x000000000001bcac        0x0 /usr/local/m68k-elf/lib/libc.a(lib_a-strlen.o)
 .bss           0x000000000001bcac        0x0 /usr/local/m68k-elf/lib/libc.a(lib_a-strtod.o)
 .bss           0x000000000001bcac        0x0 /usr/local/m68k-elf/lib/libc.a(lib_a-strtol.o)
 .bss           0x000000000001bcac        0x0 /usr/local/m68k-elf/lib/libc.a(lib_a-strtoul.o)
 .bss           0x000000000001bcac        0x0 /usr/local/m68k-elf/lib/libc.a(lib_a-svfprintf.o)
 .bss           0x000000000001bcac        0x0 /usr/local/m68k-elf/lib/libc.a(lib_a-ungetc.o)
 .bss           0x000000000001bcac        0x0 /usr/local/m68k-elf/lib/libc.a(lib_a-vfiprintf.o)
 .bss           0x000000000001bcac        0x0 /usr/local/m68k-elf/lib/libc.a(lib_a-wctomb_r.o)
 .bss           0x000000000001bcac        0x0 /usr/local/m68k-elf/lib/libc.a(lib_a-writer.o)
 .bss           0x000000000001bcac        0x0 /usr/local/m68k-elf/lib/libc.a(lib_a-callocr.o)
 .bss           0x000000000001bcac        0x0 /usr/local/m68k-elf/lib/libc.a(lib_a-closer.o)
 .bss           0x000000000001bcac        0x0 /usr/local/m68k-elf/lib/libc.a(lib_a-ctype_.o)
 .bss           0x000000000001bcac        0x0 /usr/local/m68k-elf/lib/libc.a(lib_a-fclose.o)
 .bss           0x000000000001bcac        0x0 /usr/local/m68k-elf/lib/libc.a(lib_a-fputwc.o)
 .bss           0x000000000001bcac        0x0 /usr/local/m68k-elf/lib/libc.a(lib_a-fstatr.o)
 .bss           0x000000000001bcac        0x0 /usr/local/m68k-elf/lib/libc.a(lib_a-fvwrite.o)
 .bss           0x000000000001bcac        0x0 /usr/local/m68k-elf/lib/libc.a(lib_a-gdtoa-gethex.o)
 .bss           0x000000000001bcac        0x0 /usr/local/m68k-elf/lib/libc.a(lib_a-gdtoa-hexnan.o)
 .bss           0x000000000001bcac        0x0 /usr/local/m68k-elf/lib/libc.a(lib_a-isattyr.o)
 .bss           0x000000000001bcac        0x0 /usr/local/m68k-elf/lib/libc.a(lib_a-lseekr.o)
 .bss           0x000000000001bcac        0x0 /usr/local/m68k-elf/lib/libc.a(lib_a-memmove.o)
 .bss           0x000000000001bcac        0x0 /usr/local/m68k-elf/lib/libc.a(lib_a-readr.o)
 .bss           0x000000000001bcac        0x0 /usr/local/m68k-elf/lib/libc.a(lib_a-reallocr.o)
 .bss           0x000000000001bcac        0x0 /usr/local/m68k-elf/lib/libc.a(lib_a-reent.o)
 .bss           0x000000000001bcac        0x0 /usr/local/m68k-elf/lib/libc.a(lib_a-strncmp.o)
 .bss           0x000000000001bcac        0x0 /usr/local/m68k-elf/lib/libc.a(lib_a-svfiprintf.o)
 .bss           0x000000000001bcac        0x0 /usr/local/m68k-elf/lib/libc.a(lib_a-wbuf.o)
 .bss           0x000000000001bcac        0x0 /usr/local/m68k-elf/lib/libc.a(lib_a-wcrtomb.o)
 .bss           0x000000000001bcac        0x0 /usr/local/lib/gcc/m68k-elf/5/libgcc.a(_mulsi3.o)
 .bss           0x000000000001bcac        0x0 /usr/local/lib/gcc/m68k-elf/5/libgcc.a(_udivsi3.o)
 .bss           0x000000000001bcac        0x0 /usr/local/lib/gcc/m68k-elf/5/libgcc.a(_divsi3.o)
 .bss           0x000000000001bcac        0x0 /usr/local/lib/gcc/m68k-elf/5/libgcc.a(_umodsi3.o)
 .bss           0x000000000001bcac        0x0 /usr/local/lib/gcc/m68k-elf/5/libgcc.a(_modsi3.o)
 .bss           0x000000000001bcac        0x0 /usr/local/lib/gcc/m68k-elf/5/libgcc.a(_double.o)
 .bss           0x000000000001bcac        0x0 /usr/local/lib/gcc/m68k-elf/5/libgcc.a(_floatex.o)
 .bss           0x000000000001bcac        0x0 /usr/local/lib/gcc/m68k-elf/5/libgcc.a(_eqdf2.o)
 .bss           0x000000000001bcac        0x0 /usr/local/lib/gcc/m68k-elf/5/libgcc.a(_nedf2.o)
 .bss           0x000000000001bcac        0x0 /usr/local/lib/gcc/m68k-elf/5/libgcc.a(_gtdf2.o)
 .bss           0x000000000001bcac        0x0 /usr/local/lib/gcc/m68k-elf/5/libgcc.a(_gedf2.o)
 .bss           0x000000000001bcac        0x0 /usr/local/lib/gcc/m68k-elf/5/libgcc.a(_ltdf2.o)
 .bss           0x000000000001bcac        0x0 /usr/local/lib/gcc/m68k-elf/5/libgcc.a(_ledf2.o)
 .bss           0x000000000001bcac        0x0 /usr/local/lib/gcc/m68k-elf/5/libgcc.a(_lesf2.o)
 .bss           0x000000000001bcac        0x0 /usr/local/lib/gcc/m68k-elf/5/libgcc.a(_fixunsdfsi.o)
 .bss           0x000000000001bcac        0x0 /usr/local/lib/gcc/m68k-elf/5/libgcc.a(fpgnulib.o)
 .bss           0x000000000001bcac        0x0 /usr/local/lib/gcc/m68k-elf/5/libgcc.a(xfgnulib.o)
 .bss           0x000000000001bcac        0x0 /usr/local/lib/gcc/m68k-elf/5/libgcc.a(_float.o)
 .bss           0x000000000001bcac        0x0 /usr/local/m68k-elf/lib/libidp.a(close.o)
 .bss           0x000000000001bcac        0x0 /usr/local/m68k-elf/lib/libidp.a(fstat.o)
 .bss           0x000000000001bcac        0x0 /usr/local/m68k-elf/lib/libidp.a(isatty.o)
 .bss           0x000000000001bcac        0x0 /usr/local/m68k-elf/lib/libidp.a(lseek.o)
 .bss           0x000000000001bcac        0x0 /usr/local/m68k-elf/lib/libidp.a(sbrk.o)
 .bss           0x000000000001bcac        0x0 /usr/local/m68k-elf/lib/libidp.a(mc68ec.o)
 .bss           0x000000000001bcac        0x0 /usr/local/m68k-elf/lib/libc.a(lib_a-errno.o)
 *(COMMON)
 COMMON         0x000000000001bcac        0x4 /usr/local/m68k-elf/lib/libc.a(lib_a-reent.o)
                0x000000000001bcac                errno
 COMMON         0x000000000001bcb0        0x4 /usr/local/m68k-elf/lib/libidp.a(sbrk.o)
                0x000000000001bcb0                heap_ptr
                0x000000000001bcb8                _end = ALIGN (0x8)
                0x000000000001bcb8                __end = _end

.stab
 *(.stab)

.stabstr
 *(.stabstr)
OUTPUT(test1.hex srec)

.debug_info     0x0000000000000000    0x2eca2
 .debug_info    0x0000000000000000      0x100 csys68k.o
 .debug_info    0x0000000000000100      0x8cc test1.o
 .debug_info    0x00000000000009cc      0x8dc /usr/local/m68k-elf/lib/libc.a(lib_a-exit.o)
 .debug_info    0x00000000000012a8      0x8b1 /usr/local/m68k-elf/lib/libc.a(lib_a-impure.o)
 .debug_info    0x0000000000001b59      0x970 /usr/local/m68k-elf/lib/libc.a(lib_a-printf.o)
 .debug_info    0x00000000000024c9      0x970 /usr/local/m68k-elf/lib/libc.a(lib_a-scanf.o)
 .debug_info    0x0000000000002e39     0x16d2 /usr/local/m68k-elf/lib/libc.a(lib_a-vfprintf.o)
 .debug_info    0x000000000000450b     0x1634 /usr/local/m68k-elf/lib/libc.a(lib_a-vfscanf.o)
 .debug_info    0x0000000000005b3f      0x927 /usr/local/m68k-elf/lib/libc.a(lib_a-wsetup.o)
 .debug_info    0x0000000000006466      0x95f /usr/local/m68k-elf/lib/libc.a(lib_a-__call_atexit.o)
 .debug_info    0x0000000000006dc5     0x144b /usr/local/m68k-elf/lib/libc.a(lib_a-dtoa.o)
 .debug_info    0x0000000000008210      0xa2c /usr/local/m68k-elf/lib/libc.a(lib_a-fflush.o)
 .debug_info    0x0000000000008c3c      0xd0b /usr/local/m68k-elf/lib/libc.a(lib_a-findfp.o)
 .debug_info    0x0000000000009947      0xa57 /usr/local/m68k-elf/lib/libc.a(lib_a-fread.o)
 .debug_info    0x000000000000a39e      0xbb5 /usr/local/m68k-elf/lib/libc.a(lib_a-freer.o)
 .debug_info    0x000000000000af53      0x9a5 /usr/local/m68k-elf/lib/libc.a(lib_a-fwalk.o)
 .debug_info    0x000000000000b8f8      0xd9e /usr/local/m68k-elf/lib/libc.a(lib_a-iswspace.o)
 .debug_info    0x000000000000c696      0xf06 /usr/local/m68k-elf/lib/libc.a(lib_a-locale.o)
 .debug_info    0x000000000000d59c      0xe4a /usr/local/m68k-elf/lib/libc.a(lib_a-localeconv.o)
 .debug_info    0x000000000000e3e6      0xc08 /usr/local/m68k-elf/lib/libc.a(lib_a-makebuf.o)
 .debug_info    0x000000000000efee      0xcdd /usr/local/m68k-elf/lib/libc.a(lib_a-mallocr.o)
 .debug_info    0x000000000000fccb      0xeac /usr/local/m68k-elf/lib/libc.a(lib_a-mbrtowc.o)
 .debug_info    0x0000000000010b77      0xe78 /usr/local/m68k-elf/lib/libc.a(lib_a-mbtowc_r.o)
 .debug_info    0x00000000000119ef      0x12d /usr/local/m68k-elf/lib/libc.a(lib_a-memchr.o)
 .debug_info    0x0000000000011b1c       0x26 /usr/local/m68k-elf/lib/libc.a(lib_a-memcpy.o)
 .debug_info    0x0000000000011b42       0x26 /usr/local/m68k-elf/lib/libc.a(lib_a-memset.o)
 .debug_info    0x0000000000011b68      0x8bf /usr/local/m68k-elf/lib/libc.a(lib_a-mlock.o)
 .debug_info    0x0000000000012427     0x1a82 /usr/local/m68k-elf/lib/libc.a(lib_a-mprec.o)
 .debug_info    0x0000000000013ea9      0x9cd /usr/local/m68k-elf/lib/libc.a(lib_a-refill.o)
 .debug_info    0x0000000000014876      0x901 /usr/local/m68k-elf/lib/libc.a(lib_a-sbrkr.o)
 .debug_info    0x0000000000015177      0x905 /usr/local/m68k-elf/lib/libc.a(lib_a-sccl.o)
 .debug_info    0x0000000000015a7c       0xcd /usr/local/m68k-elf/lib/libc.a(lib_a-sf_nan.o)
 .debug_info    0x0000000000015b49      0x9b1 /usr/local/m68k-elf/lib/libc.a(lib_a-sprintf.o)
 .debug_info    0x00000000000164fa      0xae3 /usr/local/m68k-elf/lib/libc.a(lib_a-stdio.o)
 .debug_info    0x0000000000016fdd       0xe4 /usr/local/m68k-elf/lib/libc.a(lib_a-strcmp.o)
 .debug_info    0x00000000000170c1       0xd6 /usr/local/m68k-elf/lib/libc.a(lib_a-strlen.o)
 .debug_info    0x0000000000017197     0x1936 /usr/local/m68k-elf/lib/libc.a(lib_a-strtod.o)
 .debug_info    0x0000000000018acd     0x1012 /usr/local/m68k-elf/lib/libc.a(lib_a-strtol.o)
 .debug_info    0x0000000000019adf     0x1012 /usr/local/m68k-elf/lib/libc.a(lib_a-strtoul.o)
 .debug_info    0x000000000001aaf1     0x158c /usr/local/m68k-elf/lib/libc.a(lib_a-svfprintf.o)
 .debug_info    0x000000000001c07d      0xa51 /usr/local/m68k-elf/lib/libc.a(lib_a-ungetc.o)
 .debug_info    0x000000000001cace     0x17d3 /usr/local/m68k-elf/lib/libc.a(lib_a-vfiprintf.o)
 .debug_info    0x000000000001e2a1      0xe4a /usr/local/m68k-elf/lib/libc.a(lib_a-wctomb_r.o)
 .debug_info    0x000000000001f0eb      0x90e /usr/local/m68k-elf/lib/libc.a(lib_a-writer.o)
 .debug_info    0x000000000001f9f9      0x9d3 /usr/local/m68k-elf/lib/libc.a(lib_a-callocr.o)
 .debug_info    0x00000000000203cc      0x8e0 /usr/local/m68k-elf/lib/libc.a(lib_a-closer.o)
 .debug_info    0x0000000000020cac      0xd83 /usr/local/m68k-elf/lib/libc.a(lib_a-ctype_.o)
 .debug_info    0x0000000000021a2f      0x9e5 /usr/local/m68k-elf/lib/libc.a(lib_a-fclose.o)
 .debug_info    0x0000000000022414      0xae3 /usr/local/m68k-elf/lib/libc.a(lib_a-fputwc.o)
 .debug_info    0x0000000000022ef7      0xac4 /usr/local/m68k-elf/lib/libc.a(lib_a-fstatr.o)
 .debug_info    0x00000000000239bb      0xac9 /usr/local/m68k-elf/lib/libc.a(lib_a-fvwrite.o)
 .debug_info    0x0000000000024484     0x12b2 /usr/local/m68k-elf/lib/libc.a(lib_a-gdtoa-gethex.o)
 .debug_info    0x0000000000025736     0x1032 /usr/local/m68k-elf/lib/libc.a(lib_a-gdtoa-hexnan.o)
 .debug_info    0x0000000000026768      0x8e0 /usr/local/m68k-elf/lib/libc.a(lib_a-isattyr.o)
 .debug_info    0x0000000000027048      0x8fc /usr/local/m68k-elf/lib/libc.a(lib_a-lseekr.o)
 .debug_info    0x0000000000027944      0xdfd /usr/local/m68k-elf/lib/libc.a(lib_a-memmove.o)
 .debug_info    0x0000000000028741      0x907 /usr/local/m68k-elf/lib/libc.a(lib_a-readr.o)
 .debug_info    0x0000000000029048      0xc46 /usr/local/m68k-elf/lib/libc.a(lib_a-reallocr.o)
 .debug_info    0x0000000000029c8e      0x993 /usr/local/m68k-elf/lib/libc.a(lib_a-reent.o)
 .debug_info    0x000000000002a621       0xfc /usr/local/m68k-elf/lib/libc.a(lib_a-strncmp.o)
 .debug_info    0x000000000002a71d     0x123b /usr/local/m68k-elf/lib/libc.a(lib_a-svfiprintf.o)
 .debug_info    0x000000000002b958      0x987 /usr/local/m68k-elf/lib/libc.a(lib_a-wbuf.o)
 .debug_info    0x000000000002c2df      0xeb9 /usr/local/m68k-elf/lib/libc.a(lib_a-wcrtomb.o)
 .debug_info    0x000000000002d198       0x26 /usr/local/lib/gcc/m68k-elf/5/libgcc.a(_mulsi3.o)
 .debug_info    0x000000000002d1be       0x26 /usr/local/lib/gcc/m68k-elf/5/libgcc.a(_udivsi3.o)
 .debug_info    0x000000000002d1e4       0x26 /usr/local/lib/gcc/m68k-elf/5/libgcc.a(_divsi3.o)
 .debug_info    0x000000000002d20a       0x26 /usr/local/lib/gcc/m68k-elf/5/libgcc.a(_umodsi3.o)
 .debug_info    0x000000000002d230       0x26 /usr/local/lib/gcc/m68k-elf/5/libgcc.a(_modsi3.o)
 .debug_info    0x000000000002d256       0x26 /usr/local/lib/gcc/m68k-elf/5/libgcc.a(_double.o)
 .debug_info    0x000000000002d27c       0x26 /usr/local/lib/gcc/m68k-elf/5/libgcc.a(_floatex.o)
 .debug_info    0x000000000002d2a2       0x26 /usr/local/lib/gcc/m68k-elf/5/libgcc.a(_eqdf2.o)
 .debug_info    0x000000000002d2c8       0x26 /usr/local/lib/gcc/m68k-elf/5/libgcc.a(_nedf2.o)
 .debug_info    0x000000000002d2ee       0x26 /usr/local/lib/gcc/m68k-elf/5/libgcc.a(_gtdf2.o)
 .debug_info    0x000000000002d314       0x26 /usr/local/lib/gcc/m68k-elf/5/libgcc.a(_gedf2.o)
 .debug_info    0x000000000002d33a       0x26 /usr/local/lib/gcc/m68k-elf/5/libgcc.a(_ltdf2.o)
 .debug_info    0x000000000002d360       0x26 /usr/local/lib/gcc/m68k-elf/5/libgcc.a(_ledf2.o)
 .debug_info    0x000000000002d386       0x26 /usr/local/lib/gcc/m68k-elf/5/libgcc.a(_lesf2.o)
 .debug_info    0x000000000002d3ac       0xdb /usr/local/lib/gcc/m68k-elf/5/libgcc.a(_fixunsdfsi.o)
 .debug_info    0x000000000002d487      0x44e /usr/local/lib/gcc/m68k-elf/5/libgcc.a(fpgnulib.o)
 .debug_info    0x000000000002d8d5      0x51e /usr/local/lib/gcc/m68k-elf/5/libgcc.a(xfgnulib.o)
 .debug_info    0x000000000002ddf3       0x26 /usr/local/lib/gcc/m68k-elf/5/libgcc.a(_float.o)
 .debug_info    0x000000000002de19       0x54 /usr/local/m68k-elf/lib/libidp.a(close.o)
 .debug_info    0x000000000002de6d      0x297 /usr/local/m68k-elf/lib/libidp.a(fstat.o)
 .debug_info    0x000000000002e104       0x54 /usr/local/m68k-elf/lib/libidp.a(isatty.o)
 .debug_info    0x000000000002e158       0xf9 /usr/local/m68k-elf/lib/libidp.a(lseek.o)
 .debug_info    0x000000000002e251       0xe5 /usr/local/m68k-elf/lib/libidp.a(sbrk.o)
 .debug_info    0x000000000002e336       0xc6 /usr/local/m68k-elf/lib/libidp.a(mc68ec.o)
 .debug_info    0x000000000002e3fc      0x8a6 /usr/local/m68k-elf/lib/libc.a(lib_a-errno.o)

.debug_abbrev   0x0000000000000000     0x8e2f
 .debug_abbrev  0x0000000000000000       0xa2 csys68k.o
 .debug_abbrev  0x00000000000000a2      0x1b5 test1.o
 .debug_abbrev  0x0000000000000257      0x1c6 /usr/local/m68k-elf/lib/libc.a(lib_a-exit.o)
 .debug_abbrev  0x000000000000041d      0x189 /usr/local/m68k-elf/lib/libc.a(lib_a-impure.o)
 .debug_abbrev  0x00000000000005a6      0x214 /usr/local/m68k-elf/lib/libc.a(lib_a-printf.o)
 .debug_abbrev  0x00000000000007ba      0x223 /usr/local/m68k-elf/lib/libc.a(lib_a-scanf.o)
 .debug_abbrev  0x00000000000009dd      0x3a3 /usr/local/m68k-elf/lib/libc.a(lib_a-vfprintf.o)
 .debug_abbrev  0x0000000000000d80      0x3d3 /usr/local/m68k-elf/lib/libc.a(lib_a-vfscanf.o)
 .debug_abbrev  0x0000000000001153      0x1ee /usr/local/m68k-elf/lib/libc.a(lib_a-wsetup.o)
 .debug_abbrev  0x0000000000001341      0x213 /usr/local/m68k-elf/lib/libc.a(lib_a-__call_atexit.o)
 .debug_abbrev  0x0000000000001554      0x2af /usr/local/m68k-elf/lib/libc.a(lib_a-dtoa.o)
 .debug_abbrev  0x0000000000001803      0x280 /usr/local/m68k-elf/lib/libc.a(lib_a-fflush.o)
 .debug_abbrev  0x0000000000001a83      0x383 /usr/local/m68k-elf/lib/libc.a(lib_a-findfp.o)
 .debug_abbrev  0x0000000000001e06      0x254 /usr/local/m68k-elf/lib/libc.a(lib_a-fread.o)
 .debug_abbrev  0x000000000000205a      0x24d /usr/local/m68k-elf/lib/libc.a(lib_a-freer.o)
 .debug_abbrev  0x00000000000022a7      0x1c7 /usr/local/m68k-elf/lib/libc.a(lib_a-fwalk.o)
 .debug_abbrev  0x000000000000246e      0x1cd /usr/local/m68k-elf/lib/libc.a(lib_a-iswspace.o)
 .debug_abbrev  0x000000000000263b      0x26b /usr/local/m68k-elf/lib/libc.a(lib_a-locale.o)
 .debug_abbrev  0x00000000000028a6      0x235 /usr/local/m68k-elf/lib/libc.a(lib_a-localeconv.o)
 .debug_abbrev  0x0000000000002adb      0x297 /usr/local/m68k-elf/lib/libc.a(lib_a-makebuf.o)
 .debug_abbrev  0x0000000000002d72      0x28e /usr/local/m68k-elf/lib/libc.a(lib_a-mallocr.o)
 .debug_abbrev  0x0000000000003000      0x1f8 /usr/local/m68k-elf/lib/libc.a(lib_a-mbrtowc.o)
 .debug_abbrev  0x00000000000031f8      0x24d /usr/local/m68k-elf/lib/libc.a(lib_a-mbtowc_r.o)
 .debug_abbrev  0x0000000000003445       0xc9 /usr/local/m68k-elf/lib/libc.a(lib_a-memchr.o)
 .debug_abbrev  0x000000000000350e       0x14 /usr/local/m68k-elf/lib/libc.a(lib_a-memcpy.o)
 .debug_abbrev  0x0000000000003522       0x14 /usr/local/m68k-elf/lib/libc.a(lib_a-memset.o)
 .debug_abbrev  0x0000000000003536      0x1b5 /usr/local/m68k-elf/lib/libc.a(lib_a-mlock.o)
 .debug_abbrev  0x00000000000036eb      0x3e1 /usr/local/m68k-elf/lib/libc.a(lib_a-mprec.o)
 .debug_abbrev  0x0000000000003acc      0x221 /usr/local/m68k-elf/lib/libc.a(lib_a-refill.o)
 .debug_abbrev  0x0000000000003ced      0x1f8 /usr/local/m68k-elf/lib/libc.a(lib_a-sbrkr.o)
 .debug_abbrev  0x0000000000003ee5      0x1d4 /usr/local/m68k-elf/lib/libc.a(lib_a-sccl.o)
 .debug_abbrev  0x00000000000040b9       0x72 /usr/local/m68k-elf/lib/libc.a(lib_a-sf_nan.o)
 .debug_abbrev  0x000000000000412b      0x214 /usr/local/m68k-elf/lib/libc.a(lib_a-sprintf.o)
 .debug_abbrev  0x000000000000433f      0x22b /usr/local/m68k-elf/lib/libc.a(lib_a-stdio.o)
 .debug_abbrev  0x000000000000456a       0x74 /usr/local/m68k-elf/lib/libc.a(lib_a-strcmp.o)
 .debug_abbrev  0x00000000000045de       0x7f /usr/local/m68k-elf/lib/libc.a(lib_a-strlen.o)
 .debug_abbrev  0x000000000000465d      0x3dd /usr/local/m68k-elf/lib/libc.a(lib_a-strtod.o)
 .debug_abbrev  0x0000000000004a3a      0x2a7 /usr/local/m68k-elf/lib/libc.a(lib_a-strtol.o)
 .debug_abbrev  0x0000000000004ce1      0x2a7 /usr/local/m68k-elf/lib/libc.a(lib_a-strtoul.o)
 .debug_abbrev  0x0000000000004f88      0x364 /usr/local/m68k-elf/lib/libc.a(lib_a-svfprintf.o)
 .debug_abbrev  0x00000000000052ec      0x298 /usr/local/m68k-elf/lib/libc.a(lib_a-ungetc.o)
 .debug_abbrev  0x0000000000005584      0x3bd /usr/local/m68k-elf/lib/libc.a(lib_a-vfiprintf.o)
 .debug_abbrev  0x0000000000005941      0x237 /usr/local/m68k-elf/lib/libc.a(lib_a-wctomb_r.o)
 .debug_abbrev  0x0000000000005b78      0x1d9 /usr/local/m68k-elf/lib/libc.a(lib_a-writer.o)
 .debug_abbrev  0x0000000000005d51      0x219 /usr/local/m68k-elf/lib/libc.a(lib_a-callocr.o)
 .debug_abbrev  0x0000000000005f6a      0x1d4 /usr/local/m68k-elf/lib/libc.a(lib_a-closer.o)
 .debug_abbrev  0x000000000000613e      0x19c /usr/local/m68k-elf/lib/libc.a(lib_a-ctype_.o)
 .debug_abbrev  0x00000000000062da      0x268 /usr/local/m68k-elf/lib/libc.a(lib_a-fclose.o)
 .debug_abbrev  0x0000000000006542      0x2cc /usr/local/m68k-elf/lib/libc.a(lib_a-fputwc.o)
 .debug_abbrev  0x000000000000680e      0x1e3 /usr/local/m68k-elf/lib/libc.a(lib_a-fstatr.o)
 .debug_abbrev  0x00000000000069f1      0x21b /usr/local/m68k-elf/lib/libc.a(lib_a-fvwrite.o)
 .debug_abbrev  0x0000000000006c0c      0x2f4 /usr/local/m68k-elf/lib/libc.a(lib_a-gdtoa-gethex.o)
 .debug_abbrev  0x0000000000006f00      0x29e /usr/local/m68k-elf/lib/libc.a(lib_a-gdtoa-hexnan.o)
 .debug_abbrev  0x000000000000719e      0x1d4 /usr/local/m68k-elf/lib/libc.a(lib_a-isattyr.o)
 .debug_abbrev  0x0000000000007372      0x1e3 /usr/local/m68k-elf/lib/libc.a(lib_a-lseekr.o)
 .debug_abbrev  0x0000000000007555      0x1e3 /usr/local/m68k-elf/lib/libc.a(lib_a-memmove.o)
 .debug_abbrev  0x0000000000007738      0x1d4 /usr/local/m68k-elf/lib/libc.a(lib_a-readr.o)
 .debug_abbrev  0x000000000000790c      0x23c /usr/local/m68k-elf/lib/libc.a(lib_a-reallocr.o)
 .debug_abbrev  0x0000000000007b48      0x24a /usr/local/m68k-elf/lib/libc.a(lib_a-reent.o)
 .debug_abbrev  0x0000000000007d92       0x81 /usr/local/m68k-elf/lib/libc.a(lib_a-strncmp.o)
 .debug_abbrev  0x0000000000007e13      0x2c3 /usr/local/m68k-elf/lib/libc.a(lib_a-svfiprintf.o)
 .debug_abbrev  0x00000000000080d6      0x228 /usr/local/m68k-elf/lib/libc.a(lib_a-wbuf.o)
 .debug_abbrev  0x00000000000082fe      0x207 /usr/local/m68k-elf/lib/libc.a(lib_a-wcrtomb.o)
 .debug_abbrev  0x0000000000008505       0x14 /usr/local/lib/gcc/m68k-elf/5/libgcc.a(_mulsi3.o)
 .debug_abbrev  0x0000000000008519       0x14 /usr/local/lib/gcc/m68k-elf/5/libgcc.a(_udivsi3.o)
 .debug_abbrev  0x000000000000852d       0x14 /usr/local/lib/gcc/m68k-elf/5/libgcc.a(_divsi3.o)
 .debug_abbrev  0x0000000000008541       0x14 /usr/local/lib/gcc/m68k-elf/5/libgcc.a(_umodsi3.o)
 .debug_abbrev  0x0000000000008555       0x14 /usr/local/lib/gcc/m68k-elf/5/libgcc.a(_modsi3.o)
 .debug_abbrev  0x0000000000008569       0x14 /usr/local/lib/gcc/m68k-elf/5/libgcc.a(_double.o)
 .debug_abbrev  0x000000000000857d       0x14 /usr/local/lib/gcc/m68k-elf/5/libgcc.a(_floatex.o)
 .debug_abbrev  0x0000000000008591       0x14 /usr/local/lib/gcc/m68k-elf/5/libgcc.a(_eqdf2.o)
 .debug_abbrev  0x00000000000085a5       0x14 /usr/local/lib/gcc/m68k-elf/5/libgcc.a(_nedf2.o)
 .debug_abbrev  0x00000000000085b9       0x14 /usr/local/lib/gcc/m68k-elf/5/libgcc.a(_gtdf2.o)
 .debug_abbrev  0x00000000000085cd       0x14 /usr/local/lib/gcc/m68k-elf/5/libgcc.a(_gedf2.o)
 .debug_abbrev  0x00000000000085e1       0x14 /usr/local/lib/gcc/m68k-elf/5/libgcc.a(_ltdf2.o)
 .debug_abbrev  0x00000000000085f5       0x14 /usr/local/lib/gcc/m68k-elf/5/libgcc.a(_ledf2.o)
 .debug_abbrev  0x0000000000008609       0x14 /usr/local/lib/gcc/m68k-elf/5/libgcc.a(_lesf2.o)
 .debug_abbrev  0x000000000000861d       0x60 /usr/local/lib/gcc/m68k-elf/5/libgcc.a(_fixunsdfsi.o)
 .debug_abbrev  0x000000000000867d      0x1cf /usr/local/lib/gcc/m68k-elf/5/libgcc.a(fpgnulib.o)
 .debug_abbrev  0x000000000000884c      0x168 /usr/local/lib/gcc/m68k-elf/5/libgcc.a(xfgnulib.o)
 .debug_abbrev  0x00000000000089b4       0x14 /usr/local/lib/gcc/m68k-elf/5/libgcc.a(_float.o)
 .debug_abbrev  0x00000000000089c8       0x4a /usr/local/m68k-elf/lib/libidp.a(close.o)
 .debug_abbrev  0x0000000000008a12       0x9b /usr/local/m68k-elf/lib/libidp.a(fstat.o)
 .debug_abbrev  0x0000000000008aad       0x4a /usr/local/m68k-elf/lib/libidp.a(isatty.o)
 .debug_abbrev  0x0000000000008af7       0x8d /usr/local/m68k-elf/lib/libidp.a(lseek.o)
 .debug_abbrev  0x0000000000008b84       0x9b /usr/local/m68k-elf/lib/libidp.a(sbrk.o)
 .debug_abbrev  0x0000000000008c1f       0x78 /usr/local/m68k-elf/lib/libidp.a(mc68ec.o)
 .debug_abbrev  0x0000000000008c97      0x198 /usr/local/m68k-elf/lib/libc.a(lib_a-errno.o)

.debug_loc      0x0000000000000000    0x189bd
 .debug_loc     0x0000000000000000      0x102 csys68k.o
 .debug_loc     0x0000000000000102       0xb7 /usr/local/m68k-elf/lib/libc.a(lib_a-printf.o)
 .debug_loc     0x00000000000001b9       0xb7 /usr/local/m68k-elf/lib/libc.a(lib_a-scanf.o)
 .debug_loc     0x0000000000000270     0x310c /usr/local/m68k-elf/lib/libc.a(lib_a-vfprintf.o)
 .debug_loc     0x000000000000337c     0x1f13 /usr/local/m68k-elf/lib/libc.a(lib_a-vfscanf.o)
 .debug_loc     0x000000000000528f       0x1e /usr/local/m68k-elf/lib/libc.a(lib_a-wsetup.o)
 .debug_loc     0x00000000000052ad      0x1c7 /usr/local/m68k-elf/lib/libc.a(lib_a-__call_atexit.o)
 .debug_loc     0x0000000000005474     0x2566 /usr/local/m68k-elf/lib/libc.a(lib_a-dtoa.o)
 .debug_loc     0x00000000000079da      0x172 /usr/local/m68k-elf/lib/libc.a(lib_a-fflush.o)
 .debug_loc     0x0000000000007b4c      0x198 /usr/local/m68k-elf/lib/libc.a(lib_a-findfp.o)
 .debug_loc     0x0000000000007ce4      0x247 /usr/local/m68k-elf/lib/libc.a(lib_a-fread.o)
 .debug_loc     0x0000000000007f2b      0x4dd /usr/local/m68k-elf/lib/libc.a(lib_a-freer.o)
 .debug_loc     0x0000000000008408       0xf8 /usr/local/m68k-elf/lib/libc.a(lib_a-fwalk.o)
 .debug_loc     0x0000000000008500       0x1f /usr/local/m68k-elf/lib/libc.a(lib_a-locale.o)
 .debug_loc     0x000000000000851f       0x24 /usr/local/m68k-elf/lib/libc.a(lib_a-localeconv.o)
 .debug_loc     0x0000000000008543       0xb3 /usr/local/m68k-elf/lib/libc.a(lib_a-makebuf.o)
 .debug_loc     0x00000000000085f6      0xa3f /usr/local/m68k-elf/lib/libc.a(lib_a-mallocr.o)
 .debug_loc     0x0000000000009035       0xf1 /usr/local/m68k-elf/lib/libc.a(lib_a-mbrtowc.o)
 .debug_loc     0x0000000000009126       0xd6 /usr/local/m68k-elf/lib/libc.a(lib_a-mbtowc_r.o)
 .debug_loc     0x00000000000091fc      0x13c /usr/local/m68k-elf/lib/libc.a(lib_a-memchr.o)
 .debug_loc     0x0000000000009338     0x1ce9 /usr/local/m68k-elf/lib/libc.a(lib_a-mprec.o)
 .debug_loc     0x000000000000b021       0x9a /usr/local/m68k-elf/lib/libc.a(lib_a-refill.o)
 .debug_loc     0x000000000000b0bb      0x1d4 /usr/local/m68k-elf/lib/libc.a(lib_a-sccl.o)
 .debug_loc     0x000000000000b28f       0xa4 /usr/local/m68k-elf/lib/libc.a(lib_a-sprintf.o)
 .debug_loc     0x000000000000b333      0x14a /usr/local/m68k-elf/lib/libc.a(lib_a-stdio.o)
 .debug_loc     0x000000000000b47d       0x92 /usr/local/m68k-elf/lib/libc.a(lib_a-strcmp.o)
 .debug_loc     0x000000000000b50f       0x33 /usr/local/m68k-elf/lib/libc.a(lib_a-strlen.o)
 .debug_loc     0x000000000000b542     0x2087 /usr/local/m68k-elf/lib/libc.a(lib_a-strtod.o)
 .debug_loc     0x000000000000d5c9      0x3db /usr/local/m68k-elf/lib/libc.a(lib_a-strtol.o)
 .debug_loc     0x000000000000d9a4      0x3f4 /usr/local/m68k-elf/lib/libc.a(lib_a-strtoul.o)
 .debug_loc     0x000000000000dd98     0x2e8d /usr/local/m68k-elf/lib/libc.a(lib_a-svfprintf.o)
 .debug_loc     0x0000000000010c25      0x19d /usr/local/m68k-elf/lib/libc.a(lib_a-ungetc.o)
 .debug_loc     0x0000000000010dc2     0x2094 /usr/local/m68k-elf/lib/libc.a(lib_a-vfiprintf.o)
 .debug_loc     0x0000000000012e56       0xcd /usr/local/m68k-elf/lib/libc.a(lib_a-wctomb_r.o)
 .debug_loc     0x0000000000012f23      0x30b /usr/local/m68k-elf/lib/libc.a(lib_a-callocr.o)
 .debug_loc     0x000000000001322e       0x9a /usr/local/m68k-elf/lib/libc.a(lib_a-fclose.o)
 .debug_loc     0x00000000000132c8      0x191 /usr/local/m68k-elf/lib/libc.a(lib_a-fputwc.o)
 .debug_loc     0x0000000000013459      0x473 /usr/local/m68k-elf/lib/libc.a(lib_a-fvwrite.o)
 .debug_loc     0x00000000000138cc     0x1084 /usr/local/m68k-elf/lib/libc.a(lib_a-gdtoa-gethex.o)
 .debug_loc     0x0000000000014950      0x54b /usr/local/m68k-elf/lib/libc.a(lib_a-gdtoa-hexnan.o)
 .debug_loc     0x0000000000014e9b      0x322 /usr/local/m68k-elf/lib/libc.a(lib_a-memmove.o)
 .debug_loc     0x00000000000151bd     0x1618 /usr/local/m68k-elf/lib/libc.a(lib_a-reallocr.o)
 .debug_loc     0x00000000000167d5       0x6d /usr/local/m68k-elf/lib/libc.a(lib_a-reent.o)
 .debug_loc     0x0000000000016842       0x8e /usr/local/m68k-elf/lib/libc.a(lib_a-strncmp.o)
 .debug_loc     0x00000000000168d0     0x16f2 /usr/local/m68k-elf/lib/libc.a(lib_a-svfiprintf.o)
 .debug_loc     0x0000000000017fc2       0xab /usr/local/m68k-elf/lib/libc.a(lib_a-wbuf.o)
 .debug_loc     0x000000000001806d       0xf1 /usr/local/m68k-elf/lib/libc.a(lib_a-wcrtomb.o)
 .debug_loc     0x000000000001815e      0x6f4 /usr/local/lib/gcc/m68k-elf/5/libgcc.a(fpgnulib.o)
 .debug_loc     0x0000000000018852      0x107 /usr/local/lib/gcc/m68k-elf/5/libgcc.a(xfgnulib.o)
 .debug_loc     0x0000000000018959       0x22 /usr/local/m68k-elf/lib/libidp.a(sbrk.o)
 .debug_loc     0x000000000001897b       0x42 /usr/local/m68k-elf/lib/libidp.a(mc68ec.o)

.debug_aranges  0x0000000000000000      0xaf8
 .debug_aranges
                0x0000000000000000       0x20 csys68k.o
 .debug_aranges
                0x0000000000000020       0x20 test1.o
 .debug_aranges
                0x0000000000000040       0x20 /usr/local/m68k-elf/lib/libc.a(lib_a-exit.o)
 .debug_aranges
                0x0000000000000060       0x18 /usr/local/m68k-elf/lib/libc.a(lib_a-impure.o)
 .debug_aranges
                0x0000000000000078       0x20 /usr/local/m68k-elf/lib/libc.a(lib_a-printf.o)
 .debug_aranges
                0x0000000000000098       0x20 /usr/local/m68k-elf/lib/libc.a(lib_a-scanf.o)
 .debug_aranges
                0x00000000000000b8       0x20 /usr/local/m68k-elf/lib/libc.a(lib_a-vfprintf.o)
 .debug_aranges
                0x00000000000000d8       0x20 /usr/local/m68k-elf/lib/libc.a(lib_a-vfscanf.o)
 .debug_aranges
                0x00000000000000f8       0x20 /usr/local/m68k-elf/lib/libc.a(lib_a-wsetup.o)
 .debug_aranges
                0x0000000000000118       0x20 /usr/local/m68k-elf/lib/libc.a(lib_a-__call_atexit.o)
 .debug_aranges
                0x0000000000000138       0x20 /usr/local/m68k-elf/lib/libc.a(lib_a-dtoa.o)
 .debug_aranges
                0x0000000000000158       0x20 /usr/local/m68k-elf/lib/libc.a(lib_a-fflush.o)
 .debug_aranges
                0x0000000000000178       0x20 /usr/local/m68k-elf/lib/libc.a(lib_a-findfp.o)
 .debug_aranges
                0x0000000000000198       0x20 /usr/local/m68k-elf/lib/libc.a(lib_a-fread.o)
 .debug_aranges
                0x00000000000001b8       0x20 /usr/local/m68k-elf/lib/libc.a(lib_a-freer.o)
 .debug_aranges
                0x00000000000001d8       0x20 /usr/local/m68k-elf/lib/libc.a(lib_a-fwalk.o)
 .debug_aranges
                0x00000000000001f8       0x20 /usr/local/m68k-elf/lib/libc.a(lib_a-iswspace.o)
 .debug_aranges
                0x0000000000000218       0x20 /usr/local/m68k-elf/lib/libc.a(lib_a-locale.o)
 .debug_aranges
                0x0000000000000238       0x20 /usr/local/m68k-elf/lib/libc.a(lib_a-localeconv.o)
 .debug_aranges
                0x0000000000000258       0x20 /usr/local/m68k-elf/lib/libc.a(lib_a-makebuf.o)
 .debug_aranges
                0x0000000000000278       0x20 /usr/local/m68k-elf/lib/libc.a(lib_a-mallocr.o)
 .debug_aranges
                0x0000000000000298       0x20 /usr/local/m68k-elf/lib/libc.a(lib_a-mbrtowc.o)
 .debug_aranges
                0x00000000000002b8       0x20 /usr/local/m68k-elf/lib/libc.a(lib_a-mbtowc_r.o)
 .debug_aranges
                0x00000000000002d8       0x20 /usr/local/m68k-elf/lib/libc.a(lib_a-memchr.o)
 .debug_aranges
                0x00000000000002f8       0x20 /usr/local/m68k-elf/lib/libc.a(lib_a-memcpy.o)
 .debug_aranges
                0x0000000000000318       0x20 /usr/local/m68k-elf/lib/libc.a(lib_a-memset.o)
 .debug_aranges
                0x0000000000000338       0x20 /usr/local/m68k-elf/lib/libc.a(lib_a-mlock.o)
 .debug_aranges
                0x0000000000000358       0x20 /usr/local/m68k-elf/lib/libc.a(lib_a-mprec.o)
 .debug_aranges
                0x0000000000000378       0x20 /usr/local/m68k-elf/lib/libc.a(lib_a-refill.o)
 .debug_aranges
                0x0000000000000398       0x20 /usr/local/m68k-elf/lib/libc.a(lib_a-sbrkr.o)
 .debug_aranges
                0x00000000000003b8       0x20 /usr/local/m68k-elf/lib/libc.a(lib_a-sccl.o)
 .debug_aranges
                0x00000000000003d8       0x20 /usr/local/m68k-elf/lib/libc.a(lib_a-sf_nan.o)
 .debug_aranges
                0x00000000000003f8       0x20 /usr/local/m68k-elf/lib/libc.a(lib_a-sprintf.o)
 .debug_aranges
                0x0000000000000418       0x20 /usr/local/m68k-elf/lib/libc.a(lib_a-stdio.o)
 .debug_aranges
                0x0000000000000438       0x20 /usr/local/m68k-elf/lib/libc.a(lib_a-strcmp.o)
 .debug_aranges
                0x0000000000000458       0x20 /usr/local/m68k-elf/lib/libc.a(lib_a-strlen.o)
 .debug_aranges
                0x0000000000000478       0x28 /usr/local/m68k-elf/lib/libc.a(lib_a-strtod.o)
 .debug_aranges
                0x00000000000004a0       0x20 /usr/local/m68k-elf/lib/libc.a(lib_a-strtol.o)
 .debug_aranges
                0x00000000000004c0       0x20 /usr/local/m68k-elf/lib/libc.a(lib_a-strtoul.o)
 .debug_aranges
                0x00000000000004e0       0x20 /usr/local/m68k-elf/lib/libc.a(lib_a-svfprintf.o)
 .debug_aranges
                0x0000000000000500       0x20 /usr/local/m68k-elf/lib/libc.a(lib_a-ungetc.o)
 .debug_aranges
                0x0000000000000520       0x20 /usr/local/m68k-elf/lib/libc.a(lib_a-vfiprintf.o)
 .debug_aranges
                0x0000000000000540       0x20 /usr/local/m68k-elf/lib/libc.a(lib_a-wctomb_r.o)
 .debug_aranges
                0x0000000000000560       0x20 /usr/local/m68k-elf/lib/libc.a(lib_a-writer.o)
 .debug_aranges
                0x0000000000000580       0x20 /usr/local/m68k-elf/lib/libc.a(lib_a-callocr.o)
 .debug_aranges
                0x00000000000005a0       0x20 /usr/local/m68k-elf/lib/libc.a(lib_a-closer.o)
 .debug_aranges
                0x00000000000005c0       0x18 /usr/local/m68k-elf/lib/libc.a(lib_a-ctype_.o)
 .debug_aranges
                0x00000000000005d8       0x20 /usr/local/m68k-elf/lib/libc.a(lib_a-fclose.o)
 .debug_aranges
                0x00000000000005f8       0x20 /usr/local/m68k-elf/lib/libc.a(lib_a-fputwc.o)
 .debug_aranges
                0x0000000000000618       0x20 /usr/local/m68k-elf/lib/libc.a(lib_a-fstatr.o)
 .debug_aranges
                0x0000000000000638       0x20 /usr/local/m68k-elf/lib/libc.a(lib_a-fvwrite.o)
 .debug_aranges
                0x0000000000000658       0x20 /usr/local/m68k-elf/lib/libc.a(lib_a-gdtoa-gethex.o)
 .debug_aranges
                0x0000000000000678       0x20 /usr/local/m68k-elf/lib/libc.a(lib_a-gdtoa-hexnan.o)
 .debug_aranges
                0x0000000000000698       0x20 /usr/local/m68k-elf/lib/libc.a(lib_a-isattyr.o)
 .debug_aranges
                0x00000000000006b8       0x20 /usr/local/m68k-elf/lib/libc.a(lib_a-lseekr.o)
 .debug_aranges
                0x00000000000006d8       0x20 /usr/local/m68k-elf/lib/libc.a(lib_a-memmove.o)
 .debug_aranges
                0x00000000000006f8       0x20 /usr/local/m68k-elf/lib/libc.a(lib_a-readr.o)
 .debug_aranges
                0x0000000000000718       0x20 /usr/local/m68k-elf/lib/libc.a(lib_a-reallocr.o)
 .debug_aranges
                0x0000000000000738       0x20 /usr/local/m68k-elf/lib/libc.a(lib_a-reent.o)
 .debug_aranges
                0x0000000000000758       0x20 /usr/local/m68k-elf/lib/libc.a(lib_a-strncmp.o)
 .debug_aranges
                0x0000000000000778       0x20 /usr/local/m68k-elf/lib/libc.a(lib_a-svfiprintf.o)
 .debug_aranges
                0x0000000000000798       0x20 /usr/local/m68k-elf/lib/libc.a(lib_a-wbuf.o)
 .debug_aranges
                0x00000000000007b8       0x20 /usr/local/m68k-elf/lib/libc.a(lib_a-wcrtomb.o)
 .debug_aranges
                0x00000000000007d8       0x20 /usr/local/lib/gcc/m68k-elf/5/libgcc.a(_mulsi3.o)
 .debug_aranges
                0x00000000000007f8       0x20 /usr/local/lib/gcc/m68k-elf/5/libgcc.a(_udivsi3.o)
 .debug_aranges
                0x0000000000000818       0x20 /usr/local/lib/gcc/m68k-elf/5/libgcc.a(_divsi3.o)
 .debug_aranges
                0x0000000000000838       0x20 /usr/local/lib/gcc/m68k-elf/5/libgcc.a(_umodsi3.o)
 .debug_aranges
                0x0000000000000858       0x20 /usr/local/lib/gcc/m68k-elf/5/libgcc.a(_modsi3.o)
 .debug_aranges
                0x0000000000000878       0x20 /usr/local/lib/gcc/m68k-elf/5/libgcc.a(_double.o)
 .debug_aranges
                0x0000000000000898       0x20 /usr/local/lib/gcc/m68k-elf/5/libgcc.a(_floatex.o)
 .debug_aranges
                0x00000000000008b8       0x20 /usr/local/lib/gcc/m68k-elf/5/libgcc.a(_eqdf2.o)
 .debug_aranges
                0x00000000000008d8       0x20 /usr/local/lib/gcc/m68k-elf/5/libgcc.a(_nedf2.o)
 .debug_aranges
                0x00000000000008f8       0x20 /usr/local/lib/gcc/m68k-elf/5/libgcc.a(_gtdf2.o)
 .debug_aranges
                0x0000000000000918       0x20 /usr/local/lib/gcc/m68k-elf/5/libgcc.a(_gedf2.o)
 .debug_aranges
                0x0000000000000938       0x20 /usr/local/lib/gcc/m68k-elf/5/libgcc.a(_ltdf2.o)
 .debug_aranges
                0x0000000000000958       0x20 /usr/local/lib/gcc/m68k-elf/5/libgcc.a(_ledf2.o)
 .debug_aranges
                0x0000000000000978       0x20 /usr/local/lib/gcc/m68k-elf/5/libgcc.a(_lesf2.o)
 .debug_aranges
                0x0000000000000998       0x20 /usr/local/lib/gcc/m68k-elf/5/libgcc.a(_fixunsdfsi.o)
 .debug_aranges
                0x00000000000009b8       0x20 /usr/local/lib/gcc/m68k-elf/5/libgcc.a(fpgnulib.o)
 .debug_aranges
                0x00000000000009d8       0x20 /usr/local/lib/gcc/m68k-elf/5/libgcc.a(xfgnulib.o)
 .debug_aranges
                0x00000000000009f8       0x20 /usr/local/lib/gcc/m68k-elf/5/libgcc.a(_float.o)
 .debug_aranges
                0x0000000000000a18       0x20 /usr/local/m68k-elf/lib/libidp.a(close.o)
 .debug_aranges
                0x0000000000000a38       0x20 /usr/local/m68k-elf/lib/libidp.a(fstat.o)
 .debug_aranges
                0x0000000000000a58       0x20 /usr/local/m68k-elf/lib/libidp.a(isatty.o)
 .debug_aranges
                0x0000000000000a78       0x20 /usr/local/m68k-elf/lib/libidp.a(lseek.o)
 .debug_aranges
                0x0000000000000a98       0x20 /usr/local/m68k-elf/lib/libidp.a(sbrk.o)
 .debug_aranges
                0x0000000000000ab8       0x20 /usr/local/m68k-elf/lib/libidp.a(mc68ec.o)
 .debug_aranges
                0x0000000000000ad8       0x20 /usr/local/m68k-elf/lib/libc.a(lib_a-errno.o)

.debug_line     0x0000000000000000     0xa62e
 .debug_line    0x0000000000000000       0x70 csys68k.o
 .debug_line    0x0000000000000070       0xca test1.o
 .debug_line    0x000000000000013a      0x157 /usr/local/m68k-elf/lib/libc.a(lib_a-exit.o)
 .debug_line    0x0000000000000291       0xee /usr/local/m68k-elf/lib/libc.a(lib_a-impure.o)
 .debug_line    0x000000000000037f      0x14f /usr/local/m68k-elf/lib/libc.a(lib_a-printf.o)
 .debug_line    0x00000000000004ce      0x150 /usr/local/m68k-elf/lib/libc.a(lib_a-scanf.o)
 .debug_line    0x000000000000061e      0x995 /usr/local/m68k-elf/lib/libc.a(lib_a-vfprintf.o)
 .debug_line    0x0000000000000fb3      0x7b5 /usr/local/m68k-elf/lib/libc.a(lib_a-vfscanf.o)
 .debug_line    0x0000000000001768      0x1ba /usr/local/m68k-elf/lib/libc.a(lib_a-wsetup.o)
 .debug_line    0x0000000000001922      0x199 /usr/local/m68k-elf/lib/libc.a(lib_a-__call_atexit.o)
 .debug_line    0x0000000000001abb      0x6aa /usr/local/m68k-elf/lib/libc.a(lib_a-dtoa.o)
 .debug_line    0x0000000000002165      0x20b /usr/local/m68k-elf/lib/libc.a(lib_a-fflush.o)
 .debug_line    0x0000000000002370      0x213 /usr/local/m68k-elf/lib/libc.a(lib_a-findfp.o)
 .debug_line    0x0000000000002583      0x1f1 /usr/local/m68k-elf/lib/libc.a(lib_a-fread.o)
 .debug_line    0x0000000000002774      0x206 /usr/local/m68k-elf/lib/libc.a(lib_a-freer.o)
 .debug_line    0x000000000000297a      0x16b /usr/local/m68k-elf/lib/libc.a(lib_a-fwalk.o)
 .debug_line    0x0000000000002ae5      0x1bf /usr/local/m68k-elf/lib/libc.a(lib_a-iswspace.o)
 .debug_line    0x0000000000002ca4      0x1c0 /usr/local/m68k-elf/lib/libc.a(lib_a-locale.o)
 .debug_line    0x0000000000002e64      0x18e /usr/local/m68k-elf/lib/libc.a(lib_a-localeconv.o)
 .debug_line    0x0000000000002ff2      0x216 /usr/local/m68k-elf/lib/libc.a(lib_a-makebuf.o)
 .debug_line    0x0000000000003208      0x2f5 /usr/local/m68k-elf/lib/libc.a(lib_a-mallocr.o)
 .debug_line    0x00000000000034fd      0x22a /usr/local/m68k-elf/lib/libc.a(lib_a-mbrtowc.o)
 .debug_line    0x0000000000003727      0x1e0 /usr/local/m68k-elf/lib/libc.a(lib_a-mbtowc_r.o)
 .debug_line    0x0000000000003907      0x115 /usr/local/m68k-elf/lib/libc.a(lib_a-memchr.o)
 .debug_line    0x0000000000003a1c       0x99 /usr/local/m68k-elf/lib/libc.a(lib_a-memcpy.o)
 .debug_line    0x0000000000003ab5       0x9d /usr/local/m68k-elf/lib/libc.a(lib_a-memset.o)
 .debug_line    0x0000000000003b52       0xff /usr/local/m68k-elf/lib/libc.a(lib_a-mlock.o)
 .debug_line    0x0000000000003c51      0x540 /usr/local/m68k-elf/lib/libc.a(lib_a-mprec.o)
 .debug_line    0x0000000000004191      0x1cb /usr/local/m68k-elf/lib/libc.a(lib_a-refill.o)
 .debug_line    0x000000000000435c      0x144 /usr/local/m68k-elf/lib/libc.a(lib_a-sbrkr.o)
 .debug_line    0x00000000000044a0      0x14f /usr/local/m68k-elf/lib/libc.a(lib_a-sccl.o)
 .debug_line    0x00000000000045ef       0xae /usr/local/m68k-elf/lib/libc.a(lib_a-sf_nan.o)
 .debug_line    0x000000000000469d      0x165 /usr/local/m68k-elf/lib/libc.a(lib_a-sprintf.o)
 .debug_line    0x0000000000004802      0x17f /usr/local/m68k-elf/lib/libc.a(lib_a-stdio.o)
 .debug_line    0x0000000000004981       0xcf /usr/local/m68k-elf/lib/libc.a(lib_a-strcmp.o)
 .debug_line    0x0000000000004a50       0xf3 /usr/local/m68k-elf/lib/libc.a(lib_a-strlen.o)
 .debug_line    0x0000000000004b43      0x6a1 /usr/local/m68k-elf/lib/libc.a(lib_a-strtod.o)
 .debug_line    0x00000000000051e4      0x25f /usr/local/m68k-elf/lib/libc.a(lib_a-strtol.o)
 .debug_line    0x0000000000005443      0x258 /usr/local/m68k-elf/lib/libc.a(lib_a-strtoul.o)
 .debug_line    0x000000000000569b      0x96e /usr/local/m68k-elf/lib/libc.a(lib_a-svfprintf.o)
 .debug_line    0x0000000000006009      0x1e3 /usr/local/m68k-elf/lib/libc.a(lib_a-ungetc.o)
 .debug_line    0x00000000000061ec      0x6e7 /usr/local/m68k-elf/lib/libc.a(lib_a-vfiprintf.o)
 .debug_line    0x00000000000068d3      0x1d6 /usr/local/m68k-elf/lib/libc.a(lib_a-wctomb_r.o)
 .debug_line    0x0000000000006aa9      0x151 /usr/local/m68k-elf/lib/libc.a(lib_a-writer.o)
 .debug_line    0x0000000000006bfa      0x133 /usr/local/m68k-elf/lib/libc.a(lib_a-callocr.o)
 .debug_line    0x0000000000006d2d      0x151 /usr/local/m68k-elf/lib/libc.a(lib_a-closer.o)
 .debug_line    0x0000000000006e7e      0x150 /usr/local/m68k-elf/lib/libc.a(lib_a-ctype_.o)
 .debug_line    0x0000000000006fce      0x189 /usr/local/m68k-elf/lib/libc.a(lib_a-fclose.o)
 .debug_line    0x0000000000007157      0x1c8 /usr/local/m68k-elf/lib/libc.a(lib_a-fputwc.o)
 .debug_line    0x000000000000731f      0x1b7 /usr/local/m68k-elf/lib/libc.a(lib_a-fstatr.o)
 .debug_line    0x00000000000074d6      0x27b /usr/local/m68k-elf/lib/libc.a(lib_a-fvwrite.o)
 .debug_line    0x0000000000007751      0x3b8 /usr/local/m68k-elf/lib/libc.a(lib_a-gdtoa-gethex.o)
 .debug_line    0x0000000000007b09      0x23a /usr/local/m68k-elf/lib/libc.a(lib_a-gdtoa-hexnan.o)
 .debug_line    0x0000000000007d43      0x152 /usr/local/m68k-elf/lib/libc.a(lib_a-isattyr.o)
 .debug_line    0x0000000000007e95      0x151 /usr/local/m68k-elf/lib/libc.a(lib_a-lseekr.o)
 .debug_line    0x0000000000007fe6      0x1e5 /usr/local/m68k-elf/lib/libc.a(lib_a-memmove.o)
 .debug_line    0x00000000000081cb      0x150 /usr/local/m68k-elf/lib/libc.a(lib_a-readr.o)
 .debug_line    0x000000000000831b      0x2a6 /usr/local/m68k-elf/lib/libc.a(lib_a-reallocr.o)
 .debug_line    0x00000000000085c1      0x16d /usr/local/m68k-elf/lib/libc.a(lib_a-reent.o)
 .debug_line    0x000000000000872e      0x11c /usr/local/m68k-elf/lib/libc.a(lib_a-strncmp.o)
 .debug_line    0x000000000000884a      0x68c /usr/local/m68k-elf/lib/libc.a(lib_a-svfiprintf.o)
 .debug_line    0x0000000000008ed6      0x1b7 /usr/local/m68k-elf/lib/libc.a(lib_a-wbuf.o)
 .debug_line    0x000000000000908d      0x22a /usr/local/m68k-elf/lib/libc.a(lib_a-wcrtomb.o)
 .debug_line    0x00000000000092b7       0x6a /usr/local/lib/gcc/m68k-elf/5/libgcc.a(_mulsi3.o)
 .debug_line    0x0000000000009321       0x83 /usr/local/lib/gcc/m68k-elf/5/libgcc.a(_udivsi3.o)
 .debug_line    0x00000000000093a4       0x72 /usr/local/lib/gcc/m68k-elf/5/libgcc.a(_divsi3.o)
 .debug_line    0x0000000000009416       0x6e /usr/local/lib/gcc/m68k-elf/5/libgcc.a(_umodsi3.o)
 .debug_line    0x0000000000009484       0x6e /usr/local/lib/gcc/m68k-elf/5/libgcc.a(_modsi3.o)
 .debug_line    0x00000000000094f2      0x3e1 /usr/local/lib/gcc/m68k-elf/5/libgcc.a(_double.o)
 .debug_line    0x00000000000098d3       0x79 /usr/local/lib/gcc/m68k-elf/5/libgcc.a(_floatex.o)
 .debug_line    0x000000000000994c       0x68 /usr/local/lib/gcc/m68k-elf/5/libgcc.a(_eqdf2.o)
 .debug_line    0x00000000000099b4       0x68 /usr/local/lib/gcc/m68k-elf/5/libgcc.a(_nedf2.o)
 .debug_line    0x0000000000009a1c       0x68 /usr/local/lib/gcc/m68k-elf/5/libgcc.a(_gtdf2.o)
 .debug_line    0x0000000000009a84       0x68 /usr/local/lib/gcc/m68k-elf/5/libgcc.a(_gedf2.o)
 .debug_line    0x0000000000009aec       0x68 /usr/local/lib/gcc/m68k-elf/5/libgcc.a(_ltdf2.o)
 .debug_line    0x0000000000009b54       0x68 /usr/local/lib/gcc/m68k-elf/5/libgcc.a(_ledf2.o)
 .debug_line    0x0000000000009bbc       0x66 /usr/local/lib/gcc/m68k-elf/5/libgcc.a(_lesf2.o)
 .debug_line    0x0000000000009c22       0x67 /usr/local/lib/gcc/m68k-elf/5/libgcc.a(_fixunsdfsi.o)
 .debug_line    0x0000000000009c89      0x158 /usr/local/lib/gcc/m68k-elf/5/libgcc.a(fpgnulib.o)
 .debug_line    0x0000000000009de1       0xcd /usr/local/lib/gcc/m68k-elf/5/libgcc.a(xfgnulib.o)
 .debug_line    0x0000000000009eae      0x2cb /usr/local/lib/gcc/m68k-elf/5/libgcc.a(_float.o)
 .debug_line    0x000000000000a179       0x6b /usr/local/m68k-elf/lib/libidp.a(close.o)
 .debug_line    0x000000000000a1e4      0x122 /usr/local/m68k-elf/lib/libidp.a(fstat.o)
 .debug_line    0x000000000000a306       0x6c /usr/local/m68k-elf/lib/libidp.a(isatty.o)
 .debug_line    0x000000000000a372       0xc5 /usr/local/m68k-elf/lib/libidp.a(lseek.o)
 .debug_line    0x000000000000a437       0x7e /usr/local/m68k-elf/lib/libidp.a(sbrk.o)
 .debug_line    0x000000000000a4b5       0x71 /usr/local/m68k-elf/lib/libidp.a(mc68ec.o)
 .debug_line    0x000000000000a526      0x108 /usr/local/m68k-elf/lib/libc.a(lib_a-errno.o)

.debug_str      0x0000000000000000    0x19cac
 .debug_str     0x0000000000000000       0x93 csys68k.o
 .debug_str     0x0000000000000093      0x4f2 test1.o
 .debug_str     0x0000000000000585      0x53a /usr/local/m68k-elf/lib/libc.a(lib_a-exit.o)
 .debug_str     0x0000000000000abf      0x531 /usr/local/m68k-elf/lib/libc.a(lib_a-impure.o)
 .debug_str     0x0000000000000ff0      0x558 /usr/local/m68k-elf/lib/libc.a(lib_a-printf.o)
 .debug_str     0x0000000000001548      0x55a /usr/local/m68k-elf/lib/libc.a(lib_a-scanf.o)
 .debug_str     0x0000000000001aa2      0xa76 /usr/local/m68k-elf/lib/libc.a(lib_a-vfprintf.o)
 .debug_str     0x0000000000002518      0xa58 /usr/local/m68k-elf/lib/libc.a(lib_a-vfscanf.o)
 .debug_str     0x0000000000002f70      0x550 /usr/local/m68k-elf/lib/libc.a(lib_a-wsetup.o)
 .debug_str     0x00000000000034c0      0x569 /usr/local/m68k-elf/lib/libc.a(lib_a-__call_atexit.o)
 .debug_str     0x0000000000003a29      0x96d /usr/local/m68k-elf/lib/libc.a(lib_a-dtoa.o)
 .debug_str     0x0000000000004396      0x591 /usr/local/m68k-elf/lib/libc.a(lib_a-fflush.o)
 .debug_str     0x0000000000004927      0x67b /usr/local/m68k-elf/lib/libc.a(lib_a-findfp.o)
 .debug_str     0x0000000000004fa2      0x58c /usr/local/m68k-elf/lib/libc.a(lib_a-fread.o)
 .debug_str     0x000000000000552e      0x684 /usr/local/m68k-elf/lib/libc.a(lib_a-freer.o)
 .debug_str     0x0000000000005bb2      0x542 /usr/local/m68k-elf/lib/libc.a(lib_a-fwalk.o)
 .debug_str     0x00000000000060f4      0x82f /usr/local/m68k-elf/lib/libc.a(lib_a-iswspace.o)
 .debug_str     0x0000000000006923      0x8b3 /usr/local/m68k-elf/lib/libc.a(lib_a-locale.o)
 .debug_str     0x00000000000071d6      0x883 /usr/local/m68k-elf/lib/libc.a(lib_a-localeconv.o)
 .debug_str     0x0000000000007a59      0x6c7 /usr/local/m68k-elf/lib/libc.a(lib_a-makebuf.o)
 .debug_str     0x0000000000008120      0x73a /usr/local/m68k-elf/lib/libc.a(lib_a-mallocr.o)
 .debug_str     0x000000000000885a      0x85d /usr/local/m68k-elf/lib/libc.a(lib_a-mbrtowc.o)
 .debug_str     0x00000000000090b7      0x863 /usr/local/m68k-elf/lib/libc.a(lib_a-mbtowc_r.o)
 .debug_str     0x000000000000991a      0x167 /usr/local/m68k-elf/lib/libc.a(lib_a-memchr.o)
 .debug_str     0x0000000000009a81       0x8e /usr/local/m68k-elf/lib/libc.a(lib_a-memcpy.o)
 .debug_str     0x0000000000009b0f       0x8e /usr/local/m68k-elf/lib/libc.a(lib_a-memset.o)
 .debug_str     0x0000000000009b9d      0x530 /usr/local/m68k-elf/lib/libc.a(lib_a-mlock.o)
 .debug_str     0x000000000000a0cd      0x935 /usr/local/m68k-elf/lib/libc.a(lib_a-mprec.o)
 .debug_str     0x000000000000aa02      0x598 /usr/local/m68k-elf/lib/libc.a(lib_a-refill.o)
 .debug_str     0x000000000000af9a      0x527 /usr/local/m68k-elf/lib/libc.a(lib_a-sbrkr.o)
 .debug_str     0x000000000000b4c1      0x527 /usr/local/m68k-elf/lib/libc.a(lib_a-sccl.o)
 .debug_str     0x000000000000b9e8      0x158 /usr/local/m68k-elf/lib/libc.a(lib_a-sf_nan.o)
 .debug_str     0x000000000000bb40      0x561 /usr/local/m68k-elf/lib/libc.a(lib_a-sprintf.o)
 .debug_str     0x000000000000c0a1      0x588 /usr/local/m68k-elf/lib/libc.a(lib_a-stdio.o)
 .debug_str     0x000000000000c629      0x146 /usr/local/m68k-elf/lib/libc.a(lib_a-strcmp.o)
 .debug_str     0x000000000000c76f      0x15c /usr/local/m68k-elf/lib/libc.a(lib_a-strlen.o)
 .debug_str     0x000000000000c8cb      0xaff /usr/local/m68k-elf/lib/libc.a(lib_a-strtod.o)
 .debug_str     0x000000000000d3ca      0x88d /usr/local/m68k-elf/lib/libc.a(lib_a-strtol.o)
 .debug_str     0x000000000000dc57      0x892 /usr/local/m68k-elf/lib/libc.a(lib_a-strtoul.o)
 .debug_str     0x000000000000e4e9      0xa2f /usr/local/m68k-elf/lib/libc.a(lib_a-svfprintf.o)
 .debug_str     0x000000000000ef18      0x57c /usr/local/m68k-elf/lib/libc.a(lib_a-ungetc.o)
 .debug_str     0x000000000000f494      0x9d4 /usr/local/m68k-elf/lib/libc.a(lib_a-vfiprintf.o)
 .debug_str     0x000000000000fe68      0x86a /usr/local/m68k-elf/lib/libc.a(lib_a-wctomb_r.o)
 .debug_str     0x00000000000106d2      0x522 /usr/local/m68k-elf/lib/libc.a(lib_a-writer.o)
 .debug_str     0x0000000000010bf4      0x576 /usr/local/m68k-elf/lib/libc.a(lib_a-callocr.o)
 .debug_str     0x000000000001116a      0x51b /usr/local/m68k-elf/lib/libc.a(lib_a-closer.o)
 .debug_str     0x0000000000011685      0x819 /usr/local/m68k-elf/lib/libc.a(lib_a-ctype_.o)
 .debug_str     0x0000000000011e9e      0x57e /usr/local/m68k-elf/lib/libc.a(lib_a-fclose.o)
 .debug_str     0x000000000001241c      0x58c /usr/local/m68k-elf/lib/libc.a(lib_a-fputwc.o)
 .debug_str     0x00000000000129a8      0x66f /usr/local/m68k-elf/lib/libc.a(lib_a-fstatr.o)
 .debug_str     0x0000000000013017      0x5c7 /usr/local/m68k-elf/lib/libc.a(lib_a-fvwrite.o)
 .debug_str     0x00000000000135de      0xa27 /usr/local/m68k-elf/lib/libc.a(lib_a-gdtoa-gethex.o)
 .debug_str     0x0000000000014005      0x944 /usr/local/m68k-elf/lib/libc.a(lib_a-gdtoa-hexnan.o)
 .debug_str     0x0000000000014949      0x51e /usr/local/m68k-elf/lib/libc.a(lib_a-isattyr.o)
 .debug_str     0x0000000000014e67      0x522 /usr/local/m68k-elf/lib/libc.a(lib_a-lseekr.o)
 .debug_str     0x0000000000015389      0x84d /usr/local/m68k-elf/lib/libc.a(lib_a-memmove.o)
 .debug_str     0x0000000000015bd6      0x51f /usr/local/m68k-elf/lib/libc.a(lib_a-readr.o)
 .debug_str     0x00000000000160f5      0x61e /usr/local/m68k-elf/lib/libc.a(lib_a-reallocr.o)
 .debug_str     0x0000000000016713      0x550 /usr/local/m68k-elf/lib/libc.a(lib_a-reent.o)
 .debug_str     0x0000000000016c63      0x14f /usr/local/m68k-elf/lib/libc.a(lib_a-strncmp.o)
 .debug_str     0x0000000000016db2      0x9a5 /usr/local/m68k-elf/lib/libc.a(lib_a-svfiprintf.o)
 .debug_str     0x0000000000017757      0x555 /usr/local/m68k-elf/lib/libc.a(lib_a-wbuf.o)
 .debug_str     0x0000000000017cac      0x85d /usr/local/m68k-elf/lib/libc.a(lib_a-wcrtomb.o)
 .debug_str     0x0000000000018509       0x60 /usr/local/lib/gcc/m68k-elf/5/libgcc.a(_mulsi3.o)
 .debug_str     0x0000000000018569       0x60 /usr/local/lib/gcc/m68k-elf/5/libgcc.a(_udivsi3.o)
 .debug_str     0x00000000000185c9       0x60 /usr/local/lib/gcc/m68k-elf/5/libgcc.a(_divsi3.o)
 .debug_str     0x0000000000018629       0x60 /usr/local/lib/gcc/m68k-elf/5/libgcc.a(_umodsi3.o)
 .debug_str     0x0000000000018689       0x60 /usr/local/lib/gcc/m68k-elf/5/libgcc.a(_modsi3.o)
 .debug_str     0x00000000000186e9       0x60 /usr/local/lib/gcc/m68k-elf/5/libgcc.a(_double.o)
 .debug_str     0x0000000000018749       0x60 /usr/local/lib/gcc/m68k-elf/5/libgcc.a(_floatex.o)
 .debug_str     0x00000000000187a9       0x60 /usr/local/lib/gcc/m68k-elf/5/libgcc.a(_eqdf2.o)
 .debug_str     0x0000000000018809       0x60 /usr/local/lib/gcc/m68k-elf/5/libgcc.a(_nedf2.o)
 .debug_str     0x0000000000018869       0x60 /usr/local/lib/gcc/m68k-elf/5/libgcc.a(_gtdf2.o)
 .debug_str     0x00000000000188c9       0x60 /usr/local/lib/gcc/m68k-elf/5/libgcc.a(_gedf2.o)
 .debug_str     0x0000000000018929       0x60 /usr/local/lib/gcc/m68k-elf/5/libgcc.a(_ltdf2.o)
 .debug_str     0x0000000000018989       0x60 /usr/local/lib/gcc/m68k-elf/5/libgcc.a(_ledf2.o)
 .debug_str     0x00000000000189e9       0x60 /usr/local/lib/gcc/m68k-elf/5/libgcc.a(_lesf2.o)
 .debug_str     0x0000000000018a49      0x1a3 /usr/local/lib/gcc/m68k-elf/5/libgcc.a(_fixunsdfsi.o)
 .debug_str     0x0000000000018bec      0x1af /usr/local/lib/gcc/m68k-elf/5/libgcc.a(fpgnulib.o)
 .debug_str     0x0000000000018d9b      0x1df /usr/local/lib/gcc/m68k-elf/5/libgcc.a(xfgnulib.o)
 .debug_str     0x0000000000018f7a       0x60 /usr/local/lib/gcc/m68k-elf/5/libgcc.a(_float.o)
 .debug_str     0x0000000000018fda       0x9a /usr/local/m68k-elf/lib/libidp.a(close.o)
 .debug_str     0x0000000000019074      0x28d /usr/local/m68k-elf/lib/libidp.a(fstat.o)
 .debug_str     0x0000000000019301       0x9c /usr/local/m68k-elf/lib/libidp.a(isatty.o)
 .debug_str     0x000000000001939d      0x163 /usr/local/m68k-elf/lib/libidp.a(lseek.o)
 .debug_str     0x0000000000019500      0x150 /usr/local/m68k-elf/lib/libidp.a(sbrk.o)
 .debug_str     0x0000000000019650      0x143 /usr/local/m68k-elf/lib/libidp.a(mc68ec.o)
 .debug_str     0x0000000000019793      0x519 /usr/local/m68k-elf/lib/libc.a(lib_a-errno.o)

.comment        0x0000000000000000      0x4fe
 .comment       0x0000000000000000       0x12 csys68k.o
 .comment       0x0000000000000012       0x12 test1.o
 .comment       0x0000000000000024       0x12 /usr/local/m68k-elf/lib/libc.a(lib_a-exit.o)
 .comment       0x0000000000000036       0x12 /usr/local/m68k-elf/lib/libc.a(lib_a-impure.o)