Archive member included to satisfy reference by file (symbol)

/usr/local/m68k-elf/lib/libc.a(lib_a-exit.o)
                              crt0.o (exit)
/usr/local/m68k-elf/lib/libc.a(lib_a-fdopen.o)
                              test3.o (fdopen)
/usr/local/m68k-elf/lib/libc.a(lib_a-findfp.o)
                              /usr/local/m68k-elf/lib/libc.a(lib_a-fdopen.o) (__sfp)
/usr/local/m68k-elf/lib/libc.a(lib_a-flags.o)
                              /usr/local/m68k-elf/lib/libc.a(lib_a-fdopen.o) (__sflags)
/usr/local/m68k-elf/lib/libc.a(lib_a-fprintf.o)
                              test3.o (fprintf)
/usr/local/m68k-elf/lib/libc.a(lib_a-fscanf.o)
                              test3.o (fscanf)
/usr/local/m68k-elf/lib/libc.a(lib_a-fwalk.o)
                              /usr/local/m68k-elf/lib/libc.a(lib_a-findfp.o) (_fwalk)
/usr/local/m68k-elf/lib/libc.a(lib_a-fwrite.o)
                              test3.o (fwrite)
/usr/local/m68k-elf/lib/libc.a(lib_a-impure.o)
                              /usr/local/m68k-elf/lib/libc.a(lib_a-exit.o) (_global_impure_ptr)
/usr/local/m68k-elf/lib/libc.a(lib_a-mallocr.o)
                              /usr/local/m68k-elf/lib/libc.a(lib_a-findfp.o) (_malloc_r)
/usr/local/m68k-elf/lib/libc.a(lib_a-memset.o)
                              /usr/local/m68k-elf/lib/libc.a(lib_a-findfp.o) (memset)
/usr/local/m68k-elf/lib/libc.a(lib_a-mlock.o)
                              /usr/local/m68k-elf/lib/libc.a(lib_a-mallocr.o) (__malloc_lock)
/usr/local/m68k-elf/lib/libc.a(lib_a-sbrkr.o)
                              /usr/local/m68k-elf/lib/libc.a(lib_a-mallocr.o) (_sbrk_r)
/usr/local/m68k-elf/lib/libc.a(lib_a-stdio.o)
                              /usr/local/m68k-elf/lib/libc.a(lib_a-fdopen.o) (__sread)
/usr/local/m68k-elf/lib/libc.a(lib_a-vfprintf.o)
                              /usr/local/m68k-elf/lib/libc.a(lib_a-fprintf.o) (_vfprintf_r)
/usr/local/m68k-elf/lib/libc.a(lib_a-vfscanf.o)
                              /usr/local/m68k-elf/lib/libc.a(lib_a-fscanf.o) (_vfscanf_r)
/usr/local/m68k-elf/lib/libc.a(lib_a-writer.o)
                              /usr/local/m68k-elf/lib/libc.a(lib_a-stdio.o) (_write_r)
/usr/local/m68k-elf/lib/libc.a(lib_a-wsetup.o)
                              /usr/local/m68k-elf/lib/libc.a(lib_a-vfprintf.o) (__swsetup_r)
/usr/local/m68k-elf/lib/libc.a(lib_a-__call_atexit.o)
                              /usr/local/m68k-elf/lib/libc.a(lib_a-exit.o) (__call_exitprocs)
/usr/local/m68k-elf/lib/libc.a(lib_a-closer.o)
                              /usr/local/m68k-elf/lib/libc.a(lib_a-stdio.o) (_close_r)
/usr/local/m68k-elf/lib/libc.a(lib_a-dtoa.o)
                              /usr/local/m68k-elf/lib/libc.a(lib_a-vfprintf.o) (_dtoa_r)
/usr/local/m68k-elf/lib/libc.a(lib_a-fclose.o)
                              /usr/local/m68k-elf/lib/libc.a(lib_a-findfp.o) (_fclose_r)
/usr/local/m68k-elf/lib/libc.a(lib_a-fflush.o)
                              /usr/local/m68k-elf/lib/libc.a(lib_a-fclose.o) (__sflush_r)
/usr/local/m68k-elf/lib/libc.a(lib_a-fread.o)
                              /usr/local/m68k-elf/lib/libc.a(lib_a-vfscanf.o) (_fread_r)
/usr/local/m68k-elf/lib/libc.a(lib_a-freer.o)
                              /usr/local/m68k-elf/lib/libc.a(lib_a-mallocr.o) (_free_r)
/usr/local/m68k-elf/lib/libc.a(lib_a-fvwrite.o)
                              /usr/local/m68k-elf/lib/libc.a(lib_a-fwrite.o) (__sfvwrite_r)
/usr/local/m68k-elf/lib/libc.a(lib_a-iswspace.o)
                              /usr/local/m68k-elf/lib/libc.a(lib_a-vfscanf.o) (iswspace)
/usr/local/m68k-elf/lib/libc.a(lib_a-locale.o)
                              /usr/local/m68k-elf/lib/libc.a(lib_a-vfscanf.o) (__locale_mb_cur_max)
/usr/local/m68k-elf/lib/libc.a(lib_a-localeconv.o)
                              /usr/local/m68k-elf/lib/libc.a(lib_a-vfprintf.o) (_localeconv_r)
/usr/local/m68k-elf/lib/libc.a(lib_a-lseekr.o)
                              /usr/local/m68k-elf/lib/libc.a(lib_a-stdio.o) (_lseek_r)
/usr/local/m68k-elf/lib/libc.a(lib_a-makebuf.o)
                              /usr/local/m68k-elf/lib/libc.a(lib_a-wsetup.o) (__smakebuf_r)
/usr/local/m68k-elf/lib/libc.a(lib_a-mbrtowc.o)
                              /usr/local/m68k-elf/lib/libc.a(lib_a-vfscanf.o) (_mbrtowc_r)
/usr/local/m68k-elf/lib/libc.a(lib_a-mbtowc_r.o)
                              /usr/local/m68k-elf/lib/libc.a(lib_a-locale.o) (__ascii_mbtowc)
/usr/local/m68k-elf/lib/libc.a(lib_a-memchr.o)
                              /usr/local/m68k-elf/lib/libc.a(lib_a-vfprintf.o) (memchr)
/usr/local/m68k-elf/lib/libc.a(lib_a-memcpy.o)
                              /usr/local/m68k-elf/lib/libc.a(lib_a-dtoa.o) (memcpy)
/usr/local/m68k-elf/lib/libc.a(lib_a-memmove.o)
                              /usr/local/m68k-elf/lib/libc.a(lib_a-fvwrite.o) (memmove)
/usr/local/m68k-elf/lib/libc.a(lib_a-mprec.o)
                              /usr/local/m68k-elf/lib/libc.a(lib_a-dtoa.o) (_Balloc)
/usr/local/m68k-elf/lib/libc.a(lib_a-readr.o)
[...]
Memory Configuration

Name             Origin             Length             Attributes
ram              0x0000000000000000 0x0000000000040000 xrw
rom0             0x0000000000c00000 0x0000000000080000
device           0x0000000000fff000 0x0000000000001000
*default*        0x0000000000000000 0xffffffffffffffff

Linker script and memory map

LOAD crt0.o
LOAD mon.o
LOAD csys68k.o
LOAD inchrw.o
LOAD mtk_asm.o
LOAD mtk_c.o
LOAD outchr.o
LOAD test3.o
START GROUP
LOAD /usr/local/m68k-elf/lib/libidp.a
LOAD /usr/local/m68k-elf/lib/libc.a
LOAD /usr/local/lib/gcc/m68k-elf/5/libgcc.a
END GROUP
                0x0000000000000000                __DYNAMIC = 0x0
                0x000000000003fff0                PROVIDE (__stack = 0x3fff0)
                0x0000000000000000                PROVIDE (hardware_init_hook = 0x0)
                [!provide]                        PROVIDE (_hardware_init_hook = 0x0)
                0x0000000000000000                PROVIDE (software_init_hook = 0x0)
                [!provide]                        PROVIDE (_software_init_hook = 0x0)

.vector
 *(.vector)

.text           0x0000000000000400    0x1325b
                0x0000000000000400                __text_start = .
 *(.text)
 .text          0x0000000000000400       0x90 crt0.o
                0x000000000000043c                start
 .text          0x0000000000000490      0x48e mon.o
                0x0000000000000490                monitor_begin
 *fill*         0x000000000000091e        0x2 
 .text          0x0000000000000920      0x17c csys68k.o
                0x0000000000000920                read
                0x0000000000000a0a                write
                0x0000000000000a8c                fcntl
 .text          0x0000000000000a9c       0x28 inchrw.o
                0x0000000000000a9c                inbyte
 .text          0x0000000000000ac4      0x146 mtk_asm.o
                0x0000000000000ac4                swtch
                0x0000000000000b0c                pv_handler
                0x0000000000000b4c                P
                0x0000000000000b5e                V
                0x0000000000000b70                hard_clock
                0x0000000000000bc2                init_timer
                0x0000000000000bde                first_task
 *fill*         0x0000000000000c0a        0x2 
 .text          0x0000000000000c0c      0x43c mtk_c.o
                0x0000000000000c0c                init_kernel
                0x0000000000000c66                set_task
                0x0000000000000d96                init_stack
                0x0000000000000ddc                begin_sch
                0x0000000000000e0e                removeq
                0x0000000000000e2c                sched
                0x0000000000000e58                addq
                0x0000000000000e94                sleep
                0x0000000000000f24                wakeup
                0x0000000000000f96                p_body
                0x0000000000000fbc                v_body
 .text          0x0000000000001048       0x2a outchr.o
                0x0000000000001048                outbyte
 *fill*         0x0000000000001072        0x2 
 .text          0x0000000000001074       0x58 test3.o
                0x0000000000001074                init_file
 .text          0x00000000000010cc       0x34 /usr/local/m68k-elf/lib/libc.a(lib_a-exit.o)
                0x00000000000010cc                exit
 .text          0x0000000000001100       0x96 /usr/local/m68k-elf/lib/libc.a(lib_a-fdopen.o)
                0x0000000000001100                _fdopen_r
                0x000000000000117c                fdopen
 *fill*         0x0000000000001196        0x2 
 .text          0x0000000000001198      0x338 /usr/local/m68k-elf/lib/libc.a(lib_a-findfp.o)
                0x00000000000011a2                _cleanup_r
                0x0000000000001312                __sfmoreglue
                0x0000000000001376                __sfp
                0x0000000000001448                _cleanup
                0x0000000000001464                __sinit
                0x000000000000147c                __sfp_lock_acquire
                0x0000000000001484                __sfp_lock_release
                0x000000000000148c                __sinit_lock_acquire
                0x0000000000001494                __sinit_lock_release
                0x000000000000149c                __fp_lock_all
                0x00000000000014b6                __fp_unlock_all
 .text          0x00000000000014d0       0x92 /usr/local/m68k-elf/lib/libc.a(lib_a-flags.o)
                0x00000000000014d0                __sflags
 *fill*         0x0000000000001562        0x2 
 .text          0x0000000000001564       0x3e /usr/local/m68k-elf/lib/libc.a(lib_a-fprintf.o)
                0x0000000000001564                _fprintf_r
                0x0000000000001582                fprintf
 *fill*         0x00000000000015a2        0x2 
 .text          0x00000000000015a4       0x3e /usr/local/m68k-elf/lib/libc.a(lib_a-fscanf.o)
                0x00000000000015a4                fscanf
                0x00000000000015c4                _fscanf_r
 *fill*         0x00000000000015e2        0x2 
 .text          0x00000000000015e4       0xc8 /usr/local/m68k-elf/lib/libc.a(lib_a-fwalk.o)
                0x00000000000015e4                _fwalk
                0x0000000000001646                _fwalk_reent
 .text          0x00000000000016ac       0xd6 /usr/local/m68k-elf/lib/libc.a(lib_a-fwrite.o)
                0x00000000000016ac                _fwrite_r
                0x0000000000001760                fwrite
 *fill*         0x0000000000001782        0x2 
 .text          0x0000000000001784        0x0 /usr/local/m68k-elf/lib/libc.a(lib_a-impure.o)
 .text          0x0000000000001784      0x80a /usr/local/m68k-elf/lib/libc.a(lib_a-mallocr.o)
                0x0000000000001784                _malloc_r
 *fill*         0x0000000000001f8e        0x2 
 .text          0x0000000000001f90       0x72 /usr/local/m68k-elf/lib/libc.a(lib_a-memset.o)
                0x0000000000001f90                memset
 *fill*         0x0000000000002002        0x2 
 .text          0x0000000000002004       0x10 /usr/local/m68k-elf/lib/libc.a(lib_a-mlock.o)
                0x0000000000002004                __malloc_lock
                0x000000000000200c                __malloc_unlock
 .text          0x0000000000002014       0x32 /usr/local/m68k-elf/lib/libc.a(lib_a-sbrkr.o)
                0x0000000000002014                _sbrk_r
 *fill*         0x0000000000002046        0x2 
 .text          0x0000000000002048      0x144 /usr/local/m68k-elf/lib/libc.a(lib_a-stdio.o)
                0x0000000000002048                __sread
                0x000000000000208c                __seofread
                0x0000000000002096                __swrite
                0x0000000000002128                __sseek
                0x0000000000002174                __sclose
 .text          0x000000000000218c     0x1e20 /usr/local/m68k-elf/lib/libc.a(lib_a-vfprintf.o)
                0x000000000000218c                _vfprintf_r
                0x0000000000003ef0                vfprintf
 .text          0x0000000000003fac     0x1606 /usr/local/m68k-elf/lib/libc.a(lib_a-vfscanf.o)
                0x0000000000003fac                __svfscanf_r
                0x00000000000054d8                vfscanf
                0x000000000000552e                __svfscanf
                0x000000000000554c                _vfscanf_r
 *fill*         0x00000000000055b2        0x2 
 .text          0x00000000000055b4       0x3c /usr/local/m68k-elf/lib/libc.a(lib_a-writer.o)
                0x00000000000055b4                _write_r
 .text          0x00000000000055f0      0x14e /usr/local/m68k-elf/lib/libc.a(lib_a-wsetup.o)
                0x00000000000055f0                __swsetup_r
 *fill*         0x000000000000573e        0x2 
 .text          0x0000000000005740      0x118 /usr/local/m68k-elf/lib/libc.a(lib_a-__call_atexit.o)
                0x0000000000005740                __call_exitprocs
 .text          0x0000000000005858       0x32 /usr/local/m68k-elf/lib/libc.a(lib_a-closer.o)
                0x0000000000005858                _close_r
 *fill*         0x000000000000588a        0x2 
 .text          0x000000000000588c     0x1876 /usr/local/m68k-elf/lib/libc.a(lib_a-dtoa.o)
                0x0000000000005a48                _dtoa_r
 *fill*         0x0000000000007102        0x2 
 .text          0x0000000000007104       0xf8 /usr/local/m68k-elf/lib/libc.a(lib_a-fclose.o)
                0x0000000000007104                _fclose_r
                0x00000000000071e6                fclose
 .text          0x00000000000071fc      0x238 /usr/local/m68k-elf/lib/libc.a(lib_a-fflush.o)
                0x00000000000071fc                __sflush_r
                0x00000000000073ac                _fflush_r
                0x0000000000007402                fflush
 .text          0x0000000000007434      0x1f8 /usr/local/m68k-elf/lib/libc.a(lib_a-fread.o)
                0x0000000000007434                _fread_r
                0x000000000000760a                fread
 .text          0x000000000000762c      0x456 /usr/local/m68k-elf/lib/libc.a(lib_a-freer.o)
                0x000000000000762c                _malloc_trim_r
                0x0000000000007716                _free_r
 *fill*         0x0000000000007a82        0x2 
 .text          0x0000000000007a84      0x40e /usr/local/m68k-elf/lib/libc.a(lib_a-fvwrite.o)
                0x0000000000007a84                __sfvwrite_r
 *fill*         0x0000000000007e92        0x2 
 .text          0x0000000000007e94       0x36 /usr/local/m68k-elf/lib/libc.a(lib_a-iswspace.o)
                0x0000000000007e94                iswspace
 *fill*         0x0000000000007eca        0x2 
 .text          0x0000000000007ecc       0xea /usr/local/m68k-elf/lib/libc.a(lib_a-locale.o)
                0x0000000000007ecc                _setlocale_r
                0x0000000000007f30                __locale_mb_cur_max
                0x0000000000007f62                __locale_ctype_ptr_l
                0x0000000000007f72                __locale_ctype_ptr
                0x0000000000007f9c                setlocale
 *fill*         0x0000000000007fb6        0x2 
 .text          0x0000000000007fb8       0x66 /usr/local/m68k-elf/lib/libc.a(lib_a-localeconv.o)
                0x0000000000007fb8                __localeconv_l
                0x0000000000007fca                _localeconv_r
                0x0000000000007ff4                localeconv
 *fill*         0x000000000000801e        0x2 
 .text          0x0000000000008020       0x3c /usr/local/m68k-elf/lib/libc.a(lib_a-lseekr.o)
                0x0000000000008020                _lseek_r
 .text          0x000000000000805c      0x17e /usr/local/m68k-elf/lib/libc.a(lib_a-makebuf.o)
                0x000000000000805c                __swhatbuf_r
                0x00000000000080ee                __smakebuf_r
 *fill*         0x00000000000081da        0x2 
 .text          0x00000000000081dc      0x19c /usr/local/m68k-elf/lib/libc.a(lib_a-mbrtowc.o)
                0x00000000000081dc                _mbrtowc_r
                0x00000000000082ac                mbrtowc
 .text          0x0000000000008378       0xba /usr/local/m68k-elf/lib/libc.a(lib_a-mbtowc_r.o)
                0x0000000000008378                _mbtowc_r
                0x00000000000083ea                __ascii_mbtowc
 *fill*         0x0000000000008432        0x2 
 .text          0x0000000000008434       0xbc /usr/local/m68k-elf/lib/libc.a(lib_a-memchr.o)
                0x0000000000008434                memchr
 .text          0x00000000000084f0       0x6e /usr/local/m68k-elf/lib/libc.a(lib_a-memcpy.o)
                0x00000000000084f0                memcpy
 *fill*         0x000000000000855e        0x2 
 .text          0x0000000000008560       0xec /usr/local/m68k-elf/lib/libc.a(lib_a-memmove.o)
                0x0000000000008560                memmove
 .text          0x000000000000864c      0xe72 /usr/local/m68k-elf/lib/libc.a(lib_a-mprec.o)
                0x000000000000864c                _Balloc
                0x00000000000086ec                _Bfree
                0x0000000000008716                __multadd
                0x00000000000087fa                __s2b
                0x00000000000088ba                __hi0bits
                0x000000000000891c                __lo0bits
                0x00000000000089a0                __i2b
                0x00000000000089c2                __multiply
                0x0000000000008c3c                __pow5mult
                0x0000000000008d1e                __lshift
                0x0000000000008de0                __mcmp
                0x0000000000008e30                __mdiff
                0x0000000000009048                __ulp
                0x00000000000090aa                __b2d
                0x00000000000091c8                __d2b
                0x00000000000092e0                __ratio
                0x0000000000009378                _mprec_log10
                0x00000000000093e2                __copybits
                0x000000000000943e                __any_on
 *fill*         0x00000000000094be        0x2 
 .text          0x00000000000094c0       0x3c /usr/local/m68k-elf/lib/libc.a(lib_a-readr.o)
                0x00000000000094c0                _read_r
 .text          0x00000000000094fc      0x622 /usr/local/m68k-elf/lib/libc.a(lib_a-reallocr.o)
                0x00000000000094fc                _realloc_r
 *fill*         0x0000000000009b1e        0x2 
 .text          0x0000000000009b20      0x112 /usr/local/m68k-elf/lib/libc.a(lib_a-reent.o)
                0x0000000000009b20                cleanup_glue
                0x0000000000009b56                _reclaim_reent
 *fill*         0x0000000000009c32        0x2 
 .text          0x0000000000009c34      0x200 /usr/local/m68k-elf/lib/libc.a(lib_a-refill.o)
                0x0000000000009c58                __srefill_r
 .text          0x0000000000009e34       0xc6 /usr/local/m68k-elf/lib/libc.a(lib_a-sccl.o)
                0x0000000000009e34                __sccl
 *fill*         0x0000000000009efa        0x2 
 .text          0x0000000000009efc        0xe /usr/local/m68k-elf/lib/libc.a(lib_a-sf_nan.o)
                0x0000000000009efc                nanf
 *fill*         0x0000000000009f0a        0x2 
 .text          0x0000000000009f0c       0x9a /usr/local/m68k-elf/lib/libc.a(lib_a-sprintf.o)
                0x0000000000009f0c                _sprintf_r
                0x0000000000009f58                sprintf
 *fill*         0x0000000000009fa6        0x2 
 .text          0x0000000000009fa8       0x6c /usr/local/m68k-elf/lib/libc.a(lib_a-strcmp.o)
                0x0000000000009fa8                strcmp
 .text          0x000000000000a014       0x1a /usr/local/m68k-elf/lib/libc.a(lib_a-strlen.o)
                0x000000000000a014                strlen
 *fill*         0x000000000000a02e        0x2 
 .text          0x000000000000a030     0x1870 /usr/local/m68k-elf/lib/libc.a(lib_a-strtod.o)
                0x000000000000a030                _strtod_l
                0x000000000000b630                _strtod_r
                0x000000000000b672                strtod_l
                0x000000000000b690                strtod
                0x000000000000b6ce                strtof_l
                0x000000000000b7ac                strtof
 .text          0x000000000000b8a0      0x374 /usr/local/m68k-elf/lib/libc.a(lib_a-strtol.o)
                0x000000000000bb62                _strtol_r
                0x000000000000bbac                strtol_l
                0x000000000000bbce                strtol
 .text          0x000000000000bc14      0x2f2 /usr/local/m68k-elf/lib/libc.a(lib_a-strtoul.o)
                0x000000000000be54                _strtoul_r
                0x000000000000be9e                strtoul_l
                0x000000000000bec0                strtoul
 *fill*         0x000000000000bf06        0x2 
 .text          0x000000000000bf08     0x1dc0 /usr/local/m68k-elf/lib/libc.a(lib_a-svfprintf.o)
                0x000000000000bf08                _svfprintf_r
 .text          0x000000000000dcc8      0x224 /usr/local/m68k-elf/lib/libc.a(lib_a-ungetc.o)
                0x000000000000dcc8                __submore
                0x000000000000dd7a                _ungetc_r
                0x000000000000ded2                ungetc
 .text          0x000000000000deec     0x1122 /usr/local/m68k-elf/lib/libc.a(lib_a-vfiprintf.o)
                0x000000000000df9c                __sprint_r
                0x000000000000dfba                _vfiprintf_r
                0x000000000000ef52                vfiprintf
 *fill*         0x000000000000f00e        0x2 
 .text          0x000000000000f010       0x98 /usr/local/m68k-elf/lib/libc.a(lib_a-wctomb_r.o)
                0x000000000000f010                _wctomb_r
                0x000000000000f070                __ascii_wctomb
 .text          0x000000000000f0a8       0xd2 /usr/local/m68k-elf/lib/libc.a(lib_a-callocr.o)
                0x000000000000f0a8                _calloc_r
 *fill*         0x000000000000f17a        0x2 
 .text          0x000000000000f17c        0x0 /usr/local/m68k-elf/lib/libc.a(lib_a-ctype_.o)
 .text          0x000000000000f17c      0x18c /usr/local/m68k-elf/lib/libc.a(lib_a-fputwc.o)
                0x000000000000f17c                __fputwc
                0x000000000000f268                _fputwc_r
                0x000000000000f2a8                fputwc
 .text          0x000000000000f308       0x36 /usr/local/m68k-elf/lib/libc.a(lib_a-fstatr.o)
                0x000000000000f308                _fstat_r
 *fill*         0x000000000000f33e        0x2 
 .text          0x000000000000f340      0x892 /usr/local/m68k-elf/lib/libc.a(lib_a-gdtoa-gethex.o)
                0x000000000000f3fe                __gethex
 *fill*         0x000000000000fbd2        0x2 
 .text          0x000000000000fbd4      0x220 /usr/local/m68k-elf/lib/libc.a(lib_a-gdtoa-hexnan.o)
                0x000000000000fbd4                __match
                0x000000000000fc24                __hexnan
 .text          0x000000000000fdf4       0x32 /usr/local/m68k-elf/lib/libc.a(lib_a-isattyr.o)
                0x000000000000fdf4                _isatty_r
 *fill*         0x000000000000fe26        0x2 
 .text          0x000000000000fe28       0x9e /usr/local/m68k-elf/lib/libc.a(lib_a-strncmp.o)
                0x000000000000fe28                strncmp
 *fill*         0x000000000000fec6        0x2 
 .text          0x000000000000fec8      0xf4e /usr/local/m68k-elf/lib/libc.a(lib_a-svfiprintf.o)
                0x000000000000fec8                __ssprint_r
                0x0000000000010076                _svfiprintf_r
 *fill*         0x0000000000010e16        0x2 
 .text          0x0000000000010e18      0x14c /usr/local/m68k-elf/lib/libc.a(lib_a-wbuf.o)
                0x0000000000010e18                __swbuf_r
                0x0000000000010f4a                __swbuf
 .text          0x0000000000010f64      0x174 /usr/local/m68k-elf/lib/libc.a(lib_a-wcrtomb.o)
                0x0000000000010f64                _wcrtomb_r
                0x0000000000011020                wcrtomb
 .text          0x00000000000110d8       0x22 /usr/local/lib/gcc/m68k-elf/5/libgcc.a(_mulsi3.o)
                0x00000000000110d8                __mulsi3
 *fill*         0x00000000000110fa        0x2 
 .text          0x00000000000110fc       0x5c /usr/local/lib/gcc/m68k-elf/5/libgcc.a(_udivsi3.o)
                0x00000000000110fc                __udivsi3
 .text          0x0000000000011158       0x2e /usr/local/lib/gcc/m68k-elf/5/libgcc.a(_divsi3.o)
                0x0000000000011158                __divsi3
 *fill*         0x0000000000011186        0x2 
 .text          0x0000000000011188       0x2e /usr/local/lib/gcc/m68k-elf/5/libgcc.a(_umodsi3.o)
                0x0000000000011188                __umodsi3
 *fill*         0x00000000000111b6        0x2 
 .text          0x00000000000111b8       0x2e /usr/local/lib/gcc/m68k-elf/5/libgcc.a(_modsi3.o)
                0x00000000000111b8                __modsi3
 *fill*         0x00000000000111e6        0x2 
 .text          0x00000000000111e8      0x9cc /usr/local/lib/gcc/m68k-elf/5/libgcc.a(_double.o)
                0x0000000000011242                __subdf3
                0x0000000000011248                __adddf3
                0x00000000000115de                __muldf3
                0x000000000001178c                __divdf3
                0x0000000000011a00                __negdf2
                0x0000000000011a5e                __cmpdf2_internal
                0x0000000000011b2e                __cmpdf2
 .text          0x0000000000011bb4       0x6a /usr/local/lib/gcc/m68k-elf/5/libgcc.a(_floatex.o)
                0x0000000000011bb4                __clear_sticky_bit
                0x0000000000011bc2                $_exception_handler
 *fill*         0x0000000000011c1e        0x2 
 .text          0x0000000000011c20       0x22 /usr/local/lib/gcc/m68k-elf/5/libgcc.a(_eqdf2.o)
                0x0000000000011c20                __eqdf2
 *fill*         0x0000000000011c42        0x2 
 .text          0x0000000000011c44       0x22 /usr/local/lib/gcc/m68k-elf/5/libgcc.a(_nedf2.o)
                0x0000000000011c44                __nedf2
 *fill*         0x0000000000011c66        0x2 
 .text          0x0000000000011c68       0x22 /usr/local/lib/gcc/m68k-elf/5/libgcc.a(_gtdf2.o)
                0x0000000000011c68                __gtdf2
 *fill*         0x0000000000011c8a        0x2 
 .text          0x0000000000011c8c       0x22 /usr/local/lib/gcc/m68k-elf/5/libgcc.a(_gedf2.o)
                0x0000000000011c8c                __gedf2
 *fill*         0x0000000000011cae        0x2 
 .text          0x0000000000011cb0       0x22 /usr/local/lib/gcc/m68k-elf/5/libgcc.a(_ltdf2.o)
                0x0000000000011cb0                __ltdf2
 *fill*         0x0000000000011cd2        0x2 
 .text          0x0000000000011cd4       0x22 /usr/local/lib/gcc/m68k-elf/5/libgcc.a(_ledf2.o)
                0x0000000000011cd4                __ledf2
 *fill*         0x0000000000011cf6        0x2 
 .text          0x0000000000011cf8       0x1a /usr/local/lib/gcc/m68k-elf/5/libgcc.a(_lesf2.o)
                0x0000000000011cf8                __lesf2
 *fill*         0x0000000000011d12        0x2 
 .text          0x0000000000011d14       0x76 /usr/local/lib/gcc/m68k-elf/5/libgcc.a(_fixunsdfsi.o)
                0x0000000000011d14                __fixunsdfsi
 *fill*         0x0000000000011d8a        0x2 
 .text          0x0000000000011d8c      0x4aa /usr/local/lib/gcc/m68k-elf/5/libgcc.a(fpgnulib.o)
                0x0000000000011d8c                __unordsf2
                0x0000000000011dec                __unorddf2
                0x0000000000011e5e                __floatunsidf
                0x0000000000011eca                __floatsidf
                0x0000000000011f94                __floatunsisf
                0x0000000000011fae                __floatsisf
                0x0000000000011fc8                __extendsfdf2
                0x0000000000012044                __truncdfsf2
                0x000000000001218e                __fixdfsi
                0x000000000001221c                __fixsfsi
 *fill*         0x0000000000012236        0x2 
 .text          0x0000000000012238      0x800 /usr/local/lib/gcc/m68k-elf/5/libgcc.a(xfgnulib.o)
                0x0000000000012238                __unordxf2
                0x00000000000122bc                __extenddfxf2
                0x00000000000123d6                __truncxfdf2
                0x000000000001249c                __extendsfxf2
                0x00000000000124e0                __truncxfsf2
                0x0000000000012508                __floatsixf
                0x000000000001254e                __floatunsixf
                0x0000000000012594                __fixxfsi
                0x00000000000125bc                __addxf3
                0x0000000000012632                __subxf3
                0x00000000000126a8                __mulxf3
                0x000000000001271e                __divxf3
                0x0000000000012794                __negxf2
                0x00000000000127ec                __cmpxf2
                0x0000000000012840                __eqxf2
                0x0000000000012894                __nexf2
                0x00000000000128e8                __ltxf2
                0x000000000001293c                __lexf2
                0x0000000000012990                __gtxf2
                0x00000000000129e4                __gexf2
 .text          0x0000000000012a38      0x72c /usr/local/lib/gcc/m68k-elf/5/libgcc.a(_float.o)
                0x0000000000012a80                __subsf3
                0x0000000000012a86                __addsf3
                0x0000000000012d16                __mulsf3
                0x0000000000012e42                __divsf3
                0x0000000000013008                __negsf2
                0x000000000001305a                __cmpsf2_internal
                0x00000000000130f6                __cmpsf2
 .text          0x0000000000013164        0xa /usr/local/m68k-elf/lib/libidp.a(close.o)
                0x0000000000013164                close
 *fill*         0x000000000001316e        0x2 
 .text          0x0000000000013170       0x1a /usr/local/m68k-elf/lib/libidp.a(fstat.o)
                0x0000000000013170                fstat
 *fill*         0x000000000001318a        0x2 
 .text          0x000000000001318c        0xa /usr/local/m68k-elf/lib/libidp.a(isatty.o)
                0x000000000001318c                isatty
 *fill*         0x0000000000013196        0x2 
 .text          0x0000000000013198       0x16 /usr/local/m68k-elf/lib/libidp.a(lseek.o)
                0x0000000000013198                lseek
 *fill*         0x00000000000131ae        0x2 
 .text          0x00000000000131b0       0x32 /usr/local/m68k-elf/lib/libidp.a(sbrk.o)
                0x00000000000131b0                sbrk
 *fill*         0x00000000000131e2        0x2 
 .text          0x00000000000131e4       0x2a /usr/local/m68k-elf/lib/libidp.a(mc68ec.o)
                0x00000000000131e4                _exit
                0x00000000000131ee                delay
 *fill*         0x000000000001320e        0x2 
 .text          0x0000000000013210        0xe /usr/local/m68k-elf/lib/libc.a(lib_a-errno.o)
                0x0000000000013210                __errno
                0x0000000000013220                . = ALIGN (0x4)
 *fill*         0x000000000001321e        0x2 
                0x0000000000013220                __CTOR_LIST__ = .
                0x0000000000013220                ___CTOR_LIST__ = .
                0x0000000000013220        0x4 LONG 0x0 (((__CTOR_END__ - __CTOR_LIST__) / 0x4) - 0x2)
 *(.ctors)
                0x0000000000013224        0x4 LONG 0x0
                0x0000000000013228                __CTOR_END__ = .
                0x0000000000013228                __DTOR_LIST__ = .
                0x0000000000013228                ___DTOR_LIST__ = .
                0x0000000000013228        0x4 LONG 0x0 (((__DTOR_END__ - __DTOR_LIST__) / 0x4) - 0x2)
 *(.dtors)
                0x000000000001322c        0x4 LONG 0x0
                0x0000000000013230                __DTOR_END__ = .
 *(.rodata)
 .rodata        0x0000000000013230        0x4 /usr/local/m68k-elf/lib/libc.a(lib_a-impure.o)
                0x0000000000013230                _global_impure_ptr
 .rodata        0x0000000000013234       0x20 /usr/local/m68k-elf/lib/libc.a(lib_a-vfprintf.o)
 .rodata        0x0000000000013254       0x22 /usr/local/m68k-elf/lib/libc.a(lib_a-vfscanf.o)
 .rodata        0x0000000000013276      0x124 /usr/local/m68k-elf/lib/libc.a(lib_a-mprec.o)
                0x0000000000013282                __mprec_tinytens
                0x00000000000132aa                __mprec_bigtens
                0x00000000000132d2                __mprec_tens
 .rodata        0x000000000001339a       0x50 /usr/local/m68k-elf/lib/libc.a(lib_a-strtod.o)
 .rodata        0x00000000000133ea       0x20 /usr/local/m68k-elf/lib/libc.a(lib_a-svfprintf.o)
 .rodata        0x000000000001340a       0x20 /usr/local/m68k-elf/lib/libc.a(lib_a-vfiprintf.o)
 .rodata        0x000000000001342a      0x101 /usr/local/m68k-elf/lib/libc.a(lib_a-ctype_.o)
                0x000000000001342a                _ctype_
 .rodata        0x000000000001352b      0x100 /usr/local/m68k-elf/lib/libc.a(lib_a-gdtoa-gethex.o)
                0x000000000001352b                __hexdig
 .rodata        0x000000000001362b       0x20 /usr/local/m68k-elf/lib/libc.a(lib_a-svfiprintf.o)
 *(.gcc_except_table)
                0x000000000001364b                __INIT_SECTION__ = .
                0x000000000001364b        0x4 LONG 0x4e560000
 *(.init)
                0x000000000001364f        0x2 SHORT 0x4e5e
                0x0000000000013651        0x2 SHORT 0x4e75
                0x0000000000013653                __FINI_SECTION__ = .
                0x0000000000013653        0x4 LONG 0x4e560000
 *(.fini)
                0x0000000000013657        0x2 SHORT 0x4e5e
                0x0000000000013659        0x2 SHORT 0x4e75
                0x000000000001365b                _etext = .
 *(.lit)

.text.startup   0x000000000001365c       0xa0
 .text.startup  0x000000000001365c       0xa0 test3.o
                0x000000000001365c                main

.text.unlikely  0x00000000000136fc       0x6c
 .text.unlikely
                0x00000000000136fc       0x6c /usr/local/m68k-elf/lib/libc.a(lib_a-strtod.o)

.rodata.str1.1  0x0000000000013768      0x110
 .rodata.str1.1
                0x0000000000013768       0x1c test3.o
 .rodata.str1.1
                0x0000000000013784       0x3b /usr/local/m68k-elf/lib/libc.a(lib_a-vfprintf.o)
 .rodata.str1.1
                0x00000000000137bf        0x5 /usr/local/m68k-elf/lib/libc.a(lib_a-vfscanf.o)
 .rodata.str1.1
                0x00000000000137c4        0xf /usr/local/m68k-elf/lib/libc.a(lib_a-dtoa.o)
 .rodata.str1.1
                0x00000000000137d3        0xb /usr/local/m68k-elf/lib/libc.a(lib_a-locale.o)
 .rodata.str1.1
                0x00000000000137de        0x1 /usr/local/m68k-elf/lib/libc.a(lib_a-mbrtowc.o)
 .rodata.str1.1
                0x00000000000137df        0xc /usr/local/m68k-elf/lib/libc.a(lib_a-strtod.o)
 .rodata.str1.1
                0x00000000000137eb       0x3b /usr/local/m68k-elf/lib/libc.a(lib_a-svfprintf.o)
 .rodata.str1.1
                0x0000000000013826       0x29 /usr/local/m68k-elf/lib/libc.a(lib_a-vfiprintf.o)
 .rodata.str1.1
                0x000000000001384f       0x29 /usr/local/m68k-elf/lib/libc.a(lib_a-svfiprintf.o)

.data           0x0000000000013878      0xe1c
 *(.shdata)
 *(.data)
 .data          0x0000000000013878        0x4 crt0.o
 .data          0x000000000001387c      0x45a mon.o
 *fill*         0x0000000000013cd6        0x2 
 .data          0x0000000000013cd8        0x0 csys68k.o
 .data          0x0000000000013cd8        0x0 inchrw.o
 .data          0x0000000000013cd8        0x0 mtk_asm.o
 .data          0x0000000000013cd8        0x0 mtk_c.o
 .data          0x0000000000013cd8        0x0 outchr.o
 .data          0x0000000000013cd8        0x0 test3.o
 .data          0x0000000000013cd8        0x0 /usr/local/m68k-elf/lib/libc.a(lib_a-exit.o)
 .data          0x0000000000013cd8        0x0 /usr/local/m68k-elf/lib/libc.a(lib_a-fdopen.o)
 .data          0x0000000000013cd8        0x0 /usr/local/m68k-elf/lib/libc.a(lib_a-findfp.o)
 .data          0x0000000000013cd8        0x0 /usr/local/m68k-elf/lib/libc.a(lib_a-flags.o)
 .data          0x0000000000013cd8        0x0 /usr/local/m68k-elf/lib/libc.a(lib_a-fprintf.o)
 .data          0x0000000000013cd8        0x0 /usr/local/m68k-elf/lib/libc.a(lib_a-fscanf.o)
 .data          0x0000000000013cd8        0x0 /usr/local/m68k-elf/lib/libc.a(lib_a-fwalk.o)
 .data          0x0000000000013cd8        0x0 /usr/local/m68k-elf/lib/libc.a(lib_a-fwrite.o)
 .data          0x0000000000013cd8      0x426 /usr/local/m68k-elf/lib/libc.a(lib_a-impure.o)
                0x0000000000013cd8                _impure_ptr
 *fill*         0x00000000000140fe        0x2 
 .data          0x0000000000014100      0x410 /usr/local/m68k-elf/lib/libc.a(lib_a-mallocr.o)
                0x0000000000014100                __malloc_sbrk_base
                0x0000000000014104                __malloc_trim_threshold
                0x0000000000014108                __malloc_av_
 .data          0x0000000000014510        0x0 /usr/local/m68k-elf/lib/libc.a(lib_a-memset.o)
 .data          0x0000000000014510        0x0 /usr/local/m68k-elf/lib/libc.a(lib_a-mlock.o)
 .data          0x0000000000014510        0x0 /usr/local/m68k-elf/lib/libc.a(lib_a-sbrkr.o)
 .data          0x0000000000014510        0x0 /usr/local/m68k-elf/lib/libc.a(lib_a-stdio.o)
 .data          0x0000000000014510        0x0 /usr/local/m68k-elf/lib/libc.a(lib_a-vfprintf.o)
 .data          0x0000000000014510        0x0 /usr/local/m68k-elf/lib/libc.a(lib_a-vfscanf.o)
 .data          0x0000000000014510        0x0 /usr/local/m68k-elf/lib/libc.a(lib_a-writer.o)
 .data          0x0000000000014510        0x0 /usr/local/m68k-elf/lib/libc.a(lib_a-wsetup.o)
 .data          0x0000000000014510        0x0 /usr/local/m68k-elf/lib/libc.a(lib_a-__call_atexit.o)
 .data          0x0000000000014510        0x0 /usr/local/m68k-elf/lib/libc.a(lib_a-closer.o)
 .data          0x0000000000014510        0x0 /usr/local/m68k-elf/lib/libc.a(lib_a-dtoa.o)
 .data          0x0000000000014510        0x0 /usr/local/m68k-elf/lib/libc.a(lib_a-fclose.o)
 .data          0x0000000000014510        0x0 /usr/local/m68k-elf/lib/libc.a(lib_a-fflush.o)
 .data          0x0000000000014510        0x0 /usr/local/m68k-elf/lib/libc.a(lib_a-fread.o)
 .data          0x0000000000014510        0x0 /usr/local/m68k-elf/lib/libc.a(lib_a-freer.o)
 .data          0x0000000000014510        0x0 /usr/local/m68k-elf/lib/libc.a(lib_a-fvwrite.o)
 .data          0x0000000000014510        0x0 /usr/local/m68k-elf/lib/libc.a(lib_a-iswspace.o)
 .data          0x0000000000014510      0x168 /usr/local/m68k-elf/lib/libc.a(lib_a-locale.o)
                0x0000000000014510                __global_locale
 .data          0x0000000000014678        0x0 /usr/local/m68k-elf/lib/libc.a(lib_a-localeconv.o)
 .data          0x0000000000014678        0x0 /usr/local/m68k-elf/lib/libc.a(lib_a-lseekr.o)
 .data          0x0000000000014678        0x0 /usr/local/m68k-elf/lib/libc.a(lib_a-makebuf.o)
 .data          0x0000000000014678        0x0 /usr/local/m68k-elf/lib/libc.a(lib_a-mbrtowc.o)
 .data          0x0000000000014678        0x0 /usr/local/m68k-elf/lib/libc.a(lib_a-mbtowc_r.o)
 .data          0x0000000000014678        0x0 /usr/local/m68k-elf/lib/libc.a(lib_a-memchr.o)
 .data          0x0000000000014678        0x0 /usr/local/m68k-elf/lib/libc.a(lib_a-memcpy.o)
 .data          0x0000000000014678        0x0 /usr/local/m68k-elf/lib/libc.a(lib_a-memmove.o)
 .data          0x0000000000014678        0x0 /usr/local/m68k-elf/lib/libc.a(lib_a-mprec.o)
 .data          0x0000000000014678        0x0 /usr/local/m68k-elf/lib/libc.a(lib_a-readr.o)
 .data          0x0000000000014678        0x0 /usr/local/m68k-elf/lib/libc.a(lib_a-reallocr.o)
 .data          0x0000000000014678        0x0 /usr/local/m68k-elf/lib/libc.a(lib_a-reent.o)
 .data          0x0000000000014678        0x0 /usr/local/m68k-elf/lib/libc.a(lib_a-refill.o)
 .data          0x0000000000014678        0x0 /usr/local/m68k-elf/lib/libc.a(lib_a-sccl.o)
 .data          0x0000000000014678        0x0 /usr/local/m68k-elf/lib/libc.a(lib_a-sf_nan.o)
 .data          0x0000000000014678        0x0 /usr/local/m68k-elf/lib/libc.a(lib_a-sprintf.o)
 .data          0x0000000000014678        0x0 /usr/local/m68k-elf/lib/libc.a(lib_a-strcmp.o)
 .data          0x0000000000014678        0x0 /usr/local/m68k-elf/lib/libc.a(lib_a-strlen.o)
 .data          0x0000000000014678        0x0 /usr/local/m68k-elf/lib/libc.a(lib_a-strtod.o)
 .data          0x0000000000014678        0x0 /usr/local/m68k-elf/lib/libc.a(lib_a-strtol.o)
 .data          0x0000000000014678        0x0 /usr/local/m68k-elf/lib/libc.a(lib_a-strtoul.o)
 .data          0x0000000000014678        0x0 /usr/local/m68k-elf/lib/libc.a(lib_a-svfprintf.o)
 .data          0x0000000000014678        0x0 /usr/local/m68k-elf/lib/libc.a(lib_a-ungetc.o)
 .data          0x0000000000014678        0x0 /usr/local/m68k-elf/lib/libc.a(lib_a-vfiprintf.o)
 .data          0x0000000000014678        0x0 /usr/local/m68k-elf/lib/libc.a(lib_a-wctomb_r.o)
 .data          0x0000000000014678        0x0 /usr/local/m68k-elf/lib/libc.a(lib_a-callocr.o)
 .data          0x0000000000014678        0x0 /usr/local/m68k-elf/lib/libc.a(lib_a-ctype_.o)
 .data          0x0000000000014678        0x0 /usr/local/m68k-elf/lib/libc.a(lib_a-fputwc.o)
 .data          0x0000000000014678        0x0 /usr/local/m68k-elf/lib/libc.a(lib_a-fstatr.o)
 .data          0x0000000000014678        0x0 /usr/local/m68k-elf/lib/libc.a(lib_a-gdtoa-gethex.o)
 .data          0x0000000000014678        0x0 /usr/local/m68k-elf/lib/libc.a(lib_a-gdtoa-hexnan.o)
 .data          0x0000000000014678        0x0 /usr/local/m68k-elf/lib/libc.a(lib_a-isattyr.o)
 .data          0x0000000000014678        0x0 /usr/local/m68k-elf/lib/libc.a(lib_a-strncmp.o)
 .data          0x0000000000014678        0x0 /usr/local/m68k-elf/lib/libc.a(lib_a-svfiprintf.o)
 .data          0x0000000000014678        0x0 /usr/local/m68k-elf/lib/libc.a(lib_a-wbuf.o)
 .data          0x0000000000014678        0x0 /usr/local/m68k-elf/lib/libc.a(lib_a-wcrtomb.o)
 .data          0x0000000000014678        0x0 /usr/local/lib/gcc/m68k-elf/5/libgcc.a(_mulsi3.o)
 .data          0x0000000000014678        0x0 /usr/local/lib/gcc/m68k-elf/5/libgcc.a(_udivsi3.o)
 .data          0x0000000000014678        0x0 /usr/local/lib/gcc/m68k-elf/5/libgcc.a(_divsi3.o)
 .data          0x0000000000014678        0x0 /usr/local/lib/gcc/m68k-elf/5/libgcc.a(_umodsi3.o)
 .data          0x0000000000014678        0x0 /usr/local/lib/gcc/m68k-elf/5/libgcc.a(_modsi3.o)
 .data          0x0000000000014678        0x0 /usr/local/lib/gcc/m68k-elf/5/libgcc.a(_double.o)
 .data          0x0000000000014678       0x1c /usr/local/lib/gcc/m68k-elf/5/libgcc.a(_floatex.o)
                0x0000000000014678                _fpCCR
 .data          0x0000000000014694        0x0 /usr/local/lib/gcc/m68k-elf/5/libgcc.a(_eqdf2.o)
 .data          0x0000000000014694        0x0 /usr/local/lib/gcc/m68k-elf/5/libgcc.a(_nedf2.o)
 .data          0x0000000000014694        0x0 /usr/local/lib/gcc/m68k-elf/5/libgcc.a(_gtdf2.o)
 .data          0x0000000000014694        0x0 /usr/local/lib/gcc/m68k-elf/5/libgcc.a(_gedf2.o)
 .data          0x0000000000014694        0x0 /usr/local/lib/gcc/m68k-elf/5/libgcc.a(_ltdf2.o)
 .data          0x0000000000014694        0x0 /usr/local/lib/gcc/m68k-elf/5/libgcc.a(_ledf2.o)
 .data          0x0000000000014694        0x0 /usr/local/lib/gcc/m68k-elf/5/libgcc.a(_lesf2.o)
 .data          0x0000000000014694        0x0 /usr/local/lib/gcc/m68k-elf/5/libgcc.a(_fixunsdfsi.o)
 .data          0x0000000000014694        0x0 /usr/local/lib/gcc/m68k-elf/5/libgcc.a(fpgnulib.o)
 .data          0x0000000000014694        0x0 /usr/local/lib/gcc/m68k-elf/5/libgcc.a(xfgnulib.o)
 .data          0x0000000000014694        0x0 /usr/local/lib/gcc/m68k-elf/5/libgcc.a(_float.o)
 .data          0x0000000000014694        0x0 /usr/local/m68k-elf/lib/libidp.a(close.o)
 .data          0x0000000000014694        0x0 /usr/local/m68k-elf/lib/libidp.a(fstat.o)
 .data          0x0000000000014694        0x0 /usr/local/m68k-elf/lib/libidp.a(isatty.o)
 .data          0x0000000000014694        0x0 /usr/local/m68k-elf/lib/libidp.a(lseek.o)
 .data          0x0000000000014694        0x0 /usr/local/m68k-elf/lib/libidp.a(sbrk.o)
 .data          0x0000000000014694        0x0 /usr/local/m68k-elf/lib/libidp.a(mc68ec.o)
 .data          0x0000000000014694        0x0 /usr/local/m68k-elf/lib/libc.a(lib_a-errno.o)
                0x0000000000014694                _edata = .

.bss            0x0000000000014694     0xba20
                0x0000000000014694                . = ALIGN (0x4)
                0x0000000000014694                __bss_start = .
 *(.shbss)
 *(.bss)
 .bss           0x0000000000014694        0x0 crt0.o
 .bss           0x0000000000014694     0x8104 mon.o
 .bss           0x000000000001c798        0x0 csys68k.o
 .bss           0x000000000001c798        0x1 inchrw.o
 *fill*         0x000000000001c799        0x3 
 .bss           0x000000000001c79c        0x0 mtk_asm.o
 .bss           0x000000000001c79c        0x0 mtk_c.o
 .bss           0x000000000001c79c        0x0 outchr.o
 .bss           0x000000000001c79c        0x0 test3.o
 .bss           0x000000000001c79c        0x0 /usr/local/m68k-elf/lib/libc.a(lib_a-exit.o)
 .bss           0x000000000001c79c        0x0 /usr/local/m68k-elf/lib/libc.a(lib_a-fdopen.o)
 .bss           0x000000000001c79c        0x0 /usr/local/m68k-elf/lib/libc.a(lib_a-findfp.o)
 .bss           0x000000000001c79c        0x0 /usr/local/m68k-elf/lib/libc.a(lib_a-flags.o)
 .bss           0x000000000001c79c        0x0 /usr/local/m68k-elf/lib/libc.a(lib_a-fprintf.o)
 .bss           0x000000000001c79c        0x0 /usr/local/m68k-elf/lib/libc.a(lib_a-fscanf.o)
 .bss           0x000000000001c79c        0x0 /usr/local/m68k-elf/lib/libc.a(lib_a-fwalk.o)
 .bss           0x000000000001c79c        0x0 /usr/local/m68k-elf/lib/libc.a(lib_a-fwrite.o)
 .bss           0x000000000001c79c        0x0 /usr/local/m68k-elf/lib/libc.a(lib_a-impure.o)
 .bss           0x000000000001c79c       0x34 /usr/local/m68k-elf/lib/libc.a(lib_a-mallocr.o)
                0x000000000001c79c                __malloc_current_mallinfo
                0x000000000001c7c4                __malloc_max_total_mem
                0x000000000001c7c8                __malloc_max_sbrked_mem
                0x000000000001c7cc                __malloc_top_pad
 .bss           0x000000000001c7d0        0x0 /usr/local/m68k-elf/lib/libc.a(lib_a-memset.o)
 .bss           0x000000000001c7d0        0x0 /usr/local/m68k-elf/lib/libc.a(lib_a-mlock.o)
 .bss           0x000000000001c7d0        0x0 /usr/local/m68k-elf/lib/libc.a(lib_a-sbrkr.o)
 .bss           0x000000000001c7d0        0x0 /usr/local/m68k-elf/lib/libc.a(lib_a-stdio.o)
 .bss           0x000000000001c7d0        0x0 /usr/local/m68k-elf/lib/libc.a(lib_a-vfprintf.o)
 .bss           0x000000000001c7d0        0x0 /usr/local/m68k-elf/lib/libc.a(lib_a-vfscanf.o)
 .bss           0x000000000001c7d0        0x0 /usr/local/m68k-elf/lib/libc.a(lib_a-writer.o)
 .bss           0x000000000001c7d0        0x0 /usr/local/m68k-elf/lib/libc.a(lib_a-wsetup.o)
 .bss           0x000000000001c7d0        0x0 /usr/local/m68k-elf/lib/libc.a(lib_a-__call_atexit.o)
 .bss           0x000000000001c7d0        0x0 /usr/local/m68k-elf/lib/libc.a(lib_a-closer.o)
 .bss           0x000000000001c7d0        0x0 /usr/local/m68k-elf/lib/libc.a(lib_a-dtoa.o)
 .bss           0x000000000001c7d0        0x0 /usr/local/m68k-elf/lib/libc.a(lib_a-fclose.o)
 .bss           0x000000000001c7d0        0x0 /usr/local/m68k-elf/lib/libc.a(lib_a-fflush.o)
 .bss           0x000000000001c7d0        0x0 /usr/local/m68k-elf/lib/libc.a(lib_a-fread.o)
 .bss           0x000000000001c7d0        0x0 /usr/local/m68k-elf/lib/libc.a(lib_a-freer.o)
 .bss           0x000000000001c7d0        0x0 /usr/local/m68k-elf/lib/libc.a(lib_a-fvwrite.o)
 .bss           0x000000000001c7d0        0x0 /usr/local/m68k-elf/lib/libc.a(lib_a-iswspace.o)
 .bss           0x000000000001c7d0        0x4 /usr/local/m68k-elf/lib/libc.a(lib_a-locale.o)
                0x000000000001c7d0                _PathLocale
 .bss           0x000000000001c7d4        0x0 /usr/local/m68k-elf/lib/libc.a(lib_a-localeconv.o)
 .bss           0x000000000001c7d4        0x0 /usr/local/m68k-elf/lib/libc.a(lib_a-lseekr.o)
 .bss           0x000000000001c7d4        0x0 /usr/local/m68k-elf/lib/libc.a(lib_a-makebuf.o)
 .bss           0x000000000001c7d4        0x0 /usr/local/m68k-elf/lib/libc.a(lib_a-mbrtowc.o)
 .bss           0x000000000001c7d4        0x0 /usr/local/m68k-elf/lib/libc.a(lib_a-mbtowc_r.o)
 .bss           0x000000000001c7d4        0x0 /usr/local/m68k-elf/lib/libc.a(lib_a-memchr.o)
 .bss           0x000000000001c7d4        0x0 /usr/local/m68k-elf/lib/libc.a(lib_a-memcpy.o)
 .bss           0x000000000001c7d4        0x0 /usr/local/m68k-elf/lib/libc.a(lib_a-memmove.o)
 .bss           0x000000000001c7d4        0x0 /usr/local/m68k-elf/lib/libc.a(lib_a-mprec.o)
 .bss           0x000000000001c7d4        0x0 /usr/local/m68k-elf/lib/libc.a(lib_a-readr.o)
 .bss           0x000000000001c7d4        0x0 /usr/local/m68k-elf/lib/libc.a(lib_a-reallocr.o)
 .bss           0x000000000001c7d4        0x0 /usr/local/m68k-elf/lib/libc.a(lib_a-reent.o)
 .bss           0x000000000001c7d4        0x0 /usr/local/m68k-elf/lib/libc.a(lib_a-refill.o)
 .bss           0x000000000001c7d4        0x0 /usr/local/m68k-elf/lib/libc.a(lib_a-sccl.o)
 .bss           0x000000000001c7d4        0x0 /usr/local/m68k-elf/lib/libc.a(lib_a-sf_nan.o)
 .bss           0x000000000001c7d4        0x0 /usr/local/m68k-elf/lib/libc.a(lib_a-sprintf.o)
 .bss           0x000000000001c7d4        0x0 /usr/local/m68k-elf/lib/libc.a(lib_a-strcmp.o)
 .bss           0x000000000001c7d4        0x0 /usr/local/m68k-elf/lib/libc.a(lib_a-strlen.o)
 .bss           0x000000000001c7d4        0x0 /usr/local/m68k-elf/lib/libc.a(lib_a-strtod.o)
 .bss           0x000000000001c7d4        0x0 /usr/local/m68k-elf/lib/libc.a(lib_a-strtol.o)
 .bss           0x000000000001c7d4        0x0 /usr/local/m68k-elf/lib/libc.a(lib_a-strtoul.o)
 .bss           0x000000000001c7d4        0x0 /usr/local/m68k-elf/lib/libc.a(lib_a-svfprintf.o)
 .bss           0x000000000001c7d4        0x0 /usr/local/m68k-elf/lib/libc.a(lib_a-ungetc.o)
 .bss           0x000000000001c7d4        0x0 /usr/local/m68k-elf/lib/libc.a(lib_a-vfiprintf.o)
 .bss           0x000000000001c7d4        0x0 /usr/local/m68k-elf/lib/libc.a(lib_a-wctomb_r.o)
 .bss           0x000000000001c7d4        0x0 /usr/local/m68k-elf/lib/libc.a(lib_a-callocr.o)
 .bss           0x000000000001c7d4        0x0 /usr/local/m68k-elf/lib/libc.a(lib_a-ctype_.o)
 .bss           0x000000000001c7d4        0x0 /usr/local/m68k-elf/lib/libc.a(lib_a-fputwc.o)
 .bss           0x000000000001c7d4        0x0 /usr/local/m68k-elf/lib/libc.a(lib_a-fstatr.o)
 .bss           0x000000000001c7d4        0x0 /usr/local/m68k-elf/lib/libc.a(lib_a-gdtoa-gethex.o)
 .bss           0x000000000001c7d4        0x0 /usr/local/m68k-elf/lib/libc.a(lib_a-gdtoa-hexnan.o)
 .bss           0x000000000001c7d4        0x0 /usr/local/m68k-elf/lib/libc.a(lib_a-isattyr.o)
 .bss           0x000000000001c7d4        0x0 /usr/local/m68k-elf/lib/libc.a(lib_a-strncmp.o)
 .bss           0x000000000001c7d4        0x0 /usr/local/m68k-elf/lib/libc.a(lib_a-svfiprintf.o)
 .bss           0x000000000001c7d4        0x0 /usr/local/m68k-elf/lib/libc.a(lib_a-wbuf.o)
 .bss           0x000000000001c7d4        0x0 /usr/local/m68k-elf/lib/libc.a(lib_a-wcrtomb.o)
 .bss           0x000000000001c7d4        0x0 /usr/local/lib/gcc/m68k-elf/5/libgcc.a(_mulsi3.o)
 .bss           0x000000000001c7d4        0x0 /usr/local/lib/gcc/m68k-elf/5/libgcc.a(_udivsi3.o)
 .bss           0x000000000001c7d4        0x0 /usr/local/lib/gcc/m68k-elf/5/libgcc.a(_divsi3.o)
 .bss           0x000000000001c7d4        0x0 /usr/local/lib/gcc/m68k-elf/5/libgcc.a(_umodsi3.o)
 .bss           0x000000000001c7d4        0x0 /usr/local/lib/gcc/m68k-elf/5/libgcc.a(_modsi3.o)
 .bss           0x000000000001c7d4        0x0 /usr/local/lib/gcc/m68k-elf/5/libgcc.a(_double.o)
 .bss           0x000000000001c7d4        0x0 /usr/local/lib/gcc/m68k-elf/5/libgcc.a(_floatex.o)
 .bss           0x000000000001c7d4        0x0 /usr/local/lib/gcc/m68k-elf/5/libgcc.a(_eqdf2.o)
 .bss           0x000000000001c7d4        0x0 /usr/local/lib/gcc/m68k-elf/5/libgcc.a(_nedf2.o)
 .bss           0x000000000001c7d4        0x0 /usr/local/lib/gcc/m68k-elf/5/libgcc.a(_gtdf2.o)
 .bss           0x000000000001c7d4        0x0 /usr/local/lib/gcc/m68k-elf/5/libgcc.a(_gedf2.o)
 .bss           0x000000000001c7d4        0x0 /usr/local/lib/gcc/m68k-elf/5/libgcc.a(_ltdf2.o)
 .bss           0x000000000001c7d4        0x0 /usr/local/lib/gcc/m68k-elf/5/libgcc.a(_ledf2.o)
 .bss           0x000000000001c7d4        0x0 /usr/local/lib/gcc/m68k-elf/5/libgcc.a(_lesf2.o)
 .bss           0x000000000001c7d4        0x0 /usr/local/lib/gcc/m68k-elf/5/libgcc.a(_fixunsdfsi.o)
 .bss           0x000000000001c7d4        0x0 /usr/local/lib/gcc/m68k-elf/5/libgcc.a(fpgnulib.o)
 .bss           0x000000000001c7d4        0x0 /usr/local/lib/gcc/m68k-elf/5/libgcc.a(xfgnulib.o)
 .bss           0x000000000001c7d4        0x0 /usr/local/lib/gcc/m68k-elf/5/libgcc.a(_float.o)
 .bss           0x000000000001c7d4        0x0 /usr/local/m68k-elf/lib/libidp.a(close.o)
 .bss           0x000000000001c7d4        0x0 /usr/local/m68k-elf/lib/libidp.a(fstat.o)
 .bss           0x000000000001c7d4        0x0 /usr/local/m68k-elf/lib/libidp.a(isatty.o)
 .bss           0x000000000001c7d4        0x0 /usr/local/m68k-elf/lib/libidp.a(lseek.o)
 .bss           0x000000000001c7d4        0x0 /usr/local/m68k-elf/lib/libidp.a(sbrk.o)
 .bss           0x000000000001c7d4        0x0 /usr/local/m68k-elf/lib/libidp.a(mc68ec.o)
 .bss           0x000000000001c7d4        0x0 /usr/local/m68k-elf/lib/libc.a(lib_a-errno.o)
 *(COMMON)
 COMMON         0x000000000001c7d4     0x38c8 mtk_c.o
                0x000000000001c7d4                next_task
                0x000000000001c7d8                semaphore
                0x000000000001c7f0                curr_task
                0x000000000001c7f4                task_tab
                0x000000000001c894                stacks
                0x0000000000020094                new_task
                0x0000000000020098                ready
 COMMON         0x000000000002009c       0x10 test3.o
                0x000000000002009c                com0in
                0x00000000000200a0                com0out
                0x00000000000200a4                com1in
                0x00000000000200a8                com1out
 COMMON         0x00000000000200ac        0x4 /usr/local/m68k-elf/lib/libc.a(lib_a-reent.o)
                0x00000000000200ac                errno
 COMMON         0x00000000000200b0        0x4 /usr/local/m68k-elf/lib/libidp.a(sbrk.o)
                0x00000000000200b0                heap_ptr
                0x00000000000200b8                _end = ALIGN (0x8)
                0x00000000000200b8                __end = _end

.stab
 *(.stab)

.stabstr
 *(.stabstr)
OUTPUT(test3.hex srec)

.debug_info     0x0000000000000000    0x31b73
 .debug_info    0x0000000000000000      0x19f csys68k.o
 .debug_info    0x000000000000019f      0xf21 mtk_c.o
 .debug_info    0x00000000000010c0      0xaf2 test3.o
 .debug_info    0x0000000000001bb2      0x8dc /usr/local/m68k-elf/lib/libc.a(lib_a-exit.o)
 .debug_info    0x000000000000248e      0x972 /usr/local/m68k-elf/lib/libc.a(lib_a-fdopen.o)
 .debug_info    0x0000000000002e00      0xd0b /usr/local/m68k-elf/lib/libc.a(lib_a-findfp.o)
 .debug_info    0x0000000000003b0b      0x8ff /usr/local/m68k-elf/lib/libc.a(lib_a-flags.o)
 .debug_info    0x000000000000440a      0x991 /usr/local/m68k-elf/lib/libc.a(lib_a-fprintf.o)
 .debug_info    0x0000000000004d9b      0x991 /usr/local/m68k-elf/lib/libc.a(lib_a-fscanf.o)
 .debug_info    0x000000000000572c      0x9a5 /usr/local/m68k-elf/lib/libc.a(lib_a-fwalk.o)
 .debug_info    0x00000000000060d1      0xa38 /usr/local/m68k-elf/lib/libc.a(lib_a-fwrite.o)
 .debug_info    0x0000000000006b09      0x8b1 /usr/local/m68k-elf/lib/libc.a(lib_a-impure.o)
 .debug_info    0x00000000000073ba      0xcdd /usr/local/m68k-elf/lib/libc.a(lib_a-mallocr.o)
 .debug_info    0x0000000000008097       0x26 /usr/local/m68k-elf/lib/libc.a(lib_a-memset.o)
 .debug_info    0x00000000000080bd      0x8bf /usr/local/m68k-elf/lib/libc.a(lib_a-mlock.o)
 .debug_info    0x000000000000897c      0x901 /usr/local/m68k-elf/lib/libc.a(lib_a-sbrkr.o)
 .debug_info    0x000000000000927d      0xae3 /usr/local/m68k-elf/lib/libc.a(lib_a-stdio.o)
 .debug_info    0x0000000000009d60     0x16d2 /usr/local/m68k-elf/lib/libc.a(lib_a-vfprintf.o)
 .debug_info    0x000000000000b432     0x1634 /usr/local/m68k-elf/lib/libc.a(lib_a-vfscanf.o)
 .debug_info    0x000000000000ca66      0x90e /usr/local/m68k-elf/lib/libc.a(lib_a-writer.o)
 .debug_info    0x000000000000d374      0x927 /usr/local/m68k-elf/lib/libc.a(lib_a-wsetup.o)
 .debug_info    0x000000000000dc9b      0x95f /usr/local/m68k-elf/lib/libc.a(lib_a-__call_atexit.o)
 .debug_info    0x000000000000e5fa      0x8e0 /usr/local/m68k-elf/lib/libc.a(lib_a-closer.o)
 .debug_info    0x000000000000eeda     0x144b /usr/local/m68k-elf/lib/libc.a(lib_a-dtoa.o)
 .debug_info    0x0000000000010325      0x9e5 /usr/local/m68k-elf/lib/libc.a(lib_a-fclose.o)
 .debug_info    0x0000000000010d0a      0xa2c /usr/local/m68k-elf/lib/libc.a(lib_a-fflush.o)
 .debug_info    0x0000000000011736      0xa57 /usr/local/m68k-elf/lib/libc.a(lib_a-fread.o)
 .debug_info    0x000000000001218d      0xbb5 /usr/local/m68k-elf/lib/libc.a(lib_a-freer.o)
 .debug_info    0x0000000000012d42      0xac9 /usr/local/m68k-elf/lib/libc.a(lib_a-fvwrite.o)
 .debug_info    0x000000000001380b      0xd9e /usr/local/m68k-elf/lib/libc.a(lib_a-iswspace.o)
 .debug_info    0x00000000000145a9      0xf06 /usr/local/m68k-elf/lib/libc.a(lib_a-locale.o)
 .debug_info    0x00000000000154af      0xe4a /usr/local/m68k-elf/lib/libc.a(lib_a-localeconv.o)
 .debug_info    0x00000000000162f9      0x8fc /usr/local/m68k-elf/lib/libc.a(lib_a-lseekr.o)
 .debug_info    0x0000000000016bf5      0xc08 /usr/local/m68k-elf/lib/libc.a(lib_a-makebuf.o)
 .debug_info    0x00000000000177fd      0xeac /usr/local/m68k-elf/lib/libc.a(lib_a-mbrtowc.o)
 .debug_info    0x00000000000186a9      0xe78 /usr/local/m68k-elf/lib/libc.a(lib_a-mbtowc_r.o)
 .debug_info    0x0000000000019521      0x12d /usr/local/m68k-elf/lib/libc.a(lib_a-memchr.o)
 .debug_info    0x000000000001964e       0x26 /usr/local/m68k-elf/lib/libc.a(lib_a-memcpy.o)
 .debug_info    0x0000000000019674      0xdfd /usr/local/m68k-elf/lib/libc.a(lib_a-memmove.o)
 .debug_info    0x000000000001a471     0x1a82 /usr/local/m68k-elf/lib/libc.a(lib_a-mprec.o)
 .debug_info    0x000000000001bef3      0x907 /usr/local/m68k-elf/lib/libc.a(lib_a-readr.o)
 .debug_info    0x000000000001c7fa      0xc46 /usr/local/m68k-elf/lib/libc.a(lib_a-reallocr.o)
 .debug_info    0x000000000001d440      0x993 /usr/local/m68k-elf/lib/libc.a(lib_a-reent.o)
 .debug_info    0x000000000001ddd3      0x9cd /usr/local/m68k-elf/lib/libc.a(lib_a-refill.o)
 .debug_info    0x000000000001e7a0      0x905 /usr/local/m68k-elf/lib/libc.a(lib_a-sccl.o)
 .debug_info    0x000000000001f0a5       0xcd /usr/local/m68k-elf/lib/libc.a(lib_a-sf_nan.o)
 .debug_info    0x000000000001f172      0x9b1 /usr/local/m68k-elf/lib/libc.a(lib_a-sprintf.o)
 .debug_info    0x000000000001fb23       0xe4 /usr/local/m68k-elf/lib/libc.a(lib_a-strcmp.o)
 .debug_info    0x000000000001fc07       0xd6 /usr/local/m68k-elf/lib/libc.a(lib_a-strlen.o)
 .debug_info    0x000000000001fcdd     0x1936 /usr/local/m68k-elf/lib/libc.a(lib_a-strtod.o)
 .debug_info    0x0000000000021613     0x1012 /usr/local/m68k-elf/lib/libc.a(lib_a-strtol.o)
 .debug_info    0x0000000000022625     0x1012 /usr/local/m68k-elf/lib/libc.a(lib_a-strtoul.o)
 .debug_info    0x0000000000023637     0x158c /usr/local/m68k-elf/lib/libc.a(lib_a-svfprintf.o)
 .debug_info    0x0000000000024bc3      0xa51 /usr/local/m68k-elf/lib/libc.a(lib_a-ungetc.o)
 .debug_info    0x0000000000025614     0x17d3 /usr/local/m68k-elf/lib/libc.a(lib_a-vfiprintf.o)
 .debug_info    0x0000000000026de7      0xe4a /usr/local/m68k-elf/lib/libc.a(lib_a-wctomb_r.o)
 .debug_info    0x0000000000027c31      0x9d3 /usr/local/m68k-elf/lib/libc.a(lib_a-callocr.o)
 .debug_info    0x0000000000028604      0xd83 /usr/local/m68k-elf/lib/libc.a(lib_a-ctype_.o)
 .debug_info    0x0000000000029387      0xae3 /usr/local/m68k-elf/lib/libc.a(lib_a-fputwc.o)
 .debug_info    0x0000000000029e6a      0xac4 /usr/local/m68k-elf/lib/libc.a(lib_a-fstatr.o)
 .debug_info    0x000000000002a92e     0x12b2 /usr/local/m68k-elf/lib/libc.a(lib_a-gdtoa-gethex.o)
 .debug_info    0x000000000002bbe0     0x1032 /usr/local/m68k-elf/lib/libc.a(lib_a-gdtoa-hexnan.o)
 .debug_info    0x000000000002cc12      0x8e0 /usr/local/m68k-elf/lib/libc.a(lib_a-isattyr.o)
 .debug_info    0x000000000002d4f2       0xfc /usr/local/m68k-elf/lib/libc.a(lib_a-strncmp.o)
 .debug_info    0x000000000002d5ee     0x123b /usr/local/m68k-elf/lib/libc.a(lib_a-svfiprintf.o)
 .debug_info    0x000000000002e829      0x987 /usr/local/m68k-elf/lib/libc.a(lib_a-wbuf.o)
 .debug_info    0x000000000002f1b0      0xeb9 /usr/local/m68k-elf/lib/libc.a(lib_a-wcrtomb.o)
 .debug_info    0x0000000000030069       0x26 /usr/local/lib/gcc/m68k-elf/5/libgcc.a(_mulsi3.o)
 .debug_info    0x000000000003008f       0x26 /usr/local/lib/gcc/m68k-elf/5/libgcc.a(_udivsi3.o)
 .debug_info    0x00000000000300b5       0x26 /usr/local/lib/gcc/m68k-elf/5/libgcc.a(_divsi3.o)
 .debug_info    0x00000000000300db       0x26 /usr/local/lib/gcc/m68k-elf/5/libgcc.a(_umodsi3.o)
 .debug_info    0x0000000000030101       0x26 /usr/local/lib/gcc/m68k-elf/5/libgcc.a(_modsi3.o)
 .debug_info    0x0000000000030127       0x26 /usr/local/lib/gcc/m68k-elf/5/libgcc.a(_double.o)
 .debug_info    0x000000000003014d       0x26 /usr/local/lib/gcc/m68k-elf/5/libgcc.a(_floatex.o)
 .debug_info    0x0000000000030173       0x26 /usr/local/lib/gcc/m68k-elf/5/libgcc.a(_eqdf2.o)
 .debug_info    0x0000000000030199       0x26 /usr/local/lib/gcc/m68k-elf/5/libgcc.a(_nedf2.o)
 .debug_info    0x00000000000301bf       0x26 /usr/local/lib/gcc/m68k-elf/5/libgcc.a(_gtdf2.o)
 .debug_info    0x00000000000301e5       0x26 /usr/local/lib/gcc/m68k-elf/5/libgcc.a(_gedf2.o)
 .debug_info    0x000000000003020b       0x26 /usr/local/lib/gcc/m68k-elf/5/libgcc.a(_ltdf2.o)
 .debug_info    0x0000000000030231       0x26 /usr/local/lib/gcc/m68k-elf/5/libgcc.a(_ledf2.o)
 .debug_info    0x0000000000030257       0x26 /usr/local/lib/gcc/m68k-elf/5/libgcc.a(_lesf2.o)
 .debug_info    0x000000000003027d       0xdb /usr/local/lib/gcc/m68k-elf/5/libgcc.a(_fixunsdfsi.o)
 .debug_info    0x0000000000030358      0x44e /usr/local/lib/gcc/m68k-elf/5/libgcc.a(fpgnulib.o)
 .debug_info    0x00000000000307a6      0x51e /usr/local/lib/gcc/m68k-elf/5/libgcc.a(xfgnulib.o)
 .debug_info    0x0000000000030cc4       0x26 /usr/local/lib/gcc/m68k-elf/5/libgcc.a(_float.o)
 .debug_info    0x0000000000030cea       0x54 /usr/local/m68k-elf/lib/libidp.a(close.o)
 .debug_info    0x0000000000030d3e      0x297 /usr/local/m68k-elf/lib/libidp.a(fstat.o)
 .debug_info    0x0000000000030fd5       0x54 /usr/local/m68k-elf/lib/libidp.a(isatty.o)
 .debug_info    0x0000000000031029       0xf9 /usr/local/m68k-elf/lib/libidp.a(lseek.o)
 .debug_info    0x0000000000031122       0xe5 /usr/local/m68k-elf/lib/libidp.a(sbrk.o)
 .debug_info    0x0000000000031207       0xc6 /usr/local/m68k-elf/lib/libidp.a(mc68ec.o)
 .debug_info    0x00000000000312cd      0x8a6 /usr/local/m68k-elf/lib/libc.a(lib_a-errno.o)

.debug_abbrev   0x0000000000000000     0x9803
 .debug_abbrev  0x0000000000000000       0xa7 csys68k.o
 .debug_abbrev  0x00000000000000a7      0x360 mtk_c.o
 .debug_abbrev  0x0000000000000407      0x22a test3.o
 .debug_abbrev  0x0000000000000631      0x1c6 /usr/local/m68k-elf/lib/libc.a(lib_a-exit.o)
 .debug_abbrev  0x00000000000007f7      0x201 /usr/local/m68k-elf/lib/libc.a(lib_a-fdopen.o)
 .debug_abbrev  0x00000000000009f8      0x383 /usr/local/m68k-elf/lib/libc.a(lib_a-findfp.o)
 .debug_abbrev  0x0000000000000d7b      0x1d6 /usr/local/m68k-elf/lib/libc.a(lib_a-flags.o)
 .debug_abbrev  0x0000000000000f51      0x214 /usr/local/m68k-elf/lib/libc.a(lib_a-fprintf.o)
 .debug_abbrev  0x0000000000001165      0x214 /usr/local/m68k-elf/lib/libc.a(lib_a-fscanf.o)
 .debug_abbrev  0x0000000000001379      0x1c7 /usr/local/m68k-elf/lib/libc.a(lib_a-fwalk.o)
 .debug_abbrev  0x0000000000001540      0x232 /usr/local/m68k-elf/lib/libc.a(lib_a-fwrite.o)
 .debug_abbrev  0x0000000000001772      0x189 /usr/local/m68k-elf/lib/libc.a(lib_a-impure.o)
 .debug_abbrev  0x00000000000018fb      0x28e /usr/local/m68k-elf/lib/libc.a(lib_a-mallocr.o)
 .debug_abbrev  0x0000000000001b89       0x14 /usr/local/m68k-elf/lib/libc.a(lib_a-memset.o)
 .debug_abbrev  0x0000000000001b9d      0x1b5 /usr/local/m68k-elf/lib/libc.a(lib_a-mlock.o)
 .debug_abbrev  0x0000000000001d52      0x1f8 /usr/local/m68k-elf/lib/libc.a(lib_a-sbrkr.o)
 .debug_abbrev  0x0000000000001f4a      0x22b /usr/local/m68k-elf/lib/libc.a(lib_a-stdio.o)
 .debug_abbrev  0x0000000000002175      0x3a3 /usr/local/m68k-elf/lib/libc.a(lib_a-vfprintf.o)
 .debug_abbrev  0x0000000000002518      0x3d3 /usr/local/m68k-elf/lib/libc.a(lib_a-vfscanf.o)
 .debug_abbrev  0x00000000000028eb      0x1d9 /usr/local/m68k-elf/lib/libc.a(lib_a-writer.o)
 .debug_abbrev  0x0000000000002ac4      0x1ee /usr/local/m68k-elf/lib/libc.a(lib_a-wsetup.o)
 .debug_abbrev  0x0000000000002cb2      0x213 /usr/local/m68k-elf/lib/libc.a(lib_a-__call_atexit.o)
 .debug_abbrev  0x0000000000002ec5      0x1d4 /usr/local/m68k-elf/lib/libc.a(lib_a-closer.o)
 .debug_abbrev  0x0000000000003099      0x2af /usr/local/m68k-elf/lib/libc.a(lib_a-dtoa.o)
 .debug_abbrev  0x0000000000003348      0x268 /usr/local/m68k-elf/lib/libc.a(lib_a-fclose.o)
 .debug_abbrev  0x00000000000035b0      0x280 /usr/local/m68k-elf/lib/libc.a(lib_a-fflush.o)
 .debug_abbrev  0x0000000000003830      0x254 /usr/local/m68k-elf/lib/libc.a(lib_a-fread.o)
 .debug_abbrev  0x0000000000003a84      0x24d /usr/local/m68k-elf/lib/libc.a(lib_a-freer.o)
 .debug_abbrev  0x0000000000003cd1      0x21b /usr/local/m68k-elf/lib/libc.a(lib_a-fvwrite.o)
 .debug_abbrev  0x0000000000003eec      0x1cd /usr/local/m68k-elf/lib/libc.a(lib_a-iswspace.o)
 .debug_abbrev  0x00000000000040b9      0x26b /usr/local/m68k-elf/lib/libc.a(lib_a-locale.o)
 .debug_abbrev  0x0000000000004324      0x235 /usr/local/m68k-elf/lib/libc.a(lib_a-localeconv.o)
 .debug_abbrev  0x0000000000004559      0x1e3 /usr/local/m68k-elf/lib/libc.a(lib_a-lseekr.o)
 .debug_abbrev  0x000000000000473c      0x297 /usr/local/m68k-elf/lib/libc.a(lib_a-makebuf.o)
 .debug_abbrev  0x00000000000049d3      0x1f8 /usr/local/m68k-elf/lib/libc.a(lib_a-mbrtowc.o)
 .debug_abbrev  0x0000000000004bcb      0x24d /usr/local/m68k-elf/lib/libc.a(lib_a-mbtowc_r.o)
 .debug_abbrev  0x0000000000004e18       0xc9 /usr/local/m68k-elf/lib/libc.a(lib_a-memchr.o)
 .debug_abbrev  0x0000000000004ee1       0x14 /usr/local/m68k-elf/lib/libc.a(lib_a-memcpy.o)
 .debug_abbrev  0x0000000000004ef5      0x1e3 /usr/local/m68k-elf/lib/libc.a(lib_a-memmove.o)
 .debug_abbrev  0x00000000000050d8      0x3e1 /usr/local/m68k-elf/lib/libc.a(lib_a-mprec.o)
 .debug_abbrev  0x00000000000054b9      0x1d4 /usr/local/m68k-elf/lib/libc.a(lib_a-readr.o)
 .debug_abbrev  0x000000000000568d      0x23c /usr/local/m68k-elf/lib/libc.a(lib_a-reallocr.o)
 .debug_abbrev  0x00000000000058c9      0x24a /usr/local/m68k-elf/lib/libc.a(lib_a-reent.o)
 .debug_abbrev  0x0000000000005b13      0x221 /usr/local/m68k-elf/lib/libc.a(lib_a-refill.o)
 .debug_abbrev  0x0000000000005d34      0x1d4 /usr/local/m68k-elf/lib/libc.a(lib_a-sccl.o)
 .debug_abbrev  0x0000000000005f08       0x72 /usr/local/m68k-elf/lib/libc.a(lib_a-sf_nan.o)
 .debug_abbrev  0x0000000000005f7a      0x214 /usr/local/m68k-elf/lib/libc.a(lib_a-sprintf.o)
 .debug_abbrev  0x000000000000618e       0x74 /usr/local/m68k-elf/lib/libc.a(lib_a-strcmp.o)
 .debug_abbrev  0x0000000000006202       0x7f /usr/local/m68k-elf/lib/libc.a(lib_a-strlen.o)
 .debug_abbrev  0x0000000000006281      0x3dd /usr/local/m68k-elf/lib/libc.a(lib_a-strtod.o)
 .debug_abbrev  0x000000000000665e      0x2a7 /usr/local/m68k-elf/lib/libc.a(lib_a-strtol.o)
 .debug_abbrev  0x0000000000006905      0x2a7 /usr/local/m68k-elf/lib/libc.a(lib_a-strtoul.o)
 .debug_abbrev  0x0000000000006bac      0x364 /usr/local/m68k-elf/lib/libc.a(lib_a-svfprintf.o)
 .debug_abbrev  0x0000000000006f10      0x298 /usr/local/m68k-elf/lib/libc.a(lib_a-ungetc.o)
 .debug_abbrev  0x00000000000071a8      0x3bd /usr/local/m68k-elf/lib/libc.a(lib_a-vfiprintf.o)
 .debug_abbrev  0x0000000000007565      0x237 /usr/local/m68k-elf/lib/libc.a(lib_a-wctomb_r.o)
 .debug_abbrev  0x000000000000779c      0x219 /usr/local/m68k-elf/lib/libc.a(lib_a-callocr.o)
 .debug_abbrev  0x00000000000079b5      0x19c /usr/local/m68k-elf/lib/libc.a(lib_a-ctype_.o)
 .debug_abbrev  0x0000000000007b51      0x2cc /usr/local/m68k-elf/lib/libc.a(lib_a-fputwc.o)
 .debug_abbrev  0x0000000000007e1d      0x1e3 /usr/local/m68k-elf/lib/libc.a(lib_a-fstatr.o)
 .debug_abbrev  0x0000000000008000      0x2f4 /usr/local/m68k-elf/lib/libc.a(lib_a-gdtoa-gethex.o)
 .debug_abbrev  0x00000000000082f4      0x29e /usr/local/m68k-elf/lib/libc.a(lib_a-gdtoa-hexnan.o)
 .debug_abbrev  0x0000000000008592      0x1d4 /usr/local/m68k-elf/lib/libc.a(lib_a-isattyr.o)
 .debug_abbrev  0x0000000000008766       0x81 /usr/local/m68k-elf/lib/libc.a(lib_a-strncmp.o)
 .debug_abbrev  0x00000000000087e7      0x2c3 /usr/local/m68k-elf/lib/libc.a(lib_a-svfiprintf.o)
 .debug_abbrev  0x0000000000008aaa      0x228 /usr/local/m68k-elf/lib/libc.a(lib_a-wbuf.o)
 .debug_abbrev  0x0000000000008cd2      0x207 /usr/local/m68k-elf/lib/libc.a(lib_a-wcrtomb.o)
 .debug_abbrev  0x0000000000008ed9       0x14 /usr/local/lib/gcc/m68k-elf/5/libgcc.a(_mulsi3.o)
 .debug_abbrev  0x0000000000008eed       0x14 /usr/local/lib/gcc/m68k-elf/5/libgcc.a(_udivsi3.o)
 .debug_abbrev  0x0000000000008f01       0x14 /usr/local/lib/gcc/m68k-elf/5/libgcc.a(_divsi3.o)
 .debug_abbrev  0x0000000000008f15       0x14 /usr/local/lib/gcc/m68k-elf/5/libgcc.a(_umodsi3.o)
 .debug_abbrev  0x0000000000008f29       0x14 /usr/local/lib/gcc/m68k-elf/5/libgcc.a(_modsi3.o)
 .debug_abbrev  0x0000000000008f3d       0x14 /usr/local/lib/gcc/m68k-elf/5/libgcc.a(_double.o)
 .debug_abbrev  0x0000000000008f51       0x14 /usr/local/lib/gcc/m68k-elf/5/libgcc.a(_floatex.o)
 .debug_abbrev  0x0000000000008f65       0x14 /usr/local/lib/gcc/m68k-elf/5/libgcc.a(_eqdf2.o)
 .debug_abbrev  0x0000000000008f79       0x14 /usr/local/lib/gcc/m68k-elf/5/libgcc.a(_nedf2.o)
 .debug_abbrev  0x0000000000008f8d       0x14 /usr/local/lib/gcc/m68k-elf/5/libgcc.a(_gtdf2.o)
 .debug_abbrev  0x0000000000008fa1       0x14 /usr/local/lib/gcc/m68k-elf/5/libgcc.a(_gedf2.o)
 .debug_abbrev  0x0000000000008fb5       0x14 /usr/local/lib/gcc/m68k-elf/5/libgcc.a(_ltdf2.o)
 .debug_abbrev  0x0000000000008fc9       0x14 /usr/local/lib/gcc/m68k-elf/5/libgcc.a(_ledf2.o)
 .debug_abbrev  0x0000000000008fdd       0x14 /usr/local/lib/gcc/m68k-elf/5/libgcc.a(_lesf2.o)
 .debug_abbrev  0x0000000000008ff1       0x60 /usr/local/lib/gcc/m68k-elf/5/libgcc.a(_fixunsdfsi.o)
 .debug_abbrev  0x0000000000009051      0x1cf /usr/local/lib/gcc/m68k-elf/5/libgcc.a(fpgnulib.o)
 .debug_abbrev  0x0000000000009220      0x168 /usr/local/lib/gcc/m68k-elf/5/libgcc.a(xfgnulib.o)
 .debug_abbrev  0x0000000000009388       0x14 /usr/local/lib/gcc/m68k-elf/5/libgcc.a(_float.o)
 .debug_abbrev  0x000000000000939c       0x4a /usr/local/m68k-elf/lib/libidp.a(close.o)
 .debug_abbrev  0x00000000000093e6       0x9b /usr/local/m68k-elf/lib/libidp.a(fstat.o)
 .debug_abbrev  0x0000000000009481       0x4a /usr/local/m68k-elf/lib/libidp.a(isatty.o)
 .debug_abbrev  0x00000000000094cb       0x8d /usr/local/m68k-elf/lib/libidp.a(lseek.o)
 .debug_abbrev  0x0000000000009558       0x9b /usr/local/m68k-elf/lib/libidp.a(sbrk.o)
 .debug_abbrev  0x00000000000095f3       0x78 /usr/local/m68k-elf/lib/libidp.a(mc68ec.o)
 .debug_abbrev  0x000000000000966b      0x198 /usr/local/m68k-elf/lib/libc.a(lib_a-errno.o)

.debug_loc      0x0000000000000000    0x1906e
 .debug_loc     0x0000000000000000      0x15f csys68k.o
 .debug_loc     0x000000000000015f      0x51c mtk_c.o
 .debug_loc     0x000000000000067b       0x3c /usr/local/m68k-elf/lib/libc.a(lib_a-fdopen.o)
 .debug_loc     0x00000000000006b7      0x198 /usr/local/m68k-elf/lib/libc.a(lib_a-findfp.o)
 .debug_loc     0x000000000000084f       0xc3 /usr/local/m68k-elf/lib/libc.a(lib_a-flags.o)
 .debug_loc     0x0000000000000912       0xa4 /usr/local/m68k-elf/lib/libc.a(lib_a-fprintf.o)
 .debug_loc     0x00000000000009b6       0xa4 /usr/local/m68k-elf/lib/libc.a(lib_a-fscanf.o)
 .debug_loc     0x0000000000000a5a       0xf8 /usr/local/m68k-elf/lib/libc.a(lib_a-fwalk.o)
 .debug_loc     0x0000000000000b52       0x5f /usr/local/m68k-elf/lib/libc.a(lib_a-fwrite.o)
 .debug_loc     0x0000000000000bb1      0xa3f /usr/local/m68k-elf/lib/libc.a(lib_a-mallocr.o)
 .debug_loc     0x00000000000015f0      0x14a /usr/local/m68k-elf/lib/libc.a(lib_a-stdio.o)
 .debug_loc     0x000000000000173a     0x310c /usr/local/m68k-elf/lib/libc.a(lib_a-vfprintf.o)
 .debug_loc     0x0000000000004846     0x1f13 /usr/local/m68k-elf/lib/libc.a(lib_a-vfscanf.o)
 .debug_loc     0x0000000000006759       0x1e /usr/local/m68k-elf/lib/libc.a(lib_a-wsetup.o)
 .debug_loc     0x0000000000006777      0x1c7 /usr/local/m68k-elf/lib/libc.a(lib_a-__call_atexit.o)
 .debug_loc     0x000000000000693e     0x2566 /usr/local/m68k-elf/lib/libc.a(lib_a-dtoa.o)
 .debug_loc     0x0000000000008ea4       0x9a /usr/local/m68k-elf/lib/libc.a(lib_a-fclose.o)
 .debug_loc     0x0000000000008f3e      0x172 /usr/local/m68k-elf/lib/libc.a(lib_a-fflush.o)
 .debug_loc     0x00000000000090b0      0x247 /usr/local/m68k-elf/lib/libc.a(lib_a-fread.o)
 .debug_loc     0x00000000000092f7      0x4dd /usr/local/m68k-elf/lib/libc.a(lib_a-freer.o)
 .debug_loc     0x00000000000097d4      0x473 /usr/local/m68k-elf/lib/libc.a(lib_a-fvwrite.o)
 .debug_loc     0x0000000000009c47       0x1f /usr/local/m68k-elf/lib/libc.a(lib_a-locale.o)
 .debug_loc     0x0000000000009c66       0x24 /usr/local/m68k-elf/lib/libc.a(lib_a-localeconv.o)
 .debug_loc     0x0000000000009c8a       0xb3 /usr/local/m68k-elf/lib/libc.a(lib_a-makebuf.o)
 .debug_loc     0x0000000000009d3d       0xf1 /usr/local/m68k-elf/lib/libc.a(lib_a-mbrtowc.o)
 .debug_loc     0x0000000000009e2e       0xd6 /usr/local/m68k-elf/lib/libc.a(lib_a-mbtowc_r.o)
 .debug_loc     0x0000000000009f04      0x13c /usr/local/m68k-elf/lib/libc.a(lib_a-memchr.o)
 .debug_loc     0x000000000000a040      0x322 /usr/local/m68k-elf/lib/libc.a(lib_a-memmove.o)
 .debug_loc     0x000000000000a362     0x1ce9 /usr/local/m68k-elf/lib/libc.a(lib_a-mprec.o)
 .debug_loc     0x000000000000c04b     0x1618 /usr/local/m68k-elf/lib/libc.a(lib_a-reallocr.o)
 .debug_loc     0x000000000000d663       0x6d /usr/local/m68k-elf/lib/libc.a(lib_a-reent.o)
 .debug_loc     0x000000000000d6d0       0x9a /usr/local/m68k-elf/lib/libc.a(lib_a-refill.o)
 .debug_loc     0x000000000000d76a      0x1d4 /usr/local/m68k-elf/lib/libc.a(lib_a-sccl.o)
 .debug_loc     0x000000000000d93e       0xa4 /usr/local/m68k-elf/lib/libc.a(lib_a-sprintf.o)
 .debug_loc     0x000000000000d9e2       0x92 /usr/local/m68k-elf/lib/libc.a(lib_a-strcmp.o)
 .debug_loc     0x000000000000da74       0x33 /usr/local/m68k-elf/lib/libc.a(lib_a-strlen.o)
 .debug_loc     0x000000000000daa7     0x2087 /usr/local/m68k-elf/lib/libc.a(lib_a-strtod.o)
 .debug_loc     0x000000000000fb2e      0x3db /usr/local/m68k-elf/lib/libc.a(lib_a-strtol.o)
 .debug_loc     0x000000000000ff09      0x3f4 /usr/local/m68k-elf/lib/libc.a(lib_a-strtoul.o)
 .debug_loc     0x00000000000102fd     0x2e8d /usr/local/m68k-elf/lib/libc.a(lib_a-svfprintf.o)
 .debug_loc     0x000000000001318a      0x19d /usr/local/m68k-elf/lib/libc.a(lib_a-ungetc.o)
 .debug_loc     0x0000000000013327     0x2094 /usr/local/m68k-elf/lib/libc.a(lib_a-vfiprintf.o)
 .debug_loc     0x00000000000153bb       0xcd /usr/local/m68k-elf/lib/libc.a(lib_a-wctomb_r.o)
 .debug_loc     0x0000000000015488      0x30b /usr/local/m68k-elf/lib/libc.a(lib_a-callocr.o)
 .debug_loc     0x0000000000015793      0x191 /usr/local/m68k-elf/lib/libc.a(lib_a-fputwc.o)
 .debug_loc     0x0000000000015924     0x1084 /usr/local/m68k-elf/lib/libc.a(lib_a-gdtoa-gethex.o)
 .debug_loc     0x00000000000169a8      0x54b /usr/local/m68k-elf/lib/libc.a(lib_a-gdtoa-hexnan.o)
 .debug_loc     0x0000000000016ef3       0x8e /usr/local/m68k-elf/lib/libc.a(lib_a-strncmp.o)
 .debug_loc     0x0000000000016f81     0x16f2 /usr/local/m68k-elf/lib/libc.a(lib_a-svfiprintf.o)
 .debug_loc     0x0000000000018673       0xab /usr/local/m68k-elf/lib/libc.a(lib_a-wbuf.o)
 .debug_loc     0x000000000001871e       0xf1 /usr/local/m68k-elf/lib/libc.a(lib_a-wcrtomb.o)
 .debug_loc     0x000000000001880f      0x6f4 /usr/local/lib/gcc/m68k-elf/5/libgcc.a(fpgnulib.o)
 .debug_loc     0x0000000000018f03      0x107 /usr/local/lib/gcc/m68k-elf/5/libgcc.a(xfgnulib.o)
 .debug_loc     0x000000000001900a       0x22 /usr/local/m68k-elf/lib/libidp.a(sbrk.o)
 .debug_loc     0x000000000001902c       0x42 /usr/local/m68k-elf/lib/libidp.a(mc68ec.o)

.debug_aranges  0x0000000000000000      0xb80
 .debug_aranges
                0x0000000000000000       0x20 csys68k.o
 .debug_aranges
                0x0000000000000020       0x20 mtk_c.o
 .debug_aranges
                0x0000000000000040       0x28 test3.o
 .debug_aranges
                0x0000000000000068       0x20 /usr/local/m68k-elf/lib/libc.a(lib_a-exit.o)
 .debug_aranges
                0x0000000000000088       0x20 /usr/local/m68k-elf/lib/libc.a(lib_a-fdopen.o)
 .debug_aranges
                0x00000000000000a8       0x20 /usr/local/m68k-elf/lib/libc.a(lib_a-findfp.o)
 .debug_aranges
                0x00000000000000c8       0x20 /usr/local/m68k-elf/lib/libc.a(lib_a-flags.o)
 .debug_aranges
                0x00000000000000e8       0x20 /usr/local/m68k-elf/lib/libc.a(lib_a-fprintf.o)
 .debug_aranges
                0x0000000000000108       0x20 /usr/local/m68k-elf/lib/libc.a(lib_a-fscanf.o)
 .debug_aranges
                0x0000000000000128       0x20 /usr/local/m68k-elf/lib/libc.a(lib_a-fwalk.o)
 .debug_aranges
                0x0000000000000148       0x20 /usr/local/m68k-elf/lib/libc.a(lib_a-fwrite.o)
 .debug_aranges
                0x0000000000000168       0x18 /usr/local/m68k-elf/lib/libc.a(lib_a-impure.o)
 .debug_aranges
                0x0000000000000180       0x20 /usr/local/m68k-elf/lib/libc.a(lib_a-mallocr.o)
 .debug_aranges
                0x00000000000001a0       0x20 /usr/local/m68k-elf/lib/libc.a(lib_a-memset.o)
 .debug_aranges
                0x00000000000001c0       0x20 /usr/local/m68k-elf/lib/libc.a(lib_a-mlock.o)
 .debug_aranges
                0x00000000000001e0       0x20 /usr/local/m68k-elf/lib/libc.a(lib_a-sbrkr.o)
 .debug_aranges
                0x0000000000000200       0x20 /usr/local/m68k-elf/lib/libc.a(lib_a-stdio.o)
 .debug_aranges
                0x0000000000000220       0x20 /usr/local/m68k-elf/lib/libc.a(lib_a-vfprintf.o)
 .debug_aranges
                0x0000000000000240       0x20 /usr/local/m68k-elf/lib/libc.a(lib_a-vfscanf.o)
 .debug_aranges
                0x0000000000000260       0x20 /usr/local/m68k-elf/lib/libc.a(lib_a-writer.o)
 .debug_aranges
                0x0000000000000280       0x20 /usr/local/m68k-elf/lib/libc.a(lib_a-wsetup.o)
 .debug_aranges
                0x00000000000002a0       0x20 /usr/local/m68k-elf/lib/libc.a(lib_a-__call_atexit.o)
 .debug_aranges
                0x00000000000002c0       0x20 /usr/local/m68k-elf/lib/libc.a(lib_a-closer.o)
 .debug_aranges
                0x00000000000002e0       0x20 /usr/local/m68k-elf/lib/libc.a(lib_a-dtoa.o)
 .debug_aranges
                0x0000000000000300       0x20 /usr/local/m68k-elf/lib/libc.a(lib_a-fclose.o)
 .debug_aranges
                0x0000000000000320       0x20 /usr/local/m68k-elf/lib/libc.a(lib_a-fflush.o)
 .debug_aranges
                0x0000000000000340       0x20 /usr/local/m68k-elf/lib/libc.a(lib_a-fread.o)
 .debug_aranges
                0x0000000000000360       0x20 /usr/local/m68k-elf/lib/libc.a(lib_a-freer.o)
 .debug_aranges
                0x0000000000000380       0x20 /usr/local/m68k-elf/lib/libc.a(lib_a-fvwrite.o)
 .debug_aranges
                0x00000000000003a0       0x20 /usr/local/m68k-elf/lib/libc.a(lib_a-iswspace.o)
 .debug_aranges
                0x00000000000003c0       0x20 /usr/local/m68k-elf/lib/libc.a(lib_a-locale.o)
 .debug_aranges
                0x00000000000003e0       0x20 /usr/local/m68k-elf/lib/libc.a(lib_a-localeconv.o)
 .debug_aranges
                0x0000000000000400       0x20 /usr/local/m68k-elf/lib/libc.a(lib_a-lseekr.o)
 .debug_aranges
                0x0000000000000420       0x20 /usr/local/m68k-elf/lib/libc.a(lib_a-makebuf.o)
 .debug_aranges
                0x0000000000000440       0x20 /usr/local/m68k-elf/lib/libc.a(lib_a-mbrtowc.o)
 .debug_aranges
                0x0000000000000460       0x20 /usr/local/m68k-elf/lib/libc.a(lib_a-mbtowc_r.o)
 .debug_aranges
                0x0000000000000480       0x20 /usr/local/m68k-elf/lib/libc.a(lib_a-memchr.o)
 .debug_aranges
                0x00000000000004a0       0x20 /usr/local/m68k-elf/lib/libc.a(lib_a-memcpy.o)
 .debug_aranges
                0x00000000000004c0       0x20 /usr/local/m68k-elf/lib/libc.a(lib_a-memmove.o)
 .debug_aranges
                0x00000000000004e0       0x20 /usr/local/m68k-elf/lib/libc.a(lib_a-mprec.o)
 .debug_aranges
                0x0000000000000500       0x20 /usr/local/m68k-elf/lib/libc.a(lib_a-readr.o)
 .debug_aranges
                0x0000000000000520       0x20 /usr/local/m68k-elf/lib/libc.a(lib_a-reallocr.o)
 .debug_aranges
                0x0000000000000540       0x20 /usr/local/m68k-elf/lib/libc.a(lib_a-reent.o)
 .debug_aranges
                0x0000000000000560       0x20 /usr/local/m68k-elf/lib/libc.a(lib_a-refill.o)
 .debug_aranges
                0x0000000000000580       0x20 /usr/local/m68k-elf/lib/libc.a(lib_a-sccl.o)
 .debug_aranges
                0x00000000000005a0       0x20 /usr/local/m68k-elf/lib/libc.a(lib_a-sf_nan.o)
 .debug_aranges
                0x00000000000005c0       0x20 /usr/local/m68k-elf/lib/libc.a(lib_a-sprintf.o)
 .debug_aranges
                0x00000000000005e0       0x20 /usr/local/m68k-elf/lib/libc.a(lib_a-strcmp.o)
 .debug_aranges
                0x0000000000000600       0x20 /usr/local/m68k-elf/lib/libc.a(lib_a-strlen.o)
 .debug_aranges
                0x0000000000000620       0x28 /usr/local/m68k-elf/lib/libc.a(lib_a-strtod.o)
 .debug_aranges
                0x0000000000000648       0x20 /usr/local/m68k-elf/lib/libc.a(lib_a-strtol.o)
 .debug_aranges
                0x0000000000000668       0x20 /usr/local/m68k-elf/lib/libc.a(lib_a-strtoul.o)
 .debug_aranges
                0x0000000000000688       0x20 /usr/local/m68k-elf/lib/libc.a(lib_a-svfprintf.o)
 .debug_aranges
                0x00000000000006a8       0x20 /usr/local/m68k-elf/lib/libc.a(lib_a-ungetc.o)
 .debug_aranges
                0x00000000000006c8       0x20 /usr/local/m68k-elf/lib/libc.a(lib_a-vfiprintf.o)
 .debug_aranges
                0x00000000000006e8       0x20 /usr/local/m68k-elf/lib/libc.a(lib_a-wctomb_r.o)
 .debug_aranges
                0x0000000000000708       0x20 /usr/local/m68k-elf/lib/libc.a(lib_a-callocr.o)
 .debug_aranges
                0x0000000000000728       0x18 /usr/local/m68k-elf/lib/libc.a(lib_a-ctype_.o)
 .debug_aranges
                0x0000000000000740       0x20 /usr/local/m68k-elf/lib/libc.a(lib_a-fputwc.o)
 .debug_aranges
                0x0000000000000760       0x20 /usr/local/m68k-elf/lib/libc.a(lib_a-fstatr.o)
 .debug_aranges
                0x0000000000000780       0x20 /usr/local/m68k-elf/lib/libc.a(lib_a-gdtoa-gethex.o)
 .debug_aranges
                0x00000000000007a0       0x20 /usr/local/m68k-elf/lib/libc.a(lib_a-gdtoa-hexnan.o)
 .debug_aranges
                0x00000000000007c0       0x20 /usr/local/m68k-elf/lib/libc.a(lib_a-isattyr.o)
 .debug_aranges
                0x00000000000007e0       0x20 /usr/local/m68k-elf/lib/libc.a(lib_a-strncmp.o)
 .debug_aranges
                0x0000000000000800       0x20 /usr/local/m68k-elf/lib/libc.a(lib_a-svfiprintf.o)
 .debug_aranges
                0x0000000000000820       0x20 /usr/local/m68k-elf/lib/libc.a(lib_a-wbuf.o)
 .debug_aranges
                0x0000000000000840       0x20 /usr/local/m68k-elf/lib/libc.a(lib_a-wcrtomb.o)
 .debug_aranges
                0x0000000000000860       0x20 /usr/local/lib/gcc/m68k-elf/5/libgcc.a(_mulsi3.o)
 .debug_aranges
                0x0000000000000880       0x20 /usr/local/lib/gcc/m68k-elf/5/libgcc.a(_udivsi3.o)
 .debug_aranges
                0x00000000000008a0       0x20 /usr/local/lib/gcc/m68k-elf/5/libgcc.a(_divsi3.o)
 .debug_aranges
                0x00000000000008c0       0x20 /usr/local/lib/gcc/m68k-elf/5/libgcc.a(_umodsi3.o)
 .debug_aranges
                0x00000000000008e0       0x20 /usr/local/lib/gcc/m68k-elf/5/libgcc.a(_modsi3.o)
 .debug_aranges
                0x0000000000000900       0x20 /usr/local/lib/gcc/m68k-elf/5/libgcc.a(_double.o)
 .debug_aranges
                0x0000000000000920       0x20 /usr/local/lib/gcc/m68k-elf/5/libgcc.a(_floatex.o)
 .debug_aranges
                0x0000000000000940       0x20 /usr/local/lib/gcc/m68k-elf/5/libgcc.a(_eqdf2.o)
 .debug_aranges
                0x0000000000000960       0x20 /usr/local/lib/gcc/m68k-elf/5/libgcc.a(_nedf2.o)
 .debug_aranges
                0x0000000000000980       0x20 /usr/local/lib/gcc/m68k-elf/5/libgcc.a(_gtdf2.o)
 .debug_aranges
                0x00000000000009a0       0x20 /usr/local/lib/gcc/m68k-elf/5/libgcc.a(_gedf2.o)
 .debug_aranges
                0x00000000000009c0       0x20 /usr/local/lib/gcc/m68k-elf/5/libgcc.a(_ltdf2.o)
 .debug_aranges
                0x00000000000009e0       0x20 /usr/local/lib/gcc/m68k-elf/5/libgcc.a(_ledf2.o)
 .debug_aranges
                0x0000000000000a00       0x20 /usr/local/lib/gcc/m68k-elf/5/libgcc.a(_lesf2.o)
 .debug_aranges
                0x0000000000000a20       0x20 /usr/local/lib/gcc/m68k-elf/5/libgcc.a(_fixunsdfsi.o)
 .debug_aranges
                0x0000000000000a40       0x20 /usr/local/lib/gcc/m68k-elf/5/libgcc.a(fpgnulib.o)
 .debug_aranges
                0x0000000000000a60       0x20 /usr/local/lib/gcc/m68k-elf/5/libgcc.a(xfgnulib.o)
 .debug_aranges
                0x0000000000000a80       0x20 /usr/local/lib/gcc/m68k-elf/5/libgcc.a(_float.o)
 .debug_aranges
                0x0000000000000aa0       0x20 /usr/local/m68k-elf/lib/libidp.a(close.o)
 .debug_aranges
                0x0000000000000ac0       0x20 /usr/local/m68k-elf/lib/libidp.a(fstat.o)
 .debug_aranges
                0x0000000000000ae0       0x20 /usr/local/m68k-elf/lib/libidp.a(isatty.o)
 .debug_aranges
                0x0000000000000b00       0x20 /usr/local/m68k-elf/lib/libidp.a(lseek.o)
 .debug_aranges
                0x0000000000000b20       0x20 /usr/local/m68k-elf/lib/libidp.a(sbrk.o)
 .debug_aranges
                0x0000000000000b40       0x20 /usr/local/m68k-elf/lib/libidp.a(mc68ec.o)
 .debug_aranges
                0x0000000000000b60       0x20 /usr/local/m68k-elf/lib/libc.a(lib_a-errno.o)

.debug_line     0x0000000000000000     0xac57
 .debug_line    0x0000000000000000       0xc9 csys68k.o
 .debug_line    0x00000000000000c9      0x183 mtk_c.o
 .debug_line    0x000000000000024c      0x114 test3.o
 .debug_line    0x0000000000000360      0x157 /usr/local/m68k-elf/lib/libc.a(lib_a-exit.o)
 .debug_line    0x00000000000004b7      0x15f /usr/local/m68k-elf/lib/libc.a(lib_a-fdopen.o)
 .debug_line    0x0000000000000616      0x213 /usr/local/m68k-elf/lib/libc.a(lib_a-findfp.o)
 .debug_line    0x0000000000000829      0x122 /usr/local/m68k-elf/lib/libc.a(lib_a-flags.o)
 .debug_line    0x000000000000094b      0x14f /usr/local/m68k-elf/lib/libc.a(lib_a-fprintf.o)
 .debug_line    0x0000000000000a9a      0x152 /usr/local/m68k-elf/lib/libc.a(lib_a-fscanf.o)
 .debug_line    0x0000000000000bec      0x16b /usr/local/m68k-elf/lib/libc.a(lib_a-fwalk.o)
 .debug_line    0x0000000000000d57      0x180 /usr/local/m68k-elf/lib/libc.a(lib_a-fwrite.o)
 .debug_line    0x0000000000000ed7       0xee /usr/local/m68k-elf/lib/libc.a(lib_a-impure.o)
 .debug_line    0x0000000000000fc5      0x2f5 /usr/local/m68k-elf/lib/libc.a(lib_a-mallocr.o)
 .debug_line    0x00000000000012ba       0x9d /usr/local/m68k-elf/lib/libc.a(lib_a-memset.o)
 .debug_line    0x0000000000001357       0xff /usr/local/m68k-elf/lib/libc.a(lib_a-mlock.o)
 .debug_line    0x0000000000001456      0x144 /usr/local/m68k-elf/lib/libc.a(lib_a-sbrkr.o)
 .debug_line    0x000000000000159a      0x17f /usr/local/m68k-elf/lib/libc.a(lib_a-stdio.o)
 .debug_line    0x0000000000001719      0x995 /usr/local/m68k-elf/lib/libc.a(lib_a-vfprintf.o)
 .debug_line    0x00000000000020ae      0x7b5 /usr/local/m68k-elf/lib/libc.a(lib_a-vfscanf.o)
 .debug_line    0x0000000000002863      0x151 /usr/local/m68k-elf/lib/libc.a(lib_a-writer.o)
 .debug_line    0x00000000000029b4      0x1ba /usr/local/m68k-elf/lib/libc.a(lib_a-wsetup.o)
 .debug_line    0x0000000000002b6e      0x199 /usr/local/m68k-elf/lib/libc.a(lib_a-__call_atexit.o)
 .debug_line    0x0000000000002d07      0x151 /usr/local/m68k-elf/lib/libc.a(lib_a-closer.o)
 .debug_line    0x0000000000002e58      0x6aa /usr/local/m68k-elf/lib/libc.a(lib_a-dtoa.o)
 .debug_line    0x0000000000003502      0x189 /usr/local/m68k-elf/lib/libc.a(lib_a-fclose.o)
 .debug_line    0x000000000000368b      0x20b /usr/local/m68k-elf/lib/libc.a(lib_a-fflush.o)
 .debug_line    0x0000000000003896      0x1f1 /usr/local/m68k-elf/lib/libc.a(lib_a-fread.o)
 .debug_line    0x0000000000003a87      0x206 /usr/local/m68k-elf/lib/libc.a(lib_a-freer.o)
 .debug_line    0x0000000000003c8d      0x27b /usr/local/m68k-elf/lib/libc.a(lib_a-fvwrite.o)
 .debug_line    0x0000000000003f08      0x1bf /usr/local/m68k-elf/lib/libc.a(lib_a-iswspace.o)
 .debug_line    0x00000000000040c7      0x1c0 /usr/local/m68k-elf/lib/libc.a(lib_a-locale.o)
 .debug_line    0x0000000000004287      0x18e /usr/local/m68k-elf/lib/libc.a(lib_a-localeconv.o)
 .debug_line    0x0000000000004415      0x151 /usr/local/m68k-elf/lib/libc.a(lib_a-lseekr.o)
 .debug_line    0x0000000000004566      0x216 /usr/local/m68k-elf/lib/libc.a(lib_a-makebuf.o)
 .debug_line    0x000000000000477c      0x22a /usr/local/m68k-elf/lib/libc.a(lib_a-mbrtowc.o)
 .debug_line    0x00000000000049a6      0x1e0 /usr/local/m68k-elf/lib/libc.a(lib_a-mbtowc_r.o)
 .debug_line    0x0000000000004b86      0x115 /usr/local/m68k-elf/lib/libc.a(lib_a-memchr.o)
 .debug_line    0x0000000000004c9b       0x99 /usr/local/m68k-elf/lib/libc.a(lib_a-memcpy.o)
 .debug_line    0x0000000000004d34      0x1e5 /usr/local/m68k-elf/lib/libc.a(lib_a-memmove.o)
 .debug_line    0x0000000000004f19      0x540 /usr/local/m68k-elf/lib/libc.a(lib_a-mprec.o)
 .debug_line    0x0000000000005459      0x150 /usr/local/m68k-elf/lib/libc.a(lib_a-readr.o)
 .debug_line    0x00000000000055a9      0x2a6 /usr/local/m68k-elf/lib/libc.a(lib_a-reallocr.o)
 .debug_line    0x000000000000584f      0x16d /usr/local/m68k-elf/lib/libc.a(lib_a-reent.o)
 .debug_line    0x00000000000059bc      0x1cb /usr/local/m68k-elf/lib/libc.a(lib_a-refill.o)
 .debug_line    0x0000000000005b87      0x14f /usr/local/m68k-elf/lib/libc.a(lib_a-sccl.o)
 .debug_line    0x0000000000005cd6       0xae /usr/local/m68k-elf/lib/libc.a(lib_a-sf_nan.o)
 .debug_line    0x0000000000005d84      0x165 /usr/local/m68k-elf/lib/libc.a(lib_a-sprintf.o)
 .debug_line    0x0000000000005ee9       0xcf /usr/local/m68k-elf/lib/libc.a(lib_a-strcmp.o)
 .debug_line    0x0000000000005fb8       0xf3 /usr/local/m68k-elf/lib/libc.a(lib_a-strlen.o)
 .debug_line    0x00000000000060ab      0x6a1 /usr/local/m68k-elf/lib/libc.a(lib_a-strtod.o)
 .debug_line    0x000000000000674c      0x25f /usr/local/m68k-elf/lib/libc.a(lib_a-strtol.o)
 .debug_line    0x00000000000069ab      0x258 /usr/local/m68k-elf/lib/libc.a(lib_a-strtoul.o)
 .debug_line    0x0000000000006c03      0x96e /usr/local/m68k-elf/lib/libc.a(lib_a-svfprintf.o)
 .debug_line    0x0000000000007571      0x1e3 /usr/local/m68k-elf/lib/libc.a(lib_a-ungetc.o)
 .debug_line    0x0000000000007754      0x6e7 /usr/local/m68k-elf/lib/libc.a(lib_a-vfiprintf.o)
 .debug_line    0x0000000000007e3b      0x1d6 /usr/local/m68k-elf/lib/libc.a(lib_a-wctomb_r.o)
 .debug_line    0x0000000000008011      0x133 /usr/local/m68k-elf/lib/libc.a(lib_a-callocr.o)
 .debug_line    0x0000000000008144      0x150 /usr/local/m68k-elf/lib/libc.a(lib_a-ctype_.o)
 .debug_line    0x0000000000008294      0x1c8 /usr/local/m68k-elf/lib/libc.a(lib_a-fputwc.o)
 .debug_line    0x000000000000845c      0x1b7 /usr/local/m68k-elf/lib/libc.a(lib_a-fstatr.o)
 .debug_line    0x0000000000008613      0x3b8 /usr/local/m68k-elf/lib/libc.a(lib_a-gdtoa-gethex.o)
 .debug_line    0x00000000000089cb      0x23a /usr/local/m68k-elf/lib/libc.a(lib_a-gdtoa-hexnan.o)
 .debug_line    0x0000000000008c05      0x152 /usr/local/m68k-elf/lib/libc.a(lib_a-isattyr.o)
 .debug_line    0x0000000000008d57      0x11c /usr/local/m68k-elf/lib/libc.a(lib_a-strncmp.o)
 .debug_line    0x0000000000008e73      0x68c /usr/local/m68k-elf/lib/libc.a(lib_a-svfiprintf.o)
 .debug_line    0x00000000000094ff      0x1b7 /usr/local/m68k-elf/lib/libc.a(lib_a-wbuf.o)
 .debug_line    0x00000000000096b6      0x22a /usr/local/m68k-elf/lib/libc.a(lib_a-wcrtomb.o)
 .debug_line    0x00000000000098e0       0x6a /usr/local/lib/gcc/m68k-elf/5/libgcc.a(_mulsi3.o)
 .debug_line    0x000000000000994a       0x83 /usr/local/lib/gcc/m68k-elf/5/libgcc.a(_udivsi3.o)
 .debug_line    0x00000000000099cd       0x72 /usr/local/lib/gcc/m68k-elf/5/libgcc.a(_divsi3.o)
 .debug_line    0x0000000000009a3f       0x6e /usr/local/lib/gcc/m68k-elf/5/libgcc.a(_umodsi3.o)
 .debug_line    0x0000000000009aad       0x6e /usr/local/lib/gcc/m68k-elf/5/libgcc.a(_modsi3.o)
 .debug_line    0x0000000000009b1b      0x3e1 /usr/local/lib/gcc/m68k-elf/5/libgcc.a(_double.o)
 .debug_line    0x0000000000009efc       0x79 /usr/local/lib/gcc/m68k-elf/5/libgcc.a(_floatex.o)
 .debug_line    0x0000000000009f75       0x68 /usr/local/lib/gcc/m68k-elf/5/libgcc.a(_eqdf2.o)
 .debug_line    0x0000000000009fdd       0x68 /usr/local/lib/gcc/m68k-elf/5/libgcc.a(_nedf2.o)
 .debug_line    0x000000000000a045       0x68 /usr/local/lib/gcc/m68k-elf/5/libgcc.a(_gtdf2.o)
 .debug_line    0x000000000000a0ad       0x68 /usr/local/lib/gcc/m68k-elf/5/libgcc.a(_gedf2.o)
 .debug_line    0x000000000000a115       0x68 /usr/local/lib/gcc/m68k-elf/5/libgcc.a(_ltdf2.o)
 .debug_line    0x000000000000a17d       0x68 /usr/local/lib/gcc/m68k-elf/5/libgcc.a(_ledf2.o)
 .debug_line    0x000000000000a1e5       0x66 /usr/local/lib/gcc/m68k-elf/5/libgcc.a(_lesf2.o)
 .debug_line    0x000000000000a24b       0x67 /usr/local/lib/gcc/m68k-elf/5/libgcc.a(_fixunsdfsi.o)
 .debug_line    0x000000000000a2b2      0x158 /usr/local/lib/gcc/m68k-elf/5/libgcc.a(fpgnulib.o)
 .debug_line    0x000000000000a40a       0xcd /usr/local/lib/gcc/m68k-elf/5/libgcc.a(xfgnulib.o)
 .debug_line    0x000000000000a4d7      0x2cb /usr/local/lib/gcc/m68k-elf/5/libgcc.a(_float.o)
 .debug_line    0x000000000000a7a2       0x6b /usr/local/m68k-elf/lib/libidp.a(close.o)
 .debug_line    0x000000000000a80d      0x122 /usr/local/m68k-elf/lib/libidp.a(fstat.o)
 .debug_line    0x000000000000a92f       0x6c /usr/local/m68k-elf/lib/libidp.a(isatty.o)
 .debug_line    0x000000000000a99b       0xc5 /usr/local/m68k-elf/lib/libidp.a(lseek.o)
 .debug_line    0x000000000000aa60       0x7e /usr/local/m68k-elf/lib/libidp.a(sbrk.o)
 .debug_line    0x000000000000aade       0x71 /usr/local/m68k-elf/lib/libidp.a(mc68ec.o)
 .debug_line    0x000000000000ab4f      0x108 /usr/local/m68k-elf/lib/libc.a(lib_a-errno.o)

.debug_str      0x0000000000000000    0x1b4a2
 .debug_str     0x0000000000000000      0x132 csys68k.o
 .debug_str     0x0000000000000132      0x658 mtk_c.o
 .debug_str     0x000000000000078a      0x5df test3.o
 .debug_str     0x0000000000000d69      0x53a /usr/local/m68k-elf/lib/libc.a(lib_a-exit.o)
 .debug_str     0x00000000000012a3      0x549 /usr/local/m68k-elf/lib/libc.a(lib_a-fdopen.o)
 .debug_str     0x00000000000017ec      0x67b /usr/local/m68k-elf/lib/libc.a(lib_a-findfp.o)
 .debug_str     0x0000000000001e67      0x524 /usr/local/m68k-elf/lib/libc.a(lib_a-flags.o)
 .debug_str     0x000000000000238b      0x560 /usr/local/m68k-elf/lib/libc.a(lib_a-fprintf.o)
 .debug_str     0x00000000000028eb      0x55c /usr/local/m68k-elf/lib/libc.a(lib_a-fscanf.o)
 .debug_str     0x0000000000002e47      0x542 /usr/local/m68k-elf/lib/libc.a(lib_a-fwalk.o)
 .debug_str     0x0000000000003389      0x59b /usr/local/m68k-elf/lib/libc.a(lib_a-fwrite.o)
 .debug_str     0x0000000000003924      0x531 /usr/local/m68k-elf/lib/libc.a(lib_a-impure.o)
 .debug_str     0x0000000000003e55      0x73a /usr/local/m68k-elf/lib/libc.a(lib_a-mallocr.o)
 .debug_str     0x000000000000458f       0x8e /usr/local/m68k-elf/lib/libc.a(lib_a-memset.o)
 .debug_str     0x000000000000461d      0x530 /usr/local/m68k-elf/lib/libc.a(lib_a-mlock.o)
 .debug_str     0x0000000000004b4d      0x527 /usr/local/m68k-elf/lib/libc.a(lib_a-sbrkr.o)
 .debug_str     0x0000000000005074      0x588 /usr/local/m68k-elf/lib/libc.a(lib_a-stdio.o)
 .debug_str     0x00000000000055fc      0xa76 /usr/local/m68k-elf/lib/libc.a(lib_a-vfprintf.o)
 .debug_str     0x0000000000006072      0xa58 /usr/local/m68k-elf/lib/libc.a(lib_a-vfscanf.o)
 .debug_str     0x0000000000006aca      0x522 /usr/local/m68k-elf/lib/libc.a(lib_a-writer.o)
 .debug_str     0x0000000000006fec      0x550 /usr/local/m68k-elf/lib/libc.a(lib_a-wsetup.o)
 .debug_str     0x000000000000753c      0x569 /usr/local/m68k-elf/lib/libc.a(lib_a-__call_atexit.o)
 .debug_str     0x0000000000007aa5      0x51b /usr/local/m68k-elf/lib/libc.a(lib_a-closer.o)
 .debug_str     0x0000000000007fc0      0x96d /usr/local/m68k-elf/lib/libc.a(lib_a-dtoa.o)
 .debug_str     0x000000000000892d      0x57e /usr/local/m68k-elf/lib/libc.a(lib_a-fclose.o)
 .debug_str     0x0000000000008eab      0x591 /usr/local/m68k-elf/lib/libc.a(lib_a-fflush.o)
 .debug_str     0x000000000000943c      0x58c /usr/local/m68k-elf/lib/libc.a(lib_a-fread.o)
 .debug_str     0x00000000000099c8      0x684 /usr/local/m68k-elf/lib/libc.a(lib_a-freer.o)
 .debug_str     0x000000000000a04c      0x5c7 /usr/local/m68k-elf/lib/libc.a(lib_a-fvwrite.o)
 .debug_str     0x000000000000a613      0x82f /usr/local/m68k-elf/lib/libc.a(lib_a-iswspace.o)
 .debug_str     0x000000000000ae42      0x8b3 /usr/local/m68k-elf/lib/libc.a(lib_a-locale.o)
 .debug_str     0x000000000000b6f5      0x883 /usr/local/m68k-elf/lib/libc.a(lib_a-localeconv.o)
 .debug_str     0x000000000000bf78      0x522 /usr/local/m68k-elf/lib/libc.a(lib_a-lseekr.o)
 .debug_str     0x000000000000c49a      0x6c7 /usr/local/m68k-elf/lib/libc.a(lib_a-makebuf.o)
 .debug_str     0x000000000000cb61      0x85d /usr/local/m68k-elf/lib/libc.a(lib_a-mbrtowc.o)