Archive member included to satisfy reference by file (symbol)

/usr/local/m68k-elf/lib/libc.a(lib_a-exit.o)
                              crt0.o (exit)
/usr/local/m68k-elf/lib/libc.a(lib_a-fdopen.o)
                              test3.o (fdopen)
/usr/local/m68k-elf/lib/libc.a(lib_a-findfp.o)
                              /usr/local/m68k-elf/lib/libc.a(lib_a-fdopen.o) (__sfp)
/usr/local/m68k-elf/lib/libc.a(lib_a-flags.o)
                              /usr/local/m68k-elf/lib/libc.a(lib_a-fdopen.o) (__sflags)
/usr/local/m68k-elf/lib/libc.a(lib_a-fprintf.o)
                              test3.o (fprintf)
/usr/local/m68k-elf/lib/libc.a(lib_a-fputc.o)
                              test3.o (fputc)
/usr/local/m68k-elf/lib/libc.a(lib_a-fscanf.o)
                              test3.o (fscanf)
/usr/local/m68k-elf/lib/libc.a(lib_a-fwalk.o)
                              /usr/local/m68k-elf/lib/libc.a(lib_a-findfp.o) (_fwalk)
/usr/local/m68k-elf/lib/libc.a(lib_a-fwrite.o)
                              test3.o (fwrite)
/usr/local/m68k-elf/lib/libc.a(lib_a-impure.o)
                              /usr/local/m68k-elf/lib/libc.a(lib_a-exit.o) (_global_impure_ptr)
/usr/local/m68k-elf/lib/libc.a(lib_a-mallocr.o)
                              /usr/local/m68k-elf/lib/libc.a(lib_a-findfp.o) (_malloc_r)
/usr/local/m68k-elf/lib/libc.a(lib_a-memset.o)
                              /usr/local/m68k-elf/lib/libc.a(lib_a-findfp.o) (memset)
/usr/local/m68k-elf/lib/libc.a(lib_a-mlock.o)
                              /usr/local/m68k-elf/lib/libc.a(lib_a-mallocr.o) (__malloc_lock)
/usr/local/m68k-elf/lib/libc.a(lib_a-putc.o)
                              /usr/local/m68k-elf/lib/libc.a(lib_a-fputc.o) (_putc_r)
/usr/local/m68k-elf/lib/libc.a(lib_a-rand.o)
                              test3.o (rand)
/usr/local/m68k-elf/lib/libc.a(lib_a-sbrkr.o)
                              /usr/local/m68k-elf/lib/libc.a(lib_a-mallocr.o) (_sbrk_r)
/usr/local/m68k-elf/lib/libc.a(lib_a-scanf.o)
                              test3.o (scanf)
/usr/local/m68k-elf/lib/libc.a(lib_a-sprintf.o)
                              test3.o (sprintf)
/usr/local/m68k-elf/lib/libc.a(lib_a-stdio.o)
                              /usr/local/m68k-elf/lib/libc.a(lib_a-fdopen.o) (__sread)
/usr/local/m68k-elf/lib/libc.a(lib_a-strncmp.o)
                              test3.o (strncmp)
/usr/local/m68k-elf/lib/libc.a(lib_a-svfprintf.o)
                              /usr/local/m68k-elf/lib/libc.a(lib_a-sprintf.o) (_svfprintf_r)
/usr/local/m68k-elf/lib/libc.a(lib_a-vfprintf.o)
                              /usr/local/m68k-elf/lib/libc.a(lib_a-fprintf.o) (_vfprintf_r)
/usr/local/m68k-elf/lib/libc.a(lib_a-vfscanf.o)
                              /usr/local/m68k-elf/lib/libc.a(lib_a-fscanf.o) (_vfscanf_r)
/usr/local/m68k-elf/lib/libc.a(lib_a-wbuf.o)
                              /usr/local/m68k-elf/lib/libc.a(lib_a-putc.o) (__swbuf_r)
/usr/local/m68k-elf/lib/libc.a(lib_a-writer.o)
                              /usr/local/m68k-elf/lib/libc.a(lib_a-stdio.o) (_write_r)
/usr/local/m68k-elf/lib/libc.a(lib_a-wsetup.o)
                              /usr/local/m68k-elf/lib/libc.a(lib_a-vfprintf.o) (__swsetup_r)
/usr/local/m68k-elf/lib/libc.a(lib_a-__call_atexit.o)
                              /usr/local/m68k-elf/lib/libc.a(lib_a-exit.o) (__call_exitprocs)
/usr/local/m68k-elf/lib/libc.a(lib_a-closer.o)
                              /usr/local/m68k-elf/lib/libc.a(lib_a-stdio.o) (_close_r)
/usr/local/m68k-elf/lib/libc.a(lib_a-dtoa.o)
                              /usr/local/m68k-elf/lib/libc.a(lib_a-svfprintf.o) (_dtoa_r)
/usr/local/m68k-elf/lib/libc.a(lib_a-fclose.o)
                              /usr/local/m68k-elf/lib/libc.a(lib_a-findfp.o) (_fclose_r)
/usr/local/m68k-elf/lib/libc.a(lib_a-fflush.o)
                              /usr/local/m68k-elf/lib/libc.a(lib_a-fclose.o) (__sflush_r)
/usr/local/m68k-elf/lib/libc.a(lib_a-fread.o)
                              /usr/local/m68k-elf/lib/libc.a(lib_a-vfscanf.o) (_fread_r)
/usr/local/m68k-elf/lib/libc.a(lib_a-freer.o)
                              /usr/local/m68k-elf/lib/libc.a(lib_a-mallocr.o) (_free_r)
/usr/local/m68k-elf/lib/libc.a(lib_a-fvwrite.o)
                              /usr/local/m68k-elf/lib/libc.a(lib_a-fwrite.o) (__sfvwrite_r)
/usr/local/m68k-elf/lib/libc.a(lib_a-iswspace.o)
                              /usr/local/m68k-elf/lib/libc.a(lib_a-vfscanf.o) (iswspace)
/usr/local/m68k-elf/lib/libc.a(lib_a-locale.o)
                              /usr/local/m68k-elf/lib/libc.a(lib_a-vfscanf.o) (__locale_mb_cur_max)
/usr/local/m68k-elf/lib/libc.a(lib_a-localeconv.o)
                              /usr/local/m68k-elf/lib/libc.a(lib_a-svfprintf.o) (_localeconv_r)
/usr/local/m68k-elf/lib/libc.a(lib_a-lseekr.o)
                              /usr/local/m68k-elf/lib/libc.a(lib_a-stdio.o) (_lseek_r)
/usr/local/m68k-elf/lib/libc.a(lib_a-makebuf.o)
                              /usr/local/m68k-elf/lib/libc.a(lib_a-wsetup.o) (__smakebuf_r)
[...]
Memory Configuration

Name             Origin             Length             Attributes
ram              0x0000000000000000 0x0000000000040000 xrw
rom0             0x0000000000c00000 0x0000000000080000
device           0x0000000000fff000 0x0000000000001000
*default*        0x0000000000000000 0xffffffffffffffff

Linker script and memory map

LOAD crt0.o
LOAD mon.o
LOAD csys68k.o
LOAD inchrw.o
LOAD mtk_asm.o
LOAD mtk_c.o
LOAD outchr.o
LOAD test3.o
START GROUP
LOAD /usr/local/m68k-elf/lib/libidp.a
LOAD /usr/local/m68k-elf/lib/libc.a
LOAD /usr/local/lib/gcc/m68k-elf/5/libgcc.a
END GROUP
                0x0000000000000000                __DYNAMIC = 0x0
                0x000000000003fff0                PROVIDE (__stack = 0x3fff0)
                0x0000000000000000                PROVIDE (hardware_init_hook = 0x0)
                [!provide]                        PROVIDE (_hardware_init_hook = 0x0)
                0x0000000000000000                PROVIDE (software_init_hook = 0x0)
                [!provide]                        PROVIDE (_software_init_hook = 0x0)

.vector
 *(.vector)

.text           0x0000000000000400    0x13ea3
                0x0000000000000400                __text_start = .
 *(.text)
 .text          0x0000000000000400       0x90 crt0.o
                0x000000000000043c                start
 .text          0x0000000000000490      0x48e mon.o
                0x0000000000000490                monitor_begin
 *fill*         0x000000000000091e        0x2 
 .text          0x0000000000000920      0x17c csys68k.o
                0x0000000000000920                read
                0x0000000000000a0a                write
                0x0000000000000a8c                fcntl
 .text          0x0000000000000a9c       0x28 inchrw.o
                0x0000000000000a9c                inbyte
 .text          0x0000000000000ac4      0x126 mtk_asm.o
                0x0000000000000ac4                swtch
                0x0000000000000b0c                pv_handler
                0x0000000000000b4c                P
                0x0000000000000b5e                V
                0x0000000000000b70                hard_clock
                0x0000000000000ba2                init_timer
                0x0000000000000bbe                first_task
 *fill*         0x0000000000000bea        0x2 
 .text          0x0000000000000bec      0x43c mtk_c.o
                0x0000000000000bec                init_kernel
                0x0000000000000c46                set_task
                0x0000000000000d76                init_stack
                0x0000000000000dbc                begin_sch
                0x0000000000000dee                removeq
                0x0000000000000e0c                sched
                0x0000000000000e38                addq
                0x0000000000000e74                sleep
                0x0000000000000f04                wakeup
                0x0000000000000f76                p_body
                0x0000000000000f9c                v_body
 .text          0x0000000000001028       0x2a outchr.o
                0x0000000000001028                outbyte
 *fill*         0x0000000000001052        0x2 
 .text          0x0000000000001054      0x9dc test3.o
                0x0000000000001054                task1
                0x0000000000001172                init_file
                0x00000000000011ca                show
                0x00000000000014a4                task0
 .text          0x0000000000001a30       0x34 /usr/local/m68k-elf/lib/libc.a(lib_a-exit.o)
                0x0000000000001a30                exit
 .text          0x0000000000001a64       0x96 /usr/local/m68k-elf/lib/libc.a(lib_a-fdopen.o)
                0x0000000000001a64                _fdopen_r
                0x0000000000001ae0                fdopen
 *fill*         0x0000000000001afa        0x2 
 .text          0x0000000000001afc      0x338 /usr/local/m68k-elf/lib/libc.a(lib_a-findfp.o)
                0x0000000000001b06                _cleanup_r
                0x0000000000001c76                __sfmoreglue
                0x0000000000001cda                __sfp
                0x0000000000001dac                _cleanup
                0x0000000000001dc8                __sinit
                0x0000000000001de0                __sfp_lock_acquire
                0x0000000000001de8                __sfp_lock_release
                0x0000000000001df0                __sinit_lock_acquire
                0x0000000000001df8                __sinit_lock_release
                0x0000000000001e00                __fp_lock_all
                0x0000000000001e1a                __fp_unlock_all
 .text          0x0000000000001e34       0x92 /usr/local/m68k-elf/lib/libc.a(lib_a-flags.o)
                0x0000000000001e34                __sflags
 *fill*         0x0000000000001ec6        0x2 
 .text          0x0000000000001ec8       0x3e /usr/local/m68k-elf/lib/libc.a(lib_a-fprintf.o)
                0x0000000000001ec8                _fprintf_r
                0x0000000000001ee6                fprintf
 *fill*         0x0000000000001f06        0x2 
 .text          0x0000000000001f08       0xb0 /usr/local/m68k-elf/lib/libc.a(lib_a-fputc.o)
                0x0000000000001f08                _fputc_r
                0x0000000000001f66                fputc
 .text          0x0000000000001fb8       0x3e /usr/local/m68k-elf/lib/libc.a(lib_a-fscanf.o)
                0x0000000000001fb8                fscanf
                0x0000000000001fd8                _fscanf_r
 *fill*         0x0000000000001ff6        0x2 
 .text          0x0000000000001ff8       0xc8 /usr/local/m68k-elf/lib/libc.a(lib_a-fwalk.o)
                0x0000000000001ff8                _fwalk
                0x000000000000205a                _fwalk_reent
 .text          0x00000000000020c0       0xd6 /usr/local/m68k-elf/lib/libc.a(lib_a-fwrite.o)
                0x00000000000020c0                _fwrite_r
                0x0000000000002174                fwrite
 *fill*         0x0000000000002196        0x2 
 .text          0x0000000000002198        0x0 /usr/local/m68k-elf/lib/libc.a(lib_a-impure.o)
 .text          0x0000000000002198      0x80a /usr/local/m68k-elf/lib/libc.a(lib_a-mallocr.o)
                0x0000000000002198                _malloc_r
 *fill*         0x00000000000029a2        0x2 
 .text          0x00000000000029a4       0x72 /usr/local/m68k-elf/lib/libc.a(lib_a-memset.o)
                0x00000000000029a4                memset
 *fill*         0x0000000000002a16        0x2 
 .text          0x0000000000002a18       0x10 /usr/local/m68k-elf/lib/libc.a(lib_a-mlock.o)
                0x0000000000002a18                __malloc_lock
                0x0000000000002a20                __malloc_unlock
 .text          0x0000000000002a28      0x116 /usr/local/m68k-elf/lib/libc.a(lib_a-putc.o)
                0x0000000000002a28                _putc_r
                0x0000000000002aae                putc
 *fill*         0x0000000000002b3e        0x2 
 .text          0x0000000000002b40       0x62 /usr/local/m68k-elf/lib/libc.a(lib_a-rand.o)
                0x0000000000002b40                srand
                0x0000000000002b58                rand
 *fill*         0x0000000000002ba2        0x2 
 .text          0x0000000000002ba4       0x32 /usr/local/m68k-elf/lib/libc.a(lib_a-sbrkr.o)
                0x0000000000002ba4                _sbrk_r
 *fill*         0x0000000000002bd6        0x2 
 .text          0x0000000000002bd8       0x42 /usr/local/m68k-elf/lib/libc.a(lib_a-scanf.o)
                0x0000000000002bd8                scanf
                0x0000000000002bfa                _scanf_r
 *fill*         0x0000000000002c1a        0x2 
 .text          0x0000000000002c1c       0x9a /usr/local/m68k-elf/lib/libc.a(lib_a-sprintf.o)
                0x0000000000002c1c                _sprintf_r
                0x0000000000002c68                sprintf
 *fill*         0x0000000000002cb6        0x2 
 .text          0x0000000000002cb8      0x144 /usr/local/m68k-elf/lib/libc.a(lib_a-stdio.o)
                0x0000000000002cb8                __sread
                0x0000000000002cfc                __seofread
                0x0000000000002d06                __swrite
                0x0000000000002d98                __sseek
                0x0000000000002de4                __sclose
 .text          0x0000000000002dfc       0x9e /usr/local/m68k-elf/lib/libc.a(lib_a-strncmp.o)
                0x0000000000002dfc                strncmp
 *fill*         0x0000000000002e9a        0x2 
 .text          0x0000000000002e9c     0x1dc0 /usr/local/m68k-elf/lib/libc.a(lib_a-svfprintf.o)
                0x0000000000002e9c                _svfprintf_r
 .text          0x0000000000004c5c     0x1e20 /usr/local/m68k-elf/lib/libc.a(lib_a-vfprintf.o)
                0x0000000000004c5c                _vfprintf_r
                0x00000000000069c0                vfprintf
 .text          0x0000000000006a7c     0x1606 /usr/local/m68k-elf/lib/libc.a(lib_a-vfscanf.o)
                0x0000000000006a7c                __svfscanf_r
                0x0000000000007fa8                vfscanf
                0x0000000000007ffe                __svfscanf
                0x000000000000801c                _vfscanf_r
 *fill*         0x0000000000008082        0x2 
 .text          0x0000000000008084      0x14c /usr/local/m68k-elf/lib/libc.a(lib_a-wbuf.o)
                0x0000000000008084                __swbuf_r
                0x00000000000081b6                __swbuf
 .text          0x00000000000081d0       0x3c /usr/local/m68k-elf/lib/libc.a(lib_a-writer.o)
                0x00000000000081d0                _write_r
 .text          0x000000000000820c      0x14e /usr/local/m68k-elf/lib/libc.a(lib_a-wsetup.o)
                0x000000000000820c                __swsetup_r
 *fill*         0x000000000000835a        0x2 
 .text          0x000000000000835c      0x118 /usr/local/m68k-elf/lib/libc.a(lib_a-__call_atexit.o)
                0x000000000000835c                __call_exitprocs
 .text          0x0000000000008474       0x32 /usr/local/m68k-elf/lib/libc.a(lib_a-closer.o)
                0x0000000000008474                _close_r
 *fill*         0x00000000000084a6        0x2 
 .text          0x00000000000084a8     0x1876 /usr/local/m68k-elf/lib/libc.a(lib_a-dtoa.o)
                0x0000000000008664                _dtoa_r
 *fill*         0x0000000000009d1e        0x2 
 .text          0x0000000000009d20       0xf8 /usr/local/m68k-elf/lib/libc.a(lib_a-fclose.o)
                0x0000000000009d20                _fclose_r
                0x0000000000009e02                fclose
 .text          0x0000000000009e18      0x238 /usr/local/m68k-elf/lib/libc.a(lib_a-fflush.o)
                0x0000000000009e18                __sflush_r
                0x0000000000009fc8                _fflush_r
                0x000000000000a01e                fflush
 .text          0x000000000000a050      0x1f8 /usr/local/m68k-elf/lib/libc.a(lib_a-fread.o)
                0x000000000000a050                _fread_r
                0x000000000000a226                fread
 .text          0x000000000000a248      0x456 /usr/local/m68k-elf/lib/libc.a(lib_a-freer.o)
                0x000000000000a248                _malloc_trim_r
                0x000000000000a332                _free_r
 *fill*         0x000000000000a69e        0x2 
 .text          0x000000000000a6a0      0x40e /usr/local/m68k-elf/lib/libc.a(lib_a-fvwrite.o)
                0x000000000000a6a0                __sfvwrite_r
 *fill*         0x000000000000aaae        0x2 
 .text          0x000000000000aab0       0x36 /usr/local/m68k-elf/lib/libc.a(lib_a-iswspace.o)
                0x000000000000aab0                iswspace
 *fill*         0x000000000000aae6        0x2 
 .text          0x000000000000aae8       0xea /usr/local/m68k-elf/lib/libc.a(lib_a-locale.o)
                0x000000000000aae8                _setlocale_r
                0x000000000000ab4c                __locale_mb_cur_max
                0x000000000000ab7e                __locale_ctype_ptr_l
                0x000000000000ab8e                __locale_ctype_ptr
                0x000000000000abb8                setlocale
 *fill*         0x000000000000abd2        0x2 
 .text          0x000000000000abd4       0x66 /usr/local/m68k-elf/lib/libc.a(lib_a-localeconv.o)
                0x000000000000abd4                __localeconv_l
                0x000000000000abe6                _localeconv_r
                0x000000000000ac10                localeconv
 *fill*         0x000000000000ac3a        0x2 
 .text          0x000000000000ac3c       0x3c /usr/local/m68k-elf/lib/libc.a(lib_a-lseekr.o)
                0x000000000000ac3c                _lseek_r
 .text          0x000000000000ac78      0x17e /usr/local/m68k-elf/lib/libc.a(lib_a-makebuf.o)
                0x000000000000ac78                __swhatbuf_r
                0x000000000000ad0a                __smakebuf_r
 *fill*         0x000000000000adf6        0x2 
 .text          0x000000000000adf8      0x19c /usr/local/m68k-elf/lib/libc.a(lib_a-mbrtowc.o)
                0x000000000000adf8                _mbrtowc_r
                0x000000000000aec8                mbrtowc
 .text          0x000000000000af94       0xba /usr/local/m68k-elf/lib/libc.a(lib_a-mbtowc_r.o)
                0x000000000000af94                _mbtowc_r
                0x000000000000b006                __ascii_mbtowc
 *fill*         0x000000000000b04e        0x2 
 .text          0x000000000000b050       0xbc /usr/local/m68k-elf/lib/libc.a(lib_a-memchr.o)
                0x000000000000b050                memchr
 .text          0x000000000000b10c       0x6e /usr/local/m68k-elf/lib/libc.a(lib_a-memcpy.o)
                0x000000000000b10c                memcpy
 *fill*         0x000000000000b17a        0x2 
 .text          0x000000000000b17c       0xec /usr/local/m68k-elf/lib/libc.a(lib_a-memmove.o)
                0x000000000000b17c                memmove
 .text          0x000000000000b268      0xe72 /usr/local/m68k-elf/lib/libc.a(lib_a-mprec.o)
                0x000000000000b268                _Balloc
                0x000000000000b308                _Bfree
                0x000000000000b332                __multadd
                0x000000000000b416                __s2b
                0x000000000000b4d6                __hi0bits
                0x000000000000b538                __lo0bits
                0x000000000000b5bc                __i2b
                0x000000000000b5de                __multiply
                0x000000000000b858                __pow5mult
                0x000000000000b93a                __lshift
                0x000000000000b9fc                __mcmp
                0x000000000000ba4c                __mdiff
                0x000000000000bc64                __ulp
                0x000000000000bcc6                __b2d
                0x000000000000bde4                __d2b
                0x000000000000befc                __ratio
                0x000000000000bf94                _mprec_log10
                0x000000000000bffe                __copybits
                0x000000000000c05a                __any_on
 *fill*         0x000000000000c0da        0x2 
 .text          0x000000000000c0dc       0x3c /usr/local/m68k-elf/lib/libc.a(lib_a-readr.o)
                0x000000000000c0dc                _read_r
 .text          0x000000000000c118      0x622 /usr/local/m68k-elf/lib/libc.a(lib_a-reallocr.o)
                0x000000000000c118                _realloc_r
 *fill*         0x000000000000c73a        0x2 
 .text          0x000000000000c73c      0x112 /usr/local/m68k-elf/lib/libc.a(lib_a-reent.o)
                0x000000000000c73c                cleanup_glue
                0x000000000000c772                _reclaim_reent
 *fill*         0x000000000000c84e        0x2 
 .text          0x000000000000c850      0x200 /usr/local/m68k-elf/lib/libc.a(lib_a-refill.o)
                0x000000000000c874                __srefill_r
 .text          0x000000000000ca50       0xc6 /usr/local/m68k-elf/lib/libc.a(lib_a-sccl.o)
                0x000000000000ca50                __sccl
 *fill*         0x000000000000cb16        0x2 
 .text          0x000000000000cb18        0xe /usr/local/m68k-elf/lib/libc.a(lib_a-sf_nan.o)
                0x000000000000cb18                nanf
 *fill*         0x000000000000cb26        0x2 
 .text          0x000000000000cb28       0x6c /usr/local/m68k-elf/lib/libc.a(lib_a-strcmp.o)
                0x000000000000cb28                strcmp
 .text          0x000000000000cb94       0x1a /usr/local/m68k-elf/lib/libc.a(lib_a-strlen.o)
                0x000000000000cb94                strlen
 *fill*         0x000000000000cbae        0x2 
 .text          0x000000000000cbb0     0x1870 /usr/local/m68k-elf/lib/libc.a(lib_a-strtod.o)
                0x000000000000cbb0                _strtod_l
                0x000000000000e1b0                _strtod_r
                0x000000000000e1f2                strtod_l
                0x000000000000e210                strtod
                0x000000000000e24e                strtof_l
                0x000000000000e32c                strtof
 .text          0x000000000000e420      0x374 /usr/local/m68k-elf/lib/libc.a(lib_a-strtol.o)
                0x000000000000e6e2                _strtol_r
                0x000000000000e72c                strtol_l
                0x000000000000e74e                strtol
 .text          0x000000000000e794      0x2f2 /usr/local/m68k-elf/lib/libc.a(lib_a-strtoul.o)
                0x000000000000e9d4                _strtoul_r
                0x000000000000ea1e                strtoul_l
                0x000000000000ea40                strtoul
 *fill*         0x000000000000ea86        0x2 
 .text          0x000000000000ea88      0xf4e /usr/local/m68k-elf/lib/libc.a(lib_a-svfiprintf.o)
                0x000000000000ea88                __ssprint_r
                0x000000000000ec36                _svfiprintf_r
 *fill*         0x000000000000f9d6        0x2 
 .text          0x000000000000f9d8      0x224 /usr/local/m68k-elf/lib/libc.a(lib_a-ungetc.o)
                0x000000000000f9d8                __submore
                0x000000000000fa8a                _ungetc_r
                0x000000000000fbe2                ungetc
 .text          0x000000000000fbfc     0x1122 /usr/local/m68k-elf/lib/libc.a(lib_a-vfiprintf.o)
                0x000000000000fcac                __sprint_r
                0x000000000000fcca                _vfiprintf_r
                0x0000000000010c62                vfiprintf
 *fill*         0x0000000000010d1e        0x2 
 .text          0x0000000000010d20       0x98 /usr/local/m68k-elf/lib/libc.a(lib_a-wctomb_r.o)
                0x0000000000010d20                _wctomb_r
                0x0000000000010d80                __ascii_wctomb
 .text          0x0000000000010db8       0xd2 /usr/local/m68k-elf/lib/libc.a(lib_a-callocr.o)
                0x0000000000010db8                _calloc_r
 *fill*         0x0000000000010e8a        0x2 
 .text          0x0000000000010e8c        0x0 /usr/local/m68k-elf/lib/libc.a(lib_a-ctype_.o)
 .text          0x0000000000010e8c      0x18c /usr/local/m68k-elf/lib/libc.a(lib_a-fputwc.o)
                0x0000000000010e8c                __fputwc
                0x0000000000010f78                _fputwc_r
                0x0000000000010fb8                fputwc
 .text          0x0000000000011018       0x36 /usr/local/m68k-elf/lib/libc.a(lib_a-fstatr.o)
                0x0000000000011018                _fstat_r
 *fill*         0x000000000001104e        0x2 
 .text          0x0000000000011050      0x892 /usr/local/m68k-elf/lib/libc.a(lib_a-gdtoa-gethex.o)
                0x000000000001110e                __gethex
 *fill*         0x00000000000118e2        0x2 
 .text          0x00000000000118e4      0x220 /usr/local/m68k-elf/lib/libc.a(lib_a-gdtoa-hexnan.o)
                0x00000000000118e4                __match
                0x0000000000011934                __hexnan
 .text          0x0000000000011b04       0x32 /usr/local/m68k-elf/lib/libc.a(lib_a-isattyr.o)
                0x0000000000011b04                _isatty_r
 *fill*         0x0000000000011b36        0x2 
 .text          0x0000000000011b38      0x174 /usr/local/m68k-elf/lib/libc.a(lib_a-wcrtomb.o)
                0x0000000000011b38                _wcrtomb_r
                0x0000000000011bf4                wcrtomb
 .text          0x0000000000011cac       0x22 /usr/local/lib/gcc/m68k-elf/5/libgcc.a(_mulsi3.o)
                0x0000000000011cac                __mulsi3
 *fill*         0x0000000000011cce        0x2 
 .text          0x0000000000011cd0       0x5c /usr/local/lib/gcc/m68k-elf/5/libgcc.a(_udivsi3.o)
                0x0000000000011cd0                __udivsi3
 .text          0x0000000000011d2c       0x2e /usr/local/lib/gcc/m68k-elf/5/libgcc.a(_divsi3.o)
                0x0000000000011d2c                __divsi3
 *fill*         0x0000000000011d5a        0x2 
 .text          0x0000000000011d5c       0x2e /usr/local/lib/gcc/m68k-elf/5/libgcc.a(_umodsi3.o)
                0x0000000000011d5c                __umodsi3
 *fill*         0x0000000000011d8a        0x2 
 .text          0x0000000000011d8c       0x2e /usr/local/lib/gcc/m68k-elf/5/libgcc.a(_modsi3.o)
                0x0000000000011d8c                __modsi3
 *fill*         0x0000000000011dba        0x2 
 .text          0x0000000000011dbc      0x9cc /usr/local/lib/gcc/m68k-elf/5/libgcc.a(_double.o)
                0x0000000000011e16                __subdf3
                0x0000000000011e1c                __adddf3
                0x00000000000121b2                __muldf3
                0x0000000000012360                __divdf3
                0x00000000000125d4                __negdf2
                0x0000000000012632                __cmpdf2_internal
                0x0000000000012702                __cmpdf2
 .text          0x0000000000012788       0x6a /usr/local/lib/gcc/m68k-elf/5/libgcc.a(_floatex.o)
                0x0000000000012788                __clear_sticky_bit
                0x0000000000012796                $_exception_handler
 *fill*         0x00000000000127f2        0x2 
 .text          0x00000000000127f4       0x22 /usr/local/lib/gcc/m68k-elf/5/libgcc.a(_eqdf2.o)
                0x00000000000127f4                __eqdf2
 *fill*         0x0000000000012816        0x2 
 .text          0x0000000000012818       0x22 /usr/local/lib/gcc/m68k-elf/5/libgcc.a(_nedf2.o)
                0x0000000000012818                __nedf2
 *fill*         0x000000000001283a        0x2 
 .text          0x000000000001283c       0x22 /usr/local/lib/gcc/m68k-elf/5/libgcc.a(_gtdf2.o)
                0x000000000001283c                __gtdf2
 *fill*         0x000000000001285e        0x2 
 .text          0x0000000000012860       0x22 /usr/local/lib/gcc/m68k-elf/5/libgcc.a(_gedf2.o)
                0x0000000000012860                __gedf2
 *fill*         0x0000000000012882        0x2 
 .text          0x0000000000012884       0x22 /usr/local/lib/gcc/m68k-elf/5/libgcc.a(_ltdf2.o)
                0x0000000000012884                __ltdf2
 *fill*         0x00000000000128a6        0x2 
 .text          0x00000000000128a8       0x22 /usr/local/lib/gcc/m68k-elf/5/libgcc.a(_ledf2.o)
                0x00000000000128a8                __ledf2
 *fill*         0x00000000000128ca        0x2 
 .text          0x00000000000128cc       0x1a /usr/local/lib/gcc/m68k-elf/5/libgcc.a(_lesf2.o)
                0x00000000000128cc                __lesf2
 *fill*         0x00000000000128e6        0x2 
 .text          0x00000000000128e8       0x74 /usr/local/lib/gcc/m68k-elf/5/libgcc.a(_muldi3.o)
                0x00000000000128e8                __muldi3
 .text          0x000000000001295c       0x76 /usr/local/lib/gcc/m68k-elf/5/libgcc.a(_fixunsdfsi.o)
                0x000000000001295c                __fixunsdfsi
 *fill*         0x00000000000129d2        0x2 
 .text          0x00000000000129d4      0x4aa /usr/local/lib/gcc/m68k-elf/5/libgcc.a(fpgnulib.o)
                0x00000000000129d4                __unordsf2
                0x0000000000012a34                __unorddf2
                0x0000000000012aa6                __floatunsidf
                0x0000000000012b12                __floatsidf
                0x0000000000012bdc                __floatunsisf
                0x0000000000012bf6                __floatsisf
                0x0000000000012c10                __extendsfdf2
                0x0000000000012c8c                __truncdfsf2
                0x0000000000012dd6                __fixdfsi
                0x0000000000012e64                __fixsfsi
 *fill*         0x0000000000012e7e        0x2 
 .text          0x0000000000012e80      0x800 /usr/local/lib/gcc/m68k-elf/5/libgcc.a(xfgnulib.o)
                0x0000000000012e80                __unordxf2
                0x0000000000012f04                __extenddfxf2
                0x000000000001301e                __truncxfdf2
                0x00000000000130e4                __extendsfxf2
                0x0000000000013128                __truncxfsf2
                0x0000000000013150                __floatsixf
                0x0000000000013196                __floatunsixf
                0x00000000000131dc                __fixxfsi
                0x0000000000013204                __addxf3
                0x000000000001327a                __subxf3
                0x00000000000132f0                __mulxf3
                0x0000000000013366                __divxf3
                0x00000000000133dc                __negxf2
                0x0000000000013434                __cmpxf2
                0x0000000000013488                __eqxf2
                0x00000000000134dc                __nexf2
                0x0000000000013530                __ltxf2
                0x0000000000013584                __lexf2
                0x00000000000135d8                __gtxf2
                0x000000000001362c                __gexf2
 .text          0x0000000000013680      0x72c /usr/local/lib/gcc/m68k-elf/5/libgcc.a(_float.o)
                0x00000000000136c8                __subsf3
                0x00000000000136ce                __addsf3
                0x000000000001395e                __mulsf3
                0x0000000000013a8a                __divsf3
                0x0000000000013c50                __negsf2
                0x0000000000013ca2                __cmpsf2_internal
                0x0000000000013d3e                __cmpsf2
 .text          0x0000000000013dac        0xa /usr/local/m68k-elf/lib/libidp.a(close.o)
                0x0000000000013dac                close
 *fill*         0x0000000000013db6        0x2 
 .text          0x0000000000013db8       0x1a /usr/local/m68k-elf/lib/libidp.a(fstat.o)
                0x0000000000013db8                fstat
 *fill*         0x0000000000013dd2        0x2 
 .text          0x0000000000013dd4        0xa /usr/local/m68k-elf/lib/libidp.a(isatty.o)
                0x0000000000013dd4                isatty
 *fill*         0x0000000000013dde        0x2 
 .text          0x0000000000013de0       0x16 /usr/local/m68k-elf/lib/libidp.a(lseek.o)
                0x0000000000013de0                lseek
 *fill*         0x0000000000013df6        0x2 
 .text          0x0000000000013df8       0x32 /usr/local/m68k-elf/lib/libidp.a(sbrk.o)
                0x0000000000013df8                sbrk
 *fill*         0x0000000000013e2a        0x2 
 .text          0x0000000000013e2c       0x2a /usr/local/m68k-elf/lib/libidp.a(mc68ec.o)
                0x0000000000013e2c                _exit
                0x0000000000013e36                delay
 *fill*         0x0000000000013e56        0x2 
 .text          0x0000000000013e58        0xe /usr/local/m68k-elf/lib/libc.a(lib_a-errno.o)
                0x0000000000013e58                __errno
                0x0000000000013e68                . = ALIGN (0x4)
 *fill*         0x0000000000013e66        0x2 
                0x0000000000013e68                __CTOR_LIST__ = .
                0x0000000000013e68                ___CTOR_LIST__ = .
                0x0000000000013e68        0x4 LONG 0x0 (((__CTOR_END__ - __CTOR_LIST__) / 0x4) - 0x2)
 *(.ctors)
                0x0000000000013e6c        0x4 LONG 0x0
                0x0000000000013e70                __CTOR_END__ = .
                0x0000000000013e70                __DTOR_LIST__ = .
                0x0000000000013e70                ___DTOR_LIST__ = .
                0x0000000000013e70        0x4 LONG 0x0 (((__DTOR_END__ - __DTOR_LIST__) / 0x4) - 0x2)
 *(.dtors)
                0x0000000000013e74        0x4 LONG 0x0
                0x0000000000013e78                __DTOR_END__ = .
 *(.rodata)
 .rodata        0x0000000000013e78        0x4 /usr/local/m68k-elf/lib/libc.a(lib_a-impure.o)
                0x0000000000013e78                _global_impure_ptr
 .rodata        0x0000000000013e7c       0x20 /usr/local/m68k-elf/lib/libc.a(lib_a-svfprintf.o)
 .rodata        0x0000000000013e9c       0x20 /usr/local/m68k-elf/lib/libc.a(lib_a-vfprintf.o)
 .rodata        0x0000000000013ebc       0x22 /usr/local/m68k-elf/lib/libc.a(lib_a-vfscanf.o)
 .rodata        0x0000000000013ede      0x124 /usr/local/m68k-elf/lib/libc.a(lib_a-mprec.o)
                0x0000000000013eea                __mprec_tinytens
                0x0000000000013f12                __mprec_bigtens
                0x0000000000013f3a                __mprec_tens
 .rodata        0x0000000000014002       0x50 /usr/local/m68k-elf/lib/libc.a(lib_a-strtod.o)
 .rodata        0x0000000000014052       0x20 /usr/local/m68k-elf/lib/libc.a(lib_a-svfiprintf.o)
 .rodata        0x0000000000014072       0x20 /usr/local/m68k-elf/lib/libc.a(lib_a-vfiprintf.o)
 .rodata        0x0000000000014092      0x101 /usr/local/m68k-elf/lib/libc.a(lib_a-ctype_.o)
                0x0000000000014092                _ctype_
 .rodata        0x0000000000014193      0x100 /usr/local/m68k-elf/lib/libc.a(lib_a-gdtoa-gethex.o)
                0x0000000000014193                __hexdig
 *(.gcc_except_table)
                0x0000000000014293                __INIT_SECTION__ = .
                0x0000000000014293        0x4 LONG 0x4e560000
 *(.init)
                0x0000000000014297        0x2 SHORT 0x4e5e
                0x0000000000014299        0x2 SHORT 0x4e75
                0x000000000001429b                __FINI_SECTION__ = .
                0x000000000001429b        0x4 LONG 0x4e560000
 *(.fini)
                0x000000000001429f        0x2 SHORT 0x4e5e
                0x00000000000142a1        0x2 SHORT 0x4e75
                0x00000000000142a3                _etext = .
 *(.lit)

.text.startup   0x00000000000142a4       0xe0
 .text.startup  0x00000000000142a4       0xe0 test3.o
                0x00000000000142a4                main

.text.unlikely  0x0000000000014384       0x6c
 .text.unlikely
                0x0000000000014384       0x6c /usr/local/m68k-elf/lib/libc.a(lib_a-strtod.o)

.rodata.str1.1  0x00000000000143f0      0x342
 .rodata.str1.1
                0x00000000000143f0      0x24e test3.o
 .rodata.str1.1
                0x000000000001463e       0x3b /usr/local/m68k-elf/lib/libc.a(lib_a-svfprintf.o)
 .rodata.str1.1
                0x0000000000014679       0x3b /usr/local/m68k-elf/lib/libc.a(lib_a-vfprintf.o)
 .rodata.str1.1
                0x00000000000146b4        0x5 /usr/local/m68k-elf/lib/libc.a(lib_a-vfscanf.o)
 .rodata.str1.1
                0x00000000000146b9        0xf /usr/local/m68k-elf/lib/libc.a(lib_a-dtoa.o)
 .rodata.str1.1
                0x00000000000146c8        0xb /usr/local/m68k-elf/lib/libc.a(lib_a-locale.o)
 .rodata.str1.1
                0x00000000000146d3        0x1 /usr/local/m68k-elf/lib/libc.a(lib_a-mbrtowc.o)
 .rodata.str1.1
                0x00000000000146d4        0xc /usr/local/m68k-elf/lib/libc.a(lib_a-strtod.o)
 .rodata.str1.1
                0x00000000000146e0       0x29 /usr/local/m68k-elf/lib/libc.a(lib_a-svfiprintf.o)
 .rodata.str1.1
                0x0000000000014709       0x29 /usr/local/m68k-elf/lib/libc.a(lib_a-vfiprintf.o)

.data           0x0000000000014734      0xe20
 *(.shdata)
 *(.data)
 .data          0x0000000000014734        0x4 crt0.o
 .data          0x0000000000014738      0x45a mon.o
 *fill*         0x0000000000014b92        0x2 
 .data          0x0000000000014b94        0x0 csys68k.o
 .data          0x0000000000014b94        0x0 inchrw.o
 .data          0x0000000000014b94        0x0 mtk_asm.o
 .data          0x0000000000014b94        0x0 mtk_c.o
 .data          0x0000000000014b94        0x0 outchr.o
 .data          0x0000000000014b94        0x4 test3.o
                0x0000000000014b94                answerer
 .data          0x0000000000014b98        0x0 /usr/local/m68k-elf/lib/libc.a(lib_a-exit.o)
 .data          0x0000000000014b98        0x0 /usr/local/m68k-elf/lib/libc.a(lib_a-fdopen.o)
 .data          0x0000000000014b98        0x0 /usr/local/m68k-elf/lib/libc.a(lib_a-findfp.o)
 .data          0x0000000000014b98        0x0 /usr/local/m68k-elf/lib/libc.a(lib_a-flags.o)
 .data          0x0000000000014b98        0x0 /usr/local/m68k-elf/lib/libc.a(lib_a-fprintf.o)
 .data          0x0000000000014b98        0x0 /usr/local/m68k-elf/lib/libc.a(lib_a-fputc.o)
 .data          0x0000000000014b98        0x0 /usr/local/m68k-elf/lib/libc.a(lib_a-fscanf.o)
 .data          0x0000000000014b98        0x0 /usr/local/m68k-elf/lib/libc.a(lib_a-fwalk.o)
 .data          0x0000000000014b98        0x0 /usr/local/m68k-elf/lib/libc.a(lib_a-fwrite.o)
 .data          0x0000000000014b98      0x426 /usr/local/m68k-elf/lib/libc.a(lib_a-impure.o)
                0x0000000000014b98                _impure_ptr
 *fill*         0x0000000000014fbe        0x2 
 .data          0x0000000000014fc0      0x410 /usr/local/m68k-elf/lib/libc.a(lib_a-mallocr.o)
                0x0000000000014fc0                __malloc_sbrk_base
                0x0000000000014fc4                __malloc_trim_threshold
                0x0000000000014fc8                __malloc_av_
 .data          0x00000000000153d0        0x0 /usr/local/m68k-elf/lib/libc.a(lib_a-memset.o)
 .data          0x00000000000153d0        0x0 /usr/local/m68k-elf/lib/libc.a(lib_a-mlock.o)
 .data          0x00000000000153d0        0x0 /usr/local/m68k-elf/lib/libc.a(lib_a-putc.o)
 .data          0x00000000000153d0        0x0 /usr/local/m68k-elf/lib/libc.a(lib_a-rand.o)
 .data          0x00000000000153d0        0x0 /usr/local/m68k-elf/lib/libc.a(lib_a-sbrkr.o)
 .data          0x00000000000153d0        0x0 /usr/local/m68k-elf/lib/libc.a(lib_a-scanf.o)
 .data          0x00000000000153d0        0x0 /usr/local/m68k-elf/lib/libc.a(lib_a-sprintf.o)
 .data          0x00000000000153d0        0x0 /usr/local/m68k-elf/lib/libc.a(lib_a-stdio.o)
 .data          0x00000000000153d0        0x0 /usr/local/m68k-elf/lib/libc.a(lib_a-strncmp.o)
 .data          0x00000000000153d0        0x0 /usr/local/m68k-elf/lib/libc.a(lib_a-svfprintf.o)
 .data          0x00000000000153d0        0x0 /usr/local/m68k-elf/lib/libc.a(lib_a-vfprintf.o)
 .data          0x00000000000153d0        0x0 /usr/local/m68k-elf/lib/libc.a(lib_a-vfscanf.o)
 .data          0x00000000000153d0        0x0 /usr/local/m68k-elf/lib/libc.a(lib_a-wbuf.o)
 .data          0x00000000000153d0        0x0 /usr/local/m68k-elf/lib/libc.a(lib_a-writer.o)
 .data          0x00000000000153d0        0x0 /usr/local/m68k-elf/lib/libc.a(lib_a-wsetup.o)
 .data          0x00000000000153d0        0x0 /usr/local/m68k-elf/lib/libc.a(lib_a-__call_atexit.o)
 .data          0x00000000000153d0        0x0 /usr/local/m68k-elf/lib/libc.a(lib_a-closer.o)
 .data          0x00000000000153d0        0x0 /usr/local/m68k-elf/lib/libc.a(lib_a-dtoa.o)
 .data          0x00000000000153d0        0x0 /usr/local/m68k-elf/lib/libc.a(lib_a-fclose.o)
 .data          0x00000000000153d0        0x0 /usr/local/m68k-elf/lib/libc.a(lib_a-fflush.o)
 .data          0x00000000000153d0        0x0 /usr/local/m68k-elf/lib/libc.a(lib_a-fread.o)
 .data          0x00000000000153d0        0x0 /usr/local/m68k-elf/lib/libc.a(lib_a-freer.o)
 .data          0x00000000000153d0        0x0 /usr/local/m68k-elf/lib/libc.a(lib_a-fvwrite.o)
 .data          0x00000000000153d0        0x0 /usr/local/m68k-elf/lib/libc.a(lib_a-iswspace.o)
 .data          0x00000000000153d0      0x168 /usr/local/m68k-elf/lib/libc.a(lib_a-locale.o)
                0x00000000000153d0                __global_locale
 .data          0x0000000000015538        0x0 /usr/local/m68k-elf/lib/libc.a(lib_a-localeconv.o)
 .data          0x0000000000015538        0x0 /usr/local/m68k-elf/lib/libc.a(lib_a-lseekr.o)
 .data          0x0000000000015538        0x0 /usr/local/m68k-elf/lib/libc.a(lib_a-makebuf.o)
 .data          0x0000000000015538        0x0 /usr/local/m68k-elf/lib/libc.a(lib_a-mbrtowc.o)
 .data          0x0000000000015538        0x0 /usr/local/m68k-elf/lib/libc.a(lib_a-mbtowc_r.o)
 .data          0x0000000000015538        0x0 /usr/local/m68k-elf/lib/libc.a(lib_a-memchr.o)
 .data          0x0000000000015538        0x0 /usr/local/m68k-elf/lib/libc.a(lib_a-memcpy.o)
 .data          0x0000000000015538        0x0 /usr/local/m68k-elf/lib/libc.a(lib_a-memmove.o)
 .data          0x0000000000015538        0x0 /usr/local/m68k-elf/lib/libc.a(lib_a-mprec.o)
 .data          0x0000000000015538        0x0 /usr/local/m68k-elf/lib/libc.a(lib_a-readr.o)
 .data          0x0000000000015538        0x0 /usr/local/m68k-elf/lib/libc.a(lib_a-reallocr.o)
 .data          0x0000000000015538        0x0 /usr/local/m68k-elf/lib/libc.a(lib_a-reent.o)
 .data          0x0000000000015538        0x0 /usr/local/m68k-elf/lib/libc.a(lib_a-refill.o)
 .data          0x0000000000015538        0x0 /usr/local/m68k-elf/lib/libc.a(lib_a-sccl.o)
 .data          0x0000000000015538        0x0 /usr/local/m68k-elf/lib/libc.a(lib_a-sf_nan.o)
 .data          0x0000000000015538        0x0 /usr/local/m68k-elf/lib/libc.a(lib_a-strcmp.o)
 .data          0x0000000000015538        0x0 /usr/local/m68k-elf/lib/libc.a(lib_a-strlen.o)
 .data          0x0000000000015538        0x0 /usr/local/m68k-elf/lib/libc.a(lib_a-strtod.o)
 .data          0x0000000000015538        0x0 /usr/local/m68k-elf/lib/libc.a(lib_a-strtol.o)
 .data          0x0000000000015538        0x0 /usr/local/m68k-elf/lib/libc.a(lib_a-strtoul.o)
 .data          0x0000000000015538        0x0 /usr/local/m68k-elf/lib/libc.a(lib_a-svfiprintf.o)
 .data          0x0000000000015538        0x0 /usr/local/m68k-elf/lib/libc.a(lib_a-ungetc.o)
 .data          0x0000000000015538        0x0 /usr/local/m68k-elf/lib/libc.a(lib_a-vfiprintf.o)
 .data          0x0000000000015538        0x0 /usr/local/m68k-elf/lib/libc.a(lib_a-wctomb_r.o)
 .data          0x0000000000015538        0x0 /usr/local/m68k-elf/lib/libc.a(lib_a-callocr.o)
 .data          0x0000000000015538        0x0 /usr/local/m68k-elf/lib/libc.a(lib_a-ctype_.o)
 .data          0x0000000000015538        0x0 /usr/local/m68k-elf/lib/libc.a(lib_a-fputwc.o)
 .data          0x0000000000015538        0x0 /usr/local/m68k-elf/lib/libc.a(lib_a-fstatr.o)
 .data          0x0000000000015538        0x0 /usr/local/m68k-elf/lib/libc.a(lib_a-gdtoa-gethex.o)
 .data          0x0000000000015538        0x0 /usr/local/m68k-elf/lib/libc.a(lib_a-gdtoa-hexnan.o)
 .data          0x0000000000015538        0x0 /usr/local/m68k-elf/lib/libc.a(lib_a-isattyr.o)
 .data          0x0000000000015538        0x0 /usr/local/m68k-elf/lib/libc.a(lib_a-wcrtomb.o)
 .data          0x0000000000015538        0x0 /usr/local/lib/gcc/m68k-elf/5/libgcc.a(_mulsi3.o)
 .data          0x0000000000015538        0x0 /usr/local/lib/gcc/m68k-elf/5/libgcc.a(_udivsi3.o)
 .data          0x0000000000015538        0x0 /usr/local/lib/gcc/m68k-elf/5/libgcc.a(_divsi3.o)
 .data          0x0000000000015538        0x0 /usr/local/lib/gcc/m68k-elf/5/libgcc.a(_umodsi3.o)
 .data          0x0000000000015538        0x0 /usr/local/lib/gcc/m68k-elf/5/libgcc.a(_modsi3.o)
 .data          0x0000000000015538        0x0 /usr/local/lib/gcc/m68k-elf/5/libgcc.a(_double.o)
 .data          0x0000000000015538       0x1c /usr/local/lib/gcc/m68k-elf/5/libgcc.a(_floatex.o)
                0x0000000000015538                _fpCCR
 .data          0x0000000000015554        0x0 /usr/local/lib/gcc/m68k-elf/5/libgcc.a(_eqdf2.o)
 .data          0x0000000000015554        0x0 /usr/local/lib/gcc/m68k-elf/5/libgcc.a(_nedf2.o)
 .data          0x0000000000015554        0x0 /usr/local/lib/gcc/m68k-elf/5/libgcc.a(_gtdf2.o)
 .data          0x0000000000015554        0x0 /usr/local/lib/gcc/m68k-elf/5/libgcc.a(_gedf2.o)
 .data          0x0000000000015554        0x0 /usr/local/lib/gcc/m68k-elf/5/libgcc.a(_ltdf2.o)
 .data          0x0000000000015554        0x0 /usr/local/lib/gcc/m68k-elf/5/libgcc.a(_ledf2.o)
 .data          0x0000000000015554        0x0 /usr/local/lib/gcc/m68k-elf/5/libgcc.a(_lesf2.o)
 .data          0x0000000000015554        0x0 /usr/local/lib/gcc/m68k-elf/5/libgcc.a(_muldi3.o)
 .data          0x0000000000015554        0x0 /usr/local/lib/gcc/m68k-elf/5/libgcc.a(_fixunsdfsi.o)
 .data          0x0000000000015554        0x0 /usr/local/lib/gcc/m68k-elf/5/libgcc.a(fpgnulib.o)
 .data          0x0000000000015554        0x0 /usr/local/lib/gcc/m68k-elf/5/libgcc.a(xfgnulib.o)
 .data          0x0000000000015554        0x0 /usr/local/lib/gcc/m68k-elf/5/libgcc.a(_float.o)
 .data          0x0000000000015554        0x0 /usr/local/m68k-elf/lib/libidp.a(close.o)
 .data          0x0000000000015554        0x0 /usr/local/m68k-elf/lib/libidp.a(fstat.o)
 .data          0x0000000000015554        0x0 /usr/local/m68k-elf/lib/libidp.a(isatty.o)
 .data          0x0000000000015554        0x0 /usr/local/m68k-elf/lib/libidp.a(lseek.o)
 .data          0x0000000000015554        0x0 /usr/local/m68k-elf/lib/libidp.a(sbrk.o)
 .data          0x0000000000015554        0x0 /usr/local/m68k-elf/lib/libidp.a(mc68ec.o)
 .data          0x0000000000015554        0x0 /usr/local/m68k-elf/lib/libc.a(lib_a-errno.o)
                0x0000000000015554                _edata = .

.bss            0x0000000000015554     0xba24
                0x0000000000015554                . = ALIGN (0x4)
                0x0000000000015554                __bss_start = .
 *(.shbss)
 *(.bss)
 .bss           0x0000000000015554        0x0 crt0.o
 .bss           0x0000000000015554     0x8104 mon.o
 .bss           0x000000000001d658        0x0 csys68k.o
 .bss           0x000000000001d658        0x1 inchrw.o
 *fill*         0x000000000001d659        0x3 
 .bss           0x000000000001d65c        0x0 mtk_asm.o
 .bss           0x000000000001d65c        0x0 mtk_c.o
 .bss           0x000000000001d65c        0x0 outchr.o
 .bss           0x000000000001d65c        0x0 test3.o
 .bss           0x000000000001d65c        0x0 /usr/local/m68k-elf/lib/libc.a(lib_a-exit.o)
 .bss           0x000000000001d65c        0x0 /usr/local/m68k-elf/lib/libc.a(lib_a-fdopen.o)
 .bss           0x000000000001d65c        0x0 /usr/local/m68k-elf/lib/libc.a(lib_a-findfp.o)
 .bss           0x000000000001d65c        0x0 /usr/local/m68k-elf/lib/libc.a(lib_a-flags.o)
 .bss           0x000000000001d65c        0x0 /usr/local/m68k-elf/lib/libc.a(lib_a-fprintf.o)
 .bss           0x000000000001d65c        0x0 /usr/local/m68k-elf/lib/libc.a(lib_a-fputc.o)
 .bss           0x000000000001d65c        0x0 /usr/local/m68k-elf/lib/libc.a(lib_a-fscanf.o)
 .bss           0x000000000001d65c        0x0 /usr/local/m68k-elf/lib/libc.a(lib_a-fwalk.o)
 .bss           0x000000000001d65c        0x0 /usr/local/m68k-elf/lib/libc.a(lib_a-fwrite.o)
 .bss           0x000000000001d65c        0x0 /usr/local/m68k-elf/lib/libc.a(lib_a-impure.o)
 .bss           0x000000000001d65c       0x34 /usr/local/m68k-elf/lib/libc.a(lib_a-mallocr.o)
                0x000000000001d65c                __malloc_current_mallinfo
                0x000000000001d684                __malloc_max_total_mem
                0x000000000001d688                __malloc_max_sbrked_mem
                0x000000000001d68c                __malloc_top_pad
 .bss           0x000000000001d690        0x0 /usr/local/m68k-elf/lib/libc.a(lib_a-memset.o)
 .bss           0x000000000001d690        0x0 /usr/local/m68k-elf/lib/libc.a(lib_a-mlock.o)
 .bss           0x000000000001d690        0x0 /usr/local/m68k-elf/lib/libc.a(lib_a-putc.o)
 .bss           0x000000000001d690        0x0 /usr/local/m68k-elf/lib/libc.a(lib_a-rand.o)
 .bss           0x000000000001d690        0x0 /usr/local/m68k-elf/lib/libc.a(lib_a-sbrkr.o)
 .bss           0x000000000001d690        0x0 /usr/local/m68k-elf/lib/libc.a(lib_a-scanf.o)
 .bss           0x000000000001d690        0x0 /usr/local/m68k-elf/lib/libc.a(lib_a-sprintf.o)
 .bss           0x000000000001d690        0x0 /usr/local/m68k-elf/lib/libc.a(lib_a-stdio.o)
 .bss           0x000000000001d690        0x0 /usr/local/m68k-elf/lib/libc.a(lib_a-strncmp.o)
 .bss           0x000000000001d690        0x0 /usr/local/m68k-elf/lib/libc.a(lib_a-svfprintf.o)
 .bss           0x000000000001d690        0x0 /usr/local/m68k-elf/lib/libc.a(lib_a-vfprintf.o)
 .bss           0x000000000001d690        0x0 /usr/local/m68k-elf/lib/libc.a(lib_a-vfscanf.o)
 .bss           0x000000000001d690        0x0 /usr/local/m68k-elf/lib/libc.a(lib_a-wbuf.o)
 .bss           0x000000000001d690        0x0 /usr/local/m68k-elf/lib/libc.a(lib_a-writer.o)
 .bss           0x000000000001d690        0x0 /usr/local/m68k-elf/lib/libc.a(lib_a-wsetup.o)
 .bss           0x000000000001d690        0x0 /usr/local/m68k-elf/lib/libc.a(lib_a-__call_atexit.o)
 .bss           0x000000000001d690        0x0 /usr/local/m68k-elf/lib/libc.a(lib_a-closer.o)
 .bss           0x000000000001d690        0x0 /usr/local/m68k-elf/lib/libc.a(lib_a-dtoa.o)
 .bss           0x000000000001d690        0x0 /usr/local/m68k-elf/lib/libc.a(lib_a-fclose.o)
 .bss           0x000000000001d690        0x0 /usr/local/m68k-elf/lib/libc.a(lib_a-fflush.o)
 .bss           0x000000000001d690        0x0 /usr/local/m68k-elf/lib/libc.a(lib_a-fread.o)
 .bss           0x000000000001d690        0x0 /usr/local/m68k-elf/lib/libc.a(lib_a-freer.o)
 .bss           0x000000000001d690        0x0 /usr/local/m68k-elf/lib/libc.a(lib_a-fvwrite.o)
 .bss           0x000000000001d690        0x0 /usr/local/m68k-elf/lib/libc.a(lib_a-iswspace.o)
 .bss           0x000000000001d690        0x4 /usr/local/m68k-elf/lib/libc.a(lib_a-locale.o)
                0x000000000001d690                _PathLocale
 .bss           0x000000000001d694        0x0 /usr/local/m68k-elf/lib/libc.a(lib_a-localeconv.o)
 .bss           0x000000000001d694        0x0 /usr/local/m68k-elf/lib/libc.a(lib_a-lseekr.o)
 .bss           0x000000000001d694        0x0 /usr/local/m68k-elf/lib/libc.a(lib_a-makebuf.o)
 .bss           0x000000000001d694        0x0 /usr/local/m68k-elf/lib/libc.a(lib_a-mbrtowc.o)
 .bss           0x000000000001d694        0x0 /usr/local/m68k-elf/lib/libc.a(lib_a-mbtowc_r.o)
 .bss           0x000000000001d694        0x0 /usr/local/m68k-elf/lib/libc.a(lib_a-memchr.o)
 .bss           0x000000000001d694        0x0 /usr/local/m68k-elf/lib/libc.a(lib_a-memcpy.o)
 .bss           0x000000000001d694        0x0 /usr/local/m68k-elf/lib/libc.a(lib_a-memmove.o)
 .bss           0x000000000001d694        0x0 /usr/local/m68k-elf/lib/libc.a(lib_a-mprec.o)
 .bss           0x000000000001d694        0x0 /usr/local/m68k-elf/lib/libc.a(lib_a-readr.o)
 .bss           0x000000000001d694        0x0 /usr/local/m68k-elf/lib/libc.a(lib_a-reallocr.o)
 .bss           0x000000000001d694        0x0 /usr/local/m68k-elf/lib/libc.a(lib_a-reent.o)
 .bss           0x000000000001d694        0x0 /usr/local/m68k-elf/lib/libc.a(lib_a-refill.o)
 .bss           0x000000000001d694        0x0 /usr/local/m68k-elf/lib/libc.a(lib_a-sccl.o)
 .bss           0x000000000001d694        0x0 /usr/local/m68k-elf/lib/libc.a(lib_a-sf_nan.o)
 .bss           0x000000000001d694        0x0 /usr/local/m68k-elf/lib/libc.a(lib_a-strcmp.o)
 .bss           0x000000000001d694        0x0 /usr/local/m68k-elf/lib/libc.a(lib_a-strlen.o)
 .bss           0x000000000001d694        0x0 /usr/local/m68k-elf/lib/libc.a(lib_a-strtod.o)
 .bss           0x000000000001d694        0x0 /usr/local/m68k-elf/lib/libc.a(lib_a-strtol.o)
 .bss           0x000000000001d694        0x0 /usr/local/m68k-elf/lib/libc.a(lib_a-strtoul.o)
 .bss           0x000000000001d694        0x0 /usr/local/m68k-elf/lib/libc.a(lib_a-svfiprintf.o)
 .bss           0x000000000001d694        0x0 /usr/local/m68k-elf/lib/libc.a(lib_a-ungetc.o)
 .bss           0x000000000001d694        0x0 /usr/local/m68k-elf/lib/libc.a(lib_a-vfiprintf.o)
 .bss           0x000000000001d694        0x0 /usr/local/m68k-elf/lib/libc.a(lib_a-wctomb_r.o)
 .bss           0x000000000001d694        0x0 /usr/local/m68k-elf/lib/libc.a(lib_a-callocr.o)
 .bss           0x000000000001d694        0x0 /usr/local/m68k-elf/lib/libc.a(lib_a-ctype_.o)
 .bss           0x000000000001d694        0x0 /usr/local/m68k-elf/lib/libc.a(lib_a-fputwc.o)
 .bss           0x000000000001d694        0x0 /usr/local/m68k-elf/lib/libc.a(lib_a-fstatr.o)
 .bss           0x000000000001d694        0x0 /usr/local/m68k-elf/lib/libc.a(lib_a-gdtoa-gethex.o)
 .bss           0x000000000001d694        0x0 /usr/local/m68k-elf/lib/libc.a(lib_a-gdtoa-hexnan.o)
 .bss           0x000000000001d694        0x0 /usr/local/m68k-elf/lib/libc.a(lib_a-isattyr.o)
 .bss           0x000000000001d694        0x0 /usr/local/m68k-elf/lib/libc.a(lib_a-wcrtomb.o)
 .bss           0x000000000001d694        0x0 /usr/local/lib/gcc/m68k-elf/5/libgcc.a(_mulsi3.o)
 .bss           0x000000000001d694        0x0 /usr/local/lib/gcc/m68k-elf/5/libgcc.a(_udivsi3.o)
 .bss           0x000000000001d694        0x0 /usr/local/lib/gcc/m68k-elf/5/libgcc.a(_divsi3.o)
 .bss           0x000000000001d694        0x0 /usr/local/lib/gcc/m68k-elf/5/libgcc.a(_umodsi3.o)
 .bss           0x000000000001d694        0x0 /usr/local/lib/gcc/m68k-elf/5/libgcc.a(_modsi3.o)
 .bss           0x000000000001d694        0x0 /usr/local/lib/gcc/m68k-elf/5/libgcc.a(_double.o)
 .bss           0x000000000001d694        0x0 /usr/local/lib/gcc/m68k-elf/5/libgcc.a(_floatex.o)
 .bss           0x000000000001d694        0x0 /usr/local/lib/gcc/m68k-elf/5/libgcc.a(_eqdf2.o)
 .bss           0x000000000001d694        0x0 /usr/local/lib/gcc/m68k-elf/5/libgcc.a(_nedf2.o)
 .bss           0x000000000001d694        0x0 /usr/local/lib/gcc/m68k-elf/5/libgcc.a(_gtdf2.o)
 .bss           0x000000000001d694        0x0 /usr/local/lib/gcc/m68k-elf/5/libgcc.a(_gedf2.o)
 .bss           0x000000000001d694        0x0 /usr/local/lib/gcc/m68k-elf/5/libgcc.a(_ltdf2.o)
 .bss           0x000000000001d694        0x0 /usr/local/lib/gcc/m68k-elf/5/libgcc.a(_ledf2.o)
 .bss           0x000000000001d694        0x0 /usr/local/lib/gcc/m68k-elf/5/libgcc.a(_lesf2.o)
 .bss           0x000000000001d694        0x0 /usr/local/lib/gcc/m68k-elf/5/libgcc.a(_muldi3.o)
 .bss           0x000000000001d694        0x0 /usr/local/lib/gcc/m68k-elf/5/libgcc.a(_fixunsdfsi.o)
 .bss           0x000000000001d694        0x0 /usr/local/lib/gcc/m68k-elf/5/libgcc.a(fpgnulib.o)
 .bss           0x000000000001d694        0x0 /usr/local/lib/gcc/m68k-elf/5/libgcc.a(xfgnulib.o)
 .bss           0x000000000001d694        0x0 /usr/local/lib/gcc/m68k-elf/5/libgcc.a(_float.o)
 .bss           0x000000000001d694        0x0 /usr/local/m68k-elf/lib/libidp.a(close.o)
 .bss           0x000000000001d694        0x0 /usr/local/m68k-elf/lib/libidp.a(fstat.o)
 .bss           0x000000000001d694        0x0 /usr/local/m68k-elf/lib/libidp.a(isatty.o)
 .bss           0x000000000001d694        0x0 /usr/local/m68k-elf/lib/libidp.a(lseek.o)
 .bss           0x000000000001d694        0x0 /usr/local/m68k-elf/lib/libidp.a(sbrk.o)
 .bss           0x000000000001d694        0x0 /usr/local/m68k-elf/lib/libidp.a(mc68ec.o)
 .bss           0x000000000001d694        0x0 /usr/local/m68k-elf/lib/libc.a(lib_a-errno.o)
 *(COMMON)
 COMMON         0x000000000001d694     0x38c8 mtk_c.o
                0x000000000001d694                next_task
                0x000000000001d698                semaphore
                0x000000000001d6b0                curr_task
                0x000000000001d6b4                task_tab
                0x000000000001d754                stacks
                0x0000000000020f54                new_task
                0x0000000000020f58                ready
 COMMON         0x0000000000020f5c       0x14 test3.o
                0x0000000000020f5c                com0in
                0x0000000000020f60                com0out
                0x0000000000020f64                com1in
                0x0000000000020f68                check_answer
                0x0000000000020f6c                com1out
 COMMON         0x0000000000020f70        0x4 /usr/local/m68k-elf/lib/libc.a(lib_a-reent.o)
                0x0000000000020f70                errno
 COMMON         0x0000000000020f74        0x4 /usr/local/m68k-elf/lib/libidp.a(sbrk.o)
                0x0000000000020f74                heap_ptr
                0x0000000000020f78                _end = ALIGN (0x8)
                0x0000000000020f78                __end = _end

.stab
 *(.stab)

.stabstr
 *(.stabstr)
OUTPUT(test3.hex srec)

.debug_info     0x0000000000000000    0x3480f
 .debug_info    0x0000000000000000      0x19f csys68k.o
 .debug_info    0x000000000000019f      0xf21 mtk_c.o
 .debug_info    0x00000000000010c0      0xfc0 test3.o
 .debug_info    0x0000000000002080      0x8dc /usr/local/m68k-elf/lib/libc.a(lib_a-exit.o)
 .debug_info    0x000000000000295c      0x972 /usr/local/m68k-elf/lib/libc.a(lib_a-fdopen.o)
 .debug_info    0x00000000000032ce      0xd0b /usr/local/m68k-elf/lib/libc.a(lib_a-findfp.o)
 .debug_info    0x0000000000003fd9      0x8ff /usr/local/m68k-elf/lib/libc.a(lib_a-flags.o)
 .debug_info    0x00000000000048d8      0x991 /usr/local/m68k-elf/lib/libc.a(lib_a-fprintf.o)
 .debug_info    0x0000000000005269      0x9c0 /usr/local/m68k-elf/lib/libc.a(lib_a-fputc.o)
 .debug_info    0x0000000000005c29      0x991 /usr/local/m68k-elf/lib/libc.a(lib_a-fscanf.o)
 .debug_info    0x00000000000065ba      0x9a5 /usr/local/m68k-elf/lib/libc.a(lib_a-fwalk.o)
 .debug_info    0x0000000000006f5f      0xa38 /usr/local/m68k-elf/lib/libc.a(lib_a-fwrite.o)
 .debug_info    0x0000000000007997      0x8b1 /usr/local/m68k-elf/lib/libc.a(lib_a-impure.o)
 .debug_info    0x0000000000008248      0xcdd /usr/local/m68k-elf/lib/libc.a(lib_a-mallocr.o)
 .debug_info    0x0000000000008f25       0x26 /usr/local/m68k-elf/lib/libc.a(lib_a-memset.o)
 .debug_info    0x0000000000008f4b      0x8bf /usr/local/m68k-elf/lib/libc.a(lib_a-mlock.o)
 .debug_info    0x000000000000980a      0xa2d /usr/local/m68k-elf/lib/libc.a(lib_a-putc.o)
 .debug_info    0x000000000000a237      0x8e3 /usr/local/m68k-elf/lib/libc.a(lib_a-rand.o)
 .debug_info    0x000000000000ab1a      0x901 /usr/local/m68k-elf/lib/libc.a(lib_a-sbrkr.o)
 .debug_info    0x000000000000b41b      0x970 /usr/local/m68k-elf/lib/libc.a(lib_a-scanf.o)
 .debug_info    0x000000000000bd8b      0x9b1 /usr/local/m68k-elf/lib/libc.a(lib_a-sprintf.o)
 .debug_info    0x000000000000c73c      0xae3 /usr/local/m68k-elf/lib/libc.a(lib_a-stdio.o)
 .debug_info    0x000000000000d21f       0xfc /usr/local/m68k-elf/lib/libc.a(lib_a-strncmp.o)
 .debug_info    0x000000000000d31b     0x158c /usr/local/m68k-elf/lib/libc.a(lib_a-svfprintf.o)
 .debug_info    0x000000000000e8a7     0x16d2 /usr/local/m68k-elf/lib/libc.a(lib_a-vfprintf.o)
 .debug_info    0x000000000000ff79     0x1634 /usr/local/m68k-elf/lib/libc.a(lib_a-vfscanf.o)
 .debug_info    0x00000000000115ad      0x987 /usr/local/m68k-elf/lib/libc.a(lib_a-wbuf.o)
 .debug_info    0x0000000000011f34      0x90e /usr/local/m68k-elf/lib/libc.a(lib_a-writer.o)
 .debug_info    0x0000000000012842      0x927 /usr/local/m68k-elf/lib/libc.a(lib_a-wsetup.o)
 .debug_info    0x0000000000013169      0x95f /usr/local/m68k-elf/lib/libc.a(lib_a-__call_atexit.o)
 .debug_info    0x0000000000013ac8      0x8e0 /usr/local/m68k-elf/lib/libc.a(lib_a-closer.o)
 .debug_info    0x00000000000143a8     0x144b /usr/local/m68k-elf/lib/libc.a(lib_a-dtoa.o)
 .debug_info    0x00000000000157f3      0x9e5 /usr/local/m68k-elf/lib/libc.a(lib_a-fclose.o)
 .debug_info    0x00000000000161d8      0xa2c /usr/local/m68k-elf/lib/libc.a(lib_a-fflush.o)
 .debug_info    0x0000000000016c04      0xa57 /usr/local/m68k-elf/lib/libc.a(lib_a-fread.o)
 .debug_info    0x000000000001765b      0xbb5 /usr/local/m68k-elf/lib/libc.a(lib_a-freer.o)
 .debug_info    0x0000000000018210      0xac9 /usr/local/m68k-elf/lib/libc.a(lib_a-fvwrite.o)
 .debug_info    0x0000000000018cd9      0xd9e /usr/local/m68k-elf/lib/libc.a(lib_a-iswspace.o)
 .debug_info    0x0000000000019a77      0xf06 /usr/local/m68k-elf/lib/libc.a(lib_a-locale.o)
 .debug_info    0x000000000001a97d      0xe4a /usr/local/m68k-elf/lib/libc.a(lib_a-localeconv.o)
 .debug_info    0x000000000001b7c7      0x8fc /usr/local/m68k-elf/lib/libc.a(lib_a-lseekr.o)
 .debug_info    0x000000000001c0c3      0xc08 /usr/local/m68k-elf/lib/libc.a(lib_a-makebuf.o)
 .debug_info    0x000000000001cccb      0xeac /usr/local/m68k-elf/lib/libc.a(lib_a-mbrtowc.o)
 .debug_info    0x000000000001db77      0xe78 /usr/local/m68k-elf/lib/libc.a(lib_a-mbtowc_r.o)
 .debug_info    0x000000000001e9ef      0x12d /usr/local/m68k-elf/lib/libc.a(lib_a-memchr.o)
 .debug_info    0x000000000001eb1c       0x26 /usr/local/m68k-elf/lib/libc.a(lib_a-memcpy.o)
 .debug_info    0x000000000001eb42      0xdfd /usr/local/m68k-elf/lib/libc.a(lib_a-memmove.o)
 .debug_info    0x000000000001f93f     0x1a82 /usr/local/m68k-elf/lib/libc.a(lib_a-mprec.o)
 .debug_info    0x00000000000213c1      0x907 /usr/local/m68k-elf/lib/libc.a(lib_a-readr.o)
 .debug_info    0x0000000000021cc8      0xc46 /usr/local/m68k-elf/lib/libc.a(lib_a-reallocr.o)
 .debug_info    0x000000000002290e      0x993 /usr/local/m68k-elf/lib/libc.a(lib_a-reent.o)
 .debug_info    0x00000000000232a1      0x9cd /usr/local/m68k-elf/lib/libc.a(lib_a-refill.o)
 .debug_info    0x0000000000023c6e      0x905 /usr/local/m68k-elf/lib/libc.a(lib_a-sccl.o)
 .debug_info    0x0000000000024573       0xcd /usr/local/m68k-elf/lib/libc.a(lib_a-sf_nan.o)
 .debug_info    0x0000000000024640       0xe4 /usr/local/m68k-elf/lib/libc.a(lib_a-strcmp.o)
 .debug_info    0x0000000000024724       0xd6 /usr/local/m68k-elf/lib/libc.a(lib_a-strlen.o)
 .debug_info    0x00000000000247fa     0x1936 /usr/local/m68k-elf/lib/libc.a(lib_a-strtod.o)
 .debug_info    0x0000000000026130     0x1012 /usr/local/m68k-elf/lib/libc.a(lib_a-strtol.o)
 .debug_info    0x0000000000027142     0x1012 /usr/local/m68k-elf/lib/libc.a(lib_a-strtoul.o)
 .debug_info    0x0000000000028154     0x123b /usr/local/m68k-elf/lib/libc.a(lib_a-svfiprintf.o)
 .debug_info    0x000000000002938f      0xa51 /usr/local/m68k-elf/lib/libc.a(lib_a-ungetc.o)
 .debug_info    0x0000000000029de0     0x17d3 /usr/local/m68k-elf/lib/libc.a(lib_a-vfiprintf.o)
 .debug_info    0x000000000002b5b3      0xe4a /usr/local/m68k-elf/lib/libc.a(lib_a-wctomb_r.o)
 .debug_info    0x000000000002c3fd      0x9d3 /usr/local/m68k-elf/lib/libc.a(lib_a-callocr.o)
 .debug_info    0x000000000002cdd0      0xd83 /usr/local/m68k-elf/lib/libc.a(lib_a-ctype_.o)
 .debug_info    0x000000000002db53      0xae3 /usr/local/m68k-elf/lib/libc.a(lib_a-fputwc.o)
 .debug_info    0x000000000002e636      0xac4 /usr/local/m68k-elf/lib/libc.a(lib_a-fstatr.o)
 .debug_info    0x000000000002f0fa     0x12b2 /usr/local/m68k-elf/lib/libc.a(lib_a-gdtoa-gethex.o)
 .debug_info    0x00000000000303ac     0x1032 /usr/local/m68k-elf/lib/libc.a(lib_a-gdtoa-hexnan.o)
 .debug_info    0x00000000000313de      0x8e0 /usr/local/m68k-elf/lib/libc.a(lib_a-isattyr.o)
 .debug_info    0x0000000000031cbe      0xeb9 /usr/local/m68k-elf/lib/libc.a(lib_a-wcrtomb.o)
 .debug_info    0x0000000000032b77       0x26 /usr/local/lib/gcc/m68k-elf/5/libgcc.a(_mulsi3.o)
 .debug_info    0x0000000000032b9d       0x26 /usr/local/lib/gcc/m68k-elf/5/libgcc.a(_udivsi3.o)
 .debug_info    0x0000000000032bc3       0x26 /usr/local/lib/gcc/m68k-elf/5/libgcc.a(_divsi3.o)
 .debug_info    0x0000000000032be9       0x26 /usr/local/lib/gcc/m68k-elf/5/libgcc.a(_umodsi3.o)
 .debug_info    0x0000000000032c0f       0x26 /usr/local/lib/gcc/m68k-elf/5/libgcc.a(_modsi3.o)
 .debug_info    0x0000000000032c35       0x26 /usr/local/lib/gcc/m68k-elf/5/libgcc.a(_double.o)
 .debug_info    0x0000000000032c5b       0x26 /usr/local/lib/gcc/m68k-elf/5/libgcc.a(_floatex.o)
 .debug_info    0x0000000000032c81       0x26 /usr/local/lib/gcc/m68k-elf/5/libgcc.a(_eqdf2.o)
 .debug_info    0x0000000000032ca7       0x26 /usr/local/lib/gcc/m68k-elf/5/libgcc.a(_nedf2.o)
 .debug_info    0x0000000000032ccd       0x26 /usr/local/lib/gcc/m68k-elf/5/libgcc.a(_gtdf2.o)
 .debug_info    0x0000000000032cf3       0x26 /usr/local/lib/gcc/m68k-elf/5/libgcc.a(_gedf2.o)
 .debug_info    0x0000000000032d19       0x26 /usr/local/lib/gcc/m68k-elf/5/libgcc.a(_ltdf2.o)
 .debug_info    0x0000000000032d3f       0x26 /usr/local/lib/gcc/m68k-elf/5/libgcc.a(_ledf2.o)
 .debug_info    0x0000000000032d65       0x26 /usr/local/lib/gcc/m68k-elf/5/libgcc.a(_lesf2.o)
 .debug_info    0x0000000000032d8b      0x18e /usr/local/lib/gcc/m68k-elf/5/libgcc.a(_muldi3.o)
 .debug_info    0x0000000000032f19       0xdb /usr/local/lib/gcc/m68k-elf/5/libgcc.a(_fixunsdfsi.o)
 .debug_info    0x0000000000032ff4      0x44e /usr/local/lib/gcc/m68k-elf/5/libgcc.a(fpgnulib.o)
 .debug_info    0x0000000000033442      0x51e /usr/local/lib/gcc/m68k-elf/5/libgcc.a(xfgnulib.o)
 .debug_info    0x0000000000033960       0x26 /usr/local/lib/gcc/m68k-elf/5/libgcc.a(_float.o)
 .debug_info    0x0000000000033986       0x54 /usr/local/m68k-elf/lib/libidp.a(close.o)
 .debug_info    0x00000000000339da      0x297 /usr/local/m68k-elf/lib/libidp.a(fstat.o)
 .debug_info    0x0000000000033c71       0x54 /usr/local/m68k-elf/lib/libidp.a(isatty.o)
 .debug_info    0x0000000000033cc5       0xf9 /usr/local/m68k-elf/lib/libidp.a(lseek.o)
 .debug_info    0x0000000000033dbe       0xe5 /usr/local/m68k-elf/lib/libidp.a(sbrk.o)
 .debug_info    0x0000000000033ea3       0xc6 /usr/local/m68k-elf/lib/libidp.a(mc68ec.o)
 .debug_info    0x0000000000033f69      0x8a6 /usr/local/m68k-elf/lib/libc.a(lib_a-errno.o)

.debug_abbrev   0x0000000000000000     0xa25c
 .debug_abbrev  0x0000000000000000       0xa7 csys68k.o
 .debug_abbrev  0x00000000000000a7      0x360 mtk_c.o
 .debug_abbrev  0x0000000000000407      0x2e4 test3.o
 .debug_abbrev  0x00000000000006eb      0x1c6 /usr/local/m68k-elf/lib/libc.a(lib_a-exit.o)
 .debug_abbrev  0x00000000000008b1      0x201 /usr/local/m68k-elf/lib/libc.a(lib_a-fdopen.o)
 .debug_abbrev  0x0000000000000ab2      0x383 /usr/local/m68k-elf/lib/libc.a(lib_a-findfp.o)
 .debug_abbrev  0x0000000000000e35      0x1d6 /usr/local/m68k-elf/lib/libc.a(lib_a-flags.o)
 .debug_abbrev  0x000000000000100b      0x214 /usr/local/m68k-elf/lib/libc.a(lib_a-fprintf.o)
 .debug_abbrev  0x000000000000121f      0x252 /usr/local/m68k-elf/lib/libc.a(lib_a-fputc.o)
 .debug_abbrev  0x0000000000001471      0x214 /usr/local/m68k-elf/lib/libc.a(lib_a-fscanf.o)
 .debug_abbrev  0x0000000000001685      0x1c7 /usr/local/m68k-elf/lib/libc.a(lib_a-fwalk.o)
 .debug_abbrev  0x000000000000184c      0x232 /usr/local/m68k-elf/lib/libc.a(lib_a-fwrite.o)
 .debug_abbrev  0x0000000000001a7e      0x189 /usr/local/m68k-elf/lib/libc.a(lib_a-impure.o)
 .debug_abbrev  0x0000000000001c07      0x28e /usr/local/m68k-elf/lib/libc.a(lib_a-mallocr.o)
 .debug_abbrev  0x0000000000001e95       0x14 /usr/local/m68k-elf/lib/libc.a(lib_a-memset.o)
 .debug_abbrev  0x0000000000001ea9      0x1b5 /usr/local/m68k-elf/lib/libc.a(lib_a-mlock.o)
 .debug_abbrev  0x000000000000205e      0x26a /usr/local/m68k-elf/lib/libc.a(lib_a-putc.o)
 .debug_abbrev  0x00000000000022c8      0x1df /usr/local/m68k-elf/lib/libc.a(lib_a-rand.o)
 .debug_abbrev  0x00000000000024a7      0x1f8 /usr/local/m68k-elf/lib/libc.a(lib_a-sbrkr.o)
 .debug_abbrev  0x000000000000269f      0x223 /usr/local/m68k-elf/lib/libc.a(lib_a-scanf.o)
 .debug_abbrev  0x00000000000028c2      0x214 /usr/local/m68k-elf/lib/libc.a(lib_a-sprintf.o)
 .debug_abbrev  0x0000000000002ad6      0x22b /usr/local/m68k-elf/lib/libc.a(lib_a-stdio.o)
 .debug_abbrev  0x0000000000002d01       0x81 /usr/local/m68k-elf/lib/libc.a(lib_a-strncmp.o)
 .debug_abbrev  0x0000000000002d82      0x364 /usr/local/m68k-elf/lib/libc.a(lib_a-svfprintf.o)
 .debug_abbrev  0x00000000000030e6      0x3a3 /usr/local/m68k-elf/lib/libc.a(lib_a-vfprintf.o)
 .debug_abbrev  0x0000000000003489      0x3d3 /usr/local/m68k-elf/lib/libc.a(lib_a-vfscanf.o)
 .debug_abbrev  0x000000000000385c      0x228 /usr/local/m68k-elf/lib/libc.a(lib_a-wbuf.o)
 .debug_abbrev  0x0000000000003a84      0x1d9 /usr/local/m68k-elf/lib/libc.a(lib_a-writer.o)
 .debug_abbrev  0x0000000000003c5d      0x1ee /usr/local/m68k-elf/lib/libc.a(lib_a-wsetup.o)
 .debug_abbrev  0x0000000000003e4b      0x213 /usr/local/m68k-elf/lib/libc.a(lib_a-__call_atexit.o)
 .debug_abbrev  0x000000000000405e      0x1d4 /usr/local/m68k-elf/lib/libc.a(lib_a-closer.o)
 .debug_abbrev  0x0000000000004232      0x2af /usr/local/m68k-elf/lib/libc.a(lib_a-dtoa.o)
 .debug_abbrev  0x00000000000044e1      0x268 /usr/local/m68k-elf/lib/libc.a(lib_a-fclose.o)
 .debug_abbrev  0x0000000000004749      0x280 /usr/local/m68k-elf/lib/libc.a(lib_a-fflush.o)
 .debug_abbrev  0x00000000000049c9      0x254 /usr/local/m68k-elf/lib/libc.a(lib_a-fread.o)
 .debug_abbrev  0x0000000000004c1d      0x24d /usr/local/m68k-elf/lib/libc.a(lib_a-freer.o)
 .debug_abbrev  0x0000000000004e6a      0x21b /usr/local/m68k-elf/lib/libc.a(lib_a-fvwrite.o)
 .debug_abbrev  0x0000000000005085      0x1cd /usr/local/m68k-elf/lib/libc.a(lib_a-iswspace.o)
 .debug_abbrev  0x0000000000005252      0x26b /usr/local/m68k-elf/lib/libc.a(lib_a-locale.o)
 .debug_abbrev  0x00000000000054bd      0x235 /usr/local/m68k-elf/lib/libc.a(lib_a-localeconv.o)
 .debug_abbrev  0x00000000000056f2      0x1e3 /usr/local/m68k-elf/lib/libc.a(lib_a-lseekr.o)
 .debug_abbrev  0x00000000000058d5      0x297 /usr/local/m68k-elf/lib/libc.a(lib_a-makebuf.o)
 .debug_abbrev  0x0000000000005b6c      0x1f8 /usr/local/m68k-elf/lib/libc.a(lib_a-mbrtowc.o)
 .debug_abbrev  0x0000000000005d64      0x24d /usr/local/m68k-elf/lib/libc.a(lib_a-mbtowc_r.o)
 .debug_abbrev  0x0000000000005fb1       0xc9 /usr/local/m68k-elf/lib/libc.a(lib_a-memchr.o)
 .debug_abbrev  0x000000000000607a       0x14 /usr/local/m68k-elf/lib/libc.a(lib_a-memcpy.o)
 .debug_abbrev  0x000000000000608e      0x1e3 /usr/local/m68k-elf/lib/libc.a(lib_a-memmove.o)
 .debug_abbrev  0x0000000000006271      0x3e1 /usr/local/m68k-elf/lib/libc.a(lib_a-mprec.o)
 .debug_abbrev  0x0000000000006652      0x1d4 /usr/local/m68k-elf/lib/libc.a(lib_a-readr.o)
 .debug_abbrev  0x0000000000006826      0x23c /usr/local/m68k-elf/lib/libc.a(lib_a-reallocr.o)
 .debug_abbrev  0x0000000000006a62      0x24a /usr/local/m68k-elf/lib/libc.a(lib_a-reent.o)
 .debug_abbrev  0x0000000000006cac      0x221 /usr/local/m68k-elf/lib/libc.a(lib_a-refill.o)
 .debug_abbrev  0x0000000000006ecd      0x1d4 /usr/local/m68k-elf/lib/libc.a(lib_a-sccl.o)
 .debug_abbrev  0x00000000000070a1       0x72 /usr/local/m68k-elf/lib/libc.a(lib_a-sf_nan.o)
 .debug_abbrev  0x0000000000007113       0x74 /usr/local/m68k-elf/lib/libc.a(lib_a-strcmp.o)
 .debug_abbrev  0x0000000000007187       0x7f /usr/local/m68k-elf/lib/libc.a(lib_a-strlen.o)
 .debug_abbrev  0x0000000000007206      0x3dd /usr/local/m68k-elf/lib/libc.a(lib_a-strtod.o)
 .debug_abbrev  0x00000000000075e3      0x2a7 /usr/local/m68k-elf/lib/libc.a(lib_a-strtol.o)
 .debug_abbrev  0x000000000000788a      0x2a7 /usr/local/m68k-elf/lib/libc.a(lib_a-strtoul.o)
 .debug_abbrev  0x0000000000007b31      0x2c3 /usr/local/m68k-elf/lib/libc.a(lib_a-svfiprintf.o)
 .debug_abbrev  0x0000000000007df4      0x298 /usr/local/m68k-elf/lib/libc.a(lib_a-ungetc.o)
 .debug_abbrev  0x000000000000808c      0x3bd /usr/local/m68k-elf/lib/libc.a(lib_a-vfiprintf.o)
 .debug_abbrev  0x0000000000008449      0x237 /usr/local/m68k-elf/lib/libc.a(lib_a-wctomb_r.o)
 .debug_abbrev  0x0000000000008680      0x219 /usr/local/m68k-elf/lib/libc.a(lib_a-callocr.o)
 .debug_abbrev  0x0000000000008899      0x19c /usr/local/m68k-elf/lib/libc.a(lib_a-ctype_.o)
 .debug_abbrev  0x0000000000008a35      0x2cc /usr/local/m68k-elf/lib/libc.a(lib_a-fputwc.o)
 .debug_abbrev  0x0000000000008d01      0x1e3 /usr/local/m68k-elf/lib/libc.a(lib_a-fstatr.o)
 .debug_abbrev  0x0000000000008ee4      0x2f4 /usr/local/m68k-elf/lib/libc.a(lib_a-gdtoa-gethex.o)
 .debug_abbrev  0x00000000000091d8      0x29e /usr/local/m68k-elf/lib/libc.a(lib_a-gdtoa-hexnan.o)
 .debug_abbrev  0x0000000000009476      0x1d4 /usr/local/m68k-elf/lib/libc.a(lib_a-isattyr.o)
 .debug_abbrev  0x000000000000964a      0x207 /usr/local/m68k-elf/lib/libc.a(lib_a-wcrtomb.o)
 .debug_abbrev  0x0000000000009851       0x14 /usr/local/lib/gcc/m68k-elf/5/libgcc.a(_mulsi3.o)
 .debug_abbrev  0x0000000000009865       0x14 /usr/local/lib/gcc/m68k-elf/5/libgcc.a(_udivsi3.o)
 .debug_abbrev  0x0000000000009879       0x14 /usr/local/lib/gcc/m68k-elf/5/libgcc.a(_divsi3.o)
 .debug_abbrev  0x000000000000988d       0x14 /usr/local/lib/gcc/m68k-elf/5/libgcc.a(_umodsi3.o)
 .debug_abbrev  0x00000000000098a1       0x14 /usr/local/lib/gcc/m68k-elf/5/libgcc.a(_modsi3.o)
 .debug_abbrev  0x00000000000098b5       0x14 /usr/local/lib/gcc/m68k-elf/5/libgcc.a(_double.o)
 .debug_abbrev  0x00000000000098c9       0x14 /usr/local/lib/gcc/m68k-elf/5/libgcc.a(_floatex.o)
 .debug_abbrev  0x00000000000098dd       0x14 /usr/local/lib/gcc/m68k-elf/5/libgcc.a(_eqdf2.o)
 .debug_abbrev  0x00000000000098f1       0x14 /usr/local/lib/gcc/m68k-elf/5/libgcc.a(_nedf2.o)
 .debug_abbrev  0x0000000000009905       0x14 /usr/local/lib/gcc/m68k-elf/5/libgcc.a(_gtdf2.o)
 .debug_abbrev  0x0000000000009919       0x14 /usr/local/lib/gcc/m68k-elf/5/libgcc.a(_gedf2.o)
 .debug_abbrev  0x000000000000992d       0x14 /usr/local/lib/gcc/m68k-elf/5/libgcc.a(_ltdf2.o)
 .debug_abbrev  0x0000000000009941       0x14 /usr/local/lib/gcc/m68k-elf/5/libgcc.a(_ledf2.o)
 .debug_abbrev  0x0000000000009955       0x14 /usr/local/lib/gcc/m68k-elf/5/libgcc.a(_lesf2.o)
 .debug_abbrev  0x0000000000009969       0xe1 /usr/local/lib/gcc/m68k-elf/5/libgcc.a(_muldi3.o)
 .debug_abbrev  0x0000000000009a4a       0x60 /usr/local/lib/gcc/m68k-elf/5/libgcc.a(_fixunsdfsi.o)
 .debug_abbrev  0x0000000000009aaa      0x1cf /usr/local/lib/gcc/m68k-elf/5/libgcc.a(fpgnulib.o)
 .debug_abbrev  0x0000000000009c79      0x168 /usr/local/lib/gcc/m68k-elf/5/libgcc.a(xfgnulib.o)
 .debug_abbrev  0x0000000000009de1       0x14 /usr/local/lib/gcc/m68k-elf/5/libgcc.a(_float.o)
 .debug_abbrev  0x0000000000009df5       0x4a /usr/local/m68k-elf/lib/libidp.a(close.o)
 .debug_abbrev  0x0000000000009e3f       0x9b /usr/local/m68k-elf/lib/libidp.a(fstat.o)
 .debug_abbrev  0x0000000000009eda       0x4a /usr/local/m68k-elf/lib/libidp.a(isatty.o)
 .debug_abbrev  0x0000000000009f24       0x8d /usr/local/m68k-elf/lib/libidp.a(lseek.o)
 .debug_abbrev  0x0000000000009fb1       0x9b /usr/local/m68k-elf/lib/libidp.a(sbrk.o)
 .debug_abbrev  0x000000000000a04c       0x78 /usr/local/m68k-elf/lib/libidp.a(mc68ec.o)
 .debug_abbrev  0x000000000000a0c4      0x198 /usr/local/m68k-elf/lib/libc.a(lib_a-errno.o)

.debug_loc      0x0000000000000000    0x197ce
 .debug_loc     0x0000000000000000      0x15f csys68k.o
 .debug_loc     0x000000000000015f      0x51c mtk_c.o
 .debug_loc     0x000000000000067b      0x43d test3.o
 .debug_loc     0x0000000000000ab8       0x3c /usr/local/m68k-elf/lib/libc.a(lib_a-fdopen.o)
 .debug_loc     0x0000000000000af4      0x198 /usr/local/m68k-elf/lib/libc.a(lib_a-findfp.o)
 .debug_loc     0x0000000000000c8c       0xc3 /usr/local/m68k-elf/lib/libc.a(lib_a-flags.o)
 .debug_loc     0x0000000000000d4f       0xa4 /usr/local/m68k-elf/lib/libc.a(lib_a-fprintf.o)
 .debug_loc     0x0000000000000df3       0xd2 /usr/local/m68k-elf/lib/libc.a(lib_a-fputc.o)
 .debug_loc     0x0000000000000ec5       0xa4 /usr/local/m68k-elf/lib/libc.a(lib_a-fscanf.o)
 .debug_loc     0x0000000000000f69       0xf8 /usr/local/m68k-elf/lib/libc.a(lib_a-fwalk.o)
 .debug_loc     0x0000000000001061       0x5f /usr/local/m68k-elf/lib/libc.a(lib_a-fwrite.o)
 .debug_loc     0x00000000000010c0      0xa3f /usr/local/m68k-elf/lib/libc.a(lib_a-mallocr.o)
 .debug_loc     0x0000000000001aff      0x187 /usr/local/m68k-elf/lib/libc.a(lib_a-putc.o)
 .debug_loc     0x0000000000001c86       0x13 /usr/local/m68k-elf/lib/libc.a(lib_a-rand.o)
 .debug_loc     0x0000000000001c99       0xb7 /usr/local/m68k-elf/lib/libc.a(lib_a-scanf.o)
 .debug_loc     0x0000000000001d50       0xa4 /usr/local/m68k-elf/lib/libc.a(lib_a-sprintf.o)
 .debug_loc     0x0000000000001df4      0x14a /usr/local/m68k-elf/lib/libc.a(lib_a-stdio.o)
 .debug_loc     0x0000000000001f3e       0x8e /usr/local/m68k-elf/lib/libc.a(lib_a-strncmp.o)
 .debug_loc     0x0000000000001fcc     0x2e8d /usr/local/m68k-elf/lib/libc.a(lib_a-svfprintf.o)
 .debug_loc     0x0000000000004e59     0x310c /usr/local/m68k-elf/lib/libc.a(lib_a-vfprintf.o)
 .debug_loc     0x0000000000007f65     0x1f13 /usr/local/m68k-elf/lib/libc.a(lib_a-vfscanf.o)
 .debug_loc     0x0000000000009e78       0xab /usr/local/m68k-elf/lib/libc.a(lib_a-wbuf.o)
 .debug_loc     0x0000000000009f23       0x1e /usr/local/m68k-elf/lib/libc.a(lib_a-wsetup.o)
 .debug_loc     0x0000000000009f41      0x1c7 /usr/local/m68k-elf/lib/libc.a(lib_a-__call_atexit.o)
 .debug_loc     0x000000000000a108     0x2566 /usr/local/m68k-elf/lib/libc.a(lib_a-dtoa.o)
 .debug_loc     0x000000000000c66e       0x9a /usr/local/m68k-elf/lib/libc.a(lib_a-fclose.o)
 .debug_loc     0x000000000000c708      0x172 /usr/local/m68k-elf/lib/libc.a(lib_a-fflush.o)
 .debug_loc     0x000000000000c87a      0x247 /usr/local/m68k-elf/lib/libc.a(lib_a-fread.o)
 .debug_loc     0x000000000000cac1      0x4dd /usr/local/m68k-elf/lib/libc.a(lib_a-freer.o)
 .debug_loc     0x000000000000cf9e      0x473 /usr/local/m68k-elf/lib/libc.a(lib_a-fvwrite.o)
 .debug_loc     0x000000000000d411       0x1f /usr/local/m68k-elf/lib/libc.a(lib_a-locale.o)
 .debug_loc     0x000000000000d430       0x24 /usr/local/m68k-elf/lib/libc.a(lib_a-localeconv.o)
 .debug_loc     0x000000000000d454       0xb3 /usr/local/m68k-elf/lib/libc.a(lib_a-makebuf.o)
 .debug_loc     0x000000000000d507       0xf1 /usr/local/m68k-elf/lib/libc.a(lib_a-mbrtowc.o)
 .debug_loc     0x000000000000d5f8       0xd6 /usr/local/m68k-elf/lib/libc.a(lib_a-mbtowc_r.o)
 .debug_loc     0x000000000000d6ce      0x13c /usr/local/m68k-elf/lib/libc.a(lib_a-memchr.o)
 .debug_loc     0x000000000000d80a      0x322 /usr/local/m68k-elf/lib/libc.a(lib_a-memmove.o)
 .debug_loc     0x000000000000db2c     0x1ce9 /usr/local/m68k-elf/lib/libc.a(lib_a-mprec.o)
 .debug_loc     0x000000000000f815     0x1618 /usr/local/m68k-elf/lib/libc.a(lib_a-reallocr.o)
 .debug_loc     0x0000000000010e2d       0x6d /usr/local/m68k-elf/lib/libc.a(lib_a-reent.o)
 .debug_loc     0x0000000000010e9a       0x9a /usr/local/m68k-elf/lib/libc.a(lib_a-refill.o)
 .debug_loc     0x0000000000010f34      0x1d4 /usr/local/m68k-elf/lib/libc.a(lib_a-sccl.o)
 .debug_loc     0x0000000000011108       0x92 /usr/local/m68k-elf/lib/libc.a(lib_a-strcmp.o)
 .debug_loc     0x000000000001119a       0x33 /usr/local/m68k-elf/lib/libc.a(lib_a-strlen.o)
 .debug_loc     0x00000000000111cd     0x2087 /usr/local/m68k-elf/lib/libc.a(lib_a-strtod.o)
 .debug_loc     0x0000000000013254      0x3db /usr/local/m68k-elf/lib/libc.a(lib_a-strtol.o)
 .debug_loc     0x000000000001362f      0x3f4 /usr/local/m68k-elf/lib/libc.a(lib_a-strtoul.o)
 .debug_loc     0x0000000000013a23     0x16f2 /usr/local/m68k-elf/lib/libc.a(lib_a-svfiprintf.o)
 .debug_loc     0x0000000000015115      0x19d /usr/local/m68k-elf/lib/libc.a(lib_a-ungetc.o)
 .debug_loc     0x00000000000152b2     0x2094 /usr/local/m68k-elf/lib/libc.a(lib_a-vfiprintf.o)
 .debug_loc     0x0000000000017346       0xcd /usr/local/m68k-elf/lib/libc.a(lib_a-wctomb_r.o)
 .debug_loc     0x0000000000017413      0x30b /usr/local/m68k-elf/lib/libc.a(lib_a-callocr.o)
 .debug_loc     0x000000000001771e      0x191 /usr/local/m68k-elf/lib/libc.a(lib_a-fputwc.o)
 .debug_loc     0x00000000000178af     0x1084 /usr/local/m68k-elf/lib/libc.a(lib_a-gdtoa-gethex.o)
 .debug_loc     0x0000000000018933      0x54b /usr/local/m68k-elf/lib/libc.a(lib_a-gdtoa-hexnan.o)
 .debug_loc     0x0000000000018e7e       0xf1 /usr/local/m68k-elf/lib/libc.a(lib_a-wcrtomb.o)
 .debug_loc     0x0000000000018f6f      0x6f4 /usr/local/lib/gcc/m68k-elf/5/libgcc.a(fpgnulib.o)
 .debug_loc     0x0000000000019663      0x107 /usr/local/lib/gcc/m68k-elf/5/libgcc.a(xfgnulib.o)
 .debug_loc     0x000000000001976a       0x22 /usr/local/m68k-elf/lib/libidp.a(sbrk.o)
 .debug_loc     0x000000000001978c       0x42 /usr/local/m68k-elf/lib/libidp.a(mc68ec.o)

.debug_aranges  0x0000000000000000      0xc20
 .debug_aranges
                0x0000000000000000       0x20 csys68k.o
 .debug_aranges
                0x0000000000000020       0x20 mtk_c.o
 .debug_aranges
                0x0000000000000040       0x28 test3.o
 .debug_aranges
                0x0000000000000068       0x20 /usr/local/m68k-elf/lib/libc.a(lib_a-exit.o)
 .debug_aranges
                0x0000000000000088       0x20 /usr/local/m68k-elf/lib/libc.a(lib_a-fdopen.o)
 .debug_aranges
                0x00000000000000a8       0x20 /usr/local/m68k-elf/lib/libc.a(lib_a-findfp.o)
 .debug_aranges
                0x00000000000000c8       0x20 /usr/local/m68k-elf/lib/libc.a(lib_a-flags.o)
 .debug_aranges
                0x00000000000000e8       0x20 /usr/local/m68k-elf/lib/libc.a(lib_a-fprintf.o)
 .debug_aranges
                0x0000000000000108       0x20 /usr/local/m68k-elf/lib/libc.a(lib_a-fputc.o)
 .debug_aranges
                0x0000000000000128       0x20 /usr/local/m68k-elf/lib/libc.a(lib_a-fscanf.o)
 .debug_aranges
                0x0000000000000148       0x20 /usr/local/m68k-elf/lib/libc.a(lib_a-fwalk.o)
 .debug_aranges
                0x0000000000000168       0x20 /usr/local/m68k-elf/lib/libc.a(lib_a-fwrite.o)
 .debug_aranges
                0x0000000000000188       0x18 /usr/local/m68k-elf/lib/libc.a(lib_a-impure.o)
 .debug_aranges
                0x00000000000001a0       0x20 /usr/local/m68k-elf/lib/libc.a(lib_a-mallocr.o)
 .debug_aranges
                0x00000000000001c0       0x20 /usr/local/m68k-elf/lib/libc.a(lib_a-memset.o)
 .debug_aranges
                0x00000000000001e0       0x20 /usr/local/m68k-elf/lib/libc.a(lib_a-mlock.o)
 .debug_aranges
                0x0000000000000200       0x20 /usr/local/m68k-elf/lib/libc.a(lib_a-putc.o)
 .debug_aranges
                0x0000000000000220       0x20 /usr/local/m68k-elf/lib/libc.a(lib_a-rand.o)
 .debug_aranges
                0x0000000000000240       0x20 /usr/local/m68k-elf/lib/libc.a(lib_a-sbrkr.o)
 .debug_aranges
                0x0000000000000260       0x20 /usr/local/m68k-elf/lib/libc.a(lib_a-scanf.o)
 .debug_aranges
                0x0000000000000280       0x20 /usr/local/m68k-elf/lib/libc.a(lib_a-sprintf.o)
 .debug_aranges
                0x00000000000002a0       0x20 /usr/local/m68k-elf/lib/libc.a(lib_a-stdio.o)
 .debug_aranges
                0x00000000000002c0       0x20 /usr/local/m68k-elf/lib/libc.a(lib_a-strncmp.o)
 .debug_aranges
                0x00000000000002e0       0x20 /usr/local/m68k-elf/lib/libc.a(lib_a-svfprintf.o)
 .debug_aranges
                0x0000000000000300       0x20 /usr/local/m68k-elf/lib/libc.a(lib_a-vfprintf.o)
 .debug_aranges
                0x0000000000000320       0x20 /usr/local/m68k-elf/lib/libc.a(lib_a-vfscanf.o)
 .debug_aranges
                0x0000000000000340       0x20 /usr/local/m68k-elf/lib/libc.a(lib_a-wbuf.o)
 .debug_aranges
                0x0000000000000360       0x20 /usr/local/m68k-elf/lib/libc.a(lib_a-writer.o)
 .debug_aranges
                0x0000000000000380       0x20 /usr/local/m68k-elf/lib/libc.a(lib_a-wsetup.o)
 .debug_aranges
                0x00000000000003a0       0x20 /usr/local/m68k-elf/lib/libc.a(lib_a-__call_atexit.o)
 .debug_aranges
                0x00000000000003c0       0x20 /usr/local/m68k-elf/lib/libc.a(lib_a-closer.o)
 .debug_aranges
                0x00000000000003e0       0x20 /usr/local/m68k-elf/lib/libc.a(lib_a-dtoa.o)
 .debug_aranges
                0x0000000000000400       0x20 /usr/local/m68k-elf/lib/libc.a(lib_a-fclose.o)
 .debug_aranges
                0x0000000000000420       0x20 /usr/local/m68k-elf/lib/libc.a(lib_a-fflush.o)
 .debug_aranges
                0x0000000000000440       0x20 /usr/local/m68k-elf/lib/libc.a(lib_a-fread.o)
 .debug_aranges
                0x0000000000000460       0x20 /usr/local/m68k-elf/lib/libc.a(lib_a-freer.o)
 .debug_aranges
                0x0000000000000480       0x20 /usr/local/m68k-elf/lib/libc.a(lib_a-fvwrite.o)
 .debug_aranges
                0x00000000000004a0       0x20 /usr/local/m68k-elf/lib/libc.a(lib_a-iswspace.o)
 .debug_aranges
                0x00000000000004c0       0x20 /usr/local/m68k-elf/lib/libc.a(lib_a-locale.o)
 .debug_aranges
                0x00000000000004e0       0x20 /usr/local/m68k-elf/lib/libc.a(lib_a-localeconv.o)
 .debug_aranges
                0x0000000000000500       0x20 /usr/local/m68k-elf/lib/libc.a(lib_a-lseekr.o)
 .debug_aranges
                0x0000000000000520       0x20 /usr/local/m68k-elf/lib/libc.a(lib_a-makebuf.o)
 .debug_aranges
                0x0000000000000540       0x20 /usr/local/m68k-elf/lib/libc.a(lib_a-mbrtowc.o)
 .debug_aranges
                0x0000000000000560       0x20 /usr/local/m68k-elf/lib/libc.a(lib_a-mbtowc_r.o)
 .debug_aranges
                0x0000000000000580       0x20 /usr/local/m68k-elf/lib/libc.a(lib_a-memchr.o)
 .debug_aranges
                0x00000000000005a0       0x20 /usr/local/m68k-elf/lib/libc.a(lib_a-memcpy.o)
 .debug_aranges
                0x00000000000005c0       0x20 /usr/local/m68k-elf/lib/libc.a(lib_a-memmove.o)
 .debug_aranges
                0x00000000000005e0       0x20 /usr/local/m68k-elf/lib/libc.a(lib_a-mprec.o)
 .debug_aranges
                0x0000000000000600       0x20 /usr/local/m68k-elf/lib/libc.a(lib_a-readr.o)
 .debug_aranges
                0x0000000000000620       0x20 /usr/local/m68k-elf/lib/libc.a(lib_a-reallocr.o)
 .debug_aranges
                0x0000000000000640       0x20 /usr/local/m68k-elf/lib/libc.a(lib_a-reent.o)
 .debug_aranges
                0x0000000000000660       0x20 /usr/local/m68k-elf/lib/libc.a(lib_a-refill.o)
 .debug_aranges
                0x0000000000000680       0x20 /usr/local/m68k-elf/lib/libc.a(lib_a-sccl.o)
 .debug_aranges
                0x00000000000006a0       0x20 /usr/local/m68k-elf/lib/libc.a(lib_a-sf_nan.o)
 .debug_aranges
                0x00000000000006c0       0x20 /usr/local/m68k-elf/lib/libc.a(lib_a-strcmp.o)
 .debug_aranges
                0x00000000000006e0       0x20 /usr/local/m68k-elf/lib/libc.a(lib_a-strlen.o)
 .debug_aranges
                0x0000000000000700       0x28 /usr/local/m68k-elf/lib/libc.a(lib_a-strtod.o)
 .debug_aranges
                0x0000000000000728       0x20 /usr/local/m68k-elf/lib/libc.a(lib_a-strtol.o)
 .debug_aranges
                0x0000000000000748       0x20 /usr/local/m68k-elf/lib/libc.a(lib_a-strtoul.o)
 .debug_aranges
                0x0000000000000768       0x20 /usr/local/m68k-elf/lib/libc.a(lib_a-svfiprintf.o)
 .debug_aranges
                0x0000000000000788       0x20 /usr/local/m68k-elf/lib/libc.a(lib_a-ungetc.o)
 .debug_aranges
                0x00000000000007a8       0x20 /usr/local/m68k-elf/lib/libc.a(lib_a-vfiprintf.o)
 .debug_aranges
                0x00000000000007c8       0x20 /usr/local/m68k-elf/lib/libc.a(lib_a-wctomb_r.o)
 .debug_aranges
                0x00000000000007e8       0x20 /usr/local/m68k-elf/lib/libc.a(lib_a-callocr.o)
 .debug_aranges
                0x0000000000000808       0x18 /usr/local/m68k-elf/lib/libc.a(lib_a-ctype_.o)
 .debug_aranges
                0x0000000000000820       0x20 /usr/local/m68k-elf/lib/libc.a(lib_a-fputwc.o)
 .debug_aranges
                0x0000000000000840       0x20 /usr/local/m68k-elf/lib/libc.a(lib_a-fstatr.o)
 .debug_aranges
                0x0000000000000860       0x20 /usr/local/m68k-elf/lib/libc.a(lib_a-gdtoa-gethex.o)
 .debug_aranges
                0x0000000000000880       0x20 /usr/local/m68k-elf/lib/libc.a(lib_a-gdtoa-hexnan.o)
 .debug_aranges
                0x00000000000008a0       0x20 /usr/local/m68k-elf/lib/libc.a(lib_a-isattyr.o)
 .debug_aranges
                0x00000000000008c0       0x20 /usr/local/m68k-elf/lib/libc.a(lib_a-wcrtomb.o)
 .debug_aranges
                0x00000000000008e0       0x20 /usr/local/lib/gcc/m68k-elf/5/libgcc.a(_mulsi3.o)
 .debug_aranges
                0x0000000000000900       0x20 /usr/local/lib/gcc/m68k-elf/5/libgcc.a(_udivsi3.o)
 .debug_aranges
                0x0000000000000920       0x20 /usr/local/lib/gcc/m68k-elf/5/libgcc.a(_divsi3.o)
 .debug_aranges
                0x0000000000000940       0x20 /usr/local/lib/gcc/m68k-elf/5/libgcc.a(_umodsi3.o)
 .debug_aranges
                0x0000000000000960       0x20 /usr/local/lib/gcc/m68k-elf/5/libgcc.a(_modsi3.o)
 .debug_aranges
                0x0000000000000980       0x20 /usr/local/lib/gcc/m68k-elf/5/libgcc.a(_double.o)
 .debug_aranges
                0x00000000000009a0       0x20 /usr/local/lib/gcc/m68k-elf/5/libgcc.a(_floatex.o)
 .debug_aranges
                0x00000000000009c0       0x20 /usr/local/lib/gcc/m68k-elf/5/libgcc.a(_eqdf2.o)
 .debug_aranges
                0x00000000000009e0       0x20 /usr/local/lib/gcc/m68k-elf/5/libgcc.a(_nedf2.o)
 .debug_aranges
                0x0000000000000a00       0x20 /usr/local/lib/gcc/m68k-elf/5/libgcc.a(_gtdf2.o)
 .debug_aranges
                0x0000000000000a20       0x20 /usr/local/lib/gcc/m68k-elf/5/libgcc.a(_gedf2.o)
 .debug_aranges
                0x0000000000000a40       0x20 /usr/local/lib/gcc/m68k-elf/5/libgcc.a(_ltdf2.o)
 .debug_aranges
                0x0000000000000a60       0x20 /usr/local/lib/gcc/m68k-elf/5/libgcc.a(_ledf2.o)
 .debug_aranges
                0x0000000000000a80       0x20 /usr/local/lib/gcc/m68k-elf/5/libgcc.a(_lesf2.o)
 .debug_aranges
                0x0000000000000aa0       0x20 /usr/local/lib/gcc/m68k-elf/5/libgcc.a(_muldi3.o)
 .debug_aranges
                0x0000000000000ac0       0x20 /usr/local/lib/gcc/m68k-elf/5/libgcc.a(_fixunsdfsi.o)
 .debug_aranges
                0x0000000000000ae0       0x20 /usr/local/lib/gcc/m68k-elf/5/libgcc.a(fpgnulib.o)
 .debug_aranges
                0x0000000000000b00       0x20 /usr/local/lib/gcc/m68k-elf/5/libgcc.a(xfgnulib.o)
 .debug_aranges
                0x0000000000000b20       0x20 /usr/local/lib/gcc/m68k-elf/5/libgcc.a(_float.o)
 .debug_aranges
                0x0000000000000b40       0x20 /usr/local/m68k-elf/lib/libidp.a(close.o)
 .debug_aranges
                0x0000000000000b60       0x20 /usr/local/m68k-elf/lib/libidp.a(fstat.o)
 .debug_aranges
                0x0000000000000b80       0x20 /usr/local/m68k-elf/lib/libidp.a(isatty.o)
 .debug_aranges
                0x0000000000000ba0       0x20 /usr/local/m68k-elf/lib/libidp.a(lseek.o)
 .debug_aranges
                0x0000000000000bc0       0x20 /usr/local/m68k-elf/lib/libidp.a(sbrk.o)
 .debug_aranges
                0x0000000000000be0       0x20 /usr/local/m68k-elf/lib/libidp.a(mc68ec.o)
 .debug_aranges
                0x0000000000000c00       0x20 /usr/local/m68k-elf/lib/libc.a(lib_a-errno.o)

.debug_line     0x0000000000000000     0xb410
 .debug_line    0x0000000000000000       0xc9 csys68k.o
 .debug_line    0x00000000000000c9      0x183 mtk_c.o
 .debug_line    0x000000000000024c      0x296 test3.o
 .debug_line    0x00000000000004e2      0x157 /usr/local/m68k-elf/lib/libc.a(lib_a-exit.o)
 .debug_line    0x0000000000000639      0x15f /usr/local/m68k-elf/lib/libc.a(lib_a-fdopen.o)
 .debug_line    0x0000000000000798      0x213 /usr/local/m68k-elf/lib/libc.a(lib_a-findfp.o)
 .debug_line    0x00000000000009ab      0x122 /usr/local/m68k-elf/lib/libc.a(lib_a-flags.o)
 .debug_line    0x0000000000000acd      0x14f /usr/local/m68k-elf/lib/libc.a(lib_a-fprintf.o)
 .debug_line    0x0000000000000c1c      0x184 /usr/local/m68k-elf/lib/libc.a(lib_a-fputc.o)
 .debug_line    0x0000000000000da0      0x152 /usr/local/m68k-elf/lib/libc.a(lib_a-fscanf.o)
 .debug_line    0x0000000000000ef2      0x16b /usr/local/m68k-elf/lib/libc.a(lib_a-fwalk.o)
 .debug_line    0x000000000000105d      0x180 /usr/local/m68k-elf/lib/libc.a(lib_a-fwrite.o)
 .debug_line    0x00000000000011dd       0xee /usr/local/m68k-elf/lib/libc.a(lib_a-impure.o)
 .debug_line    0x00000000000012cb      0x2f5 /usr/local/m68k-elf/lib/libc.a(lib_a-mallocr.o)
 .debug_line    0x00000000000015c0       0x9d /usr/local/m68k-elf/lib/libc.a(lib_a-memset.o)
 .debug_line    0x000000000000165d       0xff /usr/local/m68k-elf/lib/libc.a(lib_a-mlock.o)
 .debug_line    0x000000000000175c      0x1bb /usr/local/m68k-elf/lib/libc.a(lib_a-putc.o)
 .debug_line    0x0000000000001917      0x143 /usr/local/m68k-elf/lib/libc.a(lib_a-rand.o)
 .debug_line    0x0000000000001a5a      0x144 /usr/local/m68k-elf/lib/libc.a(lib_a-sbrkr.o)
 .debug_line    0x0000000000001b9e      0x150 /usr/local/m68k-elf/lib/libc.a(lib_a-scanf.o)
 .debug_line    0x0000000000001cee      0x165 /usr/local/m68k-elf/lib/libc.a(lib_a-sprintf.o)
 .debug_line    0x0000000000001e53      0x17f /usr/local/m68k-elf/lib/libc.a(lib_a-stdio.o)
 .debug_line    0x0000000000001fd2      0x11c /usr/local/m68k-elf/lib/libc.a(lib_a-strncmp.o)
 .debug_line    0x00000000000020ee      0x96e /usr/local/m68k-elf/lib/libc.a(lib_a-svfprintf.o)
 .debug_line    0x0000000000002a5c      0x995 /usr/local/m68k-elf/lib/libc.a(lib_a-vfprintf.o)
 .debug_line    0x00000000000033f1      0x7b5 /usr/local/m68k-elf/lib/libc.a(lib_a-vfscanf.o)
 .debug_line    0x0000000000003ba6      0x1b7 /usr/local/m68k-elf/lib/libc.a(lib_a-wbuf.o)
 .debug_line    0x0000000000003d5d      0x151 /usr/local/m68k-elf/lib/libc.a(lib_a-writer.o)
 .debug_line    0x0000000000003eae      0x1ba /usr/local/m68k-elf/lib/libc.a(lib_a-wsetup.o)
 .debug_line    0x0000000000004068      0x199 /usr/local/m68k-elf/lib/libc.a(lib_a-__call_atexit.o)
 .debug_line    0x0000000000004201      0x151 /usr/local/m68k-elf/lib/libc.a(lib_a-closer.o)
 .debug_line    0x0000000000004352      0x6aa /usr/local/m68k-elf/lib/libc.a(lib_a-dtoa.o)
 .debug_line    0x00000000000049fc      0x189 /usr/local/m68k-elf/lib/libc.a(lib_a-fclose.o)
 .debug_line    0x0000000000004b85      0x20b /usr/local/m68k-elf/lib/libc.a(lib_a-fflush.o)
 .debug_line    0x0000000000004d90      0x1f1 /usr/local/m68k-elf/lib/libc.a(lib_a-fread.o)
 .debug_line    0x0000000000004f81      0x206 /usr/local/m68k-elf/lib/libc.a(lib_a-freer.o)
 .debug_line    0x0000000000005187      0x27b /usr/local/m68k-elf/lib/libc.a(lib_a-fvwrite.o)
 .debug_line    0x0000000000005402      0x1bf /usr/local/m68k-elf/lib/libc.a(lib_a-iswspace.o)
 .debug_line    0x00000000000055c1      0x1c0 /usr/local/m68k-elf/lib/libc.a(lib_a-locale.o)
 .debug_line    0x0000000000005781      0x18e /usr/local/m68k-elf/lib/libc.a(lib_a-localeconv.o)
 .debug_line    0x000000000000590f      0x151 /usr/local/m68k-elf/lib/libc.a(lib_a-lseekr.o)
 .debug_line    0x0000000000005a60      0x216 /usr/local/m68k-elf/lib/libc.a(lib_a-makebuf.o)
 .debug_line    0x0000000000005c76      0x22a /usr/local/m68k-elf/lib/libc.a(lib_a-mbrtowc.o)
 .debug_line    0x0000000000005ea0      0x1e0 /usr/local/m68k-elf/lib/libc.a(lib_a-mbtowc_r.o)
 .debug_line    0x0000000000006080      0x115 /usr/local/m68k-elf/lib/libc.a(lib_a-memchr.o)
 .debug_line    0x0000000000006195       0x99 /usr/local/m68k-elf/lib/libc.a(lib_a-memcpy.o)
 .debug_line    0x000000000000622e      0x1e5 /usr/local/m68k-elf/lib/libc.a(lib_a-memmove.o)
 .debug_line    0x0000000000006413      0x540 /usr/local/m68k-elf/lib/libc.a(lib_a-mprec.o)
 .debug_line    0x0000000000006953      0x150 /usr/local/m68k-elf/lib/libc.a(lib_a-readr.o)
 .debug_line    0x0000000000006aa3      0x2a6 /usr/local/m68k-elf/lib/libc.a(lib_a-reallocr.o)
 .debug_line    0x0000000000006d49      0x16d /usr/local/m68k-elf/lib/libc.a(lib_a-reent.o)
 .debug_line    0x0000000000006eb6      0x1cb /usr/local/m68k-elf/lib/libc.a(lib_a-refill.o)
 .debug_line    0x0000000000007081      0x14f /usr/local/m68k-elf/lib/libc.a(lib_a-sccl.o)
 .debug_line    0x00000000000071d0       0xae /usr/local/m68k-elf/lib/libc.a(lib_a-sf_nan.o)
 .debug_line    0x000000000000727e       0xcf /usr/local/m68k-elf/lib/libc.a(lib_a-strcmp.o)
 .debug_line    0x000000000000734d       0xf3 /usr/local/m68k-elf/lib/libc.a(lib_a-strlen.o)
 .debug_line    0x0000000000007440      0x6a1 /usr/local/m68k-elf/lib/libc.a(lib_a-strtod.o)
 .debug_line    0x0000000000007ae1      0x25f /usr/local/m68k-elf/lib/libc.a(lib_a-strtol.o)
 .debug_line    0x0000000000007d40      0x258 /usr/local/m68k-elf/lib/libc.a(lib_a-strtoul.o)
 .debug_line    0x0000000000007f98      0x68c /usr/local/m68k-elf/lib/libc.a(lib_a-svfiprintf.o)
 .debug_line    0x0000000000008624      0x1e3 /usr/local/m68k-elf/lib/libc.a(lib_a-ungetc.o)
 .debug_line    0x0000000000008807      0x6e7 /usr/local/m68k-elf/lib/libc.a(lib_a-vfiprintf.o)
 .debug_line    0x0000000000008eee      0x1d6 /usr/local/m68k-elf/lib/libc.a(lib_a-wctomb_r.o)
 .debug_line    0x00000000000090c4      0x133 /usr/local/m68k-elf/lib/libc.a(lib_a-callocr.o)
 .debug_line    0x00000000000091f7      0x150 /usr/local/m68k-elf/lib/libc.a(lib_a-ctype_.o)
 .debug_line    0x0000000000009347      0x1c8 /usr/local/m68k-elf/lib/libc.a(lib_a-fputwc.o)
 .debug_line    0x000000000000950f      0x1b7 /usr/local/m68k-elf/lib/libc.a(lib_a-fstatr.o)
 .debug_line    0x00000000000096c6      0x3b8 /usr/local/m68k-elf/lib/libc.a(lib_a-gdtoa-gethex.o)
 .debug_line    0x0000000000009a7e      0x23a /usr/local/m68k-elf/lib/libc.a(lib_a-gdtoa-hexnan.o)
 .debug_line    0x0000000000009cb8      0x152 /usr/local/m68k-elf/lib/libc.a(lib_a-isattyr.o)
 .debug_line    0x0000000000009e0a      0x22a /usr/local/m68k-elf/lib/libc.a(lib_a-wcrtomb.o)
 .debug_line    0x000000000000a034       0x6a /usr/local/lib/gcc/m68k-elf/5/libgcc.a(_mulsi3.o)
 .debug_line    0x000000000000a09e       0x83 /usr/local/lib/gcc/m68k-elf/5/libgcc.a(_udivsi3.o)
 .debug_line    0x000000000000a121       0x72 /usr/local/lib/gcc/m68k-elf/5/libgcc.a(_divsi3.o)
 .debug_line    0x000000000000a193       0x6e /usr/local/lib/gcc/m68k-elf/5/libgcc.a(_umodsi3.o)
 .debug_line    0x000000000000a201       0x6e /usr/local/lib/gcc/m68k-elf/5/libgcc.a(_modsi3.o)
 .debug_line    0x000000000000a26f      0x3e1 /usr/local/lib/gcc/m68k-elf/5/libgcc.a(_double.o)
 .debug_line    0x000000000000a650       0x79 /usr/local/lib/gcc/m68k-elf/5/libgcc.a(_floatex.o)
 .debug_line    0x000000000000a6c9       0x68 /usr/local/lib/gcc/m68k-elf/5/libgcc.a(_eqdf2.o)
 .debug_line    0x000000000000a731       0x68 /usr/local/lib/gcc/m68k-elf/5/libgcc.a(_nedf2.o)
 .debug_line    0x000000000000a799       0x68 /usr/local/lib/gcc/m68k-elf/5/libgcc.a(_gtdf2.o)