Archive member included to satisfy reference by file (symbol)

/usr/local/m68k-elf/lib/libc.a(lib_a-exit.o)
                              crt0.o (exit)
/usr/local/m68k-elf/lib/libc.a(lib_a-fdopen.o)
                              test3.o (fdopen)
/usr/local/m68k-elf/lib/libc.a(lib_a-findfp.o)
                              /usr/local/m68k-elf/lib/libc.a(lib_a-fdopen.o) (__sfp)
/usr/local/m68k-elf/lib/libc.a(lib_a-flags.o)
                              /usr/local/m68k-elf/lib/libc.a(lib_a-fdopen.o) (__sflags)
/usr/local/m68k-elf/lib/libc.a(lib_a-fprintf.o)
                              test3.o (fprintf)
/usr/local/m68k-elf/lib/libc.a(lib_a-fputc.o)
                              test3.o (fputc)
/usr/local/m68k-elf/lib/libc.a(lib_a-fscanf.o)
                              test3.o (fscanf)
/usr/local/m68k-elf/lib/libc.a(lib_a-fwalk.o)
                              /usr/local/m68k-elf/lib/libc.a(lib_a-findfp.o) (_fwalk)
/usr/local/m68k-elf/lib/libc.a(lib_a-fwrite.o)
                              test3.o (fwrite)
/usr/local/m68k-elf/lib/libc.a(lib_a-impure.o)
                              /usr/local/m68k-elf/lib/libc.a(lib_a-exit.o) (_global_impure_ptr)
/usr/local/m68k-elf/lib/libc.a(lib_a-mallocr.o)
                              /usr/local/m68k-elf/lib/libc.a(lib_a-findfp.o) (_malloc_r)
/usr/local/m68k-elf/lib/libc.a(lib_a-memset.o)
                              /usr/local/m68k-elf/lib/libc.a(lib_a-findfp.o) (memset)
/usr/local/m68k-elf/lib/libc.a(lib_a-mlock.o)
                              /usr/local/m68k-elf/lib/libc.a(lib_a-mallocr.o) (__malloc_lock)
/usr/local/m68k-elf/lib/libc.a(lib_a-putc.o)
                              /usr/local/m68k-elf/lib/libc.a(lib_a-fputc.o) (_putc_r)
/usr/local/m68k-elf/lib/libc.a(lib_a-rand.o)
                              test3.o (rand)
/usr/local/m68k-elf/lib/libc.a(lib_a-sbrkr.o)
                              /usr/local/m68k-elf/lib/libc.a(lib_a-mallocr.o) (_sbrk_r)
/usr/local/m68k-elf/lib/libc.a(lib_a-scanf.o)
                              test3.o (scanf)
/usr/local/m68k-elf/lib/libc.a(lib_a-sprintf.o)
                              test3.o (sprintf)
/usr/local/m68k-elf/lib/libc.a(lib_a-stdio.o)
                              /usr/local/m68k-elf/lib/libc.a(lib_a-fdopen.o) (__sread)
/usr/local/m68k-elf/lib/libc.a(lib_a-strncmp.o)
                              test3.o (strncmp)
/usr/local/m68k-elf/lib/libc.a(lib_a-svfprintf.o)
                              /usr/local/m68k-elf/lib/libc.a(lib_a-sprintf.o) (_svfprintf_r)
/usr/local/m68k-elf/lib/libc.a(lib_a-vfprintf.o)
                              /usr/local/m68k-elf/lib/libc.a(lib_a-fprintf.o) (_vfprintf_r)
/usr/local/m68k-elf/lib/libc.a(lib_a-vfscanf.o)
                              /usr/local/m68k-elf/lib/libc.a(lib_a-fscanf.o) (_vfscanf_r)
/usr/local/m68k-elf/lib/libc.a(lib_a-wbuf.o)
                              /usr/local/m68k-elf/lib/libc.a(lib_a-putc.o) (__swbuf_r)
/usr/local/m68k-elf/lib/libc.a(lib_a-writer.o)
                              /usr/local/m68k-elf/lib/libc.a(lib_a-stdio.o) (_write_r)
/usr/local/m68k-elf/lib/libc.a(lib_a-wsetup.o)
                              /usr/local/m68k-elf/lib/libc.a(lib_a-vfprintf.o) (__swsetup_r)
/usr/local/m68k-elf/lib/libc.a(lib_a-__call_atexit.o)
                              /usr/local/m68k-elf/lib/libc.a(lib_a-exit.o) (__call_exitprocs)
/usr/local/m68k-elf/lib/libc.a(lib_a-closer.o)
                              /usr/local/m68k-elf/lib/libc.a(lib_a-stdio.o) (_close_r)
/usr/local/m68k-elf/lib/libc.a(lib_a-dtoa.o)
                              /usr/local/m68k-elf/lib/libc.a(lib_a-svfprintf.o) (_dtoa_r)
/usr/local/m68k-elf/lib/libc.a(lib_a-fclose.o)
                              /usr/local/m68k-elf/lib/libc.a(lib_a-findfp.o) (_fclose_r)
/usr/local/m68k-elf/lib/libc.a(lib_a-fflush.o)
                              /usr/local/m68k-elf/lib/libc.a(lib_a-fclose.o) (__sflush_r)
/usr/local/m68k-elf/lib/libc.a(lib_a-fread.o)
                              /usr/local/m68k-elf/lib/libc.a(lib_a-vfscanf.o) (_fread_r)
/usr/local/m68k-elf/lib/libc.a(lib_a-freer.o)
                              /usr/local/m68k-elf/lib/libc.a(lib_a-mallocr.o) (_free_r)
/usr/local/m68k-elf/lib/libc.a(lib_a-fvwrite.o)
                              /usr/local/m68k-elf/lib/libc.a(lib_a-fwrite.o) (__sfvwrite_r)
/usr/local/m68k-elf/lib/libc.a(lib_a-iswspace.o)
                              /usr/local/m68k-elf/lib/libc.a(lib_a-vfscanf.o) (iswspace)
/usr/local/m68k-elf/lib/libc.a(lib_a-locale.o)
                              /usr/local/m68k-elf/lib/libc.a(lib_a-vfscanf.o) (__locale_mb_cur_max)
/usr/local/m68k-elf/lib/libc.a(lib_a-localeconv.o)
                              /usr/local/m68k-elf/lib/libc.a(lib_a-svfprintf.o) (_localeconv_r)
/usr/local/m68k-elf/lib/libc.a(lib_a-lseekr.o)
                              /usr/local/m68k-elf/lib/libc.a(lib_a-stdio.o) (_lseek_r)
/usr/local/m68k-elf/lib/libc.a(lib_a-makebuf.o)
                              /usr/local/m68k-elf/lib/libc.a(lib_a-wsetup.o) (__smakebuf_r)
[...]
Memory Configuration

Name             Origin             Length             Attributes
ram              0x0000000000000000 0x0000000000040000 xrw
rom0             0x0000000000c00000 0x0000000000080000
device           0x0000000000fff000 0x0000000000001000
*default*        0x0000000000000000 0xffffffffffffffff

Linker script and memory map

LOAD crt0.o
LOAD mon.o
LOAD csys68k.o
LOAD inchrw.o
LOAD mtk_asm.o
LOAD mtk_c.o
LOAD outchr.o
LOAD test3.o
START GROUP
LOAD /usr/local/m68k-elf/lib/libidp.a
LOAD /usr/local/m68k-elf/lib/libc.a
LOAD /usr/local/lib/gcc/m68k-elf/5/libgcc.a
END GROUP
                0x0000000000000000                __DYNAMIC = 0x0
                0x000000000003fff0                PROVIDE (__stack = 0x3fff0)
                0x0000000000000000                PROVIDE (hardware_init_hook = 0x0)
                [!provide]                        PROVIDE (_hardware_init_hook = 0x0)
                0x0000000000000000                PROVIDE (software_init_hook = 0x0)
                [!provide]                        PROVIDE (_software_init_hook = 0x0)

.vector
 *(.vector)

.text           0x0000000000000400    0x13e7f
                0x0000000000000400                __text_start = .
 *(.text)
 .text          0x0000000000000400       0x90 crt0.o
                0x000000000000043c                start
 .text          0x0000000000000490      0x48e mon.o
                0x0000000000000490                monitor_begin
 *fill*         0x000000000000091e        0x2 
 .text          0x0000000000000920      0x17c csys68k.o
                0x0000000000000920                read
                0x0000000000000a0a                write
                0x0000000000000a8c                fcntl
 .text          0x0000000000000a9c       0x28 inchrw.o
                0x0000000000000a9c                inbyte
 .text          0x0000000000000ac4      0x126 mtk_asm.o
                0x0000000000000ac4                swtch
                0x0000000000000b0c                pv_handler
                0x0000000000000b4c                P
                0x0000000000000b5e                V
                0x0000000000000b70                hard_clock
                0x0000000000000ba2                init_timer
                0x0000000000000bbe                first_task
 *fill*         0x0000000000000bea        0x2 
 .text          0x0000000000000bec      0x43c mtk_c.o
                0x0000000000000bec                init_kernel
                0x0000000000000c46                set_task
                0x0000000000000d76                init_stack
                0x0000000000000dbc                begin_sch
                0x0000000000000dee                removeq
                0x0000000000000e0c                sched
                0x0000000000000e38                addq
                0x0000000000000e74                sleep
                0x0000000000000f04                wakeup
                0x0000000000000f76                p_body
                0x0000000000000f9c                v_body
 .text          0x0000000000001028       0x2a outchr.o
                0x0000000000001028                outbyte
 *fill*         0x0000000000001052        0x2 
 .text          0x0000000000001054      0x9b6 test3.o
                0x0000000000001054                task1
                0x0000000000001172                init_file
                0x00000000000011ca                show
                0x000000000000148c                task0
 *fill*         0x0000000000001a0a        0x2 
 .text          0x0000000000001a0c       0x34 /usr/local/m68k-elf/lib/libc.a(lib_a-exit.o)
                0x0000000000001a0c                exit
 .text          0x0000000000001a40       0x96 /usr/local/m68k-elf/lib/libc.a(lib_a-fdopen.o)
                0x0000000000001a40                _fdopen_r
                0x0000000000001abc                fdopen
 *fill*         0x0000000000001ad6        0x2 
 .text          0x0000000000001ad8      0x338 /usr/local/m68k-elf/lib/libc.a(lib_a-findfp.o)
                0x0000000000001ae2                _cleanup_r
                0x0000000000001c52                __sfmoreglue
                0x0000000000001cb6                __sfp
                0x0000000000001d88                _cleanup
                0x0000000000001da4                __sinit
                0x0000000000001dbc                __sfp_lock_acquire
                0x0000000000001dc4                __sfp_lock_release
                0x0000000000001dcc                __sinit_lock_acquire
                0x0000000000001dd4                __sinit_lock_release
                0x0000000000001ddc                __fp_lock_all
                0x0000000000001df6                __fp_unlock_all
 .text          0x0000000000001e10       0x92 /usr/local/m68k-elf/lib/libc.a(lib_a-flags.o)
                0x0000000000001e10                __sflags
 *fill*         0x0000000000001ea2        0x2 
 .text          0x0000000000001ea4       0x3e /usr/local/m68k-elf/lib/libc.a(lib_a-fprintf.o)
                0x0000000000001ea4                _fprintf_r
                0x0000000000001ec2                fprintf
 *fill*         0x0000000000001ee2        0x2 
 .text          0x0000000000001ee4       0xb0 /usr/local/m68k-elf/lib/libc.a(lib_a-fputc.o)
                0x0000000000001ee4                _fputc_r
                0x0000000000001f42                fputc
 .text          0x0000000000001f94       0x3e /usr/local/m68k-elf/lib/libc.a(lib_a-fscanf.o)
                0x0000000000001f94                fscanf
                0x0000000000001fb4                _fscanf_r
 *fill*         0x0000000000001fd2        0x2 
 .text          0x0000000000001fd4       0xc8 /usr/local/m68k-elf/lib/libc.a(lib_a-fwalk.o)
                0x0000000000001fd4                _fwalk
                0x0000000000002036                _fwalk_reent
 .text          0x000000000000209c       0xd6 /usr/local/m68k-elf/lib/libc.a(lib_a-fwrite.o)
                0x000000000000209c                _fwrite_r
                0x0000000000002150                fwrite
 *fill*         0x0000000000002172        0x2 
 .text          0x0000000000002174        0x0 /usr/local/m68k-elf/lib/libc.a(lib_a-impure.o)
 .text          0x0000000000002174      0x80a /usr/local/m68k-elf/lib/libc.a(lib_a-mallocr.o)
                0x0000000000002174                _malloc_r
 *fill*         0x000000000000297e        0x2 
 .text          0x0000000000002980       0x72 /usr/local/m68k-elf/lib/libc.a(lib_a-memset.o)
                0x0000000000002980                memset
 *fill*         0x00000000000029f2        0x2 
 .text          0x00000000000029f4       0x10 /usr/local/m68k-elf/lib/libc.a(lib_a-mlock.o)
                0x00000000000029f4                __malloc_lock
                0x00000000000029fc                __malloc_unlock
 .text          0x0000000000002a04      0x116 /usr/local/m68k-elf/lib/libc.a(lib_a-putc.o)
                0x0000000000002a04                _putc_r
                0x0000000000002a8a                putc
 *fill*         0x0000000000002b1a        0x2 
 .text          0x0000000000002b1c       0x62 /usr/local/m68k-elf/lib/libc.a(lib_a-rand.o)
                0x0000000000002b1c                srand
                0x0000000000002b34                rand
 *fill*         0x0000000000002b7e        0x2 
 .text          0x0000000000002b80       0x32 /usr/local/m68k-elf/lib/libc.a(lib_a-sbrkr.o)
                0x0000000000002b80                _sbrk_r
 *fill*         0x0000000000002bb2        0x2 
 .text          0x0000000000002bb4       0x42 /usr/local/m68k-elf/lib/libc.a(lib_a-scanf.o)
                0x0000000000002bb4                scanf
                0x0000000000002bd6                _scanf_r
 *fill*         0x0000000000002bf6        0x2 
 .text          0x0000000000002bf8       0x9a /usr/local/m68k-elf/lib/libc.a(lib_a-sprintf.o)
                0x0000000000002bf8                _sprintf_r
                0x0000000000002c44                sprintf
 *fill*         0x0000000000002c92        0x2 
 .text          0x0000000000002c94      0x144 /usr/local/m68k-elf/lib/libc.a(lib_a-stdio.o)
                0x0000000000002c94                __sread
                0x0000000000002cd8                __seofread
                0x0000000000002ce2                __swrite
                0x0000000000002d74                __sseek
                0x0000000000002dc0                __sclose
 .text          0x0000000000002dd8       0x9e /usr/local/m68k-elf/lib/libc.a(lib_a-strncmp.o)
                0x0000000000002dd8                strncmp
 *fill*         0x0000000000002e76        0x2 
 .text          0x0000000000002e78     0x1dc0 /usr/local/m68k-elf/lib/libc.a(lib_a-svfprintf.o)
                0x0000000000002e78                _svfprintf_r
 .text          0x0000000000004c38     0x1e20 /usr/local/m68k-elf/lib/libc.a(lib_a-vfprintf.o)
                0x0000000000004c38                _vfprintf_r
                0x000000000000699c                vfprintf
 .text          0x0000000000006a58     0x1606 /usr/local/m68k-elf/lib/libc.a(lib_a-vfscanf.o)
                0x0000000000006a58                __svfscanf_r
                0x0000000000007f84                vfscanf
                0x0000000000007fda                __svfscanf
                0x0000000000007ff8                _vfscanf_r
 *fill*         0x000000000000805e        0x2 
 .text          0x0000000000008060      0x14c /usr/local/m68k-elf/lib/libc.a(lib_a-wbuf.o)
                0x0000000000008060                __swbuf_r
                0x0000000000008192                __swbuf
 .text          0x00000000000081ac       0x3c /usr/local/m68k-elf/lib/libc.a(lib_a-writer.o)
                0x00000000000081ac                _write_r
 .text          0x00000000000081e8      0x14e /usr/local/m68k-elf/lib/libc.a(lib_a-wsetup.o)
                0x00000000000081e8                __swsetup_r
 *fill*         0x0000000000008336        0x2 
 .text          0x0000000000008338      0x118 /usr/local/m68k-elf/lib/libc.a(lib_a-__call_atexit.o)
                0x0000000000008338                __call_exitprocs
 .text          0x0000000000008450       0x32 /usr/local/m68k-elf/lib/libc.a(lib_a-closer.o)
                0x0000000000008450                _close_r
 *fill*         0x0000000000008482        0x2 
 .text          0x0000000000008484     0x1876 /usr/local/m68k-elf/lib/libc.a(lib_a-dtoa.o)
                0x0000000000008640                _dtoa_r
 *fill*         0x0000000000009cfa        0x2 
 .text          0x0000000000009cfc       0xf8 /usr/local/m68k-elf/lib/libc.a(lib_a-fclose.o)
                0x0000000000009cfc                _fclose_r
                0x0000000000009dde                fclose
 .text          0x0000000000009df4      0x238 /usr/local/m68k-elf/lib/libc.a(lib_a-fflush.o)
                0x0000000000009df4                __sflush_r
                0x0000000000009fa4                _fflush_r
                0x0000000000009ffa                fflush
 .text          0x000000000000a02c      0x1f8 /usr/local/m68k-elf/lib/libc.a(lib_a-fread.o)
                0x000000000000a02c                _fread_r
                0x000000000000a202                fread
 .text          0x000000000000a224      0x456 /usr/local/m68k-elf/lib/libc.a(lib_a-freer.o)
                0x000000000000a224                _malloc_trim_r
                0x000000000000a30e                _free_r
 *fill*         0x000000000000a67a        0x2 
 .text          0x000000000000a67c      0x40e /usr/local/m68k-elf/lib/libc.a(lib_a-fvwrite.o)
                0x000000000000a67c                __sfvwrite_r
 *fill*         0x000000000000aa8a        0x2 
 .text          0x000000000000aa8c       0x36 /usr/local/m68k-elf/lib/libc.a(lib_a-iswspace.o)
                0x000000000000aa8c                iswspace
 *fill*         0x000000000000aac2        0x2 
 .text          0x000000000000aac4       0xea /usr/local/m68k-elf/lib/libc.a(lib_a-locale.o)
                0x000000000000aac4                _setlocale_r
                0x000000000000ab28                __locale_mb_cur_max
                0x000000000000ab5a                __locale_ctype_ptr_l
                0x000000000000ab6a                __locale_ctype_ptr
                0x000000000000ab94                setlocale
 *fill*         0x000000000000abae        0x2 
 .text          0x000000000000abb0       0x66 /usr/local/m68k-elf/lib/libc.a(lib_a-localeconv.o)
                0x000000000000abb0                __localeconv_l
                0x000000000000abc2                _localeconv_r
                0x000000000000abec                localeconv
 *fill*         0x000000000000ac16        0x2 
 .text          0x000000000000ac18       0x3c /usr/local/m68k-elf/lib/libc.a(lib_a-lseekr.o)
                0x000000000000ac18                _lseek_r
 .text          0x000000000000ac54      0x17e /usr/local/m68k-elf/lib/libc.a(lib_a-makebuf.o)
                0x000000000000ac54                __swhatbuf_r
                0x000000000000ace6                __smakebuf_r
 *fill*         0x000000000000add2        0x2 
 .text          0x000000000000add4      0x19c /usr/local/m68k-elf/lib/libc.a(lib_a-mbrtowc.o)
                0x000000000000add4                _mbrtowc_r
                0x000000000000aea4                mbrtowc
 .text          0x000000000000af70       0xba /usr/local/m68k-elf/lib/libc.a(lib_a-mbtowc_r.o)
                0x000000000000af70                _mbtowc_r
                0x000000000000afe2                __ascii_mbtowc
 *fill*         0x000000000000b02a        0x2 
 .text          0x000000000000b02c       0xbc /usr/local/m68k-elf/lib/libc.a(lib_a-memchr.o)
                0x000000000000b02c                memchr
 .text          0x000000000000b0e8       0x6e /usr/local/m68k-elf/lib/libc.a(lib_a-memcpy.o)
                0x000000000000b0e8                memcpy
 *fill*         0x000000000000b156        0x2 
 .text          0x000000000000b158       0xec /usr/local/m68k-elf/lib/libc.a(lib_a-memmove.o)
                0x000000000000b158                memmove
 .text          0x000000000000b244      0xe72 /usr/local/m68k-elf/lib/libc.a(lib_a-mprec.o)
                0x000000000000b244                _Balloc
                0x000000000000b2e4                _Bfree
                0x000000000000b30e                __multadd
                0x000000000000b3f2                __s2b
                0x000000000000b4b2                __hi0bits
                0x000000000000b514                __lo0bits
                0x000000000000b598                __i2b
                0x000000000000b5ba                __multiply
                0x000000000000b834                __pow5mult
                0x000000000000b916                __lshift
                0x000000000000b9d8                __mcmp
                0x000000000000ba28                __mdiff
                0x000000000000bc40                __ulp
                0x000000000000bca2                __b2d
                0x000000000000bdc0                __d2b
                0x000000000000bed8                __ratio
                0x000000000000bf70                _mprec_log10
                0x000000000000bfda                __copybits
                0x000000000000c036                __any_on
 *fill*         0x000000000000c0b6        0x2 
 .text          0x000000000000c0b8       0x3c /usr/local/m68k-elf/lib/libc.a(lib_a-readr.o)
                0x000000000000c0b8                _read_r
 .text          0x000000000000c0f4      0x622 /usr/local/m68k-elf/lib/libc.a(lib_a-reallocr.o)
                0x000000000000c0f4                _realloc_r
 *fill*         0x000000000000c716        0x2 
 .text          0x000000000000c718      0x112 /usr/local/m68k-elf/lib/libc.a(lib_a-reent.o)
                0x000000000000c718                cleanup_glue
                0x000000000000c74e                _reclaim_reent
 *fill*         0x000000000000c82a        0x2 
 .text          0x000000000000c82c      0x200 /usr/local/m68k-elf/lib/libc.a(lib_a-refill.o)
                0x000000000000c850                __srefill_r
 .text          0x000000000000ca2c       0xc6 /usr/local/m68k-elf/lib/libc.a(lib_a-sccl.o)
                0x000000000000ca2c                __sccl
 *fill*         0x000000000000caf2        0x2 
 .text          0x000000000000caf4        0xe /usr/local/m68k-elf/lib/libc.a(lib_a-sf_nan.o)
                0x000000000000caf4                nanf
 *fill*         0x000000000000cb02        0x2 
 .text          0x000000000000cb04       0x6c /usr/local/m68k-elf/lib/libc.a(lib_a-strcmp.o)
                0x000000000000cb04                strcmp
 .text          0x000000000000cb70       0x1a /usr/local/m68k-elf/lib/libc.a(lib_a-strlen.o)
                0x000000000000cb70                strlen
 *fill*         0x000000000000cb8a        0x2 
 .text          0x000000000000cb8c     0x1870 /usr/local/m68k-elf/lib/libc.a(lib_a-strtod.o)
                0x000000000000cb8c                _strtod_l
                0x000000000000e18c                _strtod_r
                0x000000000000e1ce                strtod_l
                0x000000000000e1ec                strtod
                0x000000000000e22a                strtof_l
                0x000000000000e308                strtof
 .text          0x000000000000e3fc      0x374 /usr/local/m68k-elf/lib/libc.a(lib_a-strtol.o)
                0x000000000000e6be                _strtol_r
                0x000000000000e708                strtol_l
                0x000000000000e72a                strtol
 .text          0x000000000000e770      0x2f2 /usr/local/m68k-elf/lib/libc.a(lib_a-strtoul.o)
                0x000000000000e9b0                _strtoul_r
                0x000000000000e9fa                strtoul_l
                0x000000000000ea1c                strtoul
 *fill*         0x000000000000ea62        0x2 
 .text          0x000000000000ea64      0xf4e /usr/local/m68k-elf/lib/libc.a(lib_a-svfiprintf.o)
                0x000000000000ea64                __ssprint_r
                0x000000000000ec12                _svfiprintf_r
 *fill*         0x000000000000f9b2        0x2 
 .text          0x000000000000f9b4      0x224 /usr/local/m68k-elf/lib/libc.a(lib_a-ungetc.o)
                0x000000000000f9b4                __submore
                0x000000000000fa66                _ungetc_r
                0x000000000000fbbe                ungetc
 .text          0x000000000000fbd8     0x1122 /usr/local/m68k-elf/lib/libc.a(lib_a-vfiprintf.o)
                0x000000000000fc88                __sprint_r
                0x000000000000fca6                _vfiprintf_r
                0x0000000000010c3e                vfiprintf
 *fill*         0x0000000000010cfa        0x2 
 .text          0x0000000000010cfc       0x98 /usr/local/m68k-elf/lib/libc.a(lib_a-wctomb_r.o)
                0x0000000000010cfc                _wctomb_r
                0x0000000000010d5c                __ascii_wctomb
 .text          0x0000000000010d94       0xd2 /usr/local/m68k-elf/lib/libc.a(lib_a-callocr.o)
                0x0000000000010d94                _calloc_r
 *fill*         0x0000000000010e66        0x2 
 .text          0x0000000000010e68        0x0 /usr/local/m68k-elf/lib/libc.a(lib_a-ctype_.o)
 .text          0x0000000000010e68      0x18c /usr/local/m68k-elf/lib/libc.a(lib_a-fputwc.o)
                0x0000000000010e68                __fputwc
                0x0000000000010f54                _fputwc_r
                0x0000000000010f94                fputwc
 .text          0x0000000000010ff4       0x36 /usr/local/m68k-elf/lib/libc.a(lib_a-fstatr.o)
                0x0000000000010ff4                _fstat_r
 *fill*         0x000000000001102a        0x2 
 .text          0x000000000001102c      0x892 /usr/local/m68k-elf/lib/libc.a(lib_a-gdtoa-gethex.o)
                0x00000000000110ea                __gethex
 *fill*         0x00000000000118be        0x2 
 .text          0x00000000000118c0      0x220 /usr/local/m68k-elf/lib/libc.a(lib_a-gdtoa-hexnan.o)
                0x00000000000118c0                __match
                0x0000000000011910                __hexnan
 .text          0x0000000000011ae0       0x32 /usr/local/m68k-elf/lib/libc.a(lib_a-isattyr.o)
                0x0000000000011ae0                _isatty_r
 *fill*         0x0000000000011b12        0x2 
 .text          0x0000000000011b14      0x174 /usr/local/m68k-elf/lib/libc.a(lib_a-wcrtomb.o)
                0x0000000000011b14                _wcrtomb_r
                0x0000000000011bd0                wcrtomb
 .text          0x0000000000011c88       0x22 /usr/local/lib/gcc/m68k-elf/5/libgcc.a(_mulsi3.o)
                0x0000000000011c88                __mulsi3
 *fill*         0x0000000000011caa        0x2 
 .text          0x0000000000011cac       0x5c /usr/local/lib/gcc/m68k-elf/5/libgcc.a(_udivsi3.o)
                0x0000000000011cac                __udivsi3
 .text          0x0000000000011d08       0x2e /usr/local/lib/gcc/m68k-elf/5/libgcc.a(_divsi3.o)
                0x0000000000011d08                __divsi3
 *fill*         0x0000000000011d36        0x2 
 .text          0x0000000000011d38       0x2e /usr/local/lib/gcc/m68k-elf/5/libgcc.a(_umodsi3.o)
                0x0000000000011d38                __umodsi3
 *fill*         0x0000000000011d66        0x2 
 .text          0x0000000000011d68       0x2e /usr/local/lib/gcc/m68k-elf/5/libgcc.a(_modsi3.o)
                0x0000000000011d68                __modsi3
 *fill*         0x0000000000011d96        0x2 
 .text          0x0000000000011d98      0x9cc /usr/local/lib/gcc/m68k-elf/5/libgcc.a(_double.o)
                0x0000000000011df2                __subdf3
                0x0000000000011df8                __adddf3
                0x000000000001218e                __muldf3
                0x000000000001233c                __divdf3
                0x00000000000125b0                __negdf2
                0x000000000001260e                __cmpdf2_internal
                0x00000000000126de                __cmpdf2
 .text          0x0000000000012764       0x6a /usr/local/lib/gcc/m68k-elf/5/libgcc.a(_floatex.o)
                0x0000000000012764                __clear_sticky_bit
                0x0000000000012772                $_exception_handler
 *fill*         0x00000000000127ce        0x2 
 .text          0x00000000000127d0       0x22 /usr/local/lib/gcc/m68k-elf/5/libgcc.a(_eqdf2.o)
                0x00000000000127d0                __eqdf2
 *fill*         0x00000000000127f2        0x2 
 .text          0x00000000000127f4       0x22 /usr/local/lib/gcc/m68k-elf/5/libgcc.a(_nedf2.o)
                0x00000000000127f4                __nedf2
 *fill*         0x0000000000012816        0x2 
 .text          0x0000000000012818       0x22 /usr/local/lib/gcc/m68k-elf/5/libgcc.a(_gtdf2.o)
                0x0000000000012818                __gtdf2
 *fill*         0x000000000001283a        0x2 
 .text          0x000000000001283c       0x22 /usr/local/lib/gcc/m68k-elf/5/libgcc.a(_gedf2.o)
                0x000000000001283c                __gedf2
 *fill*         0x000000000001285e        0x2 
 .text          0x0000000000012860       0x22 /usr/local/lib/gcc/m68k-elf/5/libgcc.a(_ltdf2.o)
                0x0000000000012860                __ltdf2
 *fill*         0x0000000000012882        0x2 
 .text          0x0000000000012884       0x22 /usr/local/lib/gcc/m68k-elf/5/libgcc.a(_ledf2.o)
                0x0000000000012884                __ledf2
 *fill*         0x00000000000128a6        0x2 
 .text          0x00000000000128a8       0x1a /usr/local/lib/gcc/m68k-elf/5/libgcc.a(_lesf2.o)
                0x00000000000128a8                __lesf2
 *fill*         0x00000000000128c2        0x2 
 .text          0x00000000000128c4       0x74 /usr/local/lib/gcc/m68k-elf/5/libgcc.a(_muldi3.o)
                0x00000000000128c4                __muldi3
 .text          0x0000000000012938       0x76 /usr/local/lib/gcc/m68k-elf/5/libgcc.a(_fixunsdfsi.o)
                0x0000000000012938                __fixunsdfsi
 *fill*         0x00000000000129ae        0x2 
 .text          0x00000000000129b0      0x4aa /usr/local/lib/gcc/m68k-elf/5/libgcc.a(fpgnulib.o)
                0x00000000000129b0                __unordsf2
                0x0000000000012a10                __unorddf2
                0x0000000000012a82                __floatunsidf
                0x0000000000012aee                __floatsidf
                0x0000000000012bb8                __floatunsisf
                0x0000000000012bd2                __floatsisf
                0x0000000000012bec                __extendsfdf2
                0x0000000000012c68                __truncdfsf2
                0x0000000000012db2                __fixdfsi
                0x0000000000012e40                __fixsfsi
 *fill*         0x0000000000012e5a        0x2 
 .text          0x0000000000012e5c      0x800 /usr/local/lib/gcc/m68k-elf/5/libgcc.a(xfgnulib.o)
                0x0000000000012e5c                __unordxf2
                0x0000000000012ee0                __extenddfxf2
                0x0000000000012ffa                __truncxfdf2
                0x00000000000130c0                __extendsfxf2
                0x0000000000013104                __truncxfsf2
                0x000000000001312c                __floatsixf
                0x0000000000013172                __floatunsixf
                0x00000000000131b8                __fixxfsi
                0x00000000000131e0                __addxf3
                0x0000000000013256                __subxf3
                0x00000000000132cc                __mulxf3
                0x0000000000013342                __divxf3
                0x00000000000133b8                __negxf2
                0x0000000000013410                __cmpxf2
                0x0000000000013464                __eqxf2
                0x00000000000134b8                __nexf2
                0x000000000001350c                __ltxf2
                0x0000000000013560                __lexf2
                0x00000000000135b4                __gtxf2
                0x0000000000013608                __gexf2
 .text          0x000000000001365c      0x72c /usr/local/lib/gcc/m68k-elf/5/libgcc.a(_float.o)
                0x00000000000136a4                __subsf3
                0x00000000000136aa                __addsf3
                0x000000000001393a                __mulsf3
                0x0000000000013a66                __divsf3
                0x0000000000013c2c                __negsf2
                0x0000000000013c7e                __cmpsf2_internal
                0x0000000000013d1a                __cmpsf2
 .text          0x0000000000013d88        0xa /usr/local/m68k-elf/lib/libidp.a(close.o)
                0x0000000000013d88                close
 *fill*         0x0000000000013d92        0x2 
 .text          0x0000000000013d94       0x1a /usr/local/m68k-elf/lib/libidp.a(fstat.o)
                0x0000000000013d94                fstat
 *fill*         0x0000000000013dae        0x2 
 .text          0x0000000000013db0        0xa /usr/local/m68k-elf/lib/libidp.a(isatty.o)
                0x0000000000013db0                isatty
 *fill*         0x0000000000013dba        0x2 
 .text          0x0000000000013dbc       0x16 /usr/local/m68k-elf/lib/libidp.a(lseek.o)
                0x0000000000013dbc                lseek
 *fill*         0x0000000000013dd2        0x2 
 .text          0x0000000000013dd4       0x32 /usr/local/m68k-elf/lib/libidp.a(sbrk.o)
                0x0000000000013dd4                sbrk
 *fill*         0x0000000000013e06        0x2 
 .text          0x0000000000013e08       0x2a /usr/local/m68k-elf/lib/libidp.a(mc68ec.o)
                0x0000000000013e08                _exit
                0x0000000000013e12                delay
 *fill*         0x0000000000013e32        0x2 
 .text          0x0000000000013e34        0xe /usr/local/m68k-elf/lib/libc.a(lib_a-errno.o)
                0x0000000000013e34                __errno
                0x0000000000013e44                . = ALIGN (0x4)
 *fill*         0x0000000000013e42        0x2 
                0x0000000000013e44                __CTOR_LIST__ = .
                0x0000000000013e44                ___CTOR_LIST__ = .
                0x0000000000013e44        0x4 LONG 0x0 (((__CTOR_END__ - __CTOR_LIST__) / 0x4) - 0x2)
 *(.ctors)
                0x0000000000013e48        0x4 LONG 0x0
                0x0000000000013e4c                __CTOR_END__ = .
                0x0000000000013e4c                __DTOR_LIST__ = .
                0x0000000000013e4c                ___DTOR_LIST__ = .
                0x0000000000013e4c        0x4 LONG 0x0 (((__DTOR_END__ - __DTOR_LIST__) / 0x4) - 0x2)
 *(.dtors)
                0x0000000000013e50        0x4 LONG 0x0
                0x0000000000013e54                __DTOR_END__ = .
 *(.rodata)
 .rodata        0x0000000000013e54        0x4 /usr/local/m68k-elf/lib/libc.a(lib_a-impure.o)
                0x0000000000013e54                _global_impure_ptr
 .rodata        0x0000000000013e58       0x20 /usr/local/m68k-elf/lib/libc.a(lib_a-svfprintf.o)
 .rodata        0x0000000000013e78       0x20 /usr/local/m68k-elf/lib/libc.a(lib_a-vfprintf.o)
 .rodata        0x0000000000013e98       0x22 /usr/local/m68k-elf/lib/libc.a(lib_a-vfscanf.o)
 .rodata        0x0000000000013eba      0x124 /usr/local/m68k-elf/lib/libc.a(lib_a-mprec.o)
                0x0000000000013ec6                __mprec_tinytens
                0x0000000000013eee                __mprec_bigtens
                0x0000000000013f16                __mprec_tens
 .rodata        0x0000000000013fde       0x50 /usr/local/m68k-elf/lib/libc.a(lib_a-strtod.o)
 .rodata        0x000000000001402e       0x20 /usr/local/m68k-elf/lib/libc.a(lib_a-svfiprintf.o)
 .rodata        0x000000000001404e       0x20 /usr/local/m68k-elf/lib/libc.a(lib_a-vfiprintf.o)
 .rodata        0x000000000001406e      0x101 /usr/local/m68k-elf/lib/libc.a(lib_a-ctype_.o)
                0x000000000001406e                _ctype_
 .rodata        0x000000000001416f      0x100 /usr/local/m68k-elf/lib/libc.a(lib_a-gdtoa-gethex.o)
                0x000000000001416f                __hexdig
 *(.gcc_except_table)
                0x000000000001426f                __INIT_SECTION__ = .
                0x000000000001426f        0x4 LONG 0x4e560000
 *(.init)
                0x0000000000014273        0x2 SHORT 0x4e5e
                0x0000000000014275        0x2 SHORT 0x4e75
                0x0000000000014277                __FINI_SECTION__ = .
                0x0000000000014277        0x4 LONG 0x4e560000
 *(.fini)
                0x000000000001427b        0x2 SHORT 0x4e5e
                0x000000000001427d        0x2 SHORT 0x4e75
                0x000000000001427f                _etext = .
 *(.lit)

.text.startup   0x0000000000014280       0xe0
 .text.startup  0x0000000000014280       0xe0 test3.o
                0x0000000000014280                main

.text.unlikely  0x0000000000014360       0x6c
 .text.unlikely
                0x0000000000014360       0x6c /usr/local/m68k-elf/lib/libc.a(lib_a-strtod.o)

.rodata.str1.1  0x00000000000143cc      0x34b
 .rodata.str1.1
                0x00000000000143cc      0x257 test3.o
 .rodata.str1.1
                0x0000000000014623       0x3b /usr/local/m68k-elf/lib/libc.a(lib_a-svfprintf.o)
 .rodata.str1.1
                0x000000000001465e       0x3b /usr/local/m68k-elf/lib/libc.a(lib_a-vfprintf.o)
 .rodata.str1.1
                0x0000000000014699        0x5 /usr/local/m68k-elf/lib/libc.a(lib_a-vfscanf.o)
 .rodata.str1.1
                0x000000000001469e        0xf /usr/local/m68k-elf/lib/libc.a(lib_a-dtoa.o)
 .rodata.str1.1
                0x00000000000146ad        0xb /usr/local/m68k-elf/lib/libc.a(lib_a-locale.o)
 .rodata.str1.1
                0x00000000000146b8        0x1 /usr/local/m68k-elf/lib/libc.a(lib_a-mbrtowc.o)
 .rodata.str1.1
                0x00000000000146b9        0xc /usr/local/m68k-elf/lib/libc.a(lib_a-strtod.o)
 .rodata.str1.1
                0x00000000000146c5       0x29 /usr/local/m68k-elf/lib/libc.a(lib_a-svfiprintf.o)
 .rodata.str1.1
                0x00000000000146ee       0x29 /usr/local/m68k-elf/lib/libc.a(lib_a-vfiprintf.o)

.data           0x0000000000014718      0xe20
 *(.shdata)
 *(.data)
 .data          0x0000000000014718        0x4 crt0.o
 .data          0x000000000001471c      0x45a mon.o
 *fill*         0x0000000000014b76        0x2 
 .data          0x0000000000014b78        0x0 csys68k.o
 .data          0x0000000000014b78        0x0 inchrw.o
 .data          0x0000000000014b78        0x0 mtk_asm.o
 .data          0x0000000000014b78        0x0 mtk_c.o
 .data          0x0000000000014b78        0x0 outchr.o
 .data          0x0000000000014b78        0x4 test3.o
                0x0000000000014b78                answerer
 .data          0x0000000000014b7c        0x0 /usr/local/m68k-elf/lib/libc.a(lib_a-exit.o)
 .data          0x0000000000014b7c        0x0 /usr/local/m68k-elf/lib/libc.a(lib_a-fdopen.o)
 .data          0x0000000000014b7c        0x0 /usr/local/m68k-elf/lib/libc.a(lib_a-findfp.o)
 .data          0x0000000000014b7c        0x0 /usr/local/m68k-elf/lib/libc.a(lib_a-flags.o)
 .data          0x0000000000014b7c        0x0 /usr/local/m68k-elf/lib/libc.a(lib_a-fprintf.o)
 .data          0x0000000000014b7c        0x0 /usr/local/m68k-elf/lib/libc.a(lib_a-fputc.o)
 .data          0x0000000000014b7c        0x0 /usr/local/m68k-elf/lib/libc.a(lib_a-fscanf.o)
 .data          0x0000000000014b7c        0x0 /usr/local/m68k-elf/lib/libc.a(lib_a-fwalk.o)
 .data          0x0000000000014b7c        0x0 /usr/local/m68k-elf/lib/libc.a(lib_a-fwrite.o)
 .data          0x0000000000014b7c      0x426 /usr/local/m68k-elf/lib/libc.a(lib_a-impure.o)
                0x0000000000014b7c                _impure_ptr
 *fill*         0x0000000000014fa2        0x2 
 .data          0x0000000000014fa4      0x410 /usr/local/m68k-elf/lib/libc.a(lib_a-mallocr.o)
                0x0000000000014fa4                __malloc_sbrk_base
                0x0000000000014fa8                __malloc_trim_threshold
                0x0000000000014fac                __malloc_av_
 .data          0x00000000000153b4        0x0 /usr/local/m68k-elf/lib/libc.a(lib_a-memset.o)
 .data          0x00000000000153b4        0x0 /usr/local/m68k-elf/lib/libc.a(lib_a-mlock.o)
 .data          0x00000000000153b4        0x0 /usr/local/m68k-elf/lib/libc.a(lib_a-putc.o)
 .data          0x00000000000153b4        0x0 /usr/local/m68k-elf/lib/libc.a(lib_a-rand.o)
 .data          0x00000000000153b4        0x0 /usr/local/m68k-elf/lib/libc.a(lib_a-sbrkr.o)
 .data          0x00000000000153b4        0x0 /usr/local/m68k-elf/lib/libc.a(lib_a-scanf.o)
 .data          0x00000000000153b4        0x0 /usr/local/m68k-elf/lib/libc.a(lib_a-sprintf.o)
 .data          0x00000000000153b4        0x0 /usr/local/m68k-elf/lib/libc.a(lib_a-stdio.o)
 .data          0x00000000000153b4        0x0 /usr/local/m68k-elf/lib/libc.a(lib_a-strncmp.o)
 .data          0x00000000000153b4        0x0 /usr/local/m68k-elf/lib/libc.a(lib_a-svfprintf.o)
 .data          0x00000000000153b4        0x0 /usr/local/m68k-elf/lib/libc.a(lib_a-vfprintf.o)
 .data          0x00000000000153b4        0x0 /usr/local/m68k-elf/lib/libc.a(lib_a-vfscanf.o)
 .data          0x00000000000153b4        0x0 /usr/local/m68k-elf/lib/libc.a(lib_a-wbuf.o)
 .data          0x00000000000153b4        0x0 /usr/local/m68k-elf/lib/libc.a(lib_a-writer.o)
 .data          0x00000000000153b4        0x0 /usr/local/m68k-elf/lib/libc.a(lib_a-wsetup.o)
 .data          0x00000000000153b4        0x0 /usr/local/m68k-elf/lib/libc.a(lib_a-__call_atexit.o)
 .data          0x00000000000153b4        0x0 /usr/local/m68k-elf/lib/libc.a(lib_a-closer.o)
 .data          0x00000000000153b4        0x0 /usr/local/m68k-elf/lib/libc.a(lib_a-dtoa.o)
 .data          0x00000000000153b4        0x0 /usr/local/m68k-elf/lib/libc.a(lib_a-fclose.o)
 .data          0x00000000000153b4        0x0 /usr/local/m68k-elf/lib/libc.a(lib_a-fflush.o)
 .data          0x00000000000153b4        0x0 /usr/local/m68k-elf/lib/libc.a(lib_a-fread.o)
 .data          0x00000000000153b4        0x0 /usr/local/m68k-elf/lib/libc.a(lib_a-freer.o)
 .data          0x00000000000153b4        0x0 /usr/local/m68k-elf/lib/libc.a(lib_a-fvwrite.o)
 .data          0x00000000000153b4        0x0 /usr/local/m68k-elf/lib/libc.a(lib_a-iswspace.o)
 .data          0x00000000000153b4      0x168 /usr/local/m68k-elf/lib/libc.a(lib_a-locale.o)
                0x00000000000153b4                __global_locale
 .data          0x000000000001551c        0x0 /usr/local/m68k-elf/lib/libc.a(lib_a-localeconv.o)
 .data          0x000000000001551c        0x0 /usr/local/m68k-elf/lib/libc.a(lib_a-lseekr.o)
 .data          0x000000000001551c        0x0 /usr/local/m68k-elf/lib/libc.a(lib_a-makebuf.o)
 .data          0x000000000001551c        0x0 /usr/local/m68k-elf/lib/libc.a(lib_a-mbrtowc.o)
 .data          0x000000000001551c        0x0 /usr/local/m68k-elf/lib/libc.a(lib_a-mbtowc_r.o)
 .data          0x000000000001551c        0x0 /usr/local/m68k-elf/lib/libc.a(lib_a-memchr.o)
 .data          0x000000000001551c        0x0 /usr/local/m68k-elf/lib/libc.a(lib_a-memcpy.o)
 .data          0x000000000001551c        0x0 /usr/local/m68k-elf/lib/libc.a(lib_a-memmove.o)
 .data          0x000000000001551c        0x0 /usr/local/m68k-elf/lib/libc.a(lib_a-mprec.o)
 .data          0x000000000001551c        0x0 /usr/local/m68k-elf/lib/libc.a(lib_a-readr.o)
 .data          0x000000000001551c        0x0 /usr/local/m68k-elf/lib/libc.a(lib_a-reallocr.o)
 .data          0x000000000001551c        0x0 /usr/local/m68k-elf/lib/libc.a(lib_a-reent.o)
 .data          0x000000000001551c        0x0 /usr/local/m68k-elf/lib/libc.a(lib_a-refill.o)
 .data          0x000000000001551c        0x0 /usr/local/m68k-elf/lib/libc.a(lib_a-sccl.o)
 .data          0x000000000001551c        0x0 /usr/local/m68k-elf/lib/libc.a(lib_a-sf_nan.o)
 .data          0x000000000001551c        0x0 /usr/local/m68k-elf/lib/libc.a(lib_a-strcmp.o)
 .data          0x000000000001551c        0x0 /usr/local/m68k-elf/lib/libc.a(lib_a-strlen.o)
 .data          0x000000000001551c        0x0 /usr/local/m68k-elf/lib/libc.a(lib_a-strtod.o)
 .data          0x000000000001551c        0x0 /usr/local/m68k-elf/lib/libc.a(lib_a-strtol.o)
 .data          0x000000000001551c        0x0 /usr/local/m68k-elf/lib/libc.a(lib_a-strtoul.o)
 .data          0x000000000001551c        0x0 /usr/local/m68k-elf/lib/libc.a(lib_a-svfiprintf.o)
 .data          0x000000000001551c        0x0 /usr/local/m68k-elf/lib/libc.a(lib_a-ungetc.o)
 .data          0x000000000001551c        0x0 /usr/local/m68k-elf/lib/libc.a(lib_a-vfiprintf.o)
 .data          0x000000000001551c        0x0 /usr/local/m68k-elf/lib/libc.a(lib_a-wctomb_r.o)
 .data          0x000000000001551c        0x0 /usr/local/m68k-elf/lib/libc.a(lib_a-callocr.o)
 .data          0x000000000001551c        0x0 /usr/local/m68k-elf/lib/libc.a(lib_a-ctype_.o)
 .data          0x000000000001551c        0x0 /usr/local/m68k-elf/lib/libc.a(lib_a-fputwc.o)
 .data          0x000000000001551c        0x0 /usr/local/m68k-elf/lib/libc.a(lib_a-fstatr.o)
 .data          0x000000000001551c        0x0 /usr/local/m68k-elf/lib/libc.a(lib_a-gdtoa-gethex.o)
 .data          0x000000000001551c        0x0 /usr/local/m68k-elf/lib/libc.a(lib_a-gdtoa-hexnan.o)
 .data          0x000000000001551c        0x0 /usr/local/m68k-elf/lib/libc.a(lib_a-isattyr.o)
 .data          0x000000000001551c        0x0 /usr/local/m68k-elf/lib/libc.a(lib_a-wcrtomb.o)
 .data          0x000000000001551c        0x0 /usr/local/lib/gcc/m68k-elf/5/libgcc.a(_mulsi3.o)
 .data          0x000000000001551c        0x0 /usr/local/lib/gcc/m68k-elf/5/libgcc.a(_udivsi3.o)
 .data          0x000000000001551c        0x0 /usr/local/lib/gcc/m68k-elf/5/libgcc.a(_divsi3.o)
 .data          0x000000000001551c        0x0 /usr/local/lib/gcc/m68k-elf/5/libgcc.a(_umodsi3.o)
 .data          0x000000000001551c        0x0 /usr/local/lib/gcc/m68k-elf/5/libgcc.a(_modsi3.o)
 .data          0x000000000001551c        0x0 /usr/local/lib/gcc/m68k-elf/5/libgcc.a(_double.o)
 .data          0x000000000001551c       0x1c /usr/local/lib/gcc/m68k-elf/5/libgcc.a(_floatex.o)
                0x000000000001551c                _fpCCR
 .data          0x0000000000015538        0x0 /usr/local/lib/gcc/m68k-elf/5/libgcc.a(_eqdf2.o)
 .data          0x0000000000015538        0x0 /usr/local/lib/gcc/m68k-elf/5/libgcc.a(_nedf2.o)
 .data          0x0000000000015538        0x0 /usr/local/lib/gcc/m68k-elf/5/libgcc.a(_gtdf2.o)
 .data          0x0000000000015538        0x0 /usr/local/lib/gcc/m68k-elf/5/libgcc.a(_gedf2.o)
 .data          0x0000000000015538        0x0 /usr/local/lib/gcc/m68k-elf/5/libgcc.a(_ltdf2.o)
 .data          0x0000000000015538        0x0 /usr/local/lib/gcc/m68k-elf/5/libgcc.a(_ledf2.o)
 .data          0x0000000000015538        0x0 /usr/local/lib/gcc/m68k-elf/5/libgcc.a(_lesf2.o)
 .data          0x0000000000015538        0x0 /usr/local/lib/gcc/m68k-elf/5/libgcc.a(_muldi3.o)
 .data          0x0000000000015538        0x0 /usr/local/lib/gcc/m68k-elf/5/libgcc.a(_fixunsdfsi.o)
 .data          0x0000000000015538        0x0 /usr/local/lib/gcc/m68k-elf/5/libgcc.a(fpgnulib.o)
 .data          0x0000000000015538        0x0 /usr/local/lib/gcc/m68k-elf/5/libgcc.a(xfgnulib.o)
 .data          0x0000000000015538        0x0 /usr/local/lib/gcc/m68k-elf/5/libgcc.a(_float.o)
 .data          0x0000000000015538        0x0 /usr/local/m68k-elf/lib/libidp.a(close.o)
 .data          0x0000000000015538        0x0 /usr/local/m68k-elf/lib/libidp.a(fstat.o)
 .data          0x0000000000015538        0x0 /usr/local/m68k-elf/lib/libidp.a(isatty.o)
 .data          0x0000000000015538        0x0 /usr/local/m68k-elf/lib/libidp.a(lseek.o)
 .data          0x0000000000015538        0x0 /usr/local/m68k-elf/lib/libidp.a(sbrk.o)
 .data          0x0000000000015538        0x0 /usr/local/m68k-elf/lib/libidp.a(mc68ec.o)
 .data          0x0000000000015538        0x0 /usr/local/m68k-elf/lib/libc.a(lib_a-errno.o)
                0x0000000000015538                _edata = .

.bss            0x0000000000015538     0xba24
                0x0000000000015538                . = ALIGN (0x4)
                0x0000000000015538                __bss_start = .
 *(.shbss)
 *(.bss)
 .bss           0x0000000000015538        0x0 crt0.o
 .bss           0x0000000000015538     0x8104 mon.o
 .bss           0x000000000001d63c        0x0 csys68k.o
 .bss           0x000000000001d63c        0x1 inchrw.o
 *fill*         0x000000000001d63d        0x3 
 .bss           0x000000000001d640        0x0 mtk_asm.o
 .bss           0x000000000001d640        0x0 mtk_c.o
 .bss           0x000000000001d640        0x0 outchr.o
 .bss           0x000000000001d640        0x0 test3.o
 .bss           0x000000000001d640        0x0 /usr/local/m68k-elf/lib/libc.a(lib_a-exit.o)
 .bss           0x000000000001d640        0x0 /usr/local/m68k-elf/lib/libc.a(lib_a-fdopen.o)
 .bss           0x000000000001d640        0x0 /usr/local/m68k-elf/lib/libc.a(lib_a-findfp.o)
 .bss           0x000000000001d640        0x0 /usr/local/m68k-elf/lib/libc.a(lib_a-flags.o)
 .bss           0x000000000001d640        0x0 /usr/local/m68k-elf/lib/libc.a(lib_a-fprintf.o)
 .bss           0x000000000001d640        0x0 /usr/local/m68k-elf/lib/libc.a(lib_a-fputc.o)
 .bss           0x000000000001d640        0x0 /usr/local/m68k-elf/lib/libc.a(lib_a-fscanf.o)
 .bss           0x000000000001d640        0x0 /usr/local/m68k-elf/lib/libc.a(lib_a-fwalk.o)
 .bss           0x000000000001d640        0x0 /usr/local/m68k-elf/lib/libc.a(lib_a-fwrite.o)
 .bss           0x000000000001d640        0x0 /usr/local/m68k-elf/lib/libc.a(lib_a-impure.o)
 .bss           0x000000000001d640       0x34 /usr/local/m68k-elf/lib/libc.a(lib_a-mallocr.o)
                0x000000000001d640                __malloc_current_mallinfo
                0x000000000001d668                __malloc_max_total_mem
                0x000000000001d66c                __malloc_max_sbrked_mem
                0x000000000001d670                __malloc_top_pad
 .bss           0x000000000001d674        0x0 /usr/local/m68k-elf/lib/libc.a(lib_a-memset.o)
 .bss           0x000000000001d674        0x0 /usr/local/m68k-elf/lib/libc.a(lib_a-mlock.o)
 .bss           0x000000000001d674        0x0 /usr/local/m68k-elf/lib/libc.a(lib_a-putc.o)
 .bss           0x000000000001d674        0x0 /usr/local/m68k-elf/lib/libc.a(lib_a-rand.o)
 .bss           0x000000000001d674        0x0 /usr/local/m68k-elf/lib/libc.a(lib_a-sbrkr.o)
 .bss           0x000000000001d674        0x0 /usr/local/m68k-elf/lib/libc.a(lib_a-scanf.o)
 .bss           0x000000000001d674        0x0 /usr/local/m68k-elf/lib/libc.a(lib_a-sprintf.o)
 .bss           0x000000000001d674        0x0 /usr/local/m68k-elf/lib/libc.a(lib_a-stdio.o)
 .bss           0x000000000001d674        0x0 /usr/local/m68k-elf/lib/libc.a(lib_a-strncmp.o)
 .bss           0x000000000001d674        0x0 /usr/local/m68k-elf/lib/libc.a(lib_a-svfprintf.o)
 .bss           0x000000000001d674        0x0 /usr/local/m68k-elf/lib/libc.a(lib_a-vfprintf.o)
 .bss           0x000000000001d674        0x0 /usr/local/m68k-elf/lib/libc.a(lib_a-vfscanf.o)
 .bss           0x000000000001d674        0x0 /usr/local/m68k-elf/lib/libc.a(lib_a-wbuf.o)
 .bss           0x000000000001d674        0x0 /usr/local/m68k-elf/lib/libc.a(lib_a-writer.o)
 .bss           0x000000000001d674        0x0 /usr/local/m68k-elf/lib/libc.a(lib_a-wsetup.o)
 .bss           0x000000000001d674        0x0 /usr/local/m68k-elf/lib/libc.a(lib_a-__call_atexit.o)
 .bss           0x000000000001d674        0x0 /usr/local/m68k-elf/lib/libc.a(lib_a-closer.o)
 .bss           0x000000000001d674        0x0 /usr/local/m68k-elf/lib/libc.a(lib_a-dtoa.o)
 .bss           0x000000000001d674        0x0 /usr/local/m68k-elf/lib/libc.a(lib_a-fclose.o)
 .bss           0x000000000001d674        0x0 /usr/local/m68k-elf/lib/libc.a(lib_a-fflush.o)
 .bss           0x000000000001d674        0x0 /usr/local/m68k-elf/lib/libc.a(lib_a-fread.o)
 .bss           0x000000000001d674        0x0 /usr/local/m68k-elf/lib/libc.a(lib_a-freer.o)
 .bss           0x000000000001d674        0x0 /usr/local/m68k-elf/lib/libc.a(lib_a-fvwrite.o)
 .bss           0x000000000001d674        0x0 /usr/local/m68k-elf/lib/libc.a(lib_a-iswspace.o)
 .bss           0x000000000001d674        0x4 /usr/local/m68k-elf/lib/libc.a(lib_a-locale.o)
                0x000000000001d674                _PathLocale
 .bss           0x000000000001d678        0x0 /usr/local/m68k-elf/lib/libc.a(lib_a-localeconv.o)
 .bss           0x000000000001d678        0x0 /usr/local/m68k-elf/lib/libc.a(lib_a-lseekr.o)
 .bss           0x000000000001d678        0x0 /usr/local/m68k-elf/lib/libc.a(lib_a-makebuf.o)
 .bss           0x000000000001d678        0x0 /usr/local/m68k-elf/lib/libc.a(lib_a-mbrtowc.o)
 .bss           0x000000000001d678        0x0 /usr/local/m68k-elf/lib/libc.a(lib_a-mbtowc_r.o)
 .bss           0x000000000001d678        0x0 /usr/local/m68k-elf/lib/libc.a(lib_a-memchr.o)
 .bss           0x000000000001d678        0x0 /usr/local/m68k-elf/lib/libc.a(lib_a-memcpy.o)
 .bss           0x000000000001d678        0x0 /usr/local/m68k-elf/lib/libc.a(lib_a-memmove.o)
 .bss           0x000000000001d678        0x0 /usr/local/m68k-elf/lib/libc.a(lib_a-mprec.o)
 .bss           0x000000000001d678        0x0 /usr/local/m68k-elf/lib/libc.a(lib_a-readr.o)
 .bss           0x000000000001d678        0x0 /usr/local/m68k-elf/lib/libc.a(lib_a-reallocr.o)
 .bss           0x000000000001d678        0x0 /usr/local/m68k-elf/lib/libc.a(lib_a-reent.o)
 .bss           0x000000000001d678        0x0 /usr/local/m68k-elf/lib/libc.a(lib_a-refill.o)
 .bss           0x000000000001d678        0x0 /usr/local/m68k-elf/lib/libc.a(lib_a-sccl.o)
 .bss           0x000000000001d678        0x0 /usr/local/m68k-elf/lib/libc.a(lib_a-sf_nan.o)
 .bss           0x000000000001d678        0x0 /usr/local/m68k-elf/lib/libc.a(lib_a-strcmp.o)
 .bss           0x000000000001d678        0x0 /usr/local/m68k-elf/lib/libc.a(lib_a-strlen.o)
 .bss           0x000000000001d678        0x0 /usr/local/m68k-elf/lib/libc.a(lib_a-strtod.o)
 .bss           0x000000000001d678        0x0 /usr/local/m68k-elf/lib/libc.a(lib_a-strtol.o)
 .bss           0x000000000001d678        0x0 /usr/local/m68k-elf/lib/libc.a(lib_a-strtoul.o)
 .bss           0x000000000001d678        0x0 /usr/local/m68k-elf/lib/libc.a(lib_a-svfiprintf.o)
 .bss           0x000000000001d678        0x0 /usr/local/m68k-elf/lib/libc.a(lib_a-ungetc.o)
 .bss           0x000000000001d678        0x0 /usr/local/m68k-elf/lib/libc.a(lib_a-vfiprintf.o)
 .bss           0x000000000001d678        0x0 /usr/local/m68k-elf/lib/libc.a(lib_a-wctomb_r.o)
 .bss           0x000000000001d678        0x0 /usr/local/m68k-elf/lib/libc.a(lib_a-callocr.o)
 .bss           0x000000000001d678        0x0 /usr/local/m68k-elf/lib/libc.a(lib_a-ctype_.o)
 .bss           0x000000000001d678        0x0 /usr/local/m68k-elf/lib/libc.a(lib_a-fputwc.o)
 .bss           0x000000000001d678        0x0 /usr/local/m68k-elf/lib/libc.a(lib_a-fstatr.o)
 .bss           0x000000000001d678        0x0 /usr/local/m68k-elf/lib/libc.a(lib_a-gdtoa-gethex.o)
 .bss           0x000000000001d678        0x0 /usr/local/m68k-elf/lib/libc.a(lib_a-gdtoa-hexnan.o)
 .bss           0x000000000001d678        0x0 /usr/local/m68k-elf/lib/libc.a(lib_a-isattyr.o)
 .bss           0x000000000001d678        0x0 /usr/local/m68k-elf/lib/libc.a(lib_a-wcrtomb.o)
 .bss           0x000000000001d678        0x0 /usr/local/lib/gcc/m68k-elf/5/libgcc.a(_mulsi3.o)
 .bss           0x000000000001d678        0x0 /usr/local/lib/gcc/m68k-elf/5/libgcc.a(_udivsi3.o)
 .bss           0x000000000001d678        0x0 /usr/local/lib/gcc/m68k-elf/5/libgcc.a(_divsi3.o)
 .bss           0x000000000001d678        0x0 /usr/local/lib/gcc/m68k-elf/5/libgcc.a(_umodsi3.o)
 .bss           0x000000000001d678        0x0 /usr/local/lib/gcc/m68k-elf/5/libgcc.a(_modsi3.o)
 .bss           0x000000000001d678        0x0 /usr/local/lib/gcc/m68k-elf/5/libgcc.a(_double.o)
 .bss           0x000000000001d678        0x0 /usr/local/lib/gcc/m68k-elf/5/libgcc.a(_floatex.o)
 .bss           0x000000000001d678        0x0 /usr/local/lib/gcc/m68k-elf/5/libgcc.a(_eqdf2.o)
 .bss           0x000000000001d678        0x0 /usr/local/lib/gcc/m68k-elf/5/libgcc.a(_nedf2.o)
 .bss           0x000000000001d678        0x0 /usr/local/lib/gcc/m68k-elf/5/libgcc.a(_gtdf2.o)
 .bss           0x000000000001d678        0x0 /usr/local/lib/gcc/m68k-elf/5/libgcc.a(_gedf2.o)
 .bss           0x000000000001d678        0x0 /usr/local/lib/gcc/m68k-elf/5/libgcc.a(_ltdf2.o)
 .bss           0x000000000001d678        0x0 /usr/local/lib/gcc/m68k-elf/5/libgcc.a(_ledf2.o)
 .bss           0x000000000001d678        0x0 /usr/local/lib/gcc/m68k-elf/5/libgcc.a(_lesf2.o)
 .bss           0x000000000001d678        0x0 /usr/local/lib/gcc/m68k-elf/5/libgcc.a(_muldi3.o)
 .bss           0x000000000001d678        0x0 /usr/local/lib/gcc/m68k-elf/5/libgcc.a(_fixunsdfsi.o)
 .bss           0x000000000001d678        0x0 /usr/local/lib/gcc/m68k-elf/5/libgcc.a(fpgnulib.o)
 .bss           0x000000000001d678        0x0 /usr/local/lib/gcc/m68k-elf/5/libgcc.a(xfgnulib.o)
 .bss           0x000000000001d678        0x0 /usr/local/lib/gcc/m68k-elf/5/libgcc.a(_float.o)
 .bss           0x000000000001d678        0x0 /usr/local/m68k-elf/lib/libidp.a(close.o)
 .bss           0x000000000001d678        0x0 /usr/local/m68k-elf/lib/libidp.a(fstat.o)
 .bss           0x000000000001d678        0x0 /usr/local/m68k-elf/lib/libidp.a(isatty.o)
 .bss           0x000000000001d678        0x0 /usr/local/m68k-elf/lib/libidp.a(lseek.o)
 .bss           0x000000000001d678        0x0 /usr/local/m68k-elf/lib/libidp.a(sbrk.o)
 .bss           0x000000000001d678        0x0 /usr/local/m68k-elf/lib/libidp.a(mc68ec.o)
 .bss           0x000000000001d678        0x0 /usr/local/m68k-elf/lib/libc.a(lib_a-errno.o)
 *(COMMON)
 COMMON         0x000000000001d678     0x38c8 mtk_c.o
                0x000000000001d678                next_task
                0x000000000001d67c                semaphore
                0x000000000001d694                curr_task
                0x000000000001d698                task_tab
                0x000000000001d738                stacks
                0x0000000000020f38                new_task
                0x0000000000020f3c                ready
 COMMON         0x0000000000020f40       0x14 test3.o
                0x0000000000020f40                com0in
                0x0000000000020f44                com0out
                0x0000000000020f48                com1in
                0x0000000000020f4c                check_answer
                0x0000000000020f50                com1out
 COMMON         0x0000000000020f54        0x4 /usr/local/m68k-elf/lib/libc.a(lib_a-reent.o)
                0x0000000000020f54                errno
 COMMON         0x0000000000020f58        0x4 /usr/local/m68k-elf/lib/libidp.a(sbrk.o)
                0x0000000000020f58                heap_ptr
                0x0000000000020f60                _end = ALIGN (0x8)
                0x0000000000020f60                __end = _end

.stab
 *(.stab)

.stabstr
 *(.stabstr)
OUTPUT(test3.hex srec)

.debug_info     0x0000000000000000    0x347e7
 .debug_info    0x0000000000000000      0x19f csys68k.o
 .debug_info    0x000000000000019f      0xf21 mtk_c.o
 .debug_info    0x00000000000010c0      0xf98 test3.o
 .debug_info    0x0000000000002058      0x8dc /usr/local/m68k-elf/lib/libc.a(lib_a-exit.o)
 .debug_info    0x0000000000002934      0x972 /usr/local/m68k-elf/lib/libc.a(lib_a-fdopen.o)
 .debug_info    0x00000000000032a6      0xd0b /usr/local/m68k-elf/lib/libc.a(lib_a-findfp.o)
 .debug_info    0x0000000000003fb1      0x8ff /usr/local/m68k-elf/lib/libc.a(lib_a-flags.o)
 .debug_info    0x00000000000048b0      0x991 /usr/local/m68k-elf/lib/libc.a(lib_a-fprintf.o)
 .debug_info    0x0000000000005241      0x9c0 /usr/local/m68k-elf/lib/libc.a(lib_a-fputc.o)
 .debug_info    0x0000000000005c01      0x991 /usr/local/m68k-elf/lib/libc.a(lib_a-fscanf.o)
 .debug_info    0x0000000000006592      0x9a5 /usr/local/m68k-elf/lib/libc.a(lib_a-fwalk.o)
 .debug_info    0x0000000000006f37      0xa38 /usr/local/m68k-elf/lib/libc.a(lib_a-fwrite.o)
 .debug_info    0x000000000000796f      0x8b1 /usr/local/m68k-elf/lib/libc.a(lib_a-impure.o)
 .debug_info    0x0000000000008220      0xcdd /usr/local/m68k-elf/lib/libc.a(lib_a-mallocr.o)
 .debug_info    0x0000000000008efd       0x26 /usr/local/m68k-elf/lib/libc.a(lib_a-memset.o)
 .debug_info    0x0000000000008f23      0x8bf /usr/local/m68k-elf/lib/libc.a(lib_a-mlock.o)
 .debug_info    0x00000000000097e2      0xa2d /usr/local/m68k-elf/lib/libc.a(lib_a-putc.o)
 .debug_info    0x000000000000a20f      0x8e3 /usr/local/m68k-elf/lib/libc.a(lib_a-rand.o)
 .debug_info    0x000000000000aaf2      0x901 /usr/local/m68k-elf/lib/libc.a(lib_a-sbrkr.o)
 .debug_info    0x000000000000b3f3      0x970 /usr/local/m68k-elf/lib/libc.a(lib_a-scanf.o)
 .debug_info    0x000000000000bd63      0x9b1 /usr/local/m68k-elf/lib/libc.a(lib_a-sprintf.o)
 .debug_info    0x000000000000c714      0xae3 /usr/local/m68k-elf/lib/libc.a(lib_a-stdio.o)
 .debug_info    0x000000000000d1f7       0xfc /usr/local/m68k-elf/lib/libc.a(lib_a-strncmp.o)
 .debug_info    0x000000000000d2f3     0x158c /usr/local/m68k-elf/lib/libc.a(lib_a-svfprintf.o)
 .debug_info    0x000000000000e87f     0x16d2 /usr/local/m68k-elf/lib/libc.a(lib_a-vfprintf.o)
 .debug_info    0x000000000000ff51     0x1634 /usr/local/m68k-elf/lib/libc.a(lib_a-vfscanf.o)
 .debug_info    0x0000000000011585      0x987 /usr/local/m68k-elf/lib/libc.a(lib_a-wbuf.o)
 .debug_info    0x0000000000011f0c      0x90e /usr/local/m68k-elf/lib/libc.a(lib_a-writer.o)
 .debug_info    0x000000000001281a      0x927 /usr/local/m68k-elf/lib/libc.a(lib_a-wsetup.o)
 .debug_info    0x0000000000013141      0x95f /usr/local/m68k-elf/lib/libc.a(lib_a-__call_atexit.o)
 .debug_info    0x0000000000013aa0      0x8e0 /usr/local/m68k-elf/lib/libc.a(lib_a-closer.o)
 .debug_info    0x0000000000014380     0x144b /usr/local/m68k-elf/lib/libc.a(lib_a-dtoa.o)
 .debug_info    0x00000000000157cb      0x9e5 /usr/local/m68k-elf/lib/libc.a(lib_a-fclose.o)
 .debug_info    0x00000000000161b0      0xa2c /usr/local/m68k-elf/lib/libc.a(lib_a-fflush.o)
 .debug_info    0x0000000000016bdc      0xa57 /usr/local/m68k-elf/lib/libc.a(lib_a-fread.o)
 .debug_info    0x0000000000017633      0xbb5 /usr/local/m68k-elf/lib/libc.a(lib_a-freer.o)
 .debug_info    0x00000000000181e8      0xac9 /usr/local/m68k-elf/lib/libc.a(lib_a-fvwrite.o)
 .debug_info    0x0000000000018cb1      0xd9e /usr/local/m68k-elf/lib/libc.a(lib_a-iswspace.o)
 .debug_info    0x0000000000019a4f      0xf06 /usr/local/m68k-elf/lib/libc.a(lib_a-locale.o)
 .debug_info    0x000000000001a955      0xe4a /usr/local/m68k-elf/lib/libc.a(lib_a-localeconv.o)
 .debug_info    0x000000000001b79f      0x8fc /usr/local/m68k-elf/lib/libc.a(lib_a-lseekr.o)
 .debug_info    0x000000000001c09b      0xc08 /usr/local/m68k-elf/lib/libc.a(lib_a-makebuf.o)
 .debug_info    0x000000000001cca3      0xeac /usr/local/m68k-elf/lib/libc.a(lib_a-mbrtowc.o)
 .debug_info    0x000000000001db4f      0xe78 /usr/local/m68k-elf/lib/libc.a(lib_a-mbtowc_r.o)
 .debug_info    0x000000000001e9c7      0x12d /usr/local/m68k-elf/lib/libc.a(lib_a-memchr.o)
 .debug_info    0x000000000001eaf4       0x26 /usr/local/m68k-elf/lib/libc.a(lib_a-memcpy.o)
 .debug_info    0x000000000001eb1a      0xdfd /usr/local/m68k-elf/lib/libc.a(lib_a-memmove.o)
 .debug_info    0x000000000001f917     0x1a82 /usr/local/m68k-elf/lib/libc.a(lib_a-mprec.o)
 .debug_info    0x0000000000021399      0x907 /usr/local/m68k-elf/lib/libc.a(lib_a-readr.o)
 .debug_info    0x0000000000021ca0      0xc46 /usr/local/m68k-elf/lib/libc.a(lib_a-reallocr.o)
 .debug_info    0x00000000000228e6      0x993 /usr/local/m68k-elf/lib/libc.a(lib_a-reent.o)
 .debug_info    0x0000000000023279      0x9cd /usr/local/m68k-elf/lib/libc.a(lib_a-refill.o)
 .debug_info    0x0000000000023c46      0x905 /usr/local/m68k-elf/lib/libc.a(lib_a-sccl.o)
 .debug_info    0x000000000002454b       0xcd /usr/local/m68k-elf/lib/libc.a(lib_a-sf_nan.o)
 .debug_info    0x0000000000024618       0xe4 /usr/local/m68k-elf/lib/libc.a(lib_a-strcmp.o)
 .debug_info    0x00000000000246fc       0xd6 /usr/local/m68k-elf/lib/libc.a(lib_a-strlen.o)
 .debug_info    0x00000000000247d2     0x1936 /usr/local/m68k-elf/lib/libc.a(lib_a-strtod.o)
 .debug_info    0x0000000000026108     0x1012 /usr/local/m68k-elf/lib/libc.a(lib_a-strtol.o)
 .debug_info    0x000000000002711a     0x1012 /usr/local/m68k-elf/lib/libc.a(lib_a-strtoul.o)
 .debug_info    0x000000000002812c     0x123b /usr/local/m68k-elf/lib/libc.a(lib_a-svfiprintf.o)
 .debug_info    0x0000000000029367      0xa51 /usr/local/m68k-elf/lib/libc.a(lib_a-ungetc.o)
 .debug_info    0x0000000000029db8     0x17d3 /usr/local/m68k-elf/lib/libc.a(lib_a-vfiprintf.o)
 .debug_info    0x000000000002b58b      0xe4a /usr/local/m68k-elf/lib/libc.a(lib_a-wctomb_r.o)
 .debug_info    0x000000000002c3d5      0x9d3 /usr/local/m68k-elf/lib/libc.a(lib_a-callocr.o)
 .debug_info    0x000000000002cda8      0xd83 /usr/local/m68k-elf/lib/libc.a(lib_a-ctype_.o)
 .debug_info    0x000000000002db2b      0xae3 /usr/local/m68k-elf/lib/libc.a(lib_a-fputwc.o)
 .debug_info    0x000000000002e60e      0xac4 /usr/local/m68k-elf/lib/libc.a(lib_a-fstatr.o)
 .debug_info    0x000000000002f0d2     0x12b2 /usr/local/m68k-elf/lib/libc.a(lib_a-gdtoa-gethex.o)
 .debug_info    0x0000000000030384     0x1032 /usr/local/m68k-elf/lib/libc.a(lib_a-gdtoa-hexnan.o)
 .debug_info    0x00000000000313b6      0x8e0 /usr/local/m68k-elf/lib/libc.a(lib_a-isattyr.o)
 .debug_info    0x0000000000031c96      0xeb9 /usr/local/m68k-elf/lib/libc.a(lib_a-wcrtomb.o)
 .debug_info    0x0000000000032b4f       0x26 /usr/local/lib/gcc/m68k-elf/5/libgcc.a(_mulsi3.o)
 .debug_info    0x0000000000032b75       0x26 /usr/local/lib/gcc/m68k-elf/5/libgcc.a(_udivsi3.o)
 .debug_info    0x0000000000032b9b       0x26 /usr/local/lib/gcc/m68k-elf/5/libgcc.a(_divsi3.o)
 .debug_info    0x0000000000032bc1       0x26 /usr/local/lib/gcc/m68k-elf/5/libgcc.a(_umodsi3.o)
 .debug_info    0x0000000000032be7       0x26 /usr/local/lib/gcc/m68k-elf/5/libgcc.a(_modsi3.o)
 .debug_info    0x0000000000032c0d       0x26 /usr/local/lib/gcc/m68k-elf/5/libgcc.a(_double.o)
 .debug_info    0x0000000000032c33       0x26 /usr/local/lib/gcc/m68k-elf/5/libgcc.a(_floatex.o)
 .debug_info    0x0000000000032c59       0x26 /usr/local/lib/gcc/m68k-elf/5/libgcc.a(_eqdf2.o)
 .debug_info    0x0000000000032c7f       0x26 /usr/local/lib/gcc/m68k-elf/5/libgcc.a(_nedf2.o)
 .debug_info    0x0000000000032ca5       0x26 /usr/local/lib/gcc/m68k-elf/5/libgcc.a(_gtdf2.o)
 .debug_info    0x0000000000032ccb       0x26 /usr/local/lib/gcc/m68k-elf/5/libgcc.a(_gedf2.o)
 .debug_info    0x0000000000032cf1       0x26 /usr/local/lib/gcc/m68k-elf/5/libgcc.a(_ltdf2.o)
 .debug_info    0x0000000000032d17       0x26 /usr/local/lib/gcc/m68k-elf/5/libgcc.a(_ledf2.o)
 .debug_info    0x0000000000032d3d       0x26 /usr/local/lib/gcc/m68k-elf/5/libgcc.a(_lesf2.o)
 .debug_info    0x0000000000032d63      0x18e /usr/local/lib/gcc/m68k-elf/5/libgcc.a(_muldi3.o)
 .debug_info    0x0000000000032ef1       0xdb /usr/local/lib/gcc/m68k-elf/5/libgcc.a(_fixunsdfsi.o)
 .debug_info    0x0000000000032fcc      0x44e /usr/local/lib/gcc/m68k-elf/5/libgcc.a(fpgnulib.o)
 .debug_info    0x000000000003341a      0x51e /usr/local/lib/gcc/m68k-elf/5/libgcc.a(xfgnulib.o)
 .debug_info    0x0000000000033938       0x26 /usr/local/lib/gcc/m68k-elf/5/libgcc.a(_float.o)
 .debug_info    0x000000000003395e       0x54 /usr/local/m68k-elf/lib/libidp.a(close.o)
 .debug_info    0x00000000000339b2      0x297 /usr/local/m68k-elf/lib/libidp.a(fstat.o)
 .debug_info    0x0000000000033c49       0x54 /usr/local/m68k-elf/lib/libidp.a(isatty.o)
 .debug_info    0x0000000000033c9d       0xf9 /usr/local/m68k-elf/lib/libidp.a(lseek.o)
 .debug_info    0x0000000000033d96       0xe5 /usr/local/m68k-elf/lib/libidp.a(sbrk.o)
 .debug_info    0x0000000000033e7b       0xc6 /usr/local/m68k-elf/lib/libidp.a(mc68ec.o)
 .debug_info    0x0000000000033f41      0x8a6 /usr/local/m68k-elf/lib/libc.a(lib_a-errno.o)

.debug_abbrev   0x0000000000000000     0xa25c
 .debug_abbrev  0x0000000000000000       0xa7 csys68k.o
 .debug_abbrev  0x00000000000000a7      0x360 mtk_c.o
 .debug_abbrev  0x0000000000000407      0x2e4 test3.o
 .debug_abbrev  0x00000000000006eb      0x1c6 /usr/local/m68k-elf/lib/libc.a(lib_a-exit.o)
 .debug_abbrev  0x00000000000008b1      0x201 /usr/local/m68k-elf/lib/libc.a(lib_a-fdopen.o)
 .debug_abbrev  0x0000000000000ab2      0x383 /usr/local/m68k-elf/lib/libc.a(lib_a-findfp.o)
 .debug_abbrev  0x0000000000000e35      0x1d6 /usr/local/m68k-elf/lib/libc.a(lib_a-flags.o)
 .debug_abbrev  0x000000000000100b      0x214 /usr/local/m68k-elf/lib/libc.a(lib_a-fprintf.o)
 .debug_abbrev  0x000000000000121f      0x252 /usr/local/m68k-elf/lib/libc.a(lib_a-fputc.o)
 .debug_abbrev  0x0000000000001471      0x214 /usr/local/m68k-elf/lib/libc.a(lib_a-fscanf.o)
 .debug_abbrev  0x0000000000001685      0x1c7 /usr/local/m68k-elf/lib/libc.a(lib_a-fwalk.o)
 .debug_abbrev  0x000000000000184c      0x232 /usr/local/m68k-elf/lib/libc.a(lib_a-fwrite.o)
 .debug_abbrev  0x0000000000001a7e      0x189 /usr/local/m68k-elf/lib/libc.a(lib_a-impure.o)
 .debug_abbrev  0x0000000000001c07      0x28e /usr/local/m68k-elf/lib/libc.a(lib_a-mallocr.o)
 .debug_abbrev  0x0000000000001e95       0x14 /usr/local/m68k-elf/lib/libc.a(lib_a-memset.o)
 .debug_abbrev  0x0000000000001ea9      0x1b5 /usr/local/m68k-elf/lib/libc.a(lib_a-mlock.o)
 .debug_abbrev  0x000000000000205e      0x26a /usr/local/m68k-elf/lib/libc.a(lib_a-putc.o)
 .debug_abbrev  0x00000000000022c8      0x1df /usr/local/m68k-elf/lib/libc.a(lib_a-rand.o)
 .debug_abbrev  0x00000000000024a7      0x1f8 /usr/local/m68k-elf/lib/libc.a(lib_a-sbrkr.o)
 .debug_abbrev  0x000000000000269f      0x223 /usr/local/m68k-elf/lib/libc.a(lib_a-scanf.o)
 .debug_abbrev  0x00000000000028c2      0x214 /usr/local/m68k-elf/lib/libc.a(lib_a-sprintf.o)
 .debug_abbrev  0x0000000000002ad6      0x22b /usr/local/m68k-elf/lib/libc.a(lib_a-stdio.o)
 .debug_abbrev  0x0000000000002d01       0x81 /usr/local/m68k-elf/lib/libc.a(lib_a-strncmp.o)
 .debug_abbrev  0x0000000000002d82      0x364 /usr/local/m68k-elf/lib/libc.a(lib_a-svfprintf.o)
 .debug_abbrev  0x00000000000030e6      0x3a3 /usr/local/m68k-elf/lib/libc.a(lib_a-vfprintf.o)
 .debug_abbrev  0x0000000000003489      0x3d3 /usr/local/m68k-elf/lib/libc.a(lib_a-vfscanf.o)
 .debug_abbrev  0x000000000000385c      0x228 /usr/local/m68k-elf/lib/libc.a(lib_a-wbuf.o)
 .debug_abbrev  0x0000000000003a84      0x1d9 /usr/local/m68k-elf/lib/libc.a(lib_a-writer.o)
 .debug_abbrev  0x0000000000003c5d      0x1ee /usr/local/m68k-elf/lib/libc.a(lib_a-wsetup.o)
 .debug_abbrev  0x0000000000003e4b      0x213 /usr/local/m68k-elf/lib/libc.a(lib_a-__call_atexit.o)
 .debug_abbrev  0x000000000000405e      0x1d4 /usr/local/m68k-elf/lib/libc.a(lib_a-closer.o)
 .debug_abbrev  0x0000000000004232      0x2af /usr/local/m68k-elf/lib/libc.a(lib_a-dtoa.o)
 .debug_abbrev  0x00000000000044e1      0x268 /usr/local/m68k-elf/lib/libc.a(lib_a-fclose.o)
 .debug_abbrev  0x0000000000004749      0x280 /usr/local/m68k-elf/lib/libc.a(lib_a-fflush.o)
 .debug_abbrev  0x00000000000049c9      0x254 /usr/local/m68k-elf/lib/libc.a(lib_a-fread.o)
 .debug_abbrev  0x0000000000004c1d      0x24d /usr/local/m68k-elf/lib/libc.a(lib_a-freer.o)
 .debug_abbrev  0x0000000000004e6a      0x21b /usr/local/m68k-elf/lib/libc.a(lib_a-fvwrite.o)
 .debug_abbrev  0x0000000000005085      0x1cd /usr/local/m68k-elf/lib/libc.a(lib_a-iswspace.o)
 .debug_abbrev  0x0000000000005252      0x26b /usr/local/m68k-elf/lib/libc.a(lib_a-locale.o)
 .debug_abbrev  0x00000000000054bd      0x235 /usr/local/m68k-elf/lib/libc.a(lib_a-localeconv.o)
 .debug_abbrev  0x00000000000056f2      0x1e3 /usr/local/m68k-elf/lib/libc.a(lib_a-lseekr.o)
 .debug_abbrev  0x00000000000058d5      0x297 /usr/local/m68k-elf/lib/libc.a(lib_a-makebuf.o)
 .debug_abbrev  0x0000000000005b6c      0x1f8 /usr/local/m68k-elf/lib/libc.a(lib_a-mbrtowc.o)
 .debug_abbrev  0x0000000000005d64      0x24d /usr/local/m68k-elf/lib/libc.a(lib_a-mbtowc_r.o)
 .debug_abbrev  0x0000000000005fb1       0xc9 /usr/local/m68k-elf/lib/libc.a(lib_a-memchr.o)
 .debug_abbrev  0x000000000000607a       0x14 /usr/local/m68k-elf/lib/libc.a(lib_a-memcpy.o)
 .debug_abbrev  0x000000000000608e      0x1e3 /usr/local/m68k-elf/lib/libc.a(lib_a-memmove.o)
 .debug_abbrev  0x0000000000006271      0x3e1 /usr/local/m68k-elf/lib/libc.a(lib_a-mprec.o)
 .debug_abbrev  0x0000000000006652      0x1d4 /usr/local/m68k-elf/lib/libc.a(lib_a-readr.o)
 .debug_abbrev  0x0000000000006826      0x23c /usr/local/m68k-elf/lib/libc.a(lib_a-reallocr.o)
 .debug_abbrev  0x0000000000006a62      0x24a /usr/local/m68k-elf/lib/libc.a(lib_a-reent.o)
 .debug_abbrev  0x0000000000006cac      0x221 /usr/local/m68k-elf/lib/libc.a(lib_a-refill.o)
 .debug_abbrev  0x0000000000006ecd      0x1d4 /usr/local/m68k-elf/lib/libc.a(lib_a-sccl.o)
 .debug_abbrev  0x00000000000070a1       0x72 /usr/local/m68k-elf/lib/libc.a(lib_a-sf_nan.o)
 .debug_abbrev  0x0000000000007113       0x74 /usr/local/m68k-elf/lib/libc.a(lib_a-strcmp.o)
 .debug_abbrev  0x0000000000007187       0x7f /usr/local/m68k-elf/lib/libc.a(lib_a-strlen.o)
 .debug_abbrev  0x0000000000007206      0x3dd /usr/local/m68k-elf/lib/libc.a(lib_a-strtod.o)
 .debug_abbrev  0x00000000000075e3      0x2a7 /usr/local/m68k-elf/lib/libc.a(lib_a-strtol.o)
 .debug_abbrev  0x000000000000788a      0x2a7 /usr/local/m68k-elf/lib/libc.a(lib_a-strtoul.o)
 .debug_abbrev  0x0000000000007b31      0x2c3 /usr/local/m68k-elf/lib/libc.a(lib_a-svfiprintf.o)
 .debug_abbrev  0x0000000000007df4      0x298 /usr/local/m68k-elf/lib/libc.a(lib_a-ungetc.o)
 .debug_abbrev  0x000000000000808c      0x3bd /usr/local/m68k-elf/lib/libc.a(lib_a-vfiprintf.o)
 .debug_abbrev  0x0000000000008449      0x237 /usr/local/m68k-elf/lib/libc.a(lib_a-wctomb_r.o)
 .debug_abbrev  0x0000000000008680      0x219 /usr/local/m68k-elf/lib/libc.a(lib_a-callocr.o)
 .debug_abbrev  0x0000000000008899      0x19c /usr/local/m68k-elf/lib/libc.a(lib_a-ctype_.o)
 .debug_abbrev  0x0000000000008a35      0x2cc /usr/local/m68k-elf/lib/libc.a(lib_a-fputwc.o)
 .debug_abbrev  0x0000000000008d01      0x1e3 /usr/local/m68k-elf/lib/libc.a(lib_a-fstatr.o)
 .debug_abbrev  0x0000000000008ee4      0x2f4 /usr/local/m68k-elf/lib/libc.a(lib_a-gdtoa-gethex.o)
 .debug_abbrev  0x00000000000091d8      0x29e /usr/local/m68k-elf/lib/libc.a(lib_a-gdtoa-hexnan.o)
 .debug_abbrev  0x0000000000009476      0x1d4 /usr/local/m68k-elf/lib/libc.a(lib_a-isattyr.o)
 .debug_abbrev  0x000000000000964a      0x207 /usr/local/m68k-elf/lib/libc.a(lib_a-wcrtomb.o)
 .debug_abbrev  0x0000000000009851       0x14 /usr/local/lib/gcc/m68k-elf/5/libgcc.a(_mulsi3.o)
 .debug_abbrev  0x0000000000009865       0x14 /usr/local/lib/gcc/m68k-elf/5/libgcc.a(_udivsi3.o)
 .debug_abbrev  0x0000000000009879       0x14 /usr/local/lib/gcc/m68k-elf/5/libgcc.a(_divsi3.o)
 .debug_abbrev  0x000000000000988d       0x14 /usr/local/lib/gcc/m68k-elf/5/libgcc.a(_umodsi3.o)
 .debug_abbrev  0x00000000000098a1       0x14 /usr/local/lib/gcc/m68k-elf/5/libgcc.a(_modsi3.o)
 .debug_abbrev  0x00000000000098b5       0x14 /usr/local/lib/gcc/m68k-elf/5/libgcc.a(_double.o)
 .debug_abbrev  0x00000000000098c9       0x14 /usr/local/lib/gcc/m68k-elf/5/libgcc.a(_floatex.o)
 .debug_abbrev  0x00000000000098dd       0x14 /usr/local/lib/gcc/m68k-elf/5/libgcc.a(_eqdf2.o)
 .debug_abbrev  0x00000000000098f1       0x14 /usr/local/lib/gcc/m68k-elf/5/libgcc.a(_nedf2.o)
 .debug_abbrev  0x0000000000009905       0x14 /usr/local/lib/gcc/m68k-elf/5/libgcc.a(_gtdf2.o)
 .debug_abbrev  0x0000000000009919       0x14 /usr/local/lib/gcc/m68k-elf/5/libgcc.a(_gedf2.o)
 .debug_abbrev  0x000000000000992d       0x14 /usr/local/lib/gcc/m68k-elf/5/libgcc.a(_ltdf2.o)
 .debug_abbrev  0x0000000000009941       0x14 /usr/local/lib/gcc/m68k-elf/5/libgcc.a(_ledf2.o)
 .debug_abbrev  0x0000000000009955       0x14 /usr/local/lib/gcc/m68k-elf/5/libgcc.a(_lesf2.o)
 .debug_abbrev  0x0000000000009969       0xe1 /usr/local/lib/gcc/m68k-elf/5/libgcc.a(_muldi3.o)
 .debug_abbrev  0x0000000000009a4a       0x60 /usr/local/lib/gcc/m68k-elf/5/libgcc.a(_fixunsdfsi.o)
 .debug_abbrev  0x0000000000009aaa      0x1cf /usr/local/lib/gcc/m68k-elf/5/libgcc.a(fpgnulib.o)
 .debug_abbrev  0x0000000000009c79      0x168 /usr/local/lib/gcc/m68k-elf/5/libgcc.a(xfgnulib.o)
 .debug_abbrev  0x0000000000009de1       0x14 /usr/local/lib/gcc/m68k-elf/5/libgcc.a(_float.o)
 .debug_abbrev  0x0000000000009df5       0x4a /usr/local/m68k-elf/lib/libidp.a(close.o)
 .debug_abbrev  0x0000000000009e3f       0x9b /usr/local/m68k-elf/lib/libidp.a(fstat.o)
 .debug_abbrev  0x0000000000009eda       0x4a /usr/local/m68k-elf/lib/libidp.a(isatty.o)
 .debug_abbrev  0x0000000000009f24       0x8d /usr/local/m68k-elf/lib/libidp.a(lseek.o)
 .debug_abbrev  0x0000000000009fb1       0x9b /usr/local/m68k-elf/lib/libidp.a(sbrk.o)
 .debug_abbrev  0x000000000000a04c       0x78 /usr/local/m68k-elf/lib/libidp.a(mc68ec.o)
 .debug_abbrev  0x000000000000a0c4      0x198 /usr/local/m68k-elf/lib/libc.a(lib_a-errno.o)

.debug_loc      0x0000000000000000    0x1978c
 .debug_loc     0x0000000000000000      0x15f csys68k.o
 .debug_loc     0x000000000000015f      0x51c mtk_c.o
 .debug_loc     0x000000000000067b      0x3fb test3.o
 .debug_loc     0x0000000000000a76       0x3c /usr/local/m68k-elf/lib/libc.a(lib_a-fdopen.o)
 .debug_loc     0x0000000000000ab2      0x198 /usr/local/m68k-elf/lib/libc.a(lib_a-findfp.o)
 .debug_loc     0x0000000000000c4a       0xc3 /usr/local/m68k-elf/lib/libc.a(lib_a-flags.o)
 .debug_loc     0x0000000000000d0d       0xa4 /usr/local/m68k-elf/lib/libc.a(lib_a-fprintf.o)
 .debug_loc     0x0000000000000db1       0xd2 /usr/local/m68k-elf/lib/libc.a(lib_a-fputc.o)
 .debug_loc     0x0000000000000e83       0xa4 /usr/local/m68k-elf/lib/libc.a(lib_a-fscanf.o)
 .debug_loc     0x0000000000000f27       0xf8 /usr/local/m68k-elf/lib/libc.a(lib_a-fwalk.o)
 .debug_loc     0x000000000000101f       0x5f /usr/local/m68k-elf/lib/libc.a(lib_a-fwrite.o)
 .debug_loc     0x000000000000107e      0xa3f /usr/local/m68k-elf/lib/libc.a(lib_a-mallocr.o)
 .debug_loc     0x0000000000001abd      0x187 /usr/local/m68k-elf/lib/libc.a(lib_a-putc.o)
 .debug_loc     0x0000000000001c44       0x13 /usr/local/m68k-elf/lib/libc.a(lib_a-rand.o)
 .debug_loc     0x0000000000001c57       0xb7 /usr/local/m68k-elf/lib/libc.a(lib_a-scanf.o)
 .debug_loc     0x0000000000001d0e       0xa4 /usr/local/m68k-elf/lib/libc.a(lib_a-sprintf.o)
 .debug_loc     0x0000000000001db2      0x14a /usr/local/m68k-elf/lib/libc.a(lib_a-stdio.o)
 .debug_loc     0x0000000000001efc       0x8e /usr/local/m68k-elf/lib/libc.a(lib_a-strncmp.o)
 .debug_loc     0x0000000000001f8a     0x2e8d /usr/local/m68k-elf/lib/libc.a(lib_a-svfprintf.o)
 .debug_loc     0x0000000000004e17     0x310c /usr/local/m68k-elf/lib/libc.a(lib_a-vfprintf.o)
 .debug_loc     0x0000000000007f23     0x1f13 /usr/local/m68k-elf/lib/libc.a(lib_a-vfscanf.o)
 .debug_loc     0x0000000000009e36       0xab /usr/local/m68k-elf/lib/libc.a(lib_a-wbuf.o)
 .debug_loc     0x0000000000009ee1       0x1e /usr/local/m68k-elf/lib/libc.a(lib_a-wsetup.o)
 .debug_loc     0x0000000000009eff      0x1c7 /usr/local/m68k-elf/lib/libc.a(lib_a-__call_atexit.o)
 .debug_loc     0x000000000000a0c6     0x2566 /usr/local/m68k-elf/lib/libc.a(lib_a-dtoa.o)
 .debug_loc     0x000000000000c62c       0x9a /usr/local/m68k-elf/lib/libc.a(lib_a-fclose.o)
 .debug_loc     0x000000000000c6c6      0x172 /usr/local/m68k-elf/lib/libc.a(lib_a-fflush.o)
 .debug_loc     0x000000000000c838      0x247 /usr/local/m68k-elf/lib/libc.a(lib_a-fread.o)
 .debug_loc     0x000000000000ca7f      0x4dd /usr/local/m68k-elf/lib/libc.a(lib_a-freer.o)
 .debug_loc     0x000000000000cf5c      0x473 /usr/local/m68k-elf/lib/libc.a(lib_a-fvwrite.o)
 .debug_loc     0x000000000000d3cf       0x1f /usr/local/m68k-elf/lib/libc.a(lib_a-locale.o)
 .debug_loc     0x000000000000d3ee       0x24 /usr/local/m68k-elf/lib/libc.a(lib_a-localeconv.o)
 .debug_loc     0x000000000000d412       0xb3 /usr/local/m68k-elf/lib/libc.a(lib_a-makebuf.o)
 .debug_loc     0x000000000000d4c5       0xf1 /usr/local/m68k-elf/lib/libc.a(lib_a-mbrtowc.o)
 .debug_loc     0x000000000000d5b6       0xd6 /usr/local/m68k-elf/lib/libc.a(lib_a-mbtowc_r.o)
 .debug_loc     0x000000000000d68c      0x13c /usr/local/m68k-elf/lib/libc.a(lib_a-memchr.o)
 .debug_loc     0x000000000000d7c8      0x322 /usr/local/m68k-elf/lib/libc.a(lib_a-memmove.o)
 .debug_loc     0x000000000000daea     0x1ce9 /usr/local/m68k-elf/lib/libc.a(lib_a-mprec.o)
 .debug_loc     0x000000000000f7d3     0x1618 /usr/local/m68k-elf/lib/libc.a(lib_a-reallocr.o)
 .debug_loc     0x0000000000010deb       0x6d /usr/local/m68k-elf/lib/libc.a(lib_a-reent.o)
 .debug_loc     0x0000000000010e58       0x9a /usr/local/m68k-elf/lib/libc.a(lib_a-refill.o)
 .debug_loc     0x0000000000010ef2      0x1d4 /usr/local/m68k-elf/lib/libc.a(lib_a-sccl.o)
 .debug_loc     0x00000000000110c6       0x92 /usr/local/m68k-elf/lib/libc.a(lib_a-strcmp.o)
 .debug_loc     0x0000000000011158       0x33 /usr/local/m68k-elf/lib/libc.a(lib_a-strlen.o)
 .debug_loc     0x000000000001118b     0x2087 /usr/local/m68k-elf/lib/libc.a(lib_a-strtod.o)
 .debug_loc     0x0000000000013212      0x3db /usr/local/m68k-elf/lib/libc.a(lib_a-strtol.o)
 .debug_loc     0x00000000000135ed      0x3f4 /usr/local/m68k-elf/lib/libc.a(lib_a-strtoul.o)
 .debug_loc     0x00000000000139e1     0x16f2 /usr/local/m68k-elf/lib/libc.a(lib_a-svfiprintf.o)
 .debug_loc     0x00000000000150d3      0x19d /usr/local/m68k-elf/lib/libc.a(lib_a-ungetc.o)
 .debug_loc     0x0000000000015270     0x2094 /usr/local/m68k-elf/lib/libc.a(lib_a-vfiprintf.o)
 .debug_loc     0x0000000000017304       0xcd /usr/local/m68k-elf/lib/libc.a(lib_a-wctomb_r.o)
 .debug_loc     0x00000000000173d1      0x30b /usr/local/m68k-elf/lib/libc.a(lib_a-callocr.o)
 .debug_loc     0x00000000000176dc      0x191 /usr/local/m68k-elf/lib/libc.a(lib_a-fputwc.o)
 .debug_loc     0x000000000001786d     0x1084 /usr/local/m68k-elf/lib/libc.a(lib_a-gdtoa-gethex.o)
 .debug_loc     0x00000000000188f1      0x54b /usr/local/m68k-elf/lib/libc.a(lib_a-gdtoa-hexnan.o)
 .debug_loc     0x0000000000018e3c       0xf1 /usr/local/m68k-elf/lib/libc.a(lib_a-wcrtomb.o)
 .debug_loc     0x0000000000018f2d      0x6f4 /usr/local/lib/gcc/m68k-elf/5/libgcc.a(fpgnulib.o)
 .debug_loc     0x0000000000019621      0x107 /usr/local/lib/gcc/m68k-elf/5/libgcc.a(xfgnulib.o)
 .debug_loc     0x0000000000019728       0x22 /usr/local/m68k-elf/lib/libidp.a(sbrk.o)
 .debug_loc     0x000000000001974a       0x42 /usr/local/m68k-elf/lib/libidp.a(mc68ec.o)

.debug_aranges  0x0000000000000000      0xc20
 .debug_aranges
                0x0000000000000000       0x20 csys68k.o
 .debug_aranges
                0x0000000000000020       0x20 mtk_c.o
 .debug_aranges
                0x0000000000000040       0x28 test3.o
 .debug_aranges
                0x0000000000000068       0x20 /usr/local/m68k-elf/lib/libc.a(lib_a-exit.o)
 .debug_aranges
                0x0000000000000088       0x20 /usr/local/m68k-elf/lib/libc.a(lib_a-fdopen.o)
 .debug_aranges
                0x00000000000000a8       0x20 /usr/local/m68k-elf/lib/libc.a(lib_a-findfp.o)
 .debug_aranges
                0x00000000000000c8       0x20 /usr/local/m68k-elf/lib/libc.a(lib_a-flags.o)
 .debug_aranges
                0x00000000000000e8       0x20 /usr/local/m68k-elf/lib/libc.a(lib_a-fprintf.o)
 .debug_aranges
                0x0000000000000108       0x20 /usr/local/m68k-elf/lib/libc.a(lib_a-fputc.o)
 .debug_aranges
                0x0000000000000128       0x20 /usr/local/m68k-elf/lib/libc.a(lib_a-fscanf.o)
 .debug_aranges
                0x0000000000000148       0x20 /usr/local/m68k-elf/lib/libc.a(lib_a-fwalk.o)
 .debug_aranges
                0x0000000000000168       0x20 /usr/local/m68k-elf/lib/libc.a(lib_a-fwrite.o)
 .debug_aranges
                0x0000000000000188       0x18 /usr/local/m68k-elf/lib/libc.a(lib_a-impure.o)
 .debug_aranges
                0x00000000000001a0       0x20 /usr/local/m68k-elf/lib/libc.a(lib_a-mallocr.o)
 .debug_aranges
                0x00000000000001c0       0x20 /usr/local/m68k-elf/lib/libc.a(lib_a-memset.o)
 .debug_aranges
                0x00000000000001e0       0x20 /usr/local/m68k-elf/lib/libc.a(lib_a-mlock.o)
 .debug_aranges
                0x0000000000000200       0x20 /usr/local/m68k-elf/lib/libc.a(lib_a-putc.o)
 .debug_aranges
                0x0000000000000220       0x20 /usr/local/m68k-elf/lib/libc.a(lib_a-rand.o)
 .debug_aranges
                0x0000000000000240       0x20 /usr/local/m68k-elf/lib/libc.a(lib_a-sbrkr.o)
 .debug_aranges
                0x0000000000000260       0x20 /usr/local/m68k-elf/lib/libc.a(lib_a-scanf.o)
 .debug_aranges
                0x0000000000000280       0x20 /usr/local/m68k-elf/lib/libc.a(lib_a-sprintf.o)
 .debug_aranges
                0x00000000000002a0       0x20 /usr/local/m68k-elf/lib/libc.a(lib_a-stdio.o)
 .debug_aranges
                0x00000000000002c0       0x20 /usr/local/m68k-elf/lib/libc.a(lib_a-strncmp.o)
 .debug_aranges
                0x00000000000002e0       0x20 /usr/local/m68k-elf/lib/libc.a(lib_a-svfprintf.o)
 .debug_aranges
                0x0000000000000300       0x20 /usr/local/m68k-elf/lib/libc.a(lib_a-vfprintf.o)
 .debug_aranges
                0x0000000000000320       0x20 /usr/local/m68k-elf/lib/libc.a(lib_a-vfscanf.o)
 .debug_aranges
                0x0000000000000340       0x20 /usr/local/m68k-elf/lib/libc.a(lib_a-wbuf.o)
 .debug_aranges
                0x0000000000000360       0x20 /usr/local/m68k-elf/lib/libc.a(lib_a-writer.o)
 .debug_aranges
                0x0000000000000380       0x20 /usr/local/m68k-elf/lib/libc.a(lib_a-wsetup.o)
 .debug_aranges
                0x00000000000003a0       0x20 /usr/local/m68k-elf/lib/libc.a(lib_a-__call_atexit.o)
 .debug_aranges
                0x00000000000003c0       0x20 /usr/local/m68k-elf/lib/libc.a(lib_a-closer.o)
 .debug_aranges
                0x00000000000003e0       0x20 /usr/local/m68k-elf/lib/libc.a(lib_a-dtoa.o)
 .debug_aranges
                0x0000000000000400       0x20 /usr/local/m68k-elf/lib/libc.a(lib_a-fclose.o)
 .debug_aranges
                0x0000000000000420       0x20 /usr/local/m68k-elf/lib/libc.a(lib_a-fflush.o)
 .debug_aranges
                0x0000000000000440       0x20 /usr/local/m68k-elf/lib/libc.a(lib_a-fread.o)
 .debug_aranges
                0x0000000000000460       0x20 /usr/local/m68k-elf/lib/libc.a(lib_a-freer.o)
 .debug_aranges
                0x0000000000000480       0x20 /usr/local/m68k-elf/lib/libc.a(lib_a-fvwrite.o)
 .debug_aranges
                0x00000000000004a0       0x20 /usr/local/m68k-elf/lib/libc.a(lib_a-iswspace.o)
 .debug_aranges
                0x00000000000004c0       0x20 /usr/local/m68k-elf/lib/libc.a(lib_a-locale.o)
 .debug_aranges
                0x00000000000004e0       0x20 /usr/local/m68k-elf/lib/libc.a(lib_a-localeconv.o)
 .debug_aranges
                0x0000000000000500       0x20 /usr/local/m68k-elf/lib/libc.a(lib_a-lseekr.o)
 .debug_aranges
                0x0000000000000520       0x20 /usr/local/m68k-elf/lib/libc.a(lib_a-makebuf.o)
 .debug_aranges
                0x0000000000000540       0x20 /usr/local/m68k-elf/lib/libc.a(lib_a-mbrtowc.o)
 .debug_aranges
                0x0000000000000560       0x20 /usr/local/m68k-elf/lib/libc.a(lib_a-mbtowc_r.o)
 .debug_aranges
                0x0000000000000580       0x20 /usr/local/m68k-elf/lib/libc.a(lib_a-memchr.o)
 .debug_aranges
                0x00000000000005a0       0x20 /usr/local/m68k-elf/lib/libc.a(lib_a-memcpy.o)
 .debug_aranges
                0x00000000000005c0       0x20 /usr/local/m68k-elf/lib/libc.a(lib_a-memmove.o)
 .debug_aranges
                0x00000000000005e0       0x20 /usr/local/m68k-elf/lib/libc.a(lib_a-mprec.o)
 .debug_aranges
                0x0000000000000600       0x20 /usr/local/m68k-elf/lib/libc.a(lib_a-readr.o)
 .debug_aranges
                0x0000000000000620       0x20 /usr/local/m68k-elf/lib/libc.a(lib_a-reallocr.o)
 .debug_aranges
                0x0000000000000640       0x20 /usr/local/m68k-elf/lib/libc.a(lib_a-reent.o)
 .debug_aranges
                0x0000000000000660       0x20 /usr/local/m68k-elf/lib/libc.a(lib_a-refill.o)
 .debug_aranges
                0x0000000000000680       0x20 /usr/local/m68k-elf/lib/libc.a(lib_a-sccl.o)
 .debug_aranges
                0x00000000000006a0       0x20 /usr/local/m68k-elf/lib/libc.a(lib_a-sf_nan.o)
 .debug_aranges
                0x00000000000006c0       0x20 /usr/local/m68k-elf/lib/libc.a(lib_a-strcmp.o)
 .debug_aranges
                0x00000000000006e0       0x20 /usr/local/m68k-elf/lib/libc.a(lib_a-strlen.o)
 .debug_aranges
                0x0000000000000700       0x28 /usr/local/m68k-elf/lib/libc.a(lib_a-strtod.o)
 .debug_aranges
                0x0000000000000728       0x20 /usr/local/m68k-elf/lib/libc.a(lib_a-strtol.o)
 .debug_aranges
                0x0000000000000748       0x20 /usr/local/m68k-elf/lib/libc.a(lib_a-strtoul.o)
 .debug_aranges
                0x0000000000000768       0x20 /usr/local/m68k-elf/lib/libc.a(lib_a-svfiprintf.o)
 .debug_aranges
                0x0000000000000788       0x20 /usr/local/m68k-elf/lib/libc.a(lib_a-ungetc.o)
 .debug_aranges
                0x00000000000007a8       0x20 /usr/local/m68k-elf/lib/libc.a(lib_a-vfiprintf.o)
 .debug_aranges
                0x00000000000007c8       0x20 /usr/local/m68k-elf/lib/libc.a(lib_a-wctomb_r.o)
 .debug_aranges
                0x00000000000007e8       0x20 /usr/local/m68k-elf/lib/libc.a(lib_a-callocr.o)
 .debug_aranges
                0x0000000000000808       0x18 /usr/local/m68k-elf/lib/libc.a(lib_a-ctype_.o)
 .debug_aranges
                0x0000000000000820       0x20 /usr/local/m68k-elf/lib/libc.a(lib_a-fputwc.o)
 .debug_aranges
                0x0000000000000840       0x20 /usr/local/m68k-elf/lib/libc.a(lib_a-fstatr.o)
 .debug_aranges
                0x0000000000000860       0x20 /usr/local/m68k-elf/lib/libc.a(lib_a-gdtoa-gethex.o)
 .debug_aranges
                0x0000000000000880       0x20 /usr/local/m68k-elf/lib/libc.a(lib_a-gdtoa-hexnan.o)
 .debug_aranges
                0x00000000000008a0       0x20 /usr/local/m68k-elf/lib/libc.a(lib_a-isattyr.o)
 .debug_aranges
                0x00000000000008c0       0x20 /usr/local/m68k-elf/lib/libc.a(lib_a-wcrtomb.o)
 .debug_aranges
                0x00000000000008e0       0x20 /usr/local/lib/gcc/m68k-elf/5/libgcc.a(_mulsi3.o)
 .debug_aranges
                0x0000000000000900       0x20 /usr/local/lib/gcc/m68k-elf/5/libgcc.a(_udivsi3.o)
 .debug_aranges
                0x0000000000000920       0x20 /usr/local/lib/gcc/m68k-elf/5/libgcc.a(_divsi3.o)
 .debug_aranges
                0x0000000000000940       0x20 /usr/local/lib/gcc/m68k-elf/5/libgcc.a(_umodsi3.o)
 .debug_aranges
                0x0000000000000960       0x20 /usr/local/lib/gcc/m68k-elf/5/libgcc.a(_modsi3.o)
 .debug_aranges
                0x0000000000000980       0x20 /usr/local/lib/gcc/m68k-elf/5/libgcc.a(_double.o)
 .debug_aranges
                0x00000000000009a0       0x20 /usr/local/lib/gcc/m68k-elf/5/libgcc.a(_floatex.o)
 .debug_aranges
                0x00000000000009c0       0x20 /usr/local/lib/gcc/m68k-elf/5/libgcc.a(_eqdf2.o)
 .debug_aranges
                0x00000000000009e0       0x20 /usr/local/lib/gcc/m68k-elf/5/libgcc.a(_nedf2.o)
 .debug_aranges
                0x0000000000000a00       0x20 /usr/local/lib/gcc/m68k-elf/5/libgcc.a(_gtdf2.o)
 .debug_aranges
                0x0000000000000a20       0x20 /usr/local/lib/gcc/m68k-elf/5/libgcc.a(_gedf2.o)
 .debug_aranges
                0x0000000000000a40       0x20 /usr/local/lib/gcc/m68k-elf/5/libgcc.a(_ltdf2.o)
 .debug_aranges
                0x0000000000000a60       0x20 /usr/local/lib/gcc/m68k-elf/5/libgcc.a(_ledf2.o)
 .debug_aranges
                0x0000000000000a80       0x20 /usr/local/lib/gcc/m68k-elf/5/libgcc.a(_lesf2.o)
 .debug_aranges
                0x0000000000000aa0       0x20 /usr/local/lib/gcc/m68k-elf/5/libgcc.a(_muldi3.o)
 .debug_aranges
                0x0000000000000ac0       0x20 /usr/local/lib/gcc/m68k-elf/5/libgcc.a(_fixunsdfsi.o)
 .debug_aranges
                0x0000000000000ae0       0x20 /usr/local/lib/gcc/m68k-elf/5/libgcc.a(fpgnulib.o)
 .debug_aranges
                0x0000000000000b00       0x20 /usr/local/lib/gcc/m68k-elf/5/libgcc.a(xfgnulib.o)
 .debug_aranges
                0x0000000000000b20       0x20 /usr/local/lib/gcc/m68k-elf/5/libgcc.a(_float.o)
 .debug_aranges
                0x0000000000000b40       0x20 /usr/local/m68k-elf/lib/libidp.a(close.o)
 .debug_aranges
                0x0000000000000b60       0x20 /usr/local/m68k-elf/lib/libidp.a(fstat.o)
 .debug_aranges
                0x0000000000000b80       0x20 /usr/local/m68k-elf/lib/libidp.a(isatty.o)
 .debug_aranges
                0x0000000000000ba0       0x20 /usr/local/m68k-elf/lib/libidp.a(lseek.o)
 .debug_aranges
                0x0000000000000bc0       0x20 /usr/local/m68k-elf/lib/libidp.a(sbrk.o)
 .debug_aranges
                0x0000000000000be0       0x20 /usr/local/m68k-elf/lib/libidp.a(mc68ec.o)
 .debug_aranges
                0x0000000000000c00       0x20 /usr/local/m68k-elf/lib/libc.a(lib_a-errno.o)

.debug_line     0x0000000000000000     0xb409
 .debug_line    0x0000000000000000       0xc9 csys68k.o
 .debug_line    0x00000000000000c9      0x183 mtk_c.o
 .debug_line    0x000000000000024c      0x28f test3.o
 .debug_line    0x00000000000004db      0x157 /usr/local/m68k-elf/lib/libc.a(lib_a-exit.o)
 .debug_line    0x0000000000000632      0x15f /usr/local/m68k-elf/lib/libc.a(lib_a-fdopen.o)
 .debug_line    0x0000000000000791      0x213 /usr/local/m68k-elf/lib/libc.a(lib_a-findfp.o)
 .debug_line    0x00000000000009a4      0x122 /usr/local/m68k-elf/lib/libc.a(lib_a-flags.o)
 .debug_line    0x0000000000000ac6      0x14f /usr/local/m68k-elf/lib/libc.a(lib_a-fprintf.o)
 .debug_line    0x0000000000000c15      0x184 /usr/local/m68k-elf/lib/libc.a(lib_a-fputc.o)
 .debug_line    0x0000000000000d99      0x152 /usr/local/m68k-elf/lib/libc.a(lib_a-fscanf.o)
 .debug_line    0x0000000000000eeb      0x16b /usr/local/m68k-elf/lib/libc.a(lib_a-fwalk.o)
 .debug_line    0x0000000000001056      0x180 /usr/local/m68k-elf/lib/libc.a(lib_a-fwrite.o)
 .debug_line    0x00000000000011d6       0xee /usr/local/m68k-elf/lib/libc.a(lib_a-impure.o)
 .debug_line    0x00000000000012c4      0x2f5 /usr/local/m68k-elf/lib/libc.a(lib_a-mallocr.o)
 .debug_line    0x00000000000015b9       0x9d /usr/local/m68k-elf/lib/libc.a(lib_a-memset.o)
 .debug_line    0x0000000000001656       0xff /usr/local/m68k-elf/lib/libc.a(lib_a-mlock.o)
 .debug_line    0x0000000000001755      0x1bb /usr/local/m68k-elf/lib/libc.a(lib_a-putc.o)
 .debug_line    0x0000000000001910      0x143 /usr/local/m68k-elf/lib/libc.a(lib_a-rand.o)
 .debug_line    0x0000000000001a53      0x144 /usr/local/m68k-elf/lib/libc.a(lib_a-sbrkr.o)
 .debug_line    0x0000000000001b97      0x150 /usr/local/m68k-elf/lib/libc.a(lib_a-scanf.o)
 .debug_line    0x0000000000001ce7      0x165 /usr/local/m68k-elf/lib/libc.a(lib_a-sprintf.o)
 .debug_line    0x0000000000001e4c      0x17f /usr/local/m68k-elf/lib/libc.a(lib_a-stdio.o)
 .debug_line    0x0000000000001fcb      0x11c /usr/local/m68k-elf/lib/libc.a(lib_a-strncmp.o)
 .debug_line    0x00000000000020e7      0x96e /usr/local/m68k-elf/lib/libc.a(lib_a-svfprintf.o)
 .debug_line    0x0000000000002a55      0x995 /usr/local/m68k-elf/lib/libc.a(lib_a-vfprintf.o)
 .debug_line    0x00000000000033ea      0x7b5 /usr/local/m68k-elf/lib/libc.a(lib_a-vfscanf.o)
 .debug_line    0x0000000000003b9f      0x1b7 /usr/local/m68k-elf/lib/libc.a(lib_a-wbuf.o)
 .debug_line    0x0000000000003d56      0x151 /usr/local/m68k-elf/lib/libc.a(lib_a-writer.o)
 .debug_line    0x0000000000003ea7      0x1ba /usr/local/m68k-elf/lib/libc.a(lib_a-wsetup.o)
 .debug_line    0x0000000000004061      0x199 /usr/local/m68k-elf/lib/libc.a(lib_a-__call_atexit.o)
 .debug_line    0x00000000000041fa      0x151 /usr/local/m68k-elf/lib/libc.a(lib_a-closer.o)
 .debug_line    0x000000000000434b      0x6aa /usr/local/m68k-elf/lib/libc.a(lib_a-dtoa.o)
 .debug_line    0x00000000000049f5      0x189 /usr/local/m68k-elf/lib/libc.a(lib_a-fclose.o)
 .debug_line    0x0000000000004b7e      0x20b /usr/local/m68k-elf/lib/libc.a(lib_a-fflush.o)
 .debug_line    0x0000000000004d89      0x1f1 /usr/local/m68k-elf/lib/libc.a(lib_a-fread.o)
 .debug_line    0x0000000000004f7a      0x206 /usr/local/m68k-elf/lib/libc.a(lib_a-freer.o)
 .debug_line    0x0000000000005180      0x27b /usr/local/m68k-elf/lib/libc.a(lib_a-fvwrite.o)
 .debug_line    0x00000000000053fb      0x1bf /usr/local/m68k-elf/lib/libc.a(lib_a-iswspace.o)
 .debug_line    0x00000000000055ba      0x1c0 /usr/local/m68k-elf/lib/libc.a(lib_a-locale.o)
 .debug_line    0x000000000000577a      0x18e /usr/local/m68k-elf/lib/libc.a(lib_a-localeconv.o)
 .debug_line    0x0000000000005908      0x151 /usr/local/m68k-elf/lib/libc.a(lib_a-lseekr.o)
 .debug_line    0x0000000000005a59      0x216 /usr/local/m68k-elf/lib/libc.a(lib_a-makebuf.o)
 .debug_line    0x0000000000005c6f      0x22a /usr/local/m68k-elf/lib/libc.a(lib_a-mbrtowc.o)
 .debug_line    0x0000000000005e99      0x1e0 /usr/local/m68k-elf/lib/libc.a(lib_a-mbtowc_r.o)
 .debug_line    0x0000000000006079      0x115 /usr/local/m68k-elf/lib/libc.a(lib_a-memchr.o)
 .debug_line    0x000000000000618e       0x99 /usr/local/m68k-elf/lib/libc.a(lib_a-memcpy.o)
 .debug_line    0x0000000000006227      0x1e5 /usr/local/m68k-elf/lib/libc.a(lib_a-memmove.o)
 .debug_line    0x000000000000640c      0x540 /usr/local/m68k-elf/lib/libc.a(lib_a-mprec.o)
 .debug_line    0x000000000000694c      0x150 /usr/local/m68k-elf/lib/libc.a(lib_a-readr.o)
 .debug_line    0x0000000000006a9c      0x2a6 /usr/local/m68k-elf/lib/libc.a(lib_a-reallocr.o)
 .debug_line    0x0000000000006d42      0x16d /usr/local/m68k-elf/lib/libc.a(lib_a-reent.o)
 .debug_line    0x0000000000006eaf      0x1cb /usr/local/m68k-elf/lib/libc.a(lib_a-refill.o)
 .debug_line    0x000000000000707a      0x14f /usr/local/m68k-elf/lib/libc.a(lib_a-sccl.o)
 .debug_line    0x00000000000071c9       0xae /usr/local/m68k-elf/lib/libc.a(lib_a-sf_nan.o)
 .debug_line    0x0000000000007277       0xcf /usr/local/m68k-elf/lib/libc.a(lib_a-strcmp.o)
 .debug_line    0x0000000000007346       0xf3 /usr/local/m68k-elf/lib/libc.a(lib_a-strlen.o)
 .debug_line    0x0000000000007439      0x6a1 /usr/local/m68k-elf/lib/libc.a(lib_a-strtod.o)
 .debug_line    0x0000000000007ada      0x25f /usr/local/m68k-elf/lib/libc.a(lib_a-strtol.o)
 .debug_line    0x0000000000007d39      0x258 /usr/local/m68k-elf/lib/libc.a(lib_a-strtoul.o)
 .debug_line    0x0000000000007f91      0x68c /usr/local/m68k-elf/lib/libc.a(lib_a-svfiprintf.o)
 .debug_line    0x000000000000861d      0x1e3 /usr/local/m68k-elf/lib/libc.a(lib_a-ungetc.o)
 .debug_line    0x0000000000008800      0x6e7 /usr/local/m68k-elf/lib/libc.a(lib_a-vfiprintf.o)
 .debug_line    0x0000000000008ee7      0x1d6 /usr/local/m68k-elf/lib/libc.a(lib_a-wctomb_r.o)
 .debug_line    0x00000000000090bd      0x133 /usr/local/m68k-elf/lib/libc.a(lib_a-callocr.o)
 .debug_line    0x00000000000091f0      0x150 /usr/local/m68k-elf/lib/libc.a(lib_a-ctype_.o)
 .debug_line    0x0000000000009340      0x1c8 /usr/local/m68k-elf/lib/libc.a(lib_a-fputwc.o)
 .debug_line    0x0000000000009508      0x1b7 /usr/local/m68k-elf/lib/libc.a(lib_a-fstatr.o)
 .debug_line    0x00000000000096bf      0x3b8 /usr/local/m68k-elf/lib/libc.a(lib_a-gdtoa-gethex.o)
 .debug_line    0x0000000000009a77      0x23a /usr/local/m68k-elf/lib/libc.a(lib_a-gdtoa-hexnan.o)
 .debug_line    0x0000000000009cb1      0x152 /usr/local/m68k-elf/lib/libc.a(lib_a-isattyr.o)
 .debug_line    0x0000000000009e03      0x22a /usr/local/m68k-elf/lib/libc.a(lib_a-wcrtomb.o)
 .debug_line    0x000000000000a02d       0x6a /usr/local/lib/gcc/m68k-elf/5/libgcc.a(_mulsi3.o)
 .debug_line    0x000000000000a097       0x83 /usr/local/lib/gcc/m68k-elf/5/libgcc.a(_udivsi3.o)
 .debug_line    0x000000000000a11a       0x72 /usr/local/lib/gcc/m68k-elf/5/libgcc.a(_divsi3.o)
 .debug_line    0x000000000000a18c       0x6e /usr/local/lib/gcc/m68k-elf/5/libgcc.a(_umodsi3.o)
 .debug_line    0x000000000000a1fa       0x6e /usr/local/lib/gcc/m68k-elf/5/libgcc.a(_modsi3.o)
 .debug_line    0x000000000000a268      0x3e1 /usr/local/lib/gcc/m68k-elf/5/libgcc.a(_double.o)
 .debug_line    0x000000000000a649       0x79 /usr/local/lib/gcc/m68k-elf/5/libgcc.a(_floatex.o)
 .debug_line    0x000000000000a6c2       0x68 /usr/local/lib/gcc/m68k-elf/5/libgcc.a(_eqdf2.o)
 .debug_line    0x000000000000a72a       0x68 /usr/local/lib/gcc/m68k-elf/5/libgcc.a(_nedf2.o)
 .debug_line    0x000000000000a792       0x68 /usr/local/lib/gcc/m68k-elf/5/libgcc.a(_gtdf2.o)