Archive member included to satisfy reference by file (symbol)

/usr/local/m68k-elf/lib/libc.a(lib_a-exit.o)
                              crt0.o (exit)
/usr/local/m68k-elf/lib/libc.a(lib_a-fdopen.o)
                              test3.o (fdopen)
/usr/local/m68k-elf/lib/libc.a(lib_a-findfp.o)
                              /usr/local/m68k-elf/lib/libc.a(lib_a-fdopen.o) (__sfp)
/usr/local/m68k-elf/lib/libc.a(lib_a-flags.o)
                              /usr/local/m68k-elf/lib/libc.a(lib_a-fdopen.o) (__sflags)
/usr/local/m68k-elf/lib/libc.a(lib_a-fprintf.o)
                              test3.o (fprintf)
/usr/local/m68k-elf/lib/libc.a(lib_a-fscanf.o)
                              test3.o (fscanf)
/usr/local/m68k-elf/lib/libc.a(lib_a-fwalk.o)
                              /usr/local/m68k-elf/lib/libc.a(lib_a-findfp.o) (_fwalk)
/usr/local/m68k-elf/lib/libc.a(lib_a-fwrite.o)
                              test3.o (fwrite)
/usr/local/m68k-elf/lib/libc.a(lib_a-impure.o)
                              /usr/local/m68k-elf/lib/libc.a(lib_a-exit.o) (_global_impure_ptr)
/usr/local/m68k-elf/lib/libc.a(lib_a-mallocr.o)
                              /usr/local/m68k-elf/lib/libc.a(lib_a-findfp.o) (_malloc_r)
/usr/local/m68k-elf/lib/libc.a(lib_a-memset.o)
                              /usr/local/m68k-elf/lib/libc.a(lib_a-findfp.o) (memset)
/usr/local/m68k-elf/lib/libc.a(lib_a-mlock.o)
                              /usr/local/m68k-elf/lib/libc.a(lib_a-mallocr.o) (__malloc_lock)
/usr/local/m68k-elf/lib/libc.a(lib_a-sbrkr.o)
                              /usr/local/m68k-elf/lib/libc.a(lib_a-mallocr.o) (_sbrk_r)
/usr/local/m68k-elf/lib/libc.a(lib_a-stdio.o)
                              /usr/local/m68k-elf/lib/libc.a(lib_a-fdopen.o) (__sread)
/usr/local/m68k-elf/lib/libc.a(lib_a-vfprintf.o)
                              /usr/local/m68k-elf/lib/libc.a(lib_a-fprintf.o) (_vfprintf_r)
/usr/local/m68k-elf/lib/libc.a(lib_a-vfscanf.o)
                              /usr/local/m68k-elf/lib/libc.a(lib_a-fscanf.o) (_vfscanf_r)
/usr/local/m68k-elf/lib/libc.a(lib_a-writer.o)
                              /usr/local/m68k-elf/lib/libc.a(lib_a-stdio.o) (_write_r)
/usr/local/m68k-elf/lib/libc.a(lib_a-wsetup.o)
                              /usr/local/m68k-elf/lib/libc.a(lib_a-vfprintf.o) (__swsetup_r)
/usr/local/m68k-elf/lib/libc.a(lib_a-__call_atexit.o)
                              /usr/local/m68k-elf/lib/libc.a(lib_a-exit.o) (__call_exitprocs)
/usr/local/m68k-elf/lib/libc.a(lib_a-closer.o)
                              /usr/local/m68k-elf/lib/libc.a(lib_a-stdio.o) (_close_r)
/usr/local/m68k-elf/lib/libc.a(lib_a-dtoa.o)
                              /usr/local/m68k-elf/lib/libc.a(lib_a-vfprintf.o) (_dtoa_r)
/usr/local/m68k-elf/lib/libc.a(lib_a-fclose.o)
                              /usr/local/m68k-elf/lib/libc.a(lib_a-findfp.o) (_fclose_r)
/usr/local/m68k-elf/lib/libc.a(lib_a-fflush.o)
                              /usr/local/m68k-elf/lib/libc.a(lib_a-fclose.o) (__sflush_r)
/usr/local/m68k-elf/lib/libc.a(lib_a-fread.o)
                              /usr/local/m68k-elf/lib/libc.a(lib_a-vfscanf.o) (_fread_r)
/usr/local/m68k-elf/lib/libc.a(lib_a-freer.o)
                              /usr/local/m68k-elf/lib/libc.a(lib_a-mallocr.o) (_free_r)
/usr/local/m68k-elf/lib/libc.a(lib_a-fvwrite.o)
                              /usr/local/m68k-elf/lib/libc.a(lib_a-fwrite.o) (__sfvwrite_r)
/usr/local/m68k-elf/lib/libc.a(lib_a-iswspace.o)
                              /usr/local/m68k-elf/lib/libc.a(lib_a-vfscanf.o) (iswspace)
/usr/local/m68k-elf/lib/libc.a(lib_a-locale.o)
                              /usr/local/m68k-elf/lib/libc.a(lib_a-vfscanf.o) (__locale_mb_cur_max)
/usr/local/m68k-elf/lib/libc.a(lib_a-localeconv.o)
                              /usr/local/m68k-elf/lib/libc.a(lib_a-vfprintf.o) (_localeconv_r)
/usr/local/m68k-elf/lib/libc.a(lib_a-lseekr.o)
                              /usr/local/m68k-elf/lib/libc.a(lib_a-stdio.o) (_lseek_r)
/usr/local/m68k-elf/lib/libc.a(lib_a-makebuf.o)
                              /usr/local/m68k-elf/lib/libc.a(lib_a-wsetup.o) (__smakebuf_r)
/usr/local/m68k-elf/lib/libc.a(lib_a-mbrtowc.o)
                              /usr/local/m68k-elf/lib/libc.a(lib_a-vfscanf.o) (_mbrtowc_r)
/usr/local/m68k-elf/lib/libc.a(lib_a-mbtowc_r.o)
                              /usr/local/m68k-elf/lib/libc.a(lib_a-locale.o) (__ascii_mbtowc)
/usr/local/m68k-elf/lib/libc.a(lib_a-memchr.o)
                              /usr/local/m68k-elf/lib/libc.a(lib_a-vfprintf.o) (memchr)
/usr/local/m68k-elf/lib/libc.a(lib_a-memcpy.o)
                              /usr/local/m68k-elf/lib/libc.a(lib_a-dtoa.o) (memcpy)
/usr/local/m68k-elf/lib/libc.a(lib_a-memmove.o)
                              /usr/local/m68k-elf/lib/libc.a(lib_a-fvwrite.o) (memmove)
/usr/local/m68k-elf/lib/libc.a(lib_a-mprec.o)
                              /usr/local/m68k-elf/lib/libc.a(lib_a-dtoa.o) (_Balloc)
/usr/local/m68k-elf/lib/libc.a(lib_a-readr.o)
[...]
Memory Configuration

Name             Origin             Length             Attributes
ram              0x0000000000000000 0x0000000000040000 xrw
rom0             0x0000000000c00000 0x0000000000080000
device           0x0000000000fff000 0x0000000000001000
*default*        0x0000000000000000 0xffffffffffffffff

Linker script and memory map

LOAD crt0.o
LOAD mon.o
LOAD csys68k.o
LOAD inchrw.o
LOAD mtk_asm.o
LOAD mtk_c.o
LOAD outchr.o
LOAD test3.o
START GROUP
LOAD /usr/local/m68k-elf/lib/libidp.a
LOAD /usr/local/m68k-elf/lib/libc.a
LOAD /usr/local/lib/gcc/m68k-elf/5/libgcc.a
END GROUP
                0x0000000000000000                __DYNAMIC = 0x0
                0x000000000003fff0                PROVIDE (__stack = 0x3fff0)
                0x0000000000000000                PROVIDE (hardware_init_hook = 0x0)
                [!provide]                        PROVIDE (_hardware_init_hook = 0x0)
                0x0000000000000000                PROVIDE (software_init_hook = 0x0)
                [!provide]                        PROVIDE (_software_init_hook = 0x0)

.vector
 *(.vector)

.text           0x0000000000000400    0x135e3
                0x0000000000000400                __text_start = .
 *(.text)
 .text          0x0000000000000400       0x90 crt0.o
                0x000000000000043c                start
 .text          0x0000000000000490      0x48e mon.o
                0x0000000000000490                monitor_begin
 *fill*         0x000000000000091e        0x2 
 .text          0x0000000000000920      0x17c csys68k.o
                0x0000000000000920                read
                0x0000000000000a0a                write
                0x0000000000000a8c                fcntl
 .text          0x0000000000000a9c       0x28 inchrw.o
                0x0000000000000a9c                inbyte
 .text          0x0000000000000ac4      0x126 mtk_asm.o
                0x0000000000000ac4                swtch
                0x0000000000000b0c                pv_handler
                0x0000000000000b4c                P
                0x0000000000000b5e                V
                0x0000000000000b70                hard_clock
                0x0000000000000ba2                init_timer
                0x0000000000000bbe                first_task
 *fill*         0x0000000000000bea        0x2 
 .text          0x0000000000000bec      0x43c mtk_c.o
                0x0000000000000bec                init_kernel
                0x0000000000000c46                set_task
                0x0000000000000d76                init_stack
                0x0000000000000dbc                begin_sch
                0x0000000000000dee                removeq
                0x0000000000000e0c                sched
                0x0000000000000e38                addq
                0x0000000000000e74                sleep
                0x0000000000000f04                wakeup
                0x0000000000000f76                p_body
                0x0000000000000f9c                v_body
 .text          0x0000000000001028       0x2a outchr.o
                0x0000000000001028                outbyte
 *fill*         0x0000000000001052        0x2 
 .text          0x0000000000001054      0x400 test3.o
                0x0000000000001054                task3
                0x000000000000118c                task4
                0x00000000000012c4                init_file
                0x000000000000131c                task1
                0x00000000000013cc                task2
 .text          0x0000000000001454       0x34 /usr/local/m68k-elf/lib/libc.a(lib_a-exit.o)
                0x0000000000001454                exit
 .text          0x0000000000001488       0x96 /usr/local/m68k-elf/lib/libc.a(lib_a-fdopen.o)
                0x0000000000001488                _fdopen_r
                0x0000000000001504                fdopen
 *fill*         0x000000000000151e        0x2 
 .text          0x0000000000001520      0x338 /usr/local/m68k-elf/lib/libc.a(lib_a-findfp.o)
                0x000000000000152a                _cleanup_r
                0x000000000000169a                __sfmoreglue
                0x00000000000016fe                __sfp
                0x00000000000017d0                _cleanup
                0x00000000000017ec                __sinit
                0x0000000000001804                __sfp_lock_acquire
                0x000000000000180c                __sfp_lock_release
                0x0000000000001814                __sinit_lock_acquire
                0x000000000000181c                __sinit_lock_release
                0x0000000000001824                __fp_lock_all
                0x000000000000183e                __fp_unlock_all
 .text          0x0000000000001858       0x92 /usr/local/m68k-elf/lib/libc.a(lib_a-flags.o)
                0x0000000000001858                __sflags
 *fill*         0x00000000000018ea        0x2 
 .text          0x00000000000018ec       0x3e /usr/local/m68k-elf/lib/libc.a(lib_a-fprintf.o)
                0x00000000000018ec                _fprintf_r
                0x000000000000190a                fprintf
 *fill*         0x000000000000192a        0x2 
 .text          0x000000000000192c       0x3e /usr/local/m68k-elf/lib/libc.a(lib_a-fscanf.o)
                0x000000000000192c                fscanf
                0x000000000000194c                _fscanf_r
 *fill*         0x000000000000196a        0x2 
 .text          0x000000000000196c       0xc8 /usr/local/m68k-elf/lib/libc.a(lib_a-fwalk.o)
                0x000000000000196c                _fwalk
                0x00000000000019ce                _fwalk_reent
 .text          0x0000000000001a34       0xd6 /usr/local/m68k-elf/lib/libc.a(lib_a-fwrite.o)
                0x0000000000001a34                _fwrite_r
                0x0000000000001ae8                fwrite
 *fill*         0x0000000000001b0a        0x2 
 .text          0x0000000000001b0c        0x0 /usr/local/m68k-elf/lib/libc.a(lib_a-impure.o)
 .text          0x0000000000001b0c      0x80a /usr/local/m68k-elf/lib/libc.a(lib_a-mallocr.o)
                0x0000000000001b0c                _malloc_r
 *fill*         0x0000000000002316        0x2 
 .text          0x0000000000002318       0x72 /usr/local/m68k-elf/lib/libc.a(lib_a-memset.o)
                0x0000000000002318                memset
 *fill*         0x000000000000238a        0x2 
 .text          0x000000000000238c       0x10 /usr/local/m68k-elf/lib/libc.a(lib_a-mlock.o)
                0x000000000000238c                __malloc_lock
                0x0000000000002394                __malloc_unlock
 .text          0x000000000000239c       0x32 /usr/local/m68k-elf/lib/libc.a(lib_a-sbrkr.o)
                0x000000000000239c                _sbrk_r
 *fill*         0x00000000000023ce        0x2 
 .text          0x00000000000023d0      0x144 /usr/local/m68k-elf/lib/libc.a(lib_a-stdio.o)
                0x00000000000023d0                __sread
                0x0000000000002414                __seofread
                0x000000000000241e                __swrite
                0x00000000000024b0                __sseek
                0x00000000000024fc                __sclose
 .text          0x0000000000002514     0x1e20 /usr/local/m68k-elf/lib/libc.a(lib_a-vfprintf.o)
                0x0000000000002514                _vfprintf_r
                0x0000000000004278                vfprintf
 .text          0x0000000000004334     0x1606 /usr/local/m68k-elf/lib/libc.a(lib_a-vfscanf.o)
                0x0000000000004334                __svfscanf_r
                0x0000000000005860                vfscanf
                0x00000000000058b6                __svfscanf
                0x00000000000058d4                _vfscanf_r
 *fill*         0x000000000000593a        0x2 
 .text          0x000000000000593c       0x3c /usr/local/m68k-elf/lib/libc.a(lib_a-writer.o)
                0x000000000000593c                _write_r
 .text          0x0000000000005978      0x14e /usr/local/m68k-elf/lib/libc.a(lib_a-wsetup.o)
                0x0000000000005978                __swsetup_r
 *fill*         0x0000000000005ac6        0x2 
 .text          0x0000000000005ac8      0x118 /usr/local/m68k-elf/lib/libc.a(lib_a-__call_atexit.o)
                0x0000000000005ac8                __call_exitprocs
 .text          0x0000000000005be0       0x32 /usr/local/m68k-elf/lib/libc.a(lib_a-closer.o)
                0x0000000000005be0                _close_r
 *fill*         0x0000000000005c12        0x2 
 .text          0x0000000000005c14     0x1876 /usr/local/m68k-elf/lib/libc.a(lib_a-dtoa.o)
                0x0000000000005dd0                _dtoa_r
 *fill*         0x000000000000748a        0x2 
 .text          0x000000000000748c       0xf8 /usr/local/m68k-elf/lib/libc.a(lib_a-fclose.o)
                0x000000000000748c                _fclose_r
                0x000000000000756e                fclose
 .text          0x0000000000007584      0x238 /usr/local/m68k-elf/lib/libc.a(lib_a-fflush.o)
                0x0000000000007584                __sflush_r
                0x0000000000007734                _fflush_r
                0x000000000000778a                fflush
 .text          0x00000000000077bc      0x1f8 /usr/local/m68k-elf/lib/libc.a(lib_a-fread.o)
                0x00000000000077bc                _fread_r
                0x0000000000007992                fread
 .text          0x00000000000079b4      0x456 /usr/local/m68k-elf/lib/libc.a(lib_a-freer.o)
                0x00000000000079b4                _malloc_trim_r
                0x0000000000007a9e                _free_r
 *fill*         0x0000000000007e0a        0x2 
 .text          0x0000000000007e0c      0x40e /usr/local/m68k-elf/lib/libc.a(lib_a-fvwrite.o)
                0x0000000000007e0c                __sfvwrite_r
 *fill*         0x000000000000821a        0x2 
 .text          0x000000000000821c       0x36 /usr/local/m68k-elf/lib/libc.a(lib_a-iswspace.o)
                0x000000000000821c                iswspace
 *fill*         0x0000000000008252        0x2 
 .text          0x0000000000008254       0xea /usr/local/m68k-elf/lib/libc.a(lib_a-locale.o)
                0x0000000000008254                _setlocale_r
                0x00000000000082b8                __locale_mb_cur_max
                0x00000000000082ea                __locale_ctype_ptr_l
                0x00000000000082fa                __locale_ctype_ptr
                0x0000000000008324                setlocale
 *fill*         0x000000000000833e        0x2 
 .text          0x0000000000008340       0x66 /usr/local/m68k-elf/lib/libc.a(lib_a-localeconv.o)
                0x0000000000008340                __localeconv_l
                0x0000000000008352                _localeconv_r
                0x000000000000837c                localeconv
 *fill*         0x00000000000083a6        0x2 
 .text          0x00000000000083a8       0x3c /usr/local/m68k-elf/lib/libc.a(lib_a-lseekr.o)
                0x00000000000083a8                _lseek_r
 .text          0x00000000000083e4      0x17e /usr/local/m68k-elf/lib/libc.a(lib_a-makebuf.o)
                0x00000000000083e4                __swhatbuf_r
                0x0000000000008476                __smakebuf_r
 *fill*         0x0000000000008562        0x2 
 .text          0x0000000000008564      0x19c /usr/local/m68k-elf/lib/libc.a(lib_a-mbrtowc.o)
                0x0000000000008564                _mbrtowc_r
                0x0000000000008634                mbrtowc
 .text          0x0000000000008700       0xba /usr/local/m68k-elf/lib/libc.a(lib_a-mbtowc_r.o)
                0x0000000000008700                _mbtowc_r
                0x0000000000008772                __ascii_mbtowc
 *fill*         0x00000000000087ba        0x2 
 .text          0x00000000000087bc       0xbc /usr/local/m68k-elf/lib/libc.a(lib_a-memchr.o)
                0x00000000000087bc                memchr
 .text          0x0000000000008878       0x6e /usr/local/m68k-elf/lib/libc.a(lib_a-memcpy.o)
                0x0000000000008878                memcpy
 *fill*         0x00000000000088e6        0x2 
 .text          0x00000000000088e8       0xec /usr/local/m68k-elf/lib/libc.a(lib_a-memmove.o)
                0x00000000000088e8                memmove
 .text          0x00000000000089d4      0xe72 /usr/local/m68k-elf/lib/libc.a(lib_a-mprec.o)
                0x00000000000089d4                _Balloc
                0x0000000000008a74                _Bfree
                0x0000000000008a9e                __multadd
                0x0000000000008b82                __s2b
                0x0000000000008c42                __hi0bits
                0x0000000000008ca4                __lo0bits
                0x0000000000008d28                __i2b
                0x0000000000008d4a                __multiply
                0x0000000000008fc4                __pow5mult
                0x00000000000090a6                __lshift
                0x0000000000009168                __mcmp
                0x00000000000091b8                __mdiff
                0x00000000000093d0                __ulp
                0x0000000000009432                __b2d
                0x0000000000009550                __d2b
                0x0000000000009668                __ratio
                0x0000000000009700                _mprec_log10
                0x000000000000976a                __copybits
                0x00000000000097c6                __any_on
 *fill*         0x0000000000009846        0x2 
 .text          0x0000000000009848       0x3c /usr/local/m68k-elf/lib/libc.a(lib_a-readr.o)
                0x0000000000009848                _read_r
 .text          0x0000000000009884      0x622 /usr/local/m68k-elf/lib/libc.a(lib_a-reallocr.o)
                0x0000000000009884                _realloc_r
 *fill*         0x0000000000009ea6        0x2 
 .text          0x0000000000009ea8      0x112 /usr/local/m68k-elf/lib/libc.a(lib_a-reent.o)
                0x0000000000009ea8                cleanup_glue
                0x0000000000009ede                _reclaim_reent
 *fill*         0x0000000000009fba        0x2 
 .text          0x0000000000009fbc      0x200 /usr/local/m68k-elf/lib/libc.a(lib_a-refill.o)
                0x0000000000009fe0                __srefill_r
 .text          0x000000000000a1bc       0xc6 /usr/local/m68k-elf/lib/libc.a(lib_a-sccl.o)
                0x000000000000a1bc                __sccl
 *fill*         0x000000000000a282        0x2 
 .text          0x000000000000a284        0xe /usr/local/m68k-elf/lib/libc.a(lib_a-sf_nan.o)
                0x000000000000a284                nanf
 *fill*         0x000000000000a292        0x2 
 .text          0x000000000000a294       0x9a /usr/local/m68k-elf/lib/libc.a(lib_a-sprintf.o)
                0x000000000000a294                _sprintf_r
                0x000000000000a2e0                sprintf
 *fill*         0x000000000000a32e        0x2 
 .text          0x000000000000a330       0x6c /usr/local/m68k-elf/lib/libc.a(lib_a-strcmp.o)
                0x000000000000a330                strcmp
 .text          0x000000000000a39c       0x1a /usr/local/m68k-elf/lib/libc.a(lib_a-strlen.o)
                0x000000000000a39c                strlen
 *fill*         0x000000000000a3b6        0x2 
 .text          0x000000000000a3b8     0x1870 /usr/local/m68k-elf/lib/libc.a(lib_a-strtod.o)
                0x000000000000a3b8                _strtod_l
                0x000000000000b9b8                _strtod_r
                0x000000000000b9fa                strtod_l
                0x000000000000ba18                strtod
                0x000000000000ba56                strtof_l
                0x000000000000bb34                strtof
 .text          0x000000000000bc28      0x374 /usr/local/m68k-elf/lib/libc.a(lib_a-strtol.o)
                0x000000000000beea                _strtol_r
                0x000000000000bf34                strtol_l
                0x000000000000bf56                strtol
 .text          0x000000000000bf9c      0x2f2 /usr/local/m68k-elf/lib/libc.a(lib_a-strtoul.o)
                0x000000000000c1dc                _strtoul_r
                0x000000000000c226                strtoul_l
                0x000000000000c248                strtoul
 *fill*         0x000000000000c28e        0x2 
 .text          0x000000000000c290     0x1dc0 /usr/local/m68k-elf/lib/libc.a(lib_a-svfprintf.o)
                0x000000000000c290                _svfprintf_r
 .text          0x000000000000e050      0x224 /usr/local/m68k-elf/lib/libc.a(lib_a-ungetc.o)
                0x000000000000e050                __submore
                0x000000000000e102                _ungetc_r
                0x000000000000e25a                ungetc
 .text          0x000000000000e274     0x1122 /usr/local/m68k-elf/lib/libc.a(lib_a-vfiprintf.o)
                0x000000000000e324                __sprint_r
                0x000000000000e342                _vfiprintf_r
                0x000000000000f2da                vfiprintf
 *fill*         0x000000000000f396        0x2 
 .text          0x000000000000f398       0x98 /usr/local/m68k-elf/lib/libc.a(lib_a-wctomb_r.o)
                0x000000000000f398                _wctomb_r
                0x000000000000f3f8                __ascii_wctomb
 .text          0x000000000000f430       0xd2 /usr/local/m68k-elf/lib/libc.a(lib_a-callocr.o)
                0x000000000000f430                _calloc_r
 *fill*         0x000000000000f502        0x2 
 .text          0x000000000000f504        0x0 /usr/local/m68k-elf/lib/libc.a(lib_a-ctype_.o)
 .text          0x000000000000f504      0x18c /usr/local/m68k-elf/lib/libc.a(lib_a-fputwc.o)
                0x000000000000f504                __fputwc
                0x000000000000f5f0                _fputwc_r
                0x000000000000f630                fputwc
 .text          0x000000000000f690       0x36 /usr/local/m68k-elf/lib/libc.a(lib_a-fstatr.o)
                0x000000000000f690                _fstat_r
 *fill*         0x000000000000f6c6        0x2 
 .text          0x000000000000f6c8      0x892 /usr/local/m68k-elf/lib/libc.a(lib_a-gdtoa-gethex.o)
                0x000000000000f786                __gethex
 *fill*         0x000000000000ff5a        0x2 
 .text          0x000000000000ff5c      0x220 /usr/local/m68k-elf/lib/libc.a(lib_a-gdtoa-hexnan.o)
                0x000000000000ff5c                __match
                0x000000000000ffac                __hexnan
 .text          0x000000000001017c       0x32 /usr/local/m68k-elf/lib/libc.a(lib_a-isattyr.o)
                0x000000000001017c                _isatty_r
 *fill*         0x00000000000101ae        0x2 
 .text          0x00000000000101b0       0x9e /usr/local/m68k-elf/lib/libc.a(lib_a-strncmp.o)
                0x00000000000101b0                strncmp
 *fill*         0x000000000001024e        0x2 
 .text          0x0000000000010250      0xf4e /usr/local/m68k-elf/lib/libc.a(lib_a-svfiprintf.o)
                0x0000000000010250                __ssprint_r
                0x00000000000103fe                _svfiprintf_r
 *fill*         0x000000000001119e        0x2 
 .text          0x00000000000111a0      0x14c /usr/local/m68k-elf/lib/libc.a(lib_a-wbuf.o)
                0x00000000000111a0                __swbuf_r
                0x00000000000112d2                __swbuf
 .text          0x00000000000112ec      0x174 /usr/local/m68k-elf/lib/libc.a(lib_a-wcrtomb.o)
                0x00000000000112ec                _wcrtomb_r
                0x00000000000113a8                wcrtomb
 .text          0x0000000000011460       0x22 /usr/local/lib/gcc/m68k-elf/5/libgcc.a(_mulsi3.o)
                0x0000000000011460                __mulsi3
 *fill*         0x0000000000011482        0x2 
 .text          0x0000000000011484       0x5c /usr/local/lib/gcc/m68k-elf/5/libgcc.a(_udivsi3.o)
                0x0000000000011484                __udivsi3
 .text          0x00000000000114e0       0x2e /usr/local/lib/gcc/m68k-elf/5/libgcc.a(_divsi3.o)
                0x00000000000114e0                __divsi3
 *fill*         0x000000000001150e        0x2 
 .text          0x0000000000011510       0x2e /usr/local/lib/gcc/m68k-elf/5/libgcc.a(_umodsi3.o)
                0x0000000000011510                __umodsi3
 *fill*         0x000000000001153e        0x2 
 .text          0x0000000000011540       0x2e /usr/local/lib/gcc/m68k-elf/5/libgcc.a(_modsi3.o)
                0x0000000000011540                __modsi3
 *fill*         0x000000000001156e        0x2 
 .text          0x0000000000011570      0x9cc /usr/local/lib/gcc/m68k-elf/5/libgcc.a(_double.o)
                0x00000000000115ca                __subdf3
                0x00000000000115d0                __adddf3
                0x0000000000011966                __muldf3
                0x0000000000011b14                __divdf3
                0x0000000000011d88                __negdf2
                0x0000000000011de6                __cmpdf2_internal
                0x0000000000011eb6                __cmpdf2
 .text          0x0000000000011f3c       0x6a /usr/local/lib/gcc/m68k-elf/5/libgcc.a(_floatex.o)
                0x0000000000011f3c                __clear_sticky_bit
                0x0000000000011f4a                $_exception_handler
 *fill*         0x0000000000011fa6        0x2 
 .text          0x0000000000011fa8       0x22 /usr/local/lib/gcc/m68k-elf/5/libgcc.a(_eqdf2.o)
                0x0000000000011fa8                __eqdf2
 *fill*         0x0000000000011fca        0x2 
 .text          0x0000000000011fcc       0x22 /usr/local/lib/gcc/m68k-elf/5/libgcc.a(_nedf2.o)
                0x0000000000011fcc                __nedf2
 *fill*         0x0000000000011fee        0x2 
 .text          0x0000000000011ff0       0x22 /usr/local/lib/gcc/m68k-elf/5/libgcc.a(_gtdf2.o)
                0x0000000000011ff0                __gtdf2
 *fill*         0x0000000000012012        0x2 
 .text          0x0000000000012014       0x22 /usr/local/lib/gcc/m68k-elf/5/libgcc.a(_gedf2.o)
                0x0000000000012014                __gedf2
 *fill*         0x0000000000012036        0x2 
 .text          0x0000000000012038       0x22 /usr/local/lib/gcc/m68k-elf/5/libgcc.a(_ltdf2.o)
                0x0000000000012038                __ltdf2
 *fill*         0x000000000001205a        0x2 
 .text          0x000000000001205c       0x22 /usr/local/lib/gcc/m68k-elf/5/libgcc.a(_ledf2.o)
                0x000000000001205c                __ledf2
 *fill*         0x000000000001207e        0x2 
 .text          0x0000000000012080       0x1a /usr/local/lib/gcc/m68k-elf/5/libgcc.a(_lesf2.o)
                0x0000000000012080                __lesf2
 *fill*         0x000000000001209a        0x2 
 .text          0x000000000001209c       0x76 /usr/local/lib/gcc/m68k-elf/5/libgcc.a(_fixunsdfsi.o)
                0x000000000001209c                __fixunsdfsi
 *fill*         0x0000000000012112        0x2 
 .text          0x0000000000012114      0x4aa /usr/local/lib/gcc/m68k-elf/5/libgcc.a(fpgnulib.o)
                0x0000000000012114                __unordsf2
                0x0000000000012174                __unorddf2
                0x00000000000121e6                __floatunsidf
                0x0000000000012252                __floatsidf
                0x000000000001231c                __floatunsisf
                0x0000000000012336                __floatsisf
                0x0000000000012350                __extendsfdf2
                0x00000000000123cc                __truncdfsf2
                0x0000000000012516                __fixdfsi
                0x00000000000125a4                __fixsfsi
 *fill*         0x00000000000125be        0x2 
 .text          0x00000000000125c0      0x800 /usr/local/lib/gcc/m68k-elf/5/libgcc.a(xfgnulib.o)
                0x00000000000125c0                __unordxf2
                0x0000000000012644                __extenddfxf2
                0x000000000001275e                __truncxfdf2
                0x0000000000012824                __extendsfxf2
                0x0000000000012868                __truncxfsf2
                0x0000000000012890                __floatsixf
                0x00000000000128d6                __floatunsixf
                0x000000000001291c                __fixxfsi
                0x0000000000012944                __addxf3
                0x00000000000129ba                __subxf3
                0x0000000000012a30                __mulxf3
                0x0000000000012aa6                __divxf3
                0x0000000000012b1c                __negxf2
                0x0000000000012b74                __cmpxf2
                0x0000000000012bc8                __eqxf2
                0x0000000000012c1c                __nexf2
                0x0000000000012c70                __ltxf2
                0x0000000000012cc4                __lexf2
                0x0000000000012d18                __gtxf2
                0x0000000000012d6c                __gexf2
 .text          0x0000000000012dc0      0x72c /usr/local/lib/gcc/m68k-elf/5/libgcc.a(_float.o)
                0x0000000000012e08                __subsf3
                0x0000000000012e0e                __addsf3
                0x000000000001309e                __mulsf3
                0x00000000000131ca                __divsf3
                0x0000000000013390                __negsf2
                0x00000000000133e2                __cmpsf2_internal
                0x000000000001347e                __cmpsf2
 .text          0x00000000000134ec        0xa /usr/local/m68k-elf/lib/libidp.a(close.o)
                0x00000000000134ec                close
 *fill*         0x00000000000134f6        0x2 
 .text          0x00000000000134f8       0x1a /usr/local/m68k-elf/lib/libidp.a(fstat.o)
                0x00000000000134f8                fstat
 *fill*         0x0000000000013512        0x2 
 .text          0x0000000000013514        0xa /usr/local/m68k-elf/lib/libidp.a(isatty.o)
                0x0000000000013514                isatty
 *fill*         0x000000000001351e        0x2 
 .text          0x0000000000013520       0x16 /usr/local/m68k-elf/lib/libidp.a(lseek.o)
                0x0000000000013520                lseek
 *fill*         0x0000000000013536        0x2 
 .text          0x0000000000013538       0x32 /usr/local/m68k-elf/lib/libidp.a(sbrk.o)
                0x0000000000013538                sbrk
 *fill*         0x000000000001356a        0x2 
 .text          0x000000000001356c       0x2a /usr/local/m68k-elf/lib/libidp.a(mc68ec.o)
                0x000000000001356c                _exit
                0x0000000000013576                delay
 *fill*         0x0000000000013596        0x2 
 .text          0x0000000000013598        0xe /usr/local/m68k-elf/lib/libc.a(lib_a-errno.o)
                0x0000000000013598                __errno
                0x00000000000135a8                . = ALIGN (0x4)
 *fill*         0x00000000000135a6        0x2 
                0x00000000000135a8                __CTOR_LIST__ = .
                0x00000000000135a8                ___CTOR_LIST__ = .
                0x00000000000135a8        0x4 LONG 0x0 (((__CTOR_END__ - __CTOR_LIST__) / 0x4) - 0x2)
 *(.ctors)
                0x00000000000135ac        0x4 LONG 0x0
                0x00000000000135b0                __CTOR_END__ = .
                0x00000000000135b0                __DTOR_LIST__ = .
                0x00000000000135b0                ___DTOR_LIST__ = .
                0x00000000000135b0        0x4 LONG 0x0 (((__DTOR_END__ - __DTOR_LIST__) / 0x4) - 0x2)
 *(.dtors)
                0x00000000000135b4        0x4 LONG 0x0
                0x00000000000135b8                __DTOR_END__ = .
 *(.rodata)
 .rodata        0x00000000000135b8        0x4 /usr/local/m68k-elf/lib/libc.a(lib_a-impure.o)
                0x00000000000135b8                _global_impure_ptr
 .rodata        0x00000000000135bc       0x20 /usr/local/m68k-elf/lib/libc.a(lib_a-vfprintf.o)
 .rodata        0x00000000000135dc       0x22 /usr/local/m68k-elf/lib/libc.a(lib_a-vfscanf.o)
 .rodata        0x00000000000135fe      0x124 /usr/local/m68k-elf/lib/libc.a(lib_a-mprec.o)
                0x000000000001360a                __mprec_tinytens
                0x0000000000013632                __mprec_bigtens
                0x000000000001365a                __mprec_tens
 .rodata        0x0000000000013722       0x50 /usr/local/m68k-elf/lib/libc.a(lib_a-strtod.o)
 .rodata        0x0000000000013772       0x20 /usr/local/m68k-elf/lib/libc.a(lib_a-svfprintf.o)
 .rodata        0x0000000000013792       0x20 /usr/local/m68k-elf/lib/libc.a(lib_a-vfiprintf.o)
 .rodata        0x00000000000137b2      0x101 /usr/local/m68k-elf/lib/libc.a(lib_a-ctype_.o)
                0x00000000000137b2                _ctype_
 .rodata        0x00000000000138b3      0x100 /usr/local/m68k-elf/lib/libc.a(lib_a-gdtoa-gethex.o)
                0x00000000000138b3                __hexdig
 .rodata        0x00000000000139b3       0x20 /usr/local/m68k-elf/lib/libc.a(lib_a-svfiprintf.o)
 *(.gcc_except_table)
                0x00000000000139d3                __INIT_SECTION__ = .
                0x00000000000139d3        0x4 LONG 0x4e560000
 *(.init)
                0x00000000000139d7        0x2 SHORT 0x4e5e
                0x00000000000139d9        0x2 SHORT 0x4e75
                0x00000000000139db                __FINI_SECTION__ = .
                0x00000000000139db        0x4 LONG 0x4e560000
 *(.fini)
                0x00000000000139df        0x2 SHORT 0x4e5e
                0x00000000000139e1        0x2 SHORT 0x4e75
                0x00000000000139e3                _etext = .
 *(.lit)

.text.startup   0x00000000000139e4       0x32
 .text.startup  0x00000000000139e4       0x32 test3.o
                0x00000000000139e4                main

.text.unlikely  0x0000000000013a16       0x6c
 .text.unlikely
                0x0000000000013a16       0x6c /usr/local/m68k-elf/lib/libc.a(lib_a-strtod.o)

.rodata.str1.1  0x0000000000013a82      0x1c5
 .rodata.str1.1
                0x0000000000013a82       0xd1 test3.o
 .rodata.str1.1
                0x0000000000013b53       0x3b /usr/local/m68k-elf/lib/libc.a(lib_a-vfprintf.o)
 .rodata.str1.1
                0x0000000000013b8e        0x5 /usr/local/m68k-elf/lib/libc.a(lib_a-vfscanf.o)
 .rodata.str1.1
                0x0000000000013b93        0xf /usr/local/m68k-elf/lib/libc.a(lib_a-dtoa.o)
 .rodata.str1.1
                0x0000000000013ba2        0xb /usr/local/m68k-elf/lib/libc.a(lib_a-locale.o)
 .rodata.str1.1
                0x0000000000013bad        0x1 /usr/local/m68k-elf/lib/libc.a(lib_a-mbrtowc.o)
 .rodata.str1.1
                0x0000000000013bae        0xc /usr/local/m68k-elf/lib/libc.a(lib_a-strtod.o)
 .rodata.str1.1
                0x0000000000013bba       0x3b /usr/local/m68k-elf/lib/libc.a(lib_a-svfprintf.o)
 .rodata.str1.1
                0x0000000000013bf5       0x29 /usr/local/m68k-elf/lib/libc.a(lib_a-vfiprintf.o)
 .rodata.str1.1
                0x0000000000013c1e       0x29 /usr/local/m68k-elf/lib/libc.a(lib_a-svfiprintf.o)

.data           0x0000000000013c48      0xe1c
 *(.shdata)
 *(.data)
 .data          0x0000000000013c48        0x4 crt0.o
 .data          0x0000000000013c4c      0x45a mon.o
 *fill*         0x00000000000140a6        0x2 
 .data          0x00000000000140a8        0x0 csys68k.o
 .data          0x00000000000140a8        0x0 inchrw.o
 .data          0x00000000000140a8        0x0 mtk_asm.o
 .data          0x00000000000140a8        0x0 mtk_c.o
 .data          0x00000000000140a8        0x0 outchr.o
 .data          0x00000000000140a8        0x0 test3.o
 .data          0x00000000000140a8        0x0 /usr/local/m68k-elf/lib/libc.a(lib_a-exit.o)
 .data          0x00000000000140a8        0x0 /usr/local/m68k-elf/lib/libc.a(lib_a-fdopen.o)
 .data          0x00000000000140a8        0x0 /usr/local/m68k-elf/lib/libc.a(lib_a-findfp.o)
 .data          0x00000000000140a8        0x0 /usr/local/m68k-elf/lib/libc.a(lib_a-flags.o)
 .data          0x00000000000140a8        0x0 /usr/local/m68k-elf/lib/libc.a(lib_a-fprintf.o)
 .data          0x00000000000140a8        0x0 /usr/local/m68k-elf/lib/libc.a(lib_a-fscanf.o)
 .data          0x00000000000140a8        0x0 /usr/local/m68k-elf/lib/libc.a(lib_a-fwalk.o)
 .data          0x00000000000140a8        0x0 /usr/local/m68k-elf/lib/libc.a(lib_a-fwrite.o)
 .data          0x00000000000140a8      0x426 /usr/local/m68k-elf/lib/libc.a(lib_a-impure.o)
                0x00000000000140a8                _impure_ptr
 *fill*         0x00000000000144ce        0x2 
 .data          0x00000000000144d0      0x410 /usr/local/m68k-elf/lib/libc.a(lib_a-mallocr.o)
                0x00000000000144d0                __malloc_sbrk_base
                0x00000000000144d4                __malloc_trim_threshold
                0x00000000000144d8                __malloc_av_
 .data          0x00000000000148e0        0x0 /usr/local/m68k-elf/lib/libc.a(lib_a-memset.o)
 .data          0x00000000000148e0        0x0 /usr/local/m68k-elf/lib/libc.a(lib_a-mlock.o)
 .data          0x00000000000148e0        0x0 /usr/local/m68k-elf/lib/libc.a(lib_a-sbrkr.o)
 .data          0x00000000000148e0        0x0 /usr/local/m68k-elf/lib/libc.a(lib_a-stdio.o)
 .data          0x00000000000148e0        0x0 /usr/local/m68k-elf/lib/libc.a(lib_a-vfprintf.o)
 .data          0x00000000000148e0        0x0 /usr/local/m68k-elf/lib/libc.a(lib_a-vfscanf.o)
 .data          0x00000000000148e0        0x0 /usr/local/m68k-elf/lib/libc.a(lib_a-writer.o)
 .data          0x00000000000148e0        0x0 /usr/local/m68k-elf/lib/libc.a(lib_a-wsetup.o)
 .data          0x00000000000148e0        0x0 /usr/local/m68k-elf/lib/libc.a(lib_a-__call_atexit.o)
 .data          0x00000000000148e0        0x0 /usr/local/m68k-elf/lib/libc.a(lib_a-closer.o)
 .data          0x00000000000148e0        0x0 /usr/local/m68k-elf/lib/libc.a(lib_a-dtoa.o)
 .data          0x00000000000148e0        0x0 /usr/local/m68k-elf/lib/libc.a(lib_a-fclose.o)
 .data          0x00000000000148e0        0x0 /usr/local/m68k-elf/lib/libc.a(lib_a-fflush.o)
 .data          0x00000000000148e0        0x0 /usr/local/m68k-elf/lib/libc.a(lib_a-fread.o)
 .data          0x00000000000148e0        0x0 /usr/local/m68k-elf/lib/libc.a(lib_a-freer.o)
 .data          0x00000000000148e0        0x0 /usr/local/m68k-elf/lib/libc.a(lib_a-fvwrite.o)
 .data          0x00000000000148e0        0x0 /usr/local/m68k-elf/lib/libc.a(lib_a-iswspace.o)
 .data          0x00000000000148e0      0x168 /usr/local/m68k-elf/lib/libc.a(lib_a-locale.o)
                0x00000000000148e0                __global_locale
 .data          0x0000000000014a48        0x0 /usr/local/m68k-elf/lib/libc.a(lib_a-localeconv.o)
 .data          0x0000000000014a48        0x0 /usr/local/m68k-elf/lib/libc.a(lib_a-lseekr.o)
 .data          0x0000000000014a48        0x0 /usr/local/m68k-elf/lib/libc.a(lib_a-makebuf.o)
 .data          0x0000000000014a48        0x0 /usr/local/m68k-elf/lib/libc.a(lib_a-mbrtowc.o)
 .data          0x0000000000014a48        0x0 /usr/local/m68k-elf/lib/libc.a(lib_a-mbtowc_r.o)
 .data          0x0000000000014a48        0x0 /usr/local/m68k-elf/lib/libc.a(lib_a-memchr.o)
 .data          0x0000000000014a48        0x0 /usr/local/m68k-elf/lib/libc.a(lib_a-memcpy.o)
 .data          0x0000000000014a48        0x0 /usr/local/m68k-elf/lib/libc.a(lib_a-memmove.o)
 .data          0x0000000000014a48        0x0 /usr/local/m68k-elf/lib/libc.a(lib_a-mprec.o)
 .data          0x0000000000014a48        0x0 /usr/local/m68k-elf/lib/libc.a(lib_a-readr.o)
 .data          0x0000000000014a48        0x0 /usr/local/m68k-elf/lib/libc.a(lib_a-reallocr.o)
 .data          0x0000000000014a48        0x0 /usr/local/m68k-elf/lib/libc.a(lib_a-reent.o)
 .data          0x0000000000014a48        0x0 /usr/local/m68k-elf/lib/libc.a(lib_a-refill.o)
 .data          0x0000000000014a48        0x0 /usr/local/m68k-elf/lib/libc.a(lib_a-sccl.o)
 .data          0x0000000000014a48        0x0 /usr/local/m68k-elf/lib/libc.a(lib_a-sf_nan.o)
 .data          0x0000000000014a48        0x0 /usr/local/m68k-elf/lib/libc.a(lib_a-sprintf.o)
 .data          0x0000000000014a48        0x0 /usr/local/m68k-elf/lib/libc.a(lib_a-strcmp.o)
 .data          0x0000000000014a48        0x0 /usr/local/m68k-elf/lib/libc.a(lib_a-strlen.o)
 .data          0x0000000000014a48        0x0 /usr/local/m68k-elf/lib/libc.a(lib_a-strtod.o)
 .data          0x0000000000014a48        0x0 /usr/local/m68k-elf/lib/libc.a(lib_a-strtol.o)
 .data          0x0000000000014a48        0x0 /usr/local/m68k-elf/lib/libc.a(lib_a-strtoul.o)
 .data          0x0000000000014a48        0x0 /usr/local/m68k-elf/lib/libc.a(lib_a-svfprintf.o)
 .data          0x0000000000014a48        0x0 /usr/local/m68k-elf/lib/libc.a(lib_a-ungetc.o)
 .data          0x0000000000014a48        0x0 /usr/local/m68k-elf/lib/libc.a(lib_a-vfiprintf.o)
 .data          0x0000000000014a48        0x0 /usr/local/m68k-elf/lib/libc.a(lib_a-wctomb_r.o)
 .data          0x0000000000014a48        0x0 /usr/local/m68k-elf/lib/libc.a(lib_a-callocr.o)
 .data          0x0000000000014a48        0x0 /usr/local/m68k-elf/lib/libc.a(lib_a-ctype_.o)
 .data          0x0000000000014a48        0x0 /usr/local/m68k-elf/lib/libc.a(lib_a-fputwc.o)
 .data          0x0000000000014a48        0x0 /usr/local/m68k-elf/lib/libc.a(lib_a-fstatr.o)
 .data          0x0000000000014a48        0x0 /usr/local/m68k-elf/lib/libc.a(lib_a-gdtoa-gethex.o)
 .data          0x0000000000014a48        0x0 /usr/local/m68k-elf/lib/libc.a(lib_a-gdtoa-hexnan.o)
 .data          0x0000000000014a48        0x0 /usr/local/m68k-elf/lib/libc.a(lib_a-isattyr.o)
 .data          0x0000000000014a48        0x0 /usr/local/m68k-elf/lib/libc.a(lib_a-strncmp.o)
 .data          0x0000000000014a48        0x0 /usr/local/m68k-elf/lib/libc.a(lib_a-svfiprintf.o)
 .data          0x0000000000014a48        0x0 /usr/local/m68k-elf/lib/libc.a(lib_a-wbuf.o)
 .data          0x0000000000014a48        0x0 /usr/local/m68k-elf/lib/libc.a(lib_a-wcrtomb.o)
 .data          0x0000000000014a48        0x0 /usr/local/lib/gcc/m68k-elf/5/libgcc.a(_mulsi3.o)
 .data          0x0000000000014a48        0x0 /usr/local/lib/gcc/m68k-elf/5/libgcc.a(_udivsi3.o)
 .data          0x0000000000014a48        0x0 /usr/local/lib/gcc/m68k-elf/5/libgcc.a(_divsi3.o)
 .data          0x0000000000014a48        0x0 /usr/local/lib/gcc/m68k-elf/5/libgcc.a(_umodsi3.o)
 .data          0x0000000000014a48        0x0 /usr/local/lib/gcc/m68k-elf/5/libgcc.a(_modsi3.o)
 .data          0x0000000000014a48        0x0 /usr/local/lib/gcc/m68k-elf/5/libgcc.a(_double.o)
 .data          0x0000000000014a48       0x1c /usr/local/lib/gcc/m68k-elf/5/libgcc.a(_floatex.o)
                0x0000000000014a48                _fpCCR
 .data          0x0000000000014a64        0x0 /usr/local/lib/gcc/m68k-elf/5/libgcc.a(_eqdf2.o)
 .data          0x0000000000014a64        0x0 /usr/local/lib/gcc/m68k-elf/5/libgcc.a(_nedf2.o)
 .data          0x0000000000014a64        0x0 /usr/local/lib/gcc/m68k-elf/5/libgcc.a(_gtdf2.o)
 .data          0x0000000000014a64        0x0 /usr/local/lib/gcc/m68k-elf/5/libgcc.a(_gedf2.o)
 .data          0x0000000000014a64        0x0 /usr/local/lib/gcc/m68k-elf/5/libgcc.a(_ltdf2.o)
 .data          0x0000000000014a64        0x0 /usr/local/lib/gcc/m68k-elf/5/libgcc.a(_ledf2.o)
 .data          0x0000000000014a64        0x0 /usr/local/lib/gcc/m68k-elf/5/libgcc.a(_lesf2.o)
 .data          0x0000000000014a64        0x0 /usr/local/lib/gcc/m68k-elf/5/libgcc.a(_fixunsdfsi.o)
 .data          0x0000000000014a64        0x0 /usr/local/lib/gcc/m68k-elf/5/libgcc.a(fpgnulib.o)
 .data          0x0000000000014a64        0x0 /usr/local/lib/gcc/m68k-elf/5/libgcc.a(xfgnulib.o)
 .data          0x0000000000014a64        0x0 /usr/local/lib/gcc/m68k-elf/5/libgcc.a(_float.o)
 .data          0x0000000000014a64        0x0 /usr/local/m68k-elf/lib/libidp.a(close.o)
 .data          0x0000000000014a64        0x0 /usr/local/m68k-elf/lib/libidp.a(fstat.o)
 .data          0x0000000000014a64        0x0 /usr/local/m68k-elf/lib/libidp.a(isatty.o)
 .data          0x0000000000014a64        0x0 /usr/local/m68k-elf/lib/libidp.a(lseek.o)
 .data          0x0000000000014a64        0x0 /usr/local/m68k-elf/lib/libidp.a(sbrk.o)
 .data          0x0000000000014a64        0x0 /usr/local/m68k-elf/lib/libidp.a(mc68ec.o)
 .data          0x0000000000014a64        0x0 /usr/local/m68k-elf/lib/libc.a(lib_a-errno.o)
                0x0000000000014a64                _edata = .

.bss            0x0000000000014a64     0xba20
                0x0000000000014a64                . = ALIGN (0x4)
                0x0000000000014a64                __bss_start = .
 *(.shbss)
 *(.bss)
 .bss           0x0000000000014a64        0x0 crt0.o
 .bss           0x0000000000014a64     0x8104 mon.o
 .bss           0x000000000001cb68        0x0 csys68k.o
 .bss           0x000000000001cb68        0x1 inchrw.o
 *fill*         0x000000000001cb69        0x3 
 .bss           0x000000000001cb6c        0x0 mtk_asm.o
 .bss           0x000000000001cb6c        0x0 mtk_c.o
 .bss           0x000000000001cb6c        0x0 outchr.o
 .bss           0x000000000001cb6c        0x0 test3.o
 .bss           0x000000000001cb6c        0x0 /usr/local/m68k-elf/lib/libc.a(lib_a-exit.o)
 .bss           0x000000000001cb6c        0x0 /usr/local/m68k-elf/lib/libc.a(lib_a-fdopen.o)
 .bss           0x000000000001cb6c        0x0 /usr/local/m68k-elf/lib/libc.a(lib_a-findfp.o)
 .bss           0x000000000001cb6c        0x0 /usr/local/m68k-elf/lib/libc.a(lib_a-flags.o)
 .bss           0x000000000001cb6c        0x0 /usr/local/m68k-elf/lib/libc.a(lib_a-fprintf.o)
 .bss           0x000000000001cb6c        0x0 /usr/local/m68k-elf/lib/libc.a(lib_a-fscanf.o)
 .bss           0x000000000001cb6c        0x0 /usr/local/m68k-elf/lib/libc.a(lib_a-fwalk.o)
 .bss           0x000000000001cb6c        0x0 /usr/local/m68k-elf/lib/libc.a(lib_a-fwrite.o)
 .bss           0x000000000001cb6c        0x0 /usr/local/m68k-elf/lib/libc.a(lib_a-impure.o)
 .bss           0x000000000001cb6c       0x34 /usr/local/m68k-elf/lib/libc.a(lib_a-mallocr.o)
                0x000000000001cb6c                __malloc_current_mallinfo
                0x000000000001cb94                __malloc_max_total_mem
                0x000000000001cb98                __malloc_max_sbrked_mem
                0x000000000001cb9c                __malloc_top_pad
 .bss           0x000000000001cba0        0x0 /usr/local/m68k-elf/lib/libc.a(lib_a-memset.o)
 .bss           0x000000000001cba0        0x0 /usr/local/m68k-elf/lib/libc.a(lib_a-mlock.o)
 .bss           0x000000000001cba0        0x0 /usr/local/m68k-elf/lib/libc.a(lib_a-sbrkr.o)
 .bss           0x000000000001cba0        0x0 /usr/local/m68k-elf/lib/libc.a(lib_a-stdio.o)
 .bss           0x000000000001cba0        0x0 /usr/local/m68k-elf/lib/libc.a(lib_a-vfprintf.o)
 .bss           0x000000000001cba0        0x0 /usr/local/m68k-elf/lib/libc.a(lib_a-vfscanf.o)
 .bss           0x000000000001cba0        0x0 /usr/local/m68k-elf/lib/libc.a(lib_a-writer.o)
 .bss           0x000000000001cba0        0x0 /usr/local/m68k-elf/lib/libc.a(lib_a-wsetup.o)
 .bss           0x000000000001cba0        0x0 /usr/local/m68k-elf/lib/libc.a(lib_a-__call_atexit.o)
 .bss           0x000000000001cba0        0x0 /usr/local/m68k-elf/lib/libc.a(lib_a-closer.o)
 .bss           0x000000000001cba0        0x0 /usr/local/m68k-elf/lib/libc.a(lib_a-dtoa.o)
 .bss           0x000000000001cba0        0x0 /usr/local/m68k-elf/lib/libc.a(lib_a-fclose.o)
 .bss           0x000000000001cba0        0x0 /usr/local/m68k-elf/lib/libc.a(lib_a-fflush.o)
 .bss           0x000000000001cba0        0x0 /usr/local/m68k-elf/lib/libc.a(lib_a-fread.o)
 .bss           0x000000000001cba0        0x0 /usr/local/m68k-elf/lib/libc.a(lib_a-freer.o)
 .bss           0x000000000001cba0        0x0 /usr/local/m68k-elf/lib/libc.a(lib_a-fvwrite.o)
 .bss           0x000000000001cba0        0x0 /usr/local/m68k-elf/lib/libc.a(lib_a-iswspace.o)
 .bss           0x000000000001cba0        0x4 /usr/local/m68k-elf/lib/libc.a(lib_a-locale.o)
                0x000000000001cba0                _PathLocale
 .bss           0x000000000001cba4        0x0 /usr/local/m68k-elf/lib/libc.a(lib_a-localeconv.o)
 .bss           0x000000000001cba4        0x0 /usr/local/m68k-elf/lib/libc.a(lib_a-lseekr.o)
 .bss           0x000000000001cba4        0x0 /usr/local/m68k-elf/lib/libc.a(lib_a-makebuf.o)
 .bss           0x000000000001cba4        0x0 /usr/local/m68k-elf/lib/libc.a(lib_a-mbrtowc.o)
 .bss           0x000000000001cba4        0x0 /usr/local/m68k-elf/lib/libc.a(lib_a-mbtowc_r.o)
 .bss           0x000000000001cba4        0x0 /usr/local/m68k-elf/lib/libc.a(lib_a-memchr.o)
 .bss           0x000000000001cba4        0x0 /usr/local/m68k-elf/lib/libc.a(lib_a-memcpy.o)
 .bss           0x000000000001cba4        0x0 /usr/local/m68k-elf/lib/libc.a(lib_a-memmove.o)
 .bss           0x000000000001cba4        0x0 /usr/local/m68k-elf/lib/libc.a(lib_a-mprec.o)
 .bss           0x000000000001cba4        0x0 /usr/local/m68k-elf/lib/libc.a(lib_a-readr.o)
 .bss           0x000000000001cba4        0x0 /usr/local/m68k-elf/lib/libc.a(lib_a-reallocr.o)
 .bss           0x000000000001cba4        0x0 /usr/local/m68k-elf/lib/libc.a(lib_a-reent.o)
 .bss           0x000000000001cba4        0x0 /usr/local/m68k-elf/lib/libc.a(lib_a-refill.o)
 .bss           0x000000000001cba4        0x0 /usr/local/m68k-elf/lib/libc.a(lib_a-sccl.o)
 .bss           0x000000000001cba4        0x0 /usr/local/m68k-elf/lib/libc.a(lib_a-sf_nan.o)
 .bss           0x000000000001cba4        0x0 /usr/local/m68k-elf/lib/libc.a(lib_a-sprintf.o)
 .bss           0x000000000001cba4        0x0 /usr/local/m68k-elf/lib/libc.a(lib_a-strcmp.o)
 .bss           0x000000000001cba4        0x0 /usr/local/m68k-elf/lib/libc.a(lib_a-strlen.o)
 .bss           0x000000000001cba4        0x0 /usr/local/m68k-elf/lib/libc.a(lib_a-strtod.o)
 .bss           0x000000000001cba4        0x0 /usr/local/m68k-elf/lib/libc.a(lib_a-strtol.o)
 .bss           0x000000000001cba4        0x0 /usr/local/m68k-elf/lib/libc.a(lib_a-strtoul.o)
 .bss           0x000000000001cba4        0x0 /usr/local/m68k-elf/lib/libc.a(lib_a-svfprintf.o)
 .bss           0x000000000001cba4        0x0 /usr/local/m68k-elf/lib/libc.a(lib_a-ungetc.o)
 .bss           0x000000000001cba4        0x0 /usr/local/m68k-elf/lib/libc.a(lib_a-vfiprintf.o)
 .bss           0x000000000001cba4        0x0 /usr/local/m68k-elf/lib/libc.a(lib_a-wctomb_r.o)
 .bss           0x000000000001cba4        0x0 /usr/local/m68k-elf/lib/libc.a(lib_a-callocr.o)
 .bss           0x000000000001cba4        0x0 /usr/local/m68k-elf/lib/libc.a(lib_a-ctype_.o)
 .bss           0x000000000001cba4        0x0 /usr/local/m68k-elf/lib/libc.a(lib_a-fputwc.o)
 .bss           0x000000000001cba4        0x0 /usr/local/m68k-elf/lib/libc.a(lib_a-fstatr.o)
 .bss           0x000000000001cba4        0x0 /usr/local/m68k-elf/lib/libc.a(lib_a-gdtoa-gethex.o)
 .bss           0x000000000001cba4        0x0 /usr/local/m68k-elf/lib/libc.a(lib_a-gdtoa-hexnan.o)
 .bss           0x000000000001cba4        0x0 /usr/local/m68k-elf/lib/libc.a(lib_a-isattyr.o)
 .bss           0x000000000001cba4        0x0 /usr/local/m68k-elf/lib/libc.a(lib_a-strncmp.o)
 .bss           0x000000000001cba4        0x0 /usr/local/m68k-elf/lib/libc.a(lib_a-svfiprintf.o)
 .bss           0x000000000001cba4        0x0 /usr/local/m68k-elf/lib/libc.a(lib_a-wbuf.o)
 .bss           0x000000000001cba4        0x0 /usr/local/m68k-elf/lib/libc.a(lib_a-wcrtomb.o)
 .bss           0x000000000001cba4        0x0 /usr/local/lib/gcc/m68k-elf/5/libgcc.a(_mulsi3.o)
 .bss           0x000000000001cba4        0x0 /usr/local/lib/gcc/m68k-elf/5/libgcc.a(_udivsi3.o)
 .bss           0x000000000001cba4        0x0 /usr/local/lib/gcc/m68k-elf/5/libgcc.a(_divsi3.o)
 .bss           0x000000000001cba4        0x0 /usr/local/lib/gcc/m68k-elf/5/libgcc.a(_umodsi3.o)
 .bss           0x000000000001cba4        0x0 /usr/local/lib/gcc/m68k-elf/5/libgcc.a(_modsi3.o)
 .bss           0x000000000001cba4        0x0 /usr/local/lib/gcc/m68k-elf/5/libgcc.a(_double.o)
 .bss           0x000000000001cba4        0x0 /usr/local/lib/gcc/m68k-elf/5/libgcc.a(_floatex.o)
 .bss           0x000000000001cba4        0x0 /usr/local/lib/gcc/m68k-elf/5/libgcc.a(_eqdf2.o)
 .bss           0x000000000001cba4        0x0 /usr/local/lib/gcc/m68k-elf/5/libgcc.a(_nedf2.o)
 .bss           0x000000000001cba4        0x0 /usr/local/lib/gcc/m68k-elf/5/libgcc.a(_gtdf2.o)
 .bss           0x000000000001cba4        0x0 /usr/local/lib/gcc/m68k-elf/5/libgcc.a(_gedf2.o)
 .bss           0x000000000001cba4        0x0 /usr/local/lib/gcc/m68k-elf/5/libgcc.a(_ltdf2.o)
 .bss           0x000000000001cba4        0x0 /usr/local/lib/gcc/m68k-elf/5/libgcc.a(_ledf2.o)
 .bss           0x000000000001cba4        0x0 /usr/local/lib/gcc/m68k-elf/5/libgcc.a(_lesf2.o)
 .bss           0x000000000001cba4        0x0 /usr/local/lib/gcc/m68k-elf/5/libgcc.a(_fixunsdfsi.o)
 .bss           0x000000000001cba4        0x0 /usr/local/lib/gcc/m68k-elf/5/libgcc.a(fpgnulib.o)
 .bss           0x000000000001cba4        0x0 /usr/local/lib/gcc/m68k-elf/5/libgcc.a(xfgnulib.o)
 .bss           0x000000000001cba4        0x0 /usr/local/lib/gcc/m68k-elf/5/libgcc.a(_float.o)
 .bss           0x000000000001cba4        0x0 /usr/local/m68k-elf/lib/libidp.a(close.o)
 .bss           0x000000000001cba4        0x0 /usr/local/m68k-elf/lib/libidp.a(fstat.o)
 .bss           0x000000000001cba4        0x0 /usr/local/m68k-elf/lib/libidp.a(isatty.o)
 .bss           0x000000000001cba4        0x0 /usr/local/m68k-elf/lib/libidp.a(lseek.o)
 .bss           0x000000000001cba4        0x0 /usr/local/m68k-elf/lib/libidp.a(sbrk.o)
 .bss           0x000000000001cba4        0x0 /usr/local/m68k-elf/lib/libidp.a(mc68ec.o)
 .bss           0x000000000001cba4        0x0 /usr/local/m68k-elf/lib/libc.a(lib_a-errno.o)
 *(COMMON)
 COMMON         0x000000000001cba4     0x38c8 mtk_c.o
                0x000000000001cba4                next_task
                0x000000000001cba8                semaphore
                0x000000000001cbc0                curr_task
                0x000000000001cbc4                task_tab
                0x000000000001cc64                stacks
                0x0000000000020464                new_task
                0x0000000000020468                ready
 COMMON         0x000000000002046c       0x10 test3.o
                0x000000000002046c                com0in
                0x0000000000020470                com0out
                0x0000000000020474                com1in
                0x0000000000020478                com1out
 COMMON         0x000000000002047c        0x4 /usr/local/m68k-elf/lib/libc.a(lib_a-reent.o)
                0x000000000002047c                errno
 COMMON         0x0000000000020480        0x4 /usr/local/m68k-elf/lib/libidp.a(sbrk.o)
                0x0000000000020480                heap_ptr
                0x0000000000020488                _end = ALIGN (0x8)
                0x0000000000020488                __end = _end

.stab
 *(.stab)

.stabstr
 *(.stabstr)
OUTPUT(test3.hex srec)

.debug_info     0x0000000000000000    0x31c61
 .debug_info    0x0000000000000000      0x19f csys68k.o
 .debug_info    0x000000000000019f      0xf21 mtk_c.o
 .debug_info    0x00000000000010c0      0xbe0 test3.o
 .debug_info    0x0000000000001ca0      0x8dc /usr/local/m68k-elf/lib/libc.a(lib_a-exit.o)
 .debug_info    0x000000000000257c      0x972 /usr/local/m68k-elf/lib/libc.a(lib_a-fdopen.o)
 .debug_info    0x0000000000002eee      0xd0b /usr/local/m68k-elf/lib/libc.a(lib_a-findfp.o)
 .debug_info    0x0000000000003bf9      0x8ff /usr/local/m68k-elf/lib/libc.a(lib_a-flags.o)
 .debug_info    0x00000000000044f8      0x991 /usr/local/m68k-elf/lib/libc.a(lib_a-fprintf.o)
 .debug_info    0x0000000000004e89      0x991 /usr/local/m68k-elf/lib/libc.a(lib_a-fscanf.o)
 .debug_info    0x000000000000581a      0x9a5 /usr/local/m68k-elf/lib/libc.a(lib_a-fwalk.o)
 .debug_info    0x00000000000061bf      0xa38 /usr/local/m68k-elf/lib/libc.a(lib_a-fwrite.o)
 .debug_info    0x0000000000006bf7      0x8b1 /usr/local/m68k-elf/lib/libc.a(lib_a-impure.o)
 .debug_info    0x00000000000074a8      0xcdd /usr/local/m68k-elf/lib/libc.a(lib_a-mallocr.o)
 .debug_info    0x0000000000008185       0x26 /usr/local/m68k-elf/lib/libc.a(lib_a-memset.o)
 .debug_info    0x00000000000081ab      0x8bf /usr/local/m68k-elf/lib/libc.a(lib_a-mlock.o)
 .debug_info    0x0000000000008a6a      0x901 /usr/local/m68k-elf/lib/libc.a(lib_a-sbrkr.o)
 .debug_info    0x000000000000936b      0xae3 /usr/local/m68k-elf/lib/libc.a(lib_a-stdio.o)
 .debug_info    0x0000000000009e4e     0x16d2 /usr/local/m68k-elf/lib/libc.a(lib_a-vfprintf.o)
 .debug_info    0x000000000000b520     0x1634 /usr/local/m68k-elf/lib/libc.a(lib_a-vfscanf.o)
 .debug_info    0x000000000000cb54      0x90e /usr/local/m68k-elf/lib/libc.a(lib_a-writer.o)
 .debug_info    0x000000000000d462      0x927 /usr/local/m68k-elf/lib/libc.a(lib_a-wsetup.o)
 .debug_info    0x000000000000dd89      0x95f /usr/local/m68k-elf/lib/libc.a(lib_a-__call_atexit.o)
 .debug_info    0x000000000000e6e8      0x8e0 /usr/local/m68k-elf/lib/libc.a(lib_a-closer.o)
 .debug_info    0x000000000000efc8     0x144b /usr/local/m68k-elf/lib/libc.a(lib_a-dtoa.o)
 .debug_info    0x0000000000010413      0x9e5 /usr/local/m68k-elf/lib/libc.a(lib_a-fclose.o)
 .debug_info    0x0000000000010df8      0xa2c /usr/local/m68k-elf/lib/libc.a(lib_a-fflush.o)
 .debug_info    0x0000000000011824      0xa57 /usr/local/m68k-elf/lib/libc.a(lib_a-fread.o)
 .debug_info    0x000000000001227b      0xbb5 /usr/local/m68k-elf/lib/libc.a(lib_a-freer.o)
 .debug_info    0x0000000000012e30      0xac9 /usr/local/m68k-elf/lib/libc.a(lib_a-fvwrite.o)
 .debug_info    0x00000000000138f9      0xd9e /usr/local/m68k-elf/lib/libc.a(lib_a-iswspace.o)
 .debug_info    0x0000000000014697      0xf06 /usr/local/m68k-elf/lib/libc.a(lib_a-locale.o)
 .debug_info    0x000000000001559d      0xe4a /usr/local/m68k-elf/lib/libc.a(lib_a-localeconv.o)
 .debug_info    0x00000000000163e7      0x8fc /usr/local/m68k-elf/lib/libc.a(lib_a-lseekr.o)
 .debug_info    0x0000000000016ce3      0xc08 /usr/local/m68k-elf/lib/libc.a(lib_a-makebuf.o)
 .debug_info    0x00000000000178eb      0xeac /usr/local/m68k-elf/lib/libc.a(lib_a-mbrtowc.o)
 .debug_info    0x0000000000018797      0xe78 /usr/local/m68k-elf/lib/libc.a(lib_a-mbtowc_r.o)
 .debug_info    0x000000000001960f      0x12d /usr/local/m68k-elf/lib/libc.a(lib_a-memchr.o)
 .debug_info    0x000000000001973c       0x26 /usr/local/m68k-elf/lib/libc.a(lib_a-memcpy.o)
 .debug_info    0x0000000000019762      0xdfd /usr/local/m68k-elf/lib/libc.a(lib_a-memmove.o)
 .debug_info    0x000000000001a55f     0x1a82 /usr/local/m68k-elf/lib/libc.a(lib_a-mprec.o)
 .debug_info    0x000000000001bfe1      0x907 /usr/local/m68k-elf/lib/libc.a(lib_a-readr.o)
 .debug_info    0x000000000001c8e8      0xc46 /usr/local/m68k-elf/lib/libc.a(lib_a-reallocr.o)
 .debug_info    0x000000000001d52e      0x993 /usr/local/m68k-elf/lib/libc.a(lib_a-reent.o)
 .debug_info    0x000000000001dec1      0x9cd /usr/local/m68k-elf/lib/libc.a(lib_a-refill.o)
 .debug_info    0x000000000001e88e      0x905 /usr/local/m68k-elf/lib/libc.a(lib_a-sccl.o)
 .debug_info    0x000000000001f193       0xcd /usr/local/m68k-elf/lib/libc.a(lib_a-sf_nan.o)
 .debug_info    0x000000000001f260      0x9b1 /usr/local/m68k-elf/lib/libc.a(lib_a-sprintf.o)
 .debug_info    0x000000000001fc11       0xe4 /usr/local/m68k-elf/lib/libc.a(lib_a-strcmp.o)
 .debug_info    0x000000000001fcf5       0xd6 /usr/local/m68k-elf/lib/libc.a(lib_a-strlen.o)
 .debug_info    0x000000000001fdcb     0x1936 /usr/local/m68k-elf/lib/libc.a(lib_a-strtod.o)
 .debug_info    0x0000000000021701     0x1012 /usr/local/m68k-elf/lib/libc.a(lib_a-strtol.o)
 .debug_info    0x0000000000022713     0x1012 /usr/local/m68k-elf/lib/libc.a(lib_a-strtoul.o)
 .debug_info    0x0000000000023725     0x158c /usr/local/m68k-elf/lib/libc.a(lib_a-svfprintf.o)
 .debug_info    0x0000000000024cb1      0xa51 /usr/local/m68k-elf/lib/libc.a(lib_a-ungetc.o)
 .debug_info    0x0000000000025702     0x17d3 /usr/local/m68k-elf/lib/libc.a(lib_a-vfiprintf.o)
 .debug_info    0x0000000000026ed5      0xe4a /usr/local/m68k-elf/lib/libc.a(lib_a-wctomb_r.o)
 .debug_info    0x0000000000027d1f      0x9d3 /usr/local/m68k-elf/lib/libc.a(lib_a-callocr.o)
 .debug_info    0x00000000000286f2      0xd83 /usr/local/m68k-elf/lib/libc.a(lib_a-ctype_.o)
 .debug_info    0x0000000000029475      0xae3 /usr/local/m68k-elf/lib/libc.a(lib_a-fputwc.o)
 .debug_info    0x0000000000029f58      0xac4 /usr/local/m68k-elf/lib/libc.a(lib_a-fstatr.o)
 .debug_info    0x000000000002aa1c     0x12b2 /usr/local/m68k-elf/lib/libc.a(lib_a-gdtoa-gethex.o)
 .debug_info    0x000000000002bcce     0x1032 /usr/local/m68k-elf/lib/libc.a(lib_a-gdtoa-hexnan.o)
 .debug_info    0x000000000002cd00      0x8e0 /usr/local/m68k-elf/lib/libc.a(lib_a-isattyr.o)
 .debug_info    0x000000000002d5e0       0xfc /usr/local/m68k-elf/lib/libc.a(lib_a-strncmp.o)
 .debug_info    0x000000000002d6dc     0x123b /usr/local/m68k-elf/lib/libc.a(lib_a-svfiprintf.o)
 .debug_info    0x000000000002e917      0x987 /usr/local/m68k-elf/lib/libc.a(lib_a-wbuf.o)
 .debug_info    0x000000000002f29e      0xeb9 /usr/local/m68k-elf/lib/libc.a(lib_a-wcrtomb.o)
 .debug_info    0x0000000000030157       0x26 /usr/local/lib/gcc/m68k-elf/5/libgcc.a(_mulsi3.o)
 .debug_info    0x000000000003017d       0x26 /usr/local/lib/gcc/m68k-elf/5/libgcc.a(_udivsi3.o)
 .debug_info    0x00000000000301a3       0x26 /usr/local/lib/gcc/m68k-elf/5/libgcc.a(_divsi3.o)
 .debug_info    0x00000000000301c9       0x26 /usr/local/lib/gcc/m68k-elf/5/libgcc.a(_umodsi3.o)
 .debug_info    0x00000000000301ef       0x26 /usr/local/lib/gcc/m68k-elf/5/libgcc.a(_modsi3.o)
 .debug_info    0x0000000000030215       0x26 /usr/local/lib/gcc/m68k-elf/5/libgcc.a(_double.o)
 .debug_info    0x000000000003023b       0x26 /usr/local/lib/gcc/m68k-elf/5/libgcc.a(_floatex.o)
 .debug_info    0x0000000000030261       0x26 /usr/local/lib/gcc/m68k-elf/5/libgcc.a(_eqdf2.o)
 .debug_info    0x0000000000030287       0x26 /usr/local/lib/gcc/m68k-elf/5/libgcc.a(_nedf2.o)
 .debug_info    0x00000000000302ad       0x26 /usr/local/lib/gcc/m68k-elf/5/libgcc.a(_gtdf2.o)
 .debug_info    0x00000000000302d3       0x26 /usr/local/lib/gcc/m68k-elf/5/libgcc.a(_gedf2.o)
 .debug_info    0x00000000000302f9       0x26 /usr/local/lib/gcc/m68k-elf/5/libgcc.a(_ltdf2.o)
 .debug_info    0x000000000003031f       0x26 /usr/local/lib/gcc/m68k-elf/5/libgcc.a(_ledf2.o)
 .debug_info    0x0000000000030345       0x26 /usr/local/lib/gcc/m68k-elf/5/libgcc.a(_lesf2.o)
 .debug_info    0x000000000003036b       0xdb /usr/local/lib/gcc/m68k-elf/5/libgcc.a(_fixunsdfsi.o)
 .debug_info    0x0000000000030446      0x44e /usr/local/lib/gcc/m68k-elf/5/libgcc.a(fpgnulib.o)
 .debug_info    0x0000000000030894      0x51e /usr/local/lib/gcc/m68k-elf/5/libgcc.a(xfgnulib.o)
 .debug_info    0x0000000000030db2       0x26 /usr/local/lib/gcc/m68k-elf/5/libgcc.a(_float.o)
 .debug_info    0x0000000000030dd8       0x54 /usr/local/m68k-elf/lib/libidp.a(close.o)
 .debug_info    0x0000000000030e2c      0x297 /usr/local/m68k-elf/lib/libidp.a(fstat.o)
 .debug_info    0x00000000000310c3       0x54 /usr/local/m68k-elf/lib/libidp.a(isatty.o)
 .debug_info    0x0000000000031117       0xf9 /usr/local/m68k-elf/lib/libidp.a(lseek.o)
 .debug_info    0x0000000000031210       0xe5 /usr/local/m68k-elf/lib/libidp.a(sbrk.o)
 .debug_info    0x00000000000312f5       0xc6 /usr/local/m68k-elf/lib/libidp.a(mc68ec.o)
 .debug_info    0x00000000000313bb      0x8a6 /usr/local/m68k-elf/lib/libc.a(lib_a-errno.o)

.debug_abbrev   0x0000000000000000     0x982a
 .debug_abbrev  0x0000000000000000       0xa7 csys68k.o
 .debug_abbrev  0x00000000000000a7      0x360 mtk_c.o
 .debug_abbrev  0x0000000000000407      0x251 test3.o
 .debug_abbrev  0x0000000000000658      0x1c6 /usr/local/m68k-elf/lib/libc.a(lib_a-exit.o)
 .debug_abbrev  0x000000000000081e      0x201 /usr/local/m68k-elf/lib/libc.a(lib_a-fdopen.o)
 .debug_abbrev  0x0000000000000a1f      0x383 /usr/local/m68k-elf/lib/libc.a(lib_a-findfp.o)
 .debug_abbrev  0x0000000000000da2      0x1d6 /usr/local/m68k-elf/lib/libc.a(lib_a-flags.o)
 .debug_abbrev  0x0000000000000f78      0x214 /usr/local/m68k-elf/lib/libc.a(lib_a-fprintf.o)
 .debug_abbrev  0x000000000000118c      0x214 /usr/local/m68k-elf/lib/libc.a(lib_a-fscanf.o)
 .debug_abbrev  0x00000000000013a0      0x1c7 /usr/local/m68k-elf/lib/libc.a(lib_a-fwalk.o)
 .debug_abbrev  0x0000000000001567      0x232 /usr/local/m68k-elf/lib/libc.a(lib_a-fwrite.o)
 .debug_abbrev  0x0000000000001799      0x189 /usr/local/m68k-elf/lib/libc.a(lib_a-impure.o)
 .debug_abbrev  0x0000000000001922      0x28e /usr/local/m68k-elf/lib/libc.a(lib_a-mallocr.o)
 .debug_abbrev  0x0000000000001bb0       0x14 /usr/local/m68k-elf/lib/libc.a(lib_a-memset.o)
 .debug_abbrev  0x0000000000001bc4      0x1b5 /usr/local/m68k-elf/lib/libc.a(lib_a-mlock.o)
 .debug_abbrev  0x0000000000001d79      0x1f8 /usr/local/m68k-elf/lib/libc.a(lib_a-sbrkr.o)
 .debug_abbrev  0x0000000000001f71      0x22b /usr/local/m68k-elf/lib/libc.a(lib_a-stdio.o)
 .debug_abbrev  0x000000000000219c      0x3a3 /usr/local/m68k-elf/lib/libc.a(lib_a-vfprintf.o)
 .debug_abbrev  0x000000000000253f      0x3d3 /usr/local/m68k-elf/lib/libc.a(lib_a-vfscanf.o)
 .debug_abbrev  0x0000000000002912      0x1d9 /usr/local/m68k-elf/lib/libc.a(lib_a-writer.o)
 .debug_abbrev  0x0000000000002aeb      0x1ee /usr/local/m68k-elf/lib/libc.a(lib_a-wsetup.o)
 .debug_abbrev  0x0000000000002cd9      0x213 /usr/local/m68k-elf/lib/libc.a(lib_a-__call_atexit.o)
 .debug_abbrev  0x0000000000002eec      0x1d4 /usr/local/m68k-elf/lib/libc.a(lib_a-closer.o)
 .debug_abbrev  0x00000000000030c0      0x2af /usr/local/m68k-elf/lib/libc.a(lib_a-dtoa.o)
 .debug_abbrev  0x000000000000336f      0x268 /usr/local/m68k-elf/lib/libc.a(lib_a-fclose.o)
 .debug_abbrev  0x00000000000035d7      0x280 /usr/local/m68k-elf/lib/libc.a(lib_a-fflush.o)
 .debug_abbrev  0x0000000000003857      0x254 /usr/local/m68k-elf/lib/libc.a(lib_a-fread.o)
 .debug_abbrev  0x0000000000003aab      0x24d /usr/local/m68k-elf/lib/libc.a(lib_a-freer.o)
 .debug_abbrev  0x0000000000003cf8      0x21b /usr/local/m68k-elf/lib/libc.a(lib_a-fvwrite.o)
 .debug_abbrev  0x0000000000003f13      0x1cd /usr/local/m68k-elf/lib/libc.a(lib_a-iswspace.o)
 .debug_abbrev  0x00000000000040e0      0x26b /usr/local/m68k-elf/lib/libc.a(lib_a-locale.o)
 .debug_abbrev  0x000000000000434b      0x235 /usr/local/m68k-elf/lib/libc.a(lib_a-localeconv.o)
 .debug_abbrev  0x0000000000004580      0x1e3 /usr/local/m68k-elf/lib/libc.a(lib_a-lseekr.o)
 .debug_abbrev  0x0000000000004763      0x297 /usr/local/m68k-elf/lib/libc.a(lib_a-makebuf.o)
 .debug_abbrev  0x00000000000049fa      0x1f8 /usr/local/m68k-elf/lib/libc.a(lib_a-mbrtowc.o)
 .debug_abbrev  0x0000000000004bf2      0x24d /usr/local/m68k-elf/lib/libc.a(lib_a-mbtowc_r.o)
 .debug_abbrev  0x0000000000004e3f       0xc9 /usr/local/m68k-elf/lib/libc.a(lib_a-memchr.o)
 .debug_abbrev  0x0000000000004f08       0x14 /usr/local/m68k-elf/lib/libc.a(lib_a-memcpy.o)
 .debug_abbrev  0x0000000000004f1c      0x1e3 /usr/local/m68k-elf/lib/libc.a(lib_a-memmove.o)
 .debug_abbrev  0x00000000000050ff      0x3e1 /usr/local/m68k-elf/lib/libc.a(lib_a-mprec.o)
 .debug_abbrev  0x00000000000054e0      0x1d4 /usr/local/m68k-elf/lib/libc.a(lib_a-readr.o)
 .debug_abbrev  0x00000000000056b4      0x23c /usr/local/m68k-elf/lib/libc.a(lib_a-reallocr.o)
 .debug_abbrev  0x00000000000058f0      0x24a /usr/local/m68k-elf/lib/libc.a(lib_a-reent.o)
 .debug_abbrev  0x0000000000005b3a      0x221 /usr/local/m68k-elf/lib/libc.a(lib_a-refill.o)
 .debug_abbrev  0x0000000000005d5b      0x1d4 /usr/local/m68k-elf/lib/libc.a(lib_a-sccl.o)
 .debug_abbrev  0x0000000000005f2f       0x72 /usr/local/m68k-elf/lib/libc.a(lib_a-sf_nan.o)
 .debug_abbrev  0x0000000000005fa1      0x214 /usr/local/m68k-elf/lib/libc.a(lib_a-sprintf.o)
 .debug_abbrev  0x00000000000061b5       0x74 /usr/local/m68k-elf/lib/libc.a(lib_a-strcmp.o)
 .debug_abbrev  0x0000000000006229       0x7f /usr/local/m68k-elf/lib/libc.a(lib_a-strlen.o)
 .debug_abbrev  0x00000000000062a8      0x3dd /usr/local/m68k-elf/lib/libc.a(lib_a-strtod.o)
 .debug_abbrev  0x0000000000006685      0x2a7 /usr/local/m68k-elf/lib/libc.a(lib_a-strtol.o)
 .debug_abbrev  0x000000000000692c      0x2a7 /usr/local/m68k-elf/lib/libc.a(lib_a-strtoul.o)
 .debug_abbrev  0x0000000000006bd3      0x364 /usr/local/m68k-elf/lib/libc.a(lib_a-svfprintf.o)
 .debug_abbrev  0x0000000000006f37      0x298 /usr/local/m68k-elf/lib/libc.a(lib_a-ungetc.o)
 .debug_abbrev  0x00000000000071cf      0x3bd /usr/local/m68k-elf/lib/libc.a(lib_a-vfiprintf.o)
 .debug_abbrev  0x000000000000758c      0x237 /usr/local/m68k-elf/lib/libc.a(lib_a-wctomb_r.o)
 .debug_abbrev  0x00000000000077c3      0x219 /usr/local/m68k-elf/lib/libc.a(lib_a-callocr.o)
 .debug_abbrev  0x00000000000079dc      0x19c /usr/local/m68k-elf/lib/libc.a(lib_a-ctype_.o)
 .debug_abbrev  0x0000000000007b78      0x2cc /usr/local/m68k-elf/lib/libc.a(lib_a-fputwc.o)
 .debug_abbrev  0x0000000000007e44      0x1e3 /usr/local/m68k-elf/lib/libc.a(lib_a-fstatr.o)
 .debug_abbrev  0x0000000000008027      0x2f4 /usr/local/m68k-elf/lib/libc.a(lib_a-gdtoa-gethex.o)
 .debug_abbrev  0x000000000000831b      0x29e /usr/local/m68k-elf/lib/libc.a(lib_a-gdtoa-hexnan.o)
 .debug_abbrev  0x00000000000085b9      0x1d4 /usr/local/m68k-elf/lib/libc.a(lib_a-isattyr.o)
 .debug_abbrev  0x000000000000878d       0x81 /usr/local/m68k-elf/lib/libc.a(lib_a-strncmp.o)
 .debug_abbrev  0x000000000000880e      0x2c3 /usr/local/m68k-elf/lib/libc.a(lib_a-svfiprintf.o)
 .debug_abbrev  0x0000000000008ad1      0x228 /usr/local/m68k-elf/lib/libc.a(lib_a-wbuf.o)
 .debug_abbrev  0x0000000000008cf9      0x207 /usr/local/m68k-elf/lib/libc.a(lib_a-wcrtomb.o)
 .debug_abbrev  0x0000000000008f00       0x14 /usr/local/lib/gcc/m68k-elf/5/libgcc.a(_mulsi3.o)
 .debug_abbrev  0x0000000000008f14       0x14 /usr/local/lib/gcc/m68k-elf/5/libgcc.a(_udivsi3.o)
 .debug_abbrev  0x0000000000008f28       0x14 /usr/local/lib/gcc/m68k-elf/5/libgcc.a(_divsi3.o)
 .debug_abbrev  0x0000000000008f3c       0x14 /usr/local/lib/gcc/m68k-elf/5/libgcc.a(_umodsi3.o)
 .debug_abbrev  0x0000000000008f50       0x14 /usr/local/lib/gcc/m68k-elf/5/libgcc.a(_modsi3.o)
 .debug_abbrev  0x0000000000008f64       0x14 /usr/local/lib/gcc/m68k-elf/5/libgcc.a(_double.o)
 .debug_abbrev  0x0000000000008f78       0x14 /usr/local/lib/gcc/m68k-elf/5/libgcc.a(_floatex.o)
 .debug_abbrev  0x0000000000008f8c       0x14 /usr/local/lib/gcc/m68k-elf/5/libgcc.a(_eqdf2.o)
 .debug_abbrev  0x0000000000008fa0       0x14 /usr/local/lib/gcc/m68k-elf/5/libgcc.a(_nedf2.o)
 .debug_abbrev  0x0000000000008fb4       0x14 /usr/local/lib/gcc/m68k-elf/5/libgcc.a(_gtdf2.o)
 .debug_abbrev  0x0000000000008fc8       0x14 /usr/local/lib/gcc/m68k-elf/5/libgcc.a(_gedf2.o)
 .debug_abbrev  0x0000000000008fdc       0x14 /usr/local/lib/gcc/m68k-elf/5/libgcc.a(_ltdf2.o)
 .debug_abbrev  0x0000000000008ff0       0x14 /usr/local/lib/gcc/m68k-elf/5/libgcc.a(_ledf2.o)
 .debug_abbrev  0x0000000000009004       0x14 /usr/local/lib/gcc/m68k-elf/5/libgcc.a(_lesf2.o)
 .debug_abbrev  0x0000000000009018       0x60 /usr/local/lib/gcc/m68k-elf/5/libgcc.a(_fixunsdfsi.o)
 .debug_abbrev  0x0000000000009078      0x1cf /usr/local/lib/gcc/m68k-elf/5/libgcc.a(fpgnulib.o)
 .debug_abbrev  0x0000000000009247      0x168 /usr/local/lib/gcc/m68k-elf/5/libgcc.a(xfgnulib.o)
 .debug_abbrev  0x00000000000093af       0x14 /usr/local/lib/gcc/m68k-elf/5/libgcc.a(_float.o)
 .debug_abbrev  0x00000000000093c3       0x4a /usr/local/m68k-elf/lib/libidp.a(close.o)
 .debug_abbrev  0x000000000000940d       0x9b /usr/local/m68k-elf/lib/libidp.a(fstat.o)
 .debug_abbrev  0x00000000000094a8       0x4a /usr/local/m68k-elf/lib/libidp.a(isatty.o)
 .debug_abbrev  0x00000000000094f2       0x8d /usr/local/m68k-elf/lib/libidp.a(lseek.o)
 .debug_abbrev  0x000000000000957f       0x9b /usr/local/m68k-elf/lib/libidp.a(sbrk.o)
 .debug_abbrev  0x000000000000961a       0x78 /usr/local/m68k-elf/lib/libidp.a(mc68ec.o)
 .debug_abbrev  0x0000000000009692      0x198 /usr/local/m68k-elf/lib/libc.a(lib_a-errno.o)

.debug_loc      0x0000000000000000    0x1906e
 .debug_loc     0x0000000000000000      0x15f csys68k.o
 .debug_loc     0x000000000000015f      0x51c mtk_c.o
 .debug_loc     0x000000000000067b       0x3c /usr/local/m68k-elf/lib/libc.a(lib_a-fdopen.o)
 .debug_loc     0x00000000000006b7      0x198 /usr/local/m68k-elf/lib/libc.a(lib_a-findfp.o)
 .debug_loc     0x000000000000084f       0xc3 /usr/local/m68k-elf/lib/libc.a(lib_a-flags.o)
 .debug_loc     0x0000000000000912       0xa4 /usr/local/m68k-elf/lib/libc.a(lib_a-fprintf.o)
 .debug_loc     0x00000000000009b6       0xa4 /usr/local/m68k-elf/lib/libc.a(lib_a-fscanf.o)
 .debug_loc     0x0000000000000a5a       0xf8 /usr/local/m68k-elf/lib/libc.a(lib_a-fwalk.o)
 .debug_loc     0x0000000000000b52       0x5f /usr/local/m68k-elf/lib/libc.a(lib_a-fwrite.o)
 .debug_loc     0x0000000000000bb1      0xa3f /usr/local/m68k-elf/lib/libc.a(lib_a-mallocr.o)
 .debug_loc     0x00000000000015f0      0x14a /usr/local/m68k-elf/lib/libc.a(lib_a-stdio.o)
 .debug_loc     0x000000000000173a     0x310c /usr/local/m68k-elf/lib/libc.a(lib_a-vfprintf.o)
 .debug_loc     0x0000000000004846     0x1f13 /usr/local/m68k-elf/lib/libc.a(lib_a-vfscanf.o)
 .debug_loc     0x0000000000006759       0x1e /usr/local/m68k-elf/lib/libc.a(lib_a-wsetup.o)
 .debug_loc     0x0000000000006777      0x1c7 /usr/local/m68k-elf/lib/libc.a(lib_a-__call_atexit.o)
 .debug_loc     0x000000000000693e     0x2566 /usr/local/m68k-elf/lib/libc.a(lib_a-dtoa.o)
 .debug_loc     0x0000000000008ea4       0x9a /usr/local/m68k-elf/lib/libc.a(lib_a-fclose.o)
 .debug_loc     0x0000000000008f3e      0x172 /usr/local/m68k-elf/lib/libc.a(lib_a-fflush.o)
 .debug_loc     0x00000000000090b0      0x247 /usr/local/m68k-elf/lib/libc.a(lib_a-fread.o)
 .debug_loc     0x00000000000092f7      0x4dd /usr/local/m68k-elf/lib/libc.a(lib_a-freer.o)
 .debug_loc     0x00000000000097d4      0x473 /usr/local/m68k-elf/lib/libc.a(lib_a-fvwrite.o)
 .debug_loc     0x0000000000009c47       0x1f /usr/local/m68k-elf/lib/libc.a(lib_a-locale.o)
 .debug_loc     0x0000000000009c66       0x24 /usr/local/m68k-elf/lib/libc.a(lib_a-localeconv.o)
 .debug_loc     0x0000000000009c8a       0xb3 /usr/local/m68k-elf/lib/libc.a(lib_a-makebuf.o)
 .debug_loc     0x0000000000009d3d       0xf1 /usr/local/m68k-elf/lib/libc.a(lib_a-mbrtowc.o)
 .debug_loc     0x0000000000009e2e       0xd6 /usr/local/m68k-elf/lib/libc.a(lib_a-mbtowc_r.o)
 .debug_loc     0x0000000000009f04      0x13c /usr/local/m68k-elf/lib/libc.a(lib_a-memchr.o)
 .debug_loc     0x000000000000a040      0x322 /usr/local/m68k-elf/lib/libc.a(lib_a-memmove.o)
 .debug_loc     0x000000000000a362     0x1ce9 /usr/local/m68k-elf/lib/libc.a(lib_a-mprec.o)
 .debug_loc     0x000000000000c04b     0x1618 /usr/local/m68k-elf/lib/libc.a(lib_a-reallocr.o)
 .debug_loc     0x000000000000d663       0x6d /usr/local/m68k-elf/lib/libc.a(lib_a-reent.o)
 .debug_loc     0x000000000000d6d0       0x9a /usr/local/m68k-elf/lib/libc.a(lib_a-refill.o)
 .debug_loc     0x000000000000d76a      0x1d4 /usr/local/m68k-elf/lib/libc.a(lib_a-sccl.o)
 .debug_loc     0x000000000000d93e       0xa4 /usr/local/m68k-elf/lib/libc.a(lib_a-sprintf.o)
 .debug_loc     0x000000000000d9e2       0x92 /usr/local/m68k-elf/lib/libc.a(lib_a-strcmp.o)
 .debug_loc     0x000000000000da74       0x33 /usr/local/m68k-elf/lib/libc.a(lib_a-strlen.o)
 .debug_loc     0x000000000000daa7     0x2087 /usr/local/m68k-elf/lib/libc.a(lib_a-strtod.o)
 .debug_loc     0x000000000000fb2e      0x3db /usr/local/m68k-elf/lib/libc.a(lib_a-strtol.o)
 .debug_loc     0x000000000000ff09      0x3f4 /usr/local/m68k-elf/lib/libc.a(lib_a-strtoul.o)
 .debug_loc     0x00000000000102fd     0x2e8d /usr/local/m68k-elf/lib/libc.a(lib_a-svfprintf.o)
 .debug_loc     0x000000000001318a      0x19d /usr/local/m68k-elf/lib/libc.a(lib_a-ungetc.o)
 .debug_loc     0x0000000000013327     0x2094 /usr/local/m68k-elf/lib/libc.a(lib_a-vfiprintf.o)
 .debug_loc     0x00000000000153bb       0xcd /usr/local/m68k-elf/lib/libc.a(lib_a-wctomb_r.o)
 .debug_loc     0x0000000000015488      0x30b /usr/local/m68k-elf/lib/libc.a(lib_a-callocr.o)
 .debug_loc     0x0000000000015793      0x191 /usr/local/m68k-elf/lib/libc.a(lib_a-fputwc.o)
 .debug_loc     0x0000000000015924     0x1084 /usr/local/m68k-elf/lib/libc.a(lib_a-gdtoa-gethex.o)
 .debug_loc     0x00000000000169a8      0x54b /usr/local/m68k-elf/lib/libc.a(lib_a-gdtoa-hexnan.o)
 .debug_loc     0x0000000000016ef3       0x8e /usr/local/m68k-elf/lib/libc.a(lib_a-strncmp.o)
 .debug_loc     0x0000000000016f81     0x16f2 /usr/local/m68k-elf/lib/libc.a(lib_a-svfiprintf.o)
 .debug_loc     0x0000000000018673       0xab /usr/local/m68k-elf/lib/libc.a(lib_a-wbuf.o)
 .debug_loc     0x000000000001871e       0xf1 /usr/local/m68k-elf/lib/libc.a(lib_a-wcrtomb.o)
 .debug_loc     0x000000000001880f      0x6f4 /usr/local/lib/gcc/m68k-elf/5/libgcc.a(fpgnulib.o)
 .debug_loc     0x0000000000018f03      0x107 /usr/local/lib/gcc/m68k-elf/5/libgcc.a(xfgnulib.o)
 .debug_loc     0x000000000001900a       0x22 /usr/local/m68k-elf/lib/libidp.a(sbrk.o)
 .debug_loc     0x000000000001902c       0x42 /usr/local/m68k-elf/lib/libidp.a(mc68ec.o)

.debug_aranges  0x0000000000000000      0xb80
 .debug_aranges
                0x0000000000000000       0x20 csys68k.o
 .debug_aranges
                0x0000000000000020       0x20 mtk_c.o
 .debug_aranges
                0x0000000000000040       0x28 test3.o
 .debug_aranges
                0x0000000000000068       0x20 /usr/local/m68k-elf/lib/libc.a(lib_a-exit.o)
 .debug_aranges
                0x0000000000000088       0x20 /usr/local/m68k-elf/lib/libc.a(lib_a-fdopen.o)
 .debug_aranges
                0x00000000000000a8       0x20 /usr/local/m68k-elf/lib/libc.a(lib_a-findfp.o)
 .debug_aranges
                0x00000000000000c8       0x20 /usr/local/m68k-elf/lib/libc.a(lib_a-flags.o)
 .debug_aranges
                0x00000000000000e8       0x20 /usr/local/m68k-elf/lib/libc.a(lib_a-fprintf.o)
 .debug_aranges
                0x0000000000000108       0x20 /usr/local/m68k-elf/lib/libc.a(lib_a-fscanf.o)
 .debug_aranges
                0x0000000000000128       0x20 /usr/local/m68k-elf/lib/libc.a(lib_a-fwalk.o)
 .debug_aranges
                0x0000000000000148       0x20 /usr/local/m68k-elf/lib/libc.a(lib_a-fwrite.o)
 .debug_aranges
                0x0000000000000168       0x18 /usr/local/m68k-elf/lib/libc.a(lib_a-impure.o)
 .debug_aranges
                0x0000000000000180       0x20 /usr/local/m68k-elf/lib/libc.a(lib_a-mallocr.o)
 .debug_aranges
                0x00000000000001a0       0x20 /usr/local/m68k-elf/lib/libc.a(lib_a-memset.o)
 .debug_aranges
                0x00000000000001c0       0x20 /usr/local/m68k-elf/lib/libc.a(lib_a-mlock.o)
 .debug_aranges
                0x00000000000001e0       0x20 /usr/local/m68k-elf/lib/libc.a(lib_a-sbrkr.o)
 .debug_aranges
                0x0000000000000200       0x20 /usr/local/m68k-elf/lib/libc.a(lib_a-stdio.o)
 .debug_aranges
                0x0000000000000220       0x20 /usr/local/m68k-elf/lib/libc.a(lib_a-vfprintf.o)
 .debug_aranges
                0x0000000000000240       0x20 /usr/local/m68k-elf/lib/libc.a(lib_a-vfscanf.o)
 .debug_aranges
                0x0000000000000260       0x20 /usr/local/m68k-elf/lib/libc.a(lib_a-writer.o)
 .debug_aranges
                0x0000000000000280       0x20 /usr/local/m68k-elf/lib/libc.a(lib_a-wsetup.o)
 .debug_aranges
                0x00000000000002a0       0x20 /usr/local/m68k-elf/lib/libc.a(lib_a-__call_atexit.o)
 .debug_aranges
                0x00000000000002c0       0x20 /usr/local/m68k-elf/lib/libc.a(lib_a-closer.o)
 .debug_aranges
                0x00000000000002e0       0x20 /usr/local/m68k-elf/lib/libc.a(lib_a-dtoa.o)
 .debug_aranges
                0x0000000000000300       0x20 /usr/local/m68k-elf/lib/libc.a(lib_a-fclose.o)
 .debug_aranges
                0x0000000000000320       0x20 /usr/local/m68k-elf/lib/libc.a(lib_a-fflush.o)
 .debug_aranges
                0x0000000000000340       0x20 /usr/local/m68k-elf/lib/libc.a(lib_a-fread.o)
 .debug_aranges
                0x0000000000000360       0x20 /usr/local/m68k-elf/lib/libc.a(lib_a-freer.o)
 .debug_aranges
                0x0000000000000380       0x20 /usr/local/m68k-elf/lib/libc.a(lib_a-fvwrite.o)
 .debug_aranges
                0x00000000000003a0       0x20 /usr/local/m68k-elf/lib/libc.a(lib_a-iswspace.o)
 .debug_aranges
                0x00000000000003c0       0x20 /usr/local/m68k-elf/lib/libc.a(lib_a-locale.o)
 .debug_aranges
                0x00000000000003e0       0x20 /usr/local/m68k-elf/lib/libc.a(lib_a-localeconv.o)
 .debug_aranges
                0x0000000000000400       0x20 /usr/local/m68k-elf/lib/libc.a(lib_a-lseekr.o)
 .debug_aranges
                0x0000000000000420       0x20 /usr/local/m68k-elf/lib/libc.a(lib_a-makebuf.o)
 .debug_aranges
                0x0000000000000440       0x20 /usr/local/m68k-elf/lib/libc.a(lib_a-mbrtowc.o)
 .debug_aranges
                0x0000000000000460       0x20 /usr/local/m68k-elf/lib/libc.a(lib_a-mbtowc_r.o)
 .debug_aranges
                0x0000000000000480       0x20 /usr/local/m68k-elf/lib/libc.a(lib_a-memchr.o)
 .debug_aranges
                0x00000000000004a0       0x20 /usr/local/m68k-elf/lib/libc.a(lib_a-memcpy.o)
 .debug_aranges
                0x00000000000004c0       0x20 /usr/local/m68k-elf/lib/libc.a(lib_a-memmove.o)
 .debug_aranges
                0x00000000000004e0       0x20 /usr/local/m68k-elf/lib/libc.a(lib_a-mprec.o)
 .debug_aranges
                0x0000000000000500       0x20 /usr/local/m68k-elf/lib/libc.a(lib_a-readr.o)
 .debug_aranges
                0x0000000000000520       0x20 /usr/local/m68k-elf/lib/libc.a(lib_a-reallocr.o)
 .debug_aranges
                0x0000000000000540       0x20 /usr/local/m68k-elf/lib/libc.a(lib_a-reent.o)
 .debug_aranges
                0x0000000000000560       0x20 /usr/local/m68k-elf/lib/libc.a(lib_a-refill.o)
 .debug_aranges
                0x0000000000000580       0x20 /usr/local/m68k-elf/lib/libc.a(lib_a-sccl.o)
 .debug_aranges
                0x00000000000005a0       0x20 /usr/local/m68k-elf/lib/libc.a(lib_a-sf_nan.o)
 .debug_aranges
                0x00000000000005c0       0x20 /usr/local/m68k-elf/lib/libc.a(lib_a-sprintf.o)
 .debug_aranges
                0x00000000000005e0       0x20 /usr/local/m68k-elf/lib/libc.a(lib_a-strcmp.o)
 .debug_aranges
                0x0000000000000600       0x20 /usr/local/m68k-elf/lib/libc.a(lib_a-strlen.o)
 .debug_aranges
                0x0000000000000620       0x28 /usr/local/m68k-elf/lib/libc.a(lib_a-strtod.o)
 .debug_aranges
                0x0000000000000648       0x20 /usr/local/m68k-elf/lib/libc.a(lib_a-strtol.o)
 .debug_aranges
                0x0000000000000668       0x20 /usr/local/m68k-elf/lib/libc.a(lib_a-strtoul.o)
 .debug_aranges
                0x0000000000000688       0x20 /usr/local/m68k-elf/lib/libc.a(lib_a-svfprintf.o)
 .debug_aranges
                0x00000000000006a8       0x20 /usr/local/m68k-elf/lib/libc.a(lib_a-ungetc.o)
 .debug_aranges
                0x00000000000006c8       0x20 /usr/local/m68k-elf/lib/libc.a(lib_a-vfiprintf.o)
 .debug_aranges
                0x00000000000006e8       0x20 /usr/local/m68k-elf/lib/libc.a(lib_a-wctomb_r.o)
 .debug_aranges
                0x0000000000000708       0x20 /usr/local/m68k-elf/lib/libc.a(lib_a-callocr.o)
 .debug_aranges
                0x0000000000000728       0x18 /usr/local/m68k-elf/lib/libc.a(lib_a-ctype_.o)
 .debug_aranges
                0x0000000000000740       0x20 /usr/local/m68k-elf/lib/libc.a(lib_a-fputwc.o)
 .debug_aranges
                0x0000000000000760       0x20 /usr/local/m68k-elf/lib/libc.a(lib_a-fstatr.o)
 .debug_aranges
                0x0000000000000780       0x20 /usr/local/m68k-elf/lib/libc.a(lib_a-gdtoa-gethex.o)
 .debug_aranges
                0x00000000000007a0       0x20 /usr/local/m68k-elf/lib/libc.a(lib_a-gdtoa-hexnan.o)
 .debug_aranges
                0x00000000000007c0       0x20 /usr/local/m68k-elf/lib/libc.a(lib_a-isattyr.o)
 .debug_aranges
                0x00000000000007e0       0x20 /usr/local/m68k-elf/lib/libc.a(lib_a-strncmp.o)
 .debug_aranges
                0x0000000000000800       0x20 /usr/local/m68k-elf/lib/libc.a(lib_a-svfiprintf.o)
 .debug_aranges
                0x0000000000000820       0x20 /usr/local/m68k-elf/lib/libc.a(lib_a-wbuf.o)
 .debug_aranges
                0x0000000000000840       0x20 /usr/local/m68k-elf/lib/libc.a(lib_a-wcrtomb.o)
 .debug_aranges
                0x0000000000000860       0x20 /usr/local/lib/gcc/m68k-elf/5/libgcc.a(_mulsi3.o)
 .debug_aranges
                0x0000000000000880       0x20 /usr/local/lib/gcc/m68k-elf/5/libgcc.a(_udivsi3.o)
 .debug_aranges
                0x00000000000008a0       0x20 /usr/local/lib/gcc/m68k-elf/5/libgcc.a(_divsi3.o)
 .debug_aranges
                0x00000000000008c0       0x20 /usr/local/lib/gcc/m68k-elf/5/libgcc.a(_umodsi3.o)
 .debug_aranges
                0x00000000000008e0       0x20 /usr/local/lib/gcc/m68k-elf/5/libgcc.a(_modsi3.o)
 .debug_aranges
                0x0000000000000900       0x20 /usr/local/lib/gcc/m68k-elf/5/libgcc.a(_double.o)
 .debug_aranges
                0x0000000000000920       0x20 /usr/local/lib/gcc/m68k-elf/5/libgcc.a(_floatex.o)
 .debug_aranges
                0x0000000000000940       0x20 /usr/local/lib/gcc/m68k-elf/5/libgcc.a(_eqdf2.o)
 .debug_aranges
                0x0000000000000960       0x20 /usr/local/lib/gcc/m68k-elf/5/libgcc.a(_nedf2.o)
 .debug_aranges
                0x0000000000000980       0x20 /usr/local/lib/gcc/m68k-elf/5/libgcc.a(_gtdf2.o)
 .debug_aranges
                0x00000000000009a0       0x20 /usr/local/lib/gcc/m68k-elf/5/libgcc.a(_gedf2.o)
 .debug_aranges
                0x00000000000009c0       0x20 /usr/local/lib/gcc/m68k-elf/5/libgcc.a(_ltdf2.o)
 .debug_aranges
                0x00000000000009e0       0x20 /usr/local/lib/gcc/m68k-elf/5/libgcc.a(_ledf2.o)
 .debug_aranges
                0x0000000000000a00       0x20 /usr/local/lib/gcc/m68k-elf/5/libgcc.a(_lesf2.o)
 .debug_aranges
                0x0000000000000a20       0x20 /usr/local/lib/gcc/m68k-elf/5/libgcc.a(_fixunsdfsi.o)
 .debug_aranges
                0x0000000000000a40       0x20 /usr/local/lib/gcc/m68k-elf/5/libgcc.a(fpgnulib.o)
 .debug_aranges
                0x0000000000000a60       0x20 /usr/local/lib/gcc/m68k-elf/5/libgcc.a(xfgnulib.o)
 .debug_aranges
                0x0000000000000a80       0x20 /usr/local/lib/gcc/m68k-elf/5/libgcc.a(_float.o)
 .debug_aranges
                0x0000000000000aa0       0x20 /usr/local/m68k-elf/lib/libidp.a(close.o)
 .debug_aranges
                0x0000000000000ac0       0x20 /usr/local/m68k-elf/lib/libidp.a(fstat.o)
 .debug_aranges
                0x0000000000000ae0       0x20 /usr/local/m68k-elf/lib/libidp.a(isatty.o)
 .debug_aranges
                0x0000000000000b00       0x20 /usr/local/m68k-elf/lib/libidp.a(lseek.o)
 .debug_aranges
                0x0000000000000b20       0x20 /usr/local/m68k-elf/lib/libidp.a(sbrk.o)
 .debug_aranges
                0x0000000000000b40       0x20 /usr/local/m68k-elf/lib/libidp.a(mc68ec.o)
 .debug_aranges
                0x0000000000000b60       0x20 /usr/local/m68k-elf/lib/libc.a(lib_a-errno.o)

.debug_line     0x0000000000000000     0xad0a
 .debug_line    0x0000000000000000       0xc9 csys68k.o
 .debug_line    0x00000000000000c9      0x183 mtk_c.o
 .debug_line    0x000000000000024c      0x1c7 test3.o
 .debug_line    0x0000000000000413      0x157 /usr/local/m68k-elf/lib/libc.a(lib_a-exit.o)
 .debug_line    0x000000000000056a      0x15f /usr/local/m68k-elf/lib/libc.a(lib_a-fdopen.o)
 .debug_line    0x00000000000006c9      0x213 /usr/local/m68k-elf/lib/libc.a(lib_a-findfp.o)
 .debug_line    0x00000000000008dc      0x122 /usr/local/m68k-elf/lib/libc.a(lib_a-flags.o)
 .debug_line    0x00000000000009fe      0x14f /usr/local/m68k-elf/lib/libc.a(lib_a-fprintf.o)
 .debug_line    0x0000000000000b4d      0x152 /usr/local/m68k-elf/lib/libc.a(lib_a-fscanf.o)
 .debug_line    0x0000000000000c9f      0x16b /usr/local/m68k-elf/lib/libc.a(lib_a-fwalk.o)
 .debug_line    0x0000000000000e0a      0x180 /usr/local/m68k-elf/lib/libc.a(lib_a-fwrite.o)
 .debug_line    0x0000000000000f8a       0xee /usr/local/m68k-elf/lib/libc.a(lib_a-impure.o)
 .debug_line    0x0000000000001078      0x2f5 /usr/local/m68k-elf/lib/libc.a(lib_a-mallocr.o)
 .debug_line    0x000000000000136d       0x9d /usr/local/m68k-elf/lib/libc.a(lib_a-memset.o)
 .debug_line    0x000000000000140a       0xff /usr/local/m68k-elf/lib/libc.a(lib_a-mlock.o)
 .debug_line    0x0000000000001509      0x144 /usr/local/m68k-elf/lib/libc.a(lib_a-sbrkr.o)
 .debug_line    0x000000000000164d      0x17f /usr/local/m68k-elf/lib/libc.a(lib_a-stdio.o)
 .debug_line    0x00000000000017cc      0x995 /usr/local/m68k-elf/lib/libc.a(lib_a-vfprintf.o)
 .debug_line    0x0000000000002161      0x7b5 /usr/local/m68k-elf/lib/libc.a(lib_a-vfscanf.o)
 .debug_line    0x0000000000002916      0x151 /usr/local/m68k-elf/lib/libc.a(lib_a-writer.o)
 .debug_line    0x0000000000002a67      0x1ba /usr/local/m68k-elf/lib/libc.a(lib_a-wsetup.o)
 .debug_line    0x0000000000002c21      0x199 /usr/local/m68k-elf/lib/libc.a(lib_a-__call_atexit.o)
 .debug_line    0x0000000000002dba      0x151 /usr/local/m68k-elf/lib/libc.a(lib_a-closer.o)
 .debug_line    0x0000000000002f0b      0x6aa /usr/local/m68k-elf/lib/libc.a(lib_a-dtoa.o)
 .debug_line    0x00000000000035b5      0x189 /usr/local/m68k-elf/lib/libc.a(lib_a-fclose.o)
 .debug_line    0x000000000000373e      0x20b /usr/local/m68k-elf/lib/libc.a(lib_a-fflush.o)
 .debug_line    0x0000000000003949      0x1f1 /usr/local/m68k-elf/lib/libc.a(lib_a-fread.o)
 .debug_line    0x0000000000003b3a      0x206 /usr/local/m68k-elf/lib/libc.a(lib_a-freer.o)
 .debug_line    0x0000000000003d40      0x27b /usr/local/m68k-elf/lib/libc.a(lib_a-fvwrite.o)
 .debug_line    0x0000000000003fbb      0x1bf /usr/local/m68k-elf/lib/libc.a(lib_a-iswspace.o)
 .debug_line    0x000000000000417a      0x1c0 /usr/local/m68k-elf/lib/libc.a(lib_a-locale.o)
 .debug_line    0x000000000000433a      0x18e /usr/local/m68k-elf/lib/libc.a(lib_a-localeconv.o)
 .debug_line    0x00000000000044c8      0x151 /usr/local/m68k-elf/lib/libc.a(lib_a-lseekr.o)
 .debug_line    0x0000000000004619      0x216 /usr/local/m68k-elf/lib/libc.a(lib_a-makebuf.o)
 .debug_line    0x000000000000482f      0x22a /usr/local/m68k-elf/lib/libc.a(lib_a-mbrtowc.o)
 .debug_line    0x0000000000004a59      0x1e0 /usr/local/m68k-elf/lib/libc.a(lib_a-mbtowc_r.o)
 .debug_line    0x0000000000004c39      0x115 /usr/local/m68k-elf/lib/libc.a(lib_a-memchr.o)
 .debug_line    0x0000000000004d4e       0x99 /usr/local/m68k-elf/lib/libc.a(lib_a-memcpy.o)
 .debug_line    0x0000000000004de7      0x1e5 /usr/local/m68k-elf/lib/libc.a(lib_a-memmove.o)
 .debug_line    0x0000000000004fcc      0x540 /usr/local/m68k-elf/lib/libc.a(lib_a-mprec.o)
 .debug_line    0x000000000000550c      0x150 /usr/local/m68k-elf/lib/libc.a(lib_a-readr.o)
 .debug_line    0x000000000000565c      0x2a6 /usr/local/m68k-elf/lib/libc.a(lib_a-reallocr.o)
 .debug_line    0x0000000000005902      0x16d /usr/local/m68k-elf/lib/libc.a(lib_a-reent.o)
 .debug_line    0x0000000000005a6f      0x1cb /usr/local/m68k-elf/lib/libc.a(lib_a-refill.o)
 .debug_line    0x0000000000005c3a      0x14f /usr/local/m68k-elf/lib/libc.a(lib_a-sccl.o)
 .debug_line    0x0000000000005d89       0xae /usr/local/m68k-elf/lib/libc.a(lib_a-sf_nan.o)
 .debug_line    0x0000000000005e37      0x165 /usr/local/m68k-elf/lib/libc.a(lib_a-sprintf.o)
 .debug_line    0x0000000000005f9c       0xcf /usr/local/m68k-elf/lib/libc.a(lib_a-strcmp.o)
 .debug_line    0x000000000000606b       0xf3 /usr/local/m68k-elf/lib/libc.a(lib_a-strlen.o)
 .debug_line    0x000000000000615e      0x6a1 /usr/local/m68k-elf/lib/libc.a(lib_a-strtod.o)
 .debug_line    0x00000000000067ff      0x25f /usr/local/m68k-elf/lib/libc.a(lib_a-strtol.o)
 .debug_line    0x0000000000006a5e      0x258 /usr/local/m68k-elf/lib/libc.a(lib_a-strtoul.o)
 .debug_line    0x0000000000006cb6      0x96e /usr/local/m68k-elf/lib/libc.a(lib_a-svfprintf.o)
 .debug_line    0x0000000000007624      0x1e3 /usr/local/m68k-elf/lib/libc.a(lib_a-ungetc.o)
 .debug_line    0x0000000000007807      0x6e7 /usr/local/m68k-elf/lib/libc.a(lib_a-vfiprintf.o)
 .debug_line    0x0000000000007eee      0x1d6 /usr/local/m68k-elf/lib/libc.a(lib_a-wctomb_r.o)
 .debug_line    0x00000000000080c4      0x133 /usr/local/m68k-elf/lib/libc.a(lib_a-callocr.o)
 .debug_line    0x00000000000081f7      0x150 /usr/local/m68k-elf/lib/libc.a(lib_a-ctype_.o)
 .debug_line    0x0000000000008347      0x1c8 /usr/local/m68k-elf/lib/libc.a(lib_a-fputwc.o)
 .debug_line    0x000000000000850f      0x1b7 /usr/local/m68k-elf/lib/libc.a(lib_a-fstatr.o)
 .debug_line    0x00000000000086c6      0x3b8 /usr/local/m68k-elf/lib/libc.a(lib_a-gdtoa-gethex.o)
 .debug_line    0x0000000000008a7e      0x23a /usr/local/m68k-elf/lib/libc.a(lib_a-gdtoa-hexnan.o)
 .debug_line    0x0000000000008cb8      0x152 /usr/local/m68k-elf/lib/libc.a(lib_a-isattyr.o)
 .debug_line    0x0000000000008e0a      0x11c /usr/local/m68k-elf/lib/libc.a(lib_a-strncmp.o)
 .debug_line    0x0000000000008f26      0x68c /usr/local/m68k-elf/lib/libc.a(lib_a-svfiprintf.o)
 .debug_line    0x00000000000095b2      0x1b7 /usr/local/m68k-elf/lib/libc.a(lib_a-wbuf.o)
 .debug_line    0x0000000000009769      0x22a /usr/local/m68k-elf/lib/libc.a(lib_a-wcrtomb.o)
 .debug_line    0x0000000000009993       0x6a /usr/local/lib/gcc/m68k-elf/5/libgcc.a(_mulsi3.o)
 .debug_line    0x00000000000099fd       0x83 /usr/local/lib/gcc/m68k-elf/5/libgcc.a(_udivsi3.o)
 .debug_line    0x0000000000009a80       0x72 /usr/local/lib/gcc/m68k-elf/5/libgcc.a(_divsi3.o)
 .debug_line    0x0000000000009af2       0x6e /usr/local/lib/gcc/m68k-elf/5/libgcc.a(_umodsi3.o)
 .debug_line    0x0000000000009b60       0x6e /usr/local/lib/gcc/m68k-elf/5/libgcc.a(_modsi3.o)
 .debug_line    0x0000000000009bce      0x3e1 /usr/local/lib/gcc/m68k-elf/5/libgcc.a(_double.o)
 .debug_line    0x0000000000009faf       0x79 /usr/local/lib/gcc/m68k-elf/5/libgcc.a(_floatex.o)
 .debug_line    0x000000000000a028       0x68 /usr/local/lib/gcc/m68k-elf/5/libgcc.a(_eqdf2.o)
 .debug_line    0x000000000000a090       0x68 /usr/local/lib/gcc/m68k-elf/5/libgcc.a(_nedf2.o)
 .debug_line    0x000000000000a0f8       0x68 /usr/local/lib/gcc/m68k-elf/5/libgcc.a(_gtdf2.o)
 .debug_line    0x000000000000a160       0x68 /usr/local/lib/gcc/m68k-elf/5/libgcc.a(_gedf2.o)
 .debug_line    0x000000000000a1c8       0x68 /usr/local/lib/gcc/m68k-elf/5/libgcc.a(_ltdf2.o)
 .debug_line    0x000000000000a230       0x68 /usr/local/lib/gcc/m68k-elf/5/libgcc.a(_ledf2.o)
 .debug_line    0x000000000000a298       0x66 /usr/local/lib/gcc/m68k-elf/5/libgcc.a(_lesf2.o)
 .debug_line    0x000000000000a2fe       0x67 /usr/local/lib/gcc/m68k-elf/5/libgcc.a(_fixunsdfsi.o)
 .debug_line    0x000000000000a365      0x158 /usr/local/lib/gcc/m68k-elf/5/libgcc.a(fpgnulib.o)
 .debug_line    0x000000000000a4bd       0xcd /usr/local/lib/gcc/m68k-elf/5/libgcc.a(xfgnulib.o)
 .debug_line    0x000000000000a58a      0x2cb /usr/local/lib/gcc/m68k-elf/5/libgcc.a(_float.o)
 .debug_line    0x000000000000a855       0x6b /usr/local/m68k-elf/lib/libidp.a(close.o)
 .debug_line    0x000000000000a8c0      0x122 /usr/local/m68k-elf/lib/libidp.a(fstat.o)
 .debug_line    0x000000000000a9e2       0x6c /usr/local/m68k-elf/lib/libidp.a(isatty.o)
 .debug_line    0x000000000000aa4e       0xc5 /usr/local/m68k-elf/lib/libidp.a(lseek.o)
 .debug_line    0x000000000000ab13       0x7e /usr/local/m68k-elf/lib/libidp.a(sbrk.o)
 .debug_line    0x000000000000ab91       0x71 /usr/local/m68k-elf/lib/libidp.a(mc68ec.o)
 .debug_line    0x000000000000ac02      0x108 /usr/local/m68k-elf/lib/libc.a(lib_a-errno.o)

.debug_str      0x0000000000000000    0x1b4cb
 .debug_str     0x0000000000000000      0x132 csys68k.o
 .debug_str     0x0000000000000132      0x658 mtk_c.o
 .debug_str     0x000000000000078a      0x608 test3.o
 .debug_str     0x0000000000000d92      0x53a /usr/local/m68k-elf/lib/libc.a(lib_a-exit.o)
 .debug_str     0x00000000000012cc      0x549 /usr/local/m68k-elf/lib/libc.a(lib_a-fdopen.o)
 .debug_str     0x0000000000001815      0x67b /usr/local/m68k-elf/lib/libc.a(lib_a-findfp.o)
 .debug_str     0x0000000000001e90      0x524 /usr/local/m68k-elf/lib/libc.a(lib_a-flags.o)
 .debug_str     0x00000000000023b4      0x560 /usr/local/m68k-elf/lib/libc.a(lib_a-fprintf.o)
 .debug_str     0x0000000000002914      0x55c /usr/local/m68k-elf/lib/libc.a(lib_a-fscanf.o)
 .debug_str     0x0000000000002e70      0x542 /usr/local/m68k-elf/lib/libc.a(lib_a-fwalk.o)
 .debug_str     0x00000000000033b2      0x59b /usr/local/m68k-elf/lib/libc.a(lib_a-fwrite.o)
 .debug_str     0x000000000000394d      0x531 /usr/local/m68k-elf/lib/libc.a(lib_a-impure.o)
 .debug_str     0x0000000000003e7e      0x73a /usr/local/m68k-elf/lib/libc.a(lib_a-mallocr.o)
 .debug_str     0x00000000000045b8       0x8e /usr/local/m68k-elf/lib/libc.a(lib_a-memset.o)
 .debug_str     0x0000000000004646      0x530 /usr/local/m68k-elf/lib/libc.a(lib_a-mlock.o)
 .debug_str     0x0000000000004b76      0x527 /usr/local/m68k-elf/lib/libc.a(lib_a-sbrkr.o)
 .debug_str     0x000000000000509d      0x588 /usr/local/m68k-elf/lib/libc.a(lib_a-stdio.o)
 .debug_str     0x0000000000005625      0xa76 /usr/local/m68k-elf/lib/libc.a(lib_a-vfprintf.o)
 .debug_str     0x000000000000609b      0xa58 /usr/local/m68k-elf/lib/libc.a(lib_a-vfscanf.o)
 .debug_str     0x0000000000006af3      0x522 /usr/local/m68k-elf/lib/libc.a(lib_a-writer.o)
 .debug_str     0x0000000000007015      0x550 /usr/local/m68k-elf/lib/libc.a(lib_a-wsetup.o)
 .debug_str     0x0000000000007565      0x569 /usr/local/m68k-elf/lib/libc.a(lib_a-__call_atexit.o)
 .debug_str     0x0000000000007ace      0x51b /usr/local/m68k-elf/lib/libc.a(lib_a-closer.o)
 .debug_str     0x0000000000007fe9      0x96d /usr/local/m68k-elf/lib/libc.a(lib_a-dtoa.o)
 .debug_str     0x0000000000008956      0x57e /usr/local/m68k-elf/lib/libc.a(lib_a-fclose.o)
 .debug_str     0x0000000000008ed4      0x591 /usr/local/m68k-elf/lib/libc.a(lib_a-fflush.o)
 .debug_str     0x0000000000009465      0x58c /usr/local/m68k-elf/lib/libc.a(lib_a-fread.o)
 .debug_str     0x00000000000099f1      0x684 /usr/local/m68k-elf/lib/libc.a(lib_a-freer.o)
 .debug_str     0x000000000000a075      0x5c7 /usr/local/m68k-elf/lib/libc.a(lib_a-fvwrite.o)
 .debug_str     0x000000000000a63c      0x82f /usr/local/m68k-elf/lib/libc.a(lib_a-iswspace.o)
 .debug_str     0x000000000000ae6b      0x8b3 /usr/local/m68k-elf/lib/libc.a(lib_a-locale.o)
 .debug_str     0x000000000000b71e      0x883 /usr/local/m68k-elf/lib/libc.a(lib_a-localeconv.o)
 .debug_str     0x000000000000bfa1      0x522 /usr/local/m68k-elf/lib/libc.a(lib_a-lseekr.o)