Archive member included to satisfy reference by file (symbol)

/usr/local/m68k-elf/lib/libc.a(lib_a-exit.o)
                              crt0.o (exit)
/usr/local/m68k-elf/lib/libc.a(lib_a-impure.o)
                              /usr/local/m68k-elf/lib/libc.a(lib_a-exit.o) (_global_impure_ptr)
/usr/local/m68k-elf/lib/libc.a(lib_a-printf.o)
                              test3.o (printf)
/usr/local/m68k-elf/lib/libc.a(lib_a-puts.o)
                              mtk_c.o (puts)
/usr/local/m68k-elf/lib/libc.a(lib_a-strlen.o)
                              /usr/local/m68k-elf/lib/libc.a(lib_a-puts.o) (strlen)
/usr/local/m68k-elf/lib/libc.a(lib_a-vfprintf.o)
                              /usr/local/m68k-elf/lib/libc.a(lib_a-printf.o) (_vfprintf_r)
/usr/local/m68k-elf/lib/libc.a(lib_a-wsetup.o)
                              /usr/local/m68k-elf/lib/libc.a(lib_a-vfprintf.o) (__swsetup_r)
/usr/local/m68k-elf/lib/libc.a(lib_a-__call_atexit.o)
                              /usr/local/m68k-elf/lib/libc.a(lib_a-exit.o) (__call_exitprocs)
/usr/local/m68k-elf/lib/libc.a(lib_a-dtoa.o)
                              /usr/local/m68k-elf/lib/libc.a(lib_a-vfprintf.o) (_dtoa_r)
/usr/local/m68k-elf/lib/libc.a(lib_a-fflush.o)
                              /usr/local/m68k-elf/lib/libc.a(lib_a-vfprintf.o) (_fflush_r)
/usr/local/m68k-elf/lib/libc.a(lib_a-findfp.o)
                              /usr/local/m68k-elf/lib/libc.a(lib_a-puts.o) (__sinit)
/usr/local/m68k-elf/lib/libc.a(lib_a-freer.o)
                              /usr/local/m68k-elf/lib/libc.a(lib_a-wsetup.o) (_free_r)
/usr/local/m68k-elf/lib/libc.a(lib_a-fvwrite.o)
                              /usr/local/m68k-elf/lib/libc.a(lib_a-puts.o) (__sfvwrite_r)
/usr/local/m68k-elf/lib/libc.a(lib_a-fwalk.o)
                              /usr/local/m68k-elf/lib/libc.a(lib_a-findfp.o) (_fwalk)
/usr/local/m68k-elf/lib/libc.a(lib_a-localeconv.o)
                              /usr/local/m68k-elf/lib/libc.a(lib_a-vfprintf.o) (_localeconv_r)
/usr/local/m68k-elf/lib/libc.a(lib_a-makebuf.o)
                              /usr/local/m68k-elf/lib/libc.a(lib_a-wsetup.o) (__smakebuf_r)
/usr/local/m68k-elf/lib/libc.a(lib_a-mallocr.o)
                              /usr/local/m68k-elf/lib/libc.a(lib_a-findfp.o) (_malloc_r)
/usr/local/m68k-elf/lib/libc.a(lib_a-memchr.o)
                              /usr/local/m68k-elf/lib/libc.a(lib_a-vfprintf.o) (memchr)
/usr/local/m68k-elf/lib/libc.a(lib_a-memcpy.o)
                              /usr/local/m68k-elf/lib/libc.a(lib_a-dtoa.o) (memcpy)
/usr/local/m68k-elf/lib/libc.a(lib_a-memmove.o)
                              /usr/local/m68k-elf/lib/libc.a(lib_a-fvwrite.o) (memmove)
/usr/local/m68k-elf/lib/libc.a(lib_a-memset.o)
                              /usr/local/m68k-elf/lib/libc.a(lib_a-findfp.o) (memset)
/usr/local/m68k-elf/lib/libc.a(lib_a-mlock.o)
                              /usr/local/m68k-elf/lib/libc.a(lib_a-freer.o) (__malloc_lock)
/usr/local/m68k-elf/lib/libc.a(lib_a-mprec.o)
                              /usr/local/m68k-elf/lib/libc.a(lib_a-dtoa.o) (_Balloc)
/usr/local/m68k-elf/lib/libc.a(lib_a-reallocr.o)
                              /usr/local/m68k-elf/lib/libc.a(lib_a-fvwrite.o) (_realloc_r)
/usr/local/m68k-elf/lib/libc.a(lib_a-sbrkr.o)
                              /usr/local/m68k-elf/lib/libc.a(lib_a-freer.o) (_sbrk_r)
/usr/local/m68k-elf/lib/libc.a(lib_a-stdio.o)
                              /usr/local/m68k-elf/lib/libc.a(lib_a-findfp.o) (__sread)
/usr/local/m68k-elf/lib/libc.a(lib_a-vfiprintf.o)
                              /usr/local/m68k-elf/lib/libc.a(lib_a-vfprintf.o) (__sprint_r)
/usr/local/m68k-elf/lib/libc.a(lib_a-writer.o)
                              /usr/local/m68k-elf/lib/libc.a(lib_a-stdio.o) (_write_r)
/usr/local/m68k-elf/lib/libc.a(lib_a-callocr.o)
                              /usr/local/m68k-elf/lib/libc.a(lib_a-mprec.o) (_calloc_r)
/usr/local/m68k-elf/lib/libc.a(lib_a-closer.o)
                              /usr/local/m68k-elf/lib/libc.a(lib_a-stdio.o) (_close_r)
/usr/local/m68k-elf/lib/libc.a(lib_a-fclose.o)
                              /usr/local/m68k-elf/lib/libc.a(lib_a-findfp.o) (_fclose_r)
/usr/local/m68k-elf/lib/libc.a(lib_a-fputwc.o)
                              /usr/local/m68k-elf/lib/libc.a(lib_a-vfiprintf.o) (_fputwc_r)
/usr/local/m68k-elf/lib/libc.a(lib_a-fstatr.o)
                              /usr/local/m68k-elf/lib/libc.a(lib_a-makebuf.o) (_fstat_r)
/usr/local/m68k-elf/lib/libc.a(lib_a-isattyr.o)
                              /usr/local/m68k-elf/lib/libc.a(lib_a-makebuf.o) (_isatty_r)
/usr/local/m68k-elf/lib/libc.a(lib_a-locale.o)
                              /usr/local/m68k-elf/lib/libc.a(lib_a-fputwc.o) (__locale_mb_cur_max)
/usr/local/m68k-elf/lib/libc.a(lib_a-lseekr.o)
                              /usr/local/m68k-elf/lib/libc.a(lib_a-stdio.o) (_lseek_r)
/usr/local/m68k-elf/lib/libc.a(lib_a-mbtowc_r.o)
                              /usr/local/m68k-elf/lib/libc.a(lib_a-locale.o) (__ascii_mbtowc)
[...]
Memory Configuration

Name             Origin             Length             Attributes
ram              0x0000000000000000 0x0000000000040000 xrw
rom0             0x0000000000c00000 0x0000000000080000
device           0x0000000000fff000 0x0000000000001000
*default*        0x0000000000000000 0xffffffffffffffff

Linker script and memory map

LOAD crt0.o
LOAD mon.o
LOAD csys68k.o
LOAD inchrw.o
LOAD mtk_asm.o
LOAD mtk_c.o
LOAD outchr.o
LOAD test3.o
START GROUP
LOAD /usr/local/m68k-elf/lib/libidp.a
LOAD /usr/local/m68k-elf/lib/libc.a
LOAD /usr/local/lib/gcc/m68k-elf/5/libgcc.a
END GROUP
                0x0000000000000000                __DYNAMIC = 0x0
                0x000000000003fff0                PROVIDE (__stack = 0x3fff0)
                0x0000000000000000                PROVIDE (hardware_init_hook = 0x0)
                [!provide]                        PROVIDE (_hardware_init_hook = 0x0)
                0x0000000000000000                PROVIDE (software_init_hook = 0x0)
                [!provide]                        PROVIDE (_software_init_hook = 0x0)

.vector
 *(.vector)

.text           0x0000000000000400     0xb3c5
                0x0000000000000400                __text_start = .
 *(.text)
 .text          0x0000000000000400       0x90 crt0.o
                0x000000000000043c                start
 .text          0x0000000000000490      0x636 mon.o
                0x0000000000000490                monitor_begin
 *fill*         0x0000000000000ac6        0x2 
 .text          0x0000000000000ac8      0x17c csys68k.o
                0x0000000000000ac8                read
                0x0000000000000bb2                write
                0x0000000000000c34                fcntl
 .text          0x0000000000000c44       0x28 inchrw.o
                0x0000000000000c44                inbyte
 .text          0x0000000000000c6c      0x146 mtk_asm.o
                0x0000000000000c6c                swtch
                0x0000000000000cb4                pv_handler
                0x0000000000000cf4                P
                0x0000000000000d06                V
                0x0000000000000d18                hard_clock
                0x0000000000000d6a                init_timer
                0x0000000000000d86                first_task
 *fill*         0x0000000000000db2        0x2 
 .text          0x0000000000000db4      0x468 mtk_c.o
                0x0000000000000db4                init_kernel
                0x0000000000000e0e                set_task
                0x0000000000000f00                init_stack
                0x0000000000000f46                begin_sch
                0x0000000000000f78                removeq
                0x0000000000000f96                sched
                0x0000000000000fd0                addq
                0x0000000000001026                sleep
                0x00000000000010c4                wakeup
                0x0000000000001150                p_body
                0x0000000000001176                v_body
 .text          0x000000000000121c       0x2a outchr.o
                0x000000000000121c                outbyte
 *fill*         0x0000000000001246        0x2 
 .text          0x0000000000001248      0x190 test3.o
                0x0000000000001248                task1
                0x00000000000012c4                task2
                0x0000000000001354                task3
 .text          0x00000000000013d8       0x34 /usr/local/m68k-elf/lib/libc.a(lib_a-exit.o)
                0x00000000000013d8                exit
 .text          0x000000000000140c        0x0 /usr/local/m68k-elf/lib/libc.a(lib_a-impure.o)
 .text          0x000000000000140c       0x42 /usr/local/m68k-elf/lib/libc.a(lib_a-printf.o)
                0x000000000000140c                _printf_r
                0x000000000000142c                printf
 *fill*         0x000000000000144e        0x2 
 .text          0x0000000000001450       0xb8 /usr/local/m68k-elf/lib/libc.a(lib_a-puts.o)
                0x0000000000001450                _puts_r
                0x00000000000014f2                puts
 .text          0x0000000000001508       0x1a /usr/local/m68k-elf/lib/libc.a(lib_a-strlen.o)
                0x0000000000001508                strlen
 *fill*         0x0000000000001522        0x2 
 .text          0x0000000000001524     0x1e20 /usr/local/m68k-elf/lib/libc.a(lib_a-vfprintf.o)
                0x0000000000001524                _vfprintf_r
                0x0000000000003288                vfprintf
 .text          0x0000000000003344      0x14e /usr/local/m68k-elf/lib/libc.a(lib_a-wsetup.o)
                0x0000000000003344                __swsetup_r
 *fill*         0x0000000000003492        0x2 
 .text          0x0000000000003494      0x118 /usr/local/m68k-elf/lib/libc.a(lib_a-__call_atexit.o)
                0x0000000000003494                __call_exitprocs
 .text          0x00000000000035ac     0x1876 /usr/local/m68k-elf/lib/libc.a(lib_a-dtoa.o)
                0x0000000000003768                _dtoa_r
 *fill*         0x0000000000004e22        0x2 
 .text          0x0000000000004e24      0x238 /usr/local/m68k-elf/lib/libc.a(lib_a-fflush.o)
                0x0000000000004e24                __sflush_r
                0x0000000000004fd4                _fflush_r
                0x000000000000502a                fflush
 .text          0x000000000000505c      0x338 /usr/local/m68k-elf/lib/libc.a(lib_a-findfp.o)
                0x0000000000005066                _cleanup_r
                0x00000000000051d6                __sfmoreglue
                0x000000000000523a                __sfp
                0x000000000000530c                _cleanup
                0x0000000000005328                __sinit
                0x0000000000005340                __sfp_lock_acquire
                0x0000000000005348                __sfp_lock_release
                0x0000000000005350                __sinit_lock_acquire
                0x0000000000005358                __sinit_lock_release
                0x0000000000005360                __fp_lock_all
                0x000000000000537a                __fp_unlock_all
 .text          0x0000000000005394      0x456 /usr/local/m68k-elf/lib/libc.a(lib_a-freer.o)
                0x0000000000005394                _malloc_trim_r
                0x000000000000547e                _free_r
 *fill*         0x00000000000057ea        0x2 
 .text          0x00000000000057ec      0x40e /usr/local/m68k-elf/lib/libc.a(lib_a-fvwrite.o)
                0x00000000000057ec                __sfvwrite_r
 *fill*         0x0000000000005bfa        0x2 
 .text          0x0000000000005bfc       0xc8 /usr/local/m68k-elf/lib/libc.a(lib_a-fwalk.o)
                0x0000000000005bfc                _fwalk
                0x0000000000005c5e                _fwalk_reent
 .text          0x0000000000005cc4       0x66 /usr/local/m68k-elf/lib/libc.a(lib_a-localeconv.o)
                0x0000000000005cc4                __localeconv_l
                0x0000000000005cd6                _localeconv_r
                0x0000000000005d00                localeconv
 *fill*         0x0000000000005d2a        0x2 
 .text          0x0000000000005d2c      0x17e /usr/local/m68k-elf/lib/libc.a(lib_a-makebuf.o)
                0x0000000000005d2c                __swhatbuf_r
                0x0000000000005dbe                __smakebuf_r
 *fill*         0x0000000000005eaa        0x2 
 .text          0x0000000000005eac      0x80a /usr/local/m68k-elf/lib/libc.a(lib_a-mallocr.o)
                0x0000000000005eac                _malloc_r
 *fill*         0x00000000000066b6        0x2 
 .text          0x00000000000066b8       0xbc /usr/local/m68k-elf/lib/libc.a(lib_a-memchr.o)
                0x00000000000066b8                memchr
 .text          0x0000000000006774       0x6e /usr/local/m68k-elf/lib/libc.a(lib_a-memcpy.o)
                0x0000000000006774                memcpy
 *fill*         0x00000000000067e2        0x2 
 .text          0x00000000000067e4       0xec /usr/local/m68k-elf/lib/libc.a(lib_a-memmove.o)
                0x00000000000067e4                memmove
 .text          0x00000000000068d0       0x72 /usr/local/m68k-elf/lib/libc.a(lib_a-memset.o)
                0x00000000000068d0                memset
 *fill*         0x0000000000006942        0x2 
 .text          0x0000000000006944       0x10 /usr/local/m68k-elf/lib/libc.a(lib_a-mlock.o)
                0x0000000000006944                __malloc_lock
                0x000000000000694c                __malloc_unlock
 .text          0x0000000000006954      0xe72 /usr/local/m68k-elf/lib/libc.a(lib_a-mprec.o)
                0x0000000000006954                _Balloc
                0x00000000000069f4                _Bfree
                0x0000000000006a1e                __multadd
                0x0000000000006b02                __s2b
                0x0000000000006bc2                __hi0bits
                0x0000000000006c24                __lo0bits
                0x0000000000006ca8                __i2b
                0x0000000000006cca                __multiply
                0x0000000000006f44                __pow5mult
                0x0000000000007026                __lshift
                0x00000000000070e8                __mcmp
                0x0000000000007138                __mdiff
                0x0000000000007350                __ulp
                0x00000000000073b2                __b2d
                0x00000000000074d0                __d2b
                0x00000000000075e8                __ratio
                0x0000000000007680                _mprec_log10
                0x00000000000076ea                __copybits
                0x0000000000007746                __any_on
 *fill*         0x00000000000077c6        0x2 
 .text          0x00000000000077c8      0x622 /usr/local/m68k-elf/lib/libc.a(lib_a-reallocr.o)
                0x00000000000077c8                _realloc_r
 *fill*         0x0000000000007dea        0x2 
 .text          0x0000000000007dec       0x32 /usr/local/m68k-elf/lib/libc.a(lib_a-sbrkr.o)
                0x0000000000007dec                _sbrk_r
 *fill*         0x0000000000007e1e        0x2 
 .text          0x0000000000007e20      0x144 /usr/local/m68k-elf/lib/libc.a(lib_a-stdio.o)
                0x0000000000007e20                __sread
                0x0000000000007e64                __seofread
                0x0000000000007e6e                __swrite
                0x0000000000007f00                __sseek
                0x0000000000007f4c                __sclose
 .text          0x0000000000007f64     0x1122 /usr/local/m68k-elf/lib/libc.a(lib_a-vfiprintf.o)
                0x0000000000008014                __sprint_r
                0x0000000000008032                _vfiprintf_r
                0x0000000000008fca                vfiprintf
 *fill*         0x0000000000009086        0x2 
 .text          0x0000000000009088       0x3c /usr/local/m68k-elf/lib/libc.a(lib_a-writer.o)
                0x0000000000009088                _write_r
 .text          0x00000000000090c4       0xd2 /usr/local/m68k-elf/lib/libc.a(lib_a-callocr.o)
                0x00000000000090c4                _calloc_r
 *fill*         0x0000000000009196        0x2 
 .text          0x0000000000009198       0x32 /usr/local/m68k-elf/lib/libc.a(lib_a-closer.o)
                0x0000000000009198                _close_r
 *fill*         0x00000000000091ca        0x2 
 .text          0x00000000000091cc       0xf8 /usr/local/m68k-elf/lib/libc.a(lib_a-fclose.o)
                0x00000000000091cc                _fclose_r
                0x00000000000092ae                fclose
 .text          0x00000000000092c4      0x18c /usr/local/m68k-elf/lib/libc.a(lib_a-fputwc.o)
                0x00000000000092c4                __fputwc
                0x00000000000093b0                _fputwc_r
                0x00000000000093f0                fputwc
 .text          0x0000000000009450       0x36 /usr/local/m68k-elf/lib/libc.a(lib_a-fstatr.o)
                0x0000000000009450                _fstat_r
 *fill*         0x0000000000009486        0x2 
 .text          0x0000000000009488       0x32 /usr/local/m68k-elf/lib/libc.a(lib_a-isattyr.o)
                0x0000000000009488                _isatty_r
 *fill*         0x00000000000094ba        0x2 
 .text          0x00000000000094bc       0xea /usr/local/m68k-elf/lib/libc.a(lib_a-locale.o)
                0x00000000000094bc                _setlocale_r
                0x0000000000009520                __locale_mb_cur_max
                0x0000000000009552                __locale_ctype_ptr_l
                0x0000000000009562                __locale_ctype_ptr
                0x000000000000958c                setlocale
 *fill*         0x00000000000095a6        0x2 
 .text          0x00000000000095a8       0x3c /usr/local/m68k-elf/lib/libc.a(lib_a-lseekr.o)
                0x00000000000095a8                _lseek_r
 .text          0x00000000000095e4       0xba /usr/local/m68k-elf/lib/libc.a(lib_a-mbtowc_r.o)
                0x00000000000095e4                _mbtowc_r
                0x0000000000009656                __ascii_mbtowc
 *fill*         0x000000000000969e        0x2 
 .text          0x00000000000096a0       0x3c /usr/local/m68k-elf/lib/libc.a(lib_a-readr.o)
                0x00000000000096a0                _read_r
 .text          0x00000000000096dc      0x112 /usr/local/m68k-elf/lib/libc.a(lib_a-reent.o)
                0x00000000000096dc                cleanup_glue
                0x0000000000009712                _reclaim_reent
 *fill*         0x00000000000097ee        0x2 
 .text          0x00000000000097f0       0x6c /usr/local/m68k-elf/lib/libc.a(lib_a-strcmp.o)
                0x00000000000097f0                strcmp
 .text          0x000000000000985c      0x14c /usr/local/m68k-elf/lib/libc.a(lib_a-wbuf.o)
                0x000000000000985c                __swbuf_r
                0x000000000000998e                __swbuf
 .text          0x00000000000099a8      0x174 /usr/local/m68k-elf/lib/libc.a(lib_a-wcrtomb.o)
                0x00000000000099a8                _wcrtomb_r
                0x0000000000009a64                wcrtomb
 .text          0x0000000000009b1c       0x98 /usr/local/m68k-elf/lib/libc.a(lib_a-wctomb_r.o)
                0x0000000000009b1c                _wctomb_r
                0x0000000000009b7c                __ascii_wctomb
 .text          0x0000000000009bb4        0x0 /usr/local/m68k-elf/lib/libc.a(lib_a-ctype_.o)
 .text          0x0000000000009bb4       0x22 /usr/local/lib/gcc/m68k-elf/5/libgcc.a(_mulsi3.o)
                0x0000000000009bb4                __mulsi3
 *fill*         0x0000000000009bd6        0x2 
 .text          0x0000000000009bd8       0x5c /usr/local/lib/gcc/m68k-elf/5/libgcc.a(_udivsi3.o)
                0x0000000000009bd8                __udivsi3
 .text          0x0000000000009c34       0x2e /usr/local/lib/gcc/m68k-elf/5/libgcc.a(_divsi3.o)
                0x0000000000009c34                __divsi3
 *fill*         0x0000000000009c62        0x2 
 .text          0x0000000000009c64       0x2e /usr/local/lib/gcc/m68k-elf/5/libgcc.a(_umodsi3.o)
                0x0000000000009c64                __umodsi3
 *fill*         0x0000000000009c92        0x2 
 .text          0x0000000000009c94       0x2e /usr/local/lib/gcc/m68k-elf/5/libgcc.a(_modsi3.o)
                0x0000000000009c94                __modsi3
 *fill*         0x0000000000009cc2        0x2 
 .text          0x0000000000009cc4      0x9cc /usr/local/lib/gcc/m68k-elf/5/libgcc.a(_double.o)
                0x0000000000009d1e                __subdf3
                0x0000000000009d24                __adddf3
                0x000000000000a0ba                __muldf3
                0x000000000000a268                __divdf3
                0x000000000000a4dc                __negdf2
                0x000000000000a53a                __cmpdf2_internal
                0x000000000000a60a                __cmpdf2
 .text          0x000000000000a690       0x6a /usr/local/lib/gcc/m68k-elf/5/libgcc.a(_floatex.o)
                0x000000000000a690                __clear_sticky_bit
                0x000000000000a69e                $_exception_handler
 *fill*         0x000000000000a6fa        0x2 
 .text          0x000000000000a6fc       0x22 /usr/local/lib/gcc/m68k-elf/5/libgcc.a(_eqdf2.o)
                0x000000000000a6fc                __eqdf2
 *fill*         0x000000000000a71e        0x2 
 .text          0x000000000000a720       0x22 /usr/local/lib/gcc/m68k-elf/5/libgcc.a(_nedf2.o)
                0x000000000000a720                __nedf2
 *fill*         0x000000000000a742        0x2 
 .text          0x000000000000a744       0x22 /usr/local/lib/gcc/m68k-elf/5/libgcc.a(_gtdf2.o)
                0x000000000000a744                __gtdf2
 *fill*         0x000000000000a766        0x2 
 .text          0x000000000000a768       0x22 /usr/local/lib/gcc/m68k-elf/5/libgcc.a(_gedf2.o)
                0x000000000000a768                __gedf2
 *fill*         0x000000000000a78a        0x2 
 .text          0x000000000000a78c       0x22 /usr/local/lib/gcc/m68k-elf/5/libgcc.a(_ltdf2.o)
                0x000000000000a78c                __ltdf2
 *fill*         0x000000000000a7ae        0x2 
 .text          0x000000000000a7b0       0x22 /usr/local/lib/gcc/m68k-elf/5/libgcc.a(_ledf2.o)
                0x000000000000a7b0                __ledf2
 *fill*         0x000000000000a7d2        0x2 
 .text          0x000000000000a7d4      0x4aa /usr/local/lib/gcc/m68k-elf/5/libgcc.a(fpgnulib.o)
                0x000000000000a7d4                __unordsf2
                0x000000000000a834                __unorddf2
                0x000000000000a8a6                __floatunsidf
                0x000000000000a912                __floatsidf
                0x000000000000a9dc                __floatunsisf
                0x000000000000a9f6                __floatsisf
                0x000000000000aa10                __extendsfdf2
                0x000000000000aa8c                __truncdfsf2
                0x000000000000abd6                __fixdfsi
                0x000000000000ac64                __fixsfsi
 *fill*         0x000000000000ac7e        0x2 
 .text          0x000000000000ac80      0x800 /usr/local/lib/gcc/m68k-elf/5/libgcc.a(xfgnulib.o)
                0x000000000000ac80                __unordxf2
                0x000000000000ad04                __extenddfxf2
                0x000000000000ae1e                __truncxfdf2
                0x000000000000aee4                __extendsfxf2
                0x000000000000af28                __truncxfsf2
                0x000000000000af50                __floatsixf
                0x000000000000af96                __floatunsixf
                0x000000000000afdc                __fixxfsi
                0x000000000000b004                __addxf3
                0x000000000000b07a                __subxf3
                0x000000000000b0f0                __mulxf3
                0x000000000000b166                __divxf3
                0x000000000000b1dc                __negxf2
                0x000000000000b234                __cmpxf2
                0x000000000000b288                __eqxf2
                0x000000000000b2dc                __nexf2
                0x000000000000b330                __ltxf2
                0x000000000000b384                __lexf2
                0x000000000000b3d8                __gtxf2
                0x000000000000b42c                __gexf2
 .text          0x000000000000b480        0xa /usr/local/m68k-elf/lib/libidp.a(close.o)
                0x000000000000b480                close
 *fill*         0x000000000000b48a        0x2 
 .text          0x000000000000b48c       0x1a /usr/local/m68k-elf/lib/libidp.a(fstat.o)
                0x000000000000b48c                fstat
 *fill*         0x000000000000b4a6        0x2 
 .text          0x000000000000b4a8        0xa /usr/local/m68k-elf/lib/libidp.a(isatty.o)
                0x000000000000b4a8                isatty
 *fill*         0x000000000000b4b2        0x2 
 .text          0x000000000000b4b4       0x16 /usr/local/m68k-elf/lib/libidp.a(lseek.o)
                0x000000000000b4b4                lseek
 *fill*         0x000000000000b4ca        0x2 
 .text          0x000000000000b4cc       0x32 /usr/local/m68k-elf/lib/libidp.a(sbrk.o)
                0x000000000000b4cc                sbrk
 *fill*         0x000000000000b4fe        0x2 
 .text          0x000000000000b500       0x2a /usr/local/m68k-elf/lib/libidp.a(mc68ec.o)
                0x000000000000b500                _exit
                0x000000000000b50a                delay
 *fill*         0x000000000000b52a        0x2 
 .text          0x000000000000b52c        0xe /usr/local/m68k-elf/lib/libc.a(lib_a-errno.o)
                0x000000000000b52c                __errno
                0x000000000000b53c                . = ALIGN (0x4)
 *fill*         0x000000000000b53a        0x2 
                0x000000000000b53c                __CTOR_LIST__ = .
                0x000000000000b53c                ___CTOR_LIST__ = .
                0x000000000000b53c        0x4 LONG 0x0 (((__CTOR_END__ - __CTOR_LIST__) / 0x4) - 0x2)
 *(.ctors)
                0x000000000000b540        0x4 LONG 0x0
                0x000000000000b544                __CTOR_END__ = .
                0x000000000000b544                __DTOR_LIST__ = .
                0x000000000000b544                ___DTOR_LIST__ = .
                0x000000000000b544        0x4 LONG 0x0 (((__DTOR_END__ - __DTOR_LIST__) / 0x4) - 0x2)
 *(.dtors)
                0x000000000000b548        0x4 LONG 0x0
                0x000000000000b54c                __DTOR_END__ = .
 *(.rodata)
 .rodata        0x000000000000b54c        0x4 /usr/local/m68k-elf/lib/libc.a(lib_a-impure.o)
                0x000000000000b54c                _global_impure_ptr
 .rodata        0x000000000000b550       0x20 /usr/local/m68k-elf/lib/libc.a(lib_a-vfprintf.o)
 .rodata        0x000000000000b570      0x124 /usr/local/m68k-elf/lib/libc.a(lib_a-mprec.o)
                0x000000000000b57c                __mprec_tinytens
                0x000000000000b5a4                __mprec_bigtens
                0x000000000000b5cc                __mprec_tens
 .rodata        0x000000000000b694       0x20 /usr/local/m68k-elf/lib/libc.a(lib_a-vfiprintf.o)
 .rodata        0x000000000000b6b4      0x101 /usr/local/m68k-elf/lib/libc.a(lib_a-ctype_.o)
                0x000000000000b6b4                _ctype_
 *(.gcc_except_table)
                0x000000000000b7b5                __INIT_SECTION__ = .
                0x000000000000b7b5        0x4 LONG 0x4e560000
 *(.init)
                0x000000000000b7b9        0x2 SHORT 0x4e5e
                0x000000000000b7bb        0x2 SHORT 0x4e75
                0x000000000000b7bd                __FINI_SECTION__ = .
                0x000000000000b7bd        0x4 LONG 0x4e560000
 *(.fini)
                0x000000000000b7c1        0x2 SHORT 0x4e5e
                0x000000000000b7c3        0x2 SHORT 0x4e75
                0x000000000000b7c5                _etext = .
 *(.lit)

.text.startup   0x000000000000b7c6       0x36
 .text.startup  0x000000000000b7c6       0x36 test3.o
                0x000000000000b7c6                main

.rodata.str1.1  0x000000000000b7fc      0x109
 .rodata.str1.1
                0x000000000000b7fc       0x14 mtk_c.o
 .rodata.str1.1
                0x000000000000b810       0x75 test3.o
 .rodata.str1.1
                0x000000000000b885        0x2 /usr/local/m68k-elf/lib/libc.a(lib_a-puts.o)
 .rodata.str1.1
                0x000000000000b887       0x3b /usr/local/m68k-elf/lib/libc.a(lib_a-vfprintf.o)
 .rodata.str1.1
                0x000000000000b8c2        0xf /usr/local/m68k-elf/lib/libc.a(lib_a-dtoa.o)
 .rodata.str1.1
                0x000000000000b8d1       0x29 /usr/local/m68k-elf/lib/libc.a(lib_a-vfiprintf.o)
 .rodata.str1.1
                0x000000000000b8fa        0xb /usr/local/m68k-elf/lib/libc.a(lib_a-locale.o)

.data           0x000000000000b908      0xdfc
 *(.shdata)
 *(.data)
 .data          0x000000000000b908        0x4 crt0.o
 .data          0x000000000000b90c      0x43a mon.o
 *fill*         0x000000000000bd46        0x2 
 .data          0x000000000000bd48        0x0 csys68k.o
 .data          0x000000000000bd48        0x0 inchrw.o
 .data          0x000000000000bd48        0x0 mtk_asm.o
 .data          0x000000000000bd48        0x0 mtk_c.o
 .data          0x000000000000bd48        0x0 outchr.o
 .data          0x000000000000bd48        0x0 test3.o
 .data          0x000000000000bd48        0x0 /usr/local/m68k-elf/lib/libc.a(lib_a-exit.o)
 .data          0x000000000000bd48      0x426 /usr/local/m68k-elf/lib/libc.a(lib_a-impure.o)
                0x000000000000bd48                _impure_ptr
 *fill*         0x000000000000c16e        0x2 
 .data          0x000000000000c170        0x0 /usr/local/m68k-elf/lib/libc.a(lib_a-printf.o)
 .data          0x000000000000c170        0x0 /usr/local/m68k-elf/lib/libc.a(lib_a-puts.o)
 .data          0x000000000000c170        0x0 /usr/local/m68k-elf/lib/libc.a(lib_a-strlen.o)
 .data          0x000000000000c170        0x0 /usr/local/m68k-elf/lib/libc.a(lib_a-vfprintf.o)
 .data          0x000000000000c170        0x0 /usr/local/m68k-elf/lib/libc.a(lib_a-wsetup.o)
 .data          0x000000000000c170        0x0 /usr/local/m68k-elf/lib/libc.a(lib_a-__call_atexit.o)
 .data          0x000000000000c170        0x0 /usr/local/m68k-elf/lib/libc.a(lib_a-dtoa.o)
 .data          0x000000000000c170        0x0 /usr/local/m68k-elf/lib/libc.a(lib_a-fflush.o)
 .data          0x000000000000c170        0x0 /usr/local/m68k-elf/lib/libc.a(lib_a-findfp.o)
 .data          0x000000000000c170        0x0 /usr/local/m68k-elf/lib/libc.a(lib_a-freer.o)
 .data          0x000000000000c170        0x0 /usr/local/m68k-elf/lib/libc.a(lib_a-fvwrite.o)
 .data          0x000000000000c170        0x0 /usr/local/m68k-elf/lib/libc.a(lib_a-fwalk.o)
 .data          0x000000000000c170        0x0 /usr/local/m68k-elf/lib/libc.a(lib_a-localeconv.o)
 .data          0x000000000000c170        0x0 /usr/local/m68k-elf/lib/libc.a(lib_a-makebuf.o)
 .data          0x000000000000c170      0x410 /usr/local/m68k-elf/lib/libc.a(lib_a-mallocr.o)
                0x000000000000c170                __malloc_sbrk_base
                0x000000000000c174                __malloc_trim_threshold
                0x000000000000c178                __malloc_av_
 .data          0x000000000000c580        0x0 /usr/local/m68k-elf/lib/libc.a(lib_a-memchr.o)
 .data          0x000000000000c580        0x0 /usr/local/m68k-elf/lib/libc.a(lib_a-memcpy.o)
 .data          0x000000000000c580        0x0 /usr/local/m68k-elf/lib/libc.a(lib_a-memmove.o)
 .data          0x000000000000c580        0x0 /usr/local/m68k-elf/lib/libc.a(lib_a-memset.o)
 .data          0x000000000000c580        0x0 /usr/local/m68k-elf/lib/libc.a(lib_a-mlock.o)
 .data          0x000000000000c580        0x0 /usr/local/m68k-elf/lib/libc.a(lib_a-mprec.o)
 .data          0x000000000000c580        0x0 /usr/local/m68k-elf/lib/libc.a(lib_a-reallocr.o)
 .data          0x000000000000c580        0x0 /usr/local/m68k-elf/lib/libc.a(lib_a-sbrkr.o)
 .data          0x000000000000c580        0x0 /usr/local/m68k-elf/lib/libc.a(lib_a-stdio.o)
 .data          0x000000000000c580        0x0 /usr/local/m68k-elf/lib/libc.a(lib_a-vfiprintf.o)
 .data          0x000000000000c580        0x0 /usr/local/m68k-elf/lib/libc.a(lib_a-writer.o)
 .data          0x000000000000c580        0x0 /usr/local/m68k-elf/lib/libc.a(lib_a-callocr.o)
 .data          0x000000000000c580        0x0 /usr/local/m68k-elf/lib/libc.a(lib_a-closer.o)
 .data          0x000000000000c580        0x0 /usr/local/m68k-elf/lib/libc.a(lib_a-fclose.o)
 .data          0x000000000000c580        0x0 /usr/local/m68k-elf/lib/libc.a(lib_a-fputwc.o)
 .data          0x000000000000c580        0x0 /usr/local/m68k-elf/lib/libc.a(lib_a-fstatr.o)
 .data          0x000000000000c580        0x0 /usr/local/m68k-elf/lib/libc.a(lib_a-isattyr.o)
 .data          0x000000000000c580      0x168 /usr/local/m68k-elf/lib/libc.a(lib_a-locale.o)
                0x000000000000c580                __global_locale
 .data          0x000000000000c6e8        0x0 /usr/local/m68k-elf/lib/libc.a(lib_a-lseekr.o)
 .data          0x000000000000c6e8        0x0 /usr/local/m68k-elf/lib/libc.a(lib_a-mbtowc_r.o)
 .data          0x000000000000c6e8        0x0 /usr/local/m68k-elf/lib/libc.a(lib_a-readr.o)
 .data          0x000000000000c6e8        0x0 /usr/local/m68k-elf/lib/libc.a(lib_a-reent.o)
 .data          0x000000000000c6e8        0x0 /usr/local/m68k-elf/lib/libc.a(lib_a-strcmp.o)
 .data          0x000000000000c6e8        0x0 /usr/local/m68k-elf/lib/libc.a(lib_a-wbuf.o)
 .data          0x000000000000c6e8        0x0 /usr/local/m68k-elf/lib/libc.a(lib_a-wcrtomb.o)
 .data          0x000000000000c6e8        0x0 /usr/local/m68k-elf/lib/libc.a(lib_a-wctomb_r.o)
 .data          0x000000000000c6e8        0x0 /usr/local/m68k-elf/lib/libc.a(lib_a-ctype_.o)
 .data          0x000000000000c6e8        0x0 /usr/local/lib/gcc/m68k-elf/5/libgcc.a(_mulsi3.o)
 .data          0x000000000000c6e8        0x0 /usr/local/lib/gcc/m68k-elf/5/libgcc.a(_udivsi3.o)
 .data          0x000000000000c6e8        0x0 /usr/local/lib/gcc/m68k-elf/5/libgcc.a(_divsi3.o)
 .data          0x000000000000c6e8        0x0 /usr/local/lib/gcc/m68k-elf/5/libgcc.a(_umodsi3.o)
 .data          0x000000000000c6e8        0x0 /usr/local/lib/gcc/m68k-elf/5/libgcc.a(_modsi3.o)
 .data          0x000000000000c6e8        0x0 /usr/local/lib/gcc/m68k-elf/5/libgcc.a(_double.o)
 .data          0x000000000000c6e8       0x1c /usr/local/lib/gcc/m68k-elf/5/libgcc.a(_floatex.o)
                0x000000000000c6e8                _fpCCR
 .data          0x000000000000c704        0x0 /usr/local/lib/gcc/m68k-elf/5/libgcc.a(_eqdf2.o)
 .data          0x000000000000c704        0x0 /usr/local/lib/gcc/m68k-elf/5/libgcc.a(_nedf2.o)
 .data          0x000000000000c704        0x0 /usr/local/lib/gcc/m68k-elf/5/libgcc.a(_gtdf2.o)
 .data          0x000000000000c704        0x0 /usr/local/lib/gcc/m68k-elf/5/libgcc.a(_gedf2.o)
 .data          0x000000000000c704        0x0 /usr/local/lib/gcc/m68k-elf/5/libgcc.a(_ltdf2.o)
 .data          0x000000000000c704        0x0 /usr/local/lib/gcc/m68k-elf/5/libgcc.a(_ledf2.o)
 .data          0x000000000000c704        0x0 /usr/local/lib/gcc/m68k-elf/5/libgcc.a(fpgnulib.o)
 .data          0x000000000000c704        0x0 /usr/local/lib/gcc/m68k-elf/5/libgcc.a(xfgnulib.o)
 .data          0x000000000000c704        0x0 /usr/local/m68k-elf/lib/libidp.a(close.o)
 .data          0x000000000000c704        0x0 /usr/local/m68k-elf/lib/libidp.a(fstat.o)
 .data          0x000000000000c704        0x0 /usr/local/m68k-elf/lib/libidp.a(isatty.o)
 .data          0x000000000000c704        0x0 /usr/local/m68k-elf/lib/libidp.a(lseek.o)
 .data          0x000000000000c704        0x0 /usr/local/m68k-elf/lib/libidp.a(sbrk.o)
 .data          0x000000000000c704        0x0 /usr/local/m68k-elf/lib/libidp.a(mc68ec.o)
 .data          0x000000000000c704        0x0 /usr/local/m68k-elf/lib/libc.a(lib_a-errno.o)
                0x000000000000c704                _edata = .

.bss            0x000000000000c704     0xba10
                0x000000000000c704                . = ALIGN (0x4)
                0x000000000000c704                __bss_start = .
 *(.shbss)
 *(.bss)
 .bss           0x000000000000c704        0x0 crt0.o
 .bss           0x000000000000c704     0x8104 mon.o
 .bss           0x0000000000014808        0x0 csys68k.o
 .bss           0x0000000000014808        0x1 inchrw.o
 *fill*         0x0000000000014809        0x3 
 .bss           0x000000000001480c        0x0 mtk_asm.o
 .bss           0x000000000001480c        0x0 mtk_c.o
 .bss           0x000000000001480c        0x0 outchr.o
 .bss           0x000000000001480c        0x0 test3.o
 .bss           0x000000000001480c        0x0 /usr/local/m68k-elf/lib/libc.a(lib_a-exit.o)
 .bss           0x000000000001480c        0x0 /usr/local/m68k-elf/lib/libc.a(lib_a-impure.o)
 .bss           0x000000000001480c        0x0 /usr/local/m68k-elf/lib/libc.a(lib_a-printf.o)
 .bss           0x000000000001480c        0x0 /usr/local/m68k-elf/lib/libc.a(lib_a-puts.o)
 .bss           0x000000000001480c        0x0 /usr/local/m68k-elf/lib/libc.a(lib_a-strlen.o)
 .bss           0x000000000001480c        0x0 /usr/local/m68k-elf/lib/libc.a(lib_a-vfprintf.o)
 .bss           0x000000000001480c        0x0 /usr/local/m68k-elf/lib/libc.a(lib_a-wsetup.o)
 .bss           0x000000000001480c        0x0 /usr/local/m68k-elf/lib/libc.a(lib_a-__call_atexit.o)
 .bss           0x000000000001480c        0x0 /usr/local/m68k-elf/lib/libc.a(lib_a-dtoa.o)
 .bss           0x000000000001480c        0x0 /usr/local/m68k-elf/lib/libc.a(lib_a-fflush.o)
 .bss           0x000000000001480c        0x0 /usr/local/m68k-elf/lib/libc.a(lib_a-findfp.o)
 .bss           0x000000000001480c        0x0 /usr/local/m68k-elf/lib/libc.a(lib_a-freer.o)
 .bss           0x000000000001480c        0x0 /usr/local/m68k-elf/lib/libc.a(lib_a-fvwrite.o)
 .bss           0x000000000001480c        0x0 /usr/local/m68k-elf/lib/libc.a(lib_a-fwalk.o)
 .bss           0x000000000001480c        0x0 /usr/local/m68k-elf/lib/libc.a(lib_a-localeconv.o)
 .bss           0x000000000001480c        0x0 /usr/local/m68k-elf/lib/libc.a(lib_a-makebuf.o)
 .bss           0x000000000001480c       0x34 /usr/local/m68k-elf/lib/libc.a(lib_a-mallocr.o)
                0x000000000001480c                __malloc_current_mallinfo
                0x0000000000014834                __malloc_max_total_mem
                0x0000000000014838                __malloc_max_sbrked_mem
                0x000000000001483c                __malloc_top_pad
 .bss           0x0000000000014840        0x0 /usr/local/m68k-elf/lib/libc.a(lib_a-memchr.o)
 .bss           0x0000000000014840        0x0 /usr/local/m68k-elf/lib/libc.a(lib_a-memcpy.o)
 .bss           0x0000000000014840        0x0 /usr/local/m68k-elf/lib/libc.a(lib_a-memmove.o)
 .bss           0x0000000000014840        0x0 /usr/local/m68k-elf/lib/libc.a(lib_a-memset.o)
 .bss           0x0000000000014840        0x0 /usr/local/m68k-elf/lib/libc.a(lib_a-mlock.o)
 .bss           0x0000000000014840        0x0 /usr/local/m68k-elf/lib/libc.a(lib_a-mprec.o)
 .bss           0x0000000000014840        0x0 /usr/local/m68k-elf/lib/libc.a(lib_a-reallocr.o)
 .bss           0x0000000000014840        0x0 /usr/local/m68k-elf/lib/libc.a(lib_a-sbrkr.o)
 .bss           0x0000000000014840        0x0 /usr/local/m68k-elf/lib/libc.a(lib_a-stdio.o)
 .bss           0x0000000000014840        0x0 /usr/local/m68k-elf/lib/libc.a(lib_a-vfiprintf.o)
 .bss           0x0000000000014840        0x0 /usr/local/m68k-elf/lib/libc.a(lib_a-writer.o)
 .bss           0x0000000000014840        0x0 /usr/local/m68k-elf/lib/libc.a(lib_a-callocr.o)
 .bss           0x0000000000014840        0x0 /usr/local/m68k-elf/lib/libc.a(lib_a-closer.o)
 .bss           0x0000000000014840        0x0 /usr/local/m68k-elf/lib/libc.a(lib_a-fclose.o)
 .bss           0x0000000000014840        0x0 /usr/local/m68k-elf/lib/libc.a(lib_a-fputwc.o)
 .bss           0x0000000000014840        0x0 /usr/local/m68k-elf/lib/libc.a(lib_a-fstatr.o)
 .bss           0x0000000000014840        0x0 /usr/local/m68k-elf/lib/libc.a(lib_a-isattyr.o)
 .bss           0x0000000000014840        0x4 /usr/local/m68k-elf/lib/libc.a(lib_a-locale.o)
                0x0000000000014840                _PathLocale
 .bss           0x0000000000014844        0x0 /usr/local/m68k-elf/lib/libc.a(lib_a-lseekr.o)
 .bss           0x0000000000014844        0x0 /usr/local/m68k-elf/lib/libc.a(lib_a-mbtowc_r.o)
 .bss           0x0000000000014844        0x0 /usr/local/m68k-elf/lib/libc.a(lib_a-readr.o)
 .bss           0x0000000000014844        0x0 /usr/local/m68k-elf/lib/libc.a(lib_a-reent.o)
 .bss           0x0000000000014844        0x0 /usr/local/m68k-elf/lib/libc.a(lib_a-strcmp.o)
 .bss           0x0000000000014844        0x0 /usr/local/m68k-elf/lib/libc.a(lib_a-wbuf.o)
 .bss           0x0000000000014844        0x0 /usr/local/m68k-elf/lib/libc.a(lib_a-wcrtomb.o)
 .bss           0x0000000000014844        0x0 /usr/local/m68k-elf/lib/libc.a(lib_a-wctomb_r.o)
 .bss           0x0000000000014844        0x0 /usr/local/m68k-elf/lib/libc.a(lib_a-ctype_.o)
 .bss           0x0000000000014844        0x0 /usr/local/lib/gcc/m68k-elf/5/libgcc.a(_mulsi3.o)
 .bss           0x0000000000014844        0x0 /usr/local/lib/gcc/m68k-elf/5/libgcc.a(_udivsi3.o)
 .bss           0x0000000000014844        0x0 /usr/local/lib/gcc/m68k-elf/5/libgcc.a(_divsi3.o)
 .bss           0x0000000000014844        0x0 /usr/local/lib/gcc/m68k-elf/5/libgcc.a(_umodsi3.o)
 .bss           0x0000000000014844        0x0 /usr/local/lib/gcc/m68k-elf/5/libgcc.a(_modsi3.o)
 .bss           0x0000000000014844        0x0 /usr/local/lib/gcc/m68k-elf/5/libgcc.a(_double.o)
 .bss           0x0000000000014844        0x0 /usr/local/lib/gcc/m68k-elf/5/libgcc.a(_floatex.o)
 .bss           0x0000000000014844        0x0 /usr/local/lib/gcc/m68k-elf/5/libgcc.a(_eqdf2.o)
 .bss           0x0000000000014844        0x0 /usr/local/lib/gcc/m68k-elf/5/libgcc.a(_nedf2.o)
 .bss           0x0000000000014844        0x0 /usr/local/lib/gcc/m68k-elf/5/libgcc.a(_gtdf2.o)
 .bss           0x0000000000014844        0x0 /usr/local/lib/gcc/m68k-elf/5/libgcc.a(_gedf2.o)
 .bss           0x0000000000014844        0x0 /usr/local/lib/gcc/m68k-elf/5/libgcc.a(_ltdf2.o)
 .bss           0x0000000000014844        0x0 /usr/local/lib/gcc/m68k-elf/5/libgcc.a(_ledf2.o)
 .bss           0x0000000000014844        0x0 /usr/local/lib/gcc/m68k-elf/5/libgcc.a(fpgnulib.o)
 .bss           0x0000000000014844        0x0 /usr/local/lib/gcc/m68k-elf/5/libgcc.a(xfgnulib.o)
 .bss           0x0000000000014844        0x0 /usr/local/m68k-elf/lib/libidp.a(close.o)
 .bss           0x0000000000014844        0x0 /usr/local/m68k-elf/lib/libidp.a(fstat.o)
 .bss           0x0000000000014844        0x0 /usr/local/m68k-elf/lib/libidp.a(isatty.o)
 .bss           0x0000000000014844        0x0 /usr/local/m68k-elf/lib/libidp.a(lseek.o)
 .bss           0x0000000000014844        0x0 /usr/local/m68k-elf/lib/libidp.a(sbrk.o)
 .bss           0x0000000000014844        0x0 /usr/local/m68k-elf/lib/libidp.a(mc68ec.o)
 .bss           0x0000000000014844        0x0 /usr/local/m68k-elf/lib/libc.a(lib_a-errno.o)
 *(COMMON)
 COMMON         0x0000000000014844     0x38c8 mtk_c.o
                0x0000000000014844                next_task
                0x0000000000014848                semaphore
                0x0000000000014860                curr_task
                0x0000000000014864                task_tab
                0x0000000000014904                stacks
                0x0000000000018104                new_task
                0x0000000000018108                ready
 COMMON         0x000000000001810c        0x4 /usr/local/m68k-elf/lib/libc.a(lib_a-reent.o)
                0x000000000001810c                errno
 COMMON         0x0000000000018110        0x4 /usr/local/m68k-elf/lib/libidp.a(sbrk.o)
                0x0000000000018110                heap_ptr
                0x0000000000018118                _end = ALIGN (0x8)
                0x0000000000018118                __end = _end

.stab
 *(.stab)

.stabstr
 *(.stabstr)
OUTPUT(test3.hex srec)

.debug_info     0x0000000000000000    0x21562
 .debug_info    0x0000000000000000      0x19f csys68k.o
 .debug_info    0x000000000000019f      0xf56 mtk_c.o
 .debug_info    0x00000000000010f5      0xb8c test3.o
 .debug_info    0x0000000000001c81      0x8dc /usr/local/m68k-elf/lib/libc.a(lib_a-exit.o)
 .debug_info    0x000000000000255d      0x8b1 /usr/local/m68k-elf/lib/libc.a(lib_a-impure.o)
 .debug_info    0x0000000000002e0e      0x970 /usr/local/m68k-elf/lib/libc.a(lib_a-printf.o)
 .debug_info    0x000000000000377e      0xa19 /usr/local/m68k-elf/lib/libc.a(lib_a-puts.o)
 .debug_info    0x0000000000004197       0xd6 /usr/local/m68k-elf/lib/libc.a(lib_a-strlen.o)
 .debug_info    0x000000000000426d     0x16d2 /usr/local/m68k-elf/lib/libc.a(lib_a-vfprintf.o)
 .debug_info    0x000000000000593f      0x927 /usr/local/m68k-elf/lib/libc.a(lib_a-wsetup.o)
 .debug_info    0x0000000000006266      0x95f /usr/local/m68k-elf/lib/libc.a(lib_a-__call_atexit.o)
 .debug_info    0x0000000000006bc5     0x144b /usr/local/m68k-elf/lib/libc.a(lib_a-dtoa.o)
 .debug_info    0x0000000000008010      0xa2c /usr/local/m68k-elf/lib/libc.a(lib_a-fflush.o)
 .debug_info    0x0000000000008a3c      0xd0b /usr/local/m68k-elf/lib/libc.a(lib_a-findfp.o)
 .debug_info    0x0000000000009747      0xbb5 /usr/local/m68k-elf/lib/libc.a(lib_a-freer.o)
 .debug_info    0x000000000000a2fc      0xac9 /usr/local/m68k-elf/lib/libc.a(lib_a-fvwrite.o)
 .debug_info    0x000000000000adc5      0x9a5 /usr/local/m68k-elf/lib/libc.a(lib_a-fwalk.o)
 .debug_info    0x000000000000b76a      0xe4a /usr/local/m68k-elf/lib/libc.a(lib_a-localeconv.o)
 .debug_info    0x000000000000c5b4      0xc08 /usr/local/m68k-elf/lib/libc.a(lib_a-makebuf.o)
 .debug_info    0x000000000000d1bc      0xcdd /usr/local/m68k-elf/lib/libc.a(lib_a-mallocr.o)
 .debug_info    0x000000000000de99      0x12d /usr/local/m68k-elf/lib/libc.a(lib_a-memchr.o)
 .debug_info    0x000000000000dfc6       0x26 /usr/local/m68k-elf/lib/libc.a(lib_a-memcpy.o)
 .debug_info    0x000000000000dfec      0xdfd /usr/local/m68k-elf/lib/libc.a(lib_a-memmove.o)
 .debug_info    0x000000000000ede9       0x26 /usr/local/m68k-elf/lib/libc.a(lib_a-memset.o)
 .debug_info    0x000000000000ee0f      0x8bf /usr/local/m68k-elf/lib/libc.a(lib_a-mlock.o)
 .debug_info    0x000000000000f6ce     0x1a82 /usr/local/m68k-elf/lib/libc.a(lib_a-mprec.o)
 .debug_info    0x0000000000011150      0xc46 /usr/local/m68k-elf/lib/libc.a(lib_a-reallocr.o)
 .debug_info    0x0000000000011d96      0x901 /usr/local/m68k-elf/lib/libc.a(lib_a-sbrkr.o)
 .debug_info    0x0000000000012697      0xae3 /usr/local/m68k-elf/lib/libc.a(lib_a-stdio.o)
 .debug_info    0x000000000001317a     0x17d3 /usr/local/m68k-elf/lib/libc.a(lib_a-vfiprintf.o)
 .debug_info    0x000000000001494d      0x90e /usr/local/m68k-elf/lib/libc.a(lib_a-writer.o)
 .debug_info    0x000000000001525b      0x9d3 /usr/local/m68k-elf/lib/libc.a(lib_a-callocr.o)
 .debug_info    0x0000000000015c2e      0x8e0 /usr/local/m68k-elf/lib/libc.a(lib_a-closer.o)
 .debug_info    0x000000000001650e      0x9e5 /usr/local/m68k-elf/lib/libc.a(lib_a-fclose.o)
 .debug_info    0x0000000000016ef3      0xae3 /usr/local/m68k-elf/lib/libc.a(lib_a-fputwc.o)
 .debug_info    0x00000000000179d6      0xac4 /usr/local/m68k-elf/lib/libc.a(lib_a-fstatr.o)
 .debug_info    0x000000000001849a      0x8e0 /usr/local/m68k-elf/lib/libc.a(lib_a-isattyr.o)
 .debug_info    0x0000000000018d7a      0xf06 /usr/local/m68k-elf/lib/libc.a(lib_a-locale.o)
 .debug_info    0x0000000000019c80      0x8fc /usr/local/m68k-elf/lib/libc.a(lib_a-lseekr.o)
 .debug_info    0x000000000001a57c      0xe78 /usr/local/m68k-elf/lib/libc.a(lib_a-mbtowc_r.o)
 .debug_info    0x000000000001b3f4      0x907 /usr/local/m68k-elf/lib/libc.a(lib_a-readr.o)
 .debug_info    0x000000000001bcfb      0x993 /usr/local/m68k-elf/lib/libc.a(lib_a-reent.o)
 .debug_info    0x000000000001c68e       0xe4 /usr/local/m68k-elf/lib/libc.a(lib_a-strcmp.o)
 .debug_info    0x000000000001c772      0x987 /usr/local/m68k-elf/lib/libc.a(lib_a-wbuf.o)
 .debug_info    0x000000000001d0f9      0xeb9 /usr/local/m68k-elf/lib/libc.a(lib_a-wcrtomb.o)
 .debug_info    0x000000000001dfb2      0xe4a /usr/local/m68k-elf/lib/libc.a(lib_a-wctomb_r.o)
 .debug_info    0x000000000001edfc      0xd83 /usr/local/m68k-elf/lib/libc.a(lib_a-ctype_.o)
 .debug_info    0x000000000001fb7f       0x26 /usr/local/lib/gcc/m68k-elf/5/libgcc.a(_mulsi3.o)
 .debug_info    0x000000000001fba5       0x26 /usr/local/lib/gcc/m68k-elf/5/libgcc.a(_udivsi3.o)
 .debug_info    0x000000000001fbcb       0x26 /usr/local/lib/gcc/m68k-elf/5/libgcc.a(_divsi3.o)
 .debug_info    0x000000000001fbf1       0x26 /usr/local/lib/gcc/m68k-elf/5/libgcc.a(_umodsi3.o)
 .debug_info    0x000000000001fc17       0x26 /usr/local/lib/gcc/m68k-elf/5/libgcc.a(_modsi3.o)
 .debug_info    0x000000000001fc3d       0x26 /usr/local/lib/gcc/m68k-elf/5/libgcc.a(_double.o)
 .debug_info    0x000000000001fc63       0x26 /usr/local/lib/gcc/m68k-elf/5/libgcc.a(_floatex.o)
 .debug_info    0x000000000001fc89       0x26 /usr/local/lib/gcc/m68k-elf/5/libgcc.a(_eqdf2.o)
 .debug_info    0x000000000001fcaf       0x26 /usr/local/lib/gcc/m68k-elf/5/libgcc.a(_nedf2.o)
 .debug_info    0x000000000001fcd5       0x26 /usr/local/lib/gcc/m68k-elf/5/libgcc.a(_gtdf2.o)
 .debug_info    0x000000000001fcfb       0x26 /usr/local/lib/gcc/m68k-elf/5/libgcc.a(_gedf2.o)
 .debug_info    0x000000000001fd21       0x26 /usr/local/lib/gcc/m68k-elf/5/libgcc.a(_ltdf2.o)
 .debug_info    0x000000000001fd47       0x26 /usr/local/lib/gcc/m68k-elf/5/libgcc.a(_ledf2.o)
 .debug_info    0x000000000001fd6d      0x44e /usr/local/lib/gcc/m68k-elf/5/libgcc.a(fpgnulib.o)
 .debug_info    0x00000000000201bb      0x51e /usr/local/lib/gcc/m68k-elf/5/libgcc.a(xfgnulib.o)
 .debug_info    0x00000000000206d9       0x54 /usr/local/m68k-elf/lib/libidp.a(close.o)
 .debug_info    0x000000000002072d      0x297 /usr/local/m68k-elf/lib/libidp.a(fstat.o)
 .debug_info    0x00000000000209c4       0x54 /usr/local/m68k-elf/lib/libidp.a(isatty.o)
 .debug_info    0x0000000000020a18       0xf9 /usr/local/m68k-elf/lib/libidp.a(lseek.o)
 .debug_info    0x0000000000020b11       0xe5 /usr/local/m68k-elf/lib/libidp.a(sbrk.o)
 .debug_info    0x0000000000020bf6       0xc6 /usr/local/m68k-elf/lib/libidp.a(mc68ec.o)
 .debug_info    0x0000000000020cbc      0x8a6 /usr/local/m68k-elf/lib/libc.a(lib_a-errno.o)

.debug_abbrev   0x0000000000000000     0x691b
 .debug_abbrev  0x0000000000000000       0xa7 csys68k.o
 .debug_abbrev  0x00000000000000a7      0x353 mtk_c.o
 .debug_abbrev  0x00000000000003fa      0x23c test3.o
 .debug_abbrev  0x0000000000000636      0x1c6 /usr/local/m68k-elf/lib/libc.a(lib_a-exit.o)
 .debug_abbrev  0x00000000000007fc      0x189 /usr/local/m68k-elf/lib/libc.a(lib_a-impure.o)
 .debug_abbrev  0x0000000000000985      0x214 /usr/local/m68k-elf/lib/libc.a(lib_a-printf.o)
 .debug_abbrev  0x0000000000000b99      0x21c /usr/local/m68k-elf/lib/libc.a(lib_a-puts.o)
 .debug_abbrev  0x0000000000000db5       0x7f /usr/local/m68k-elf/lib/libc.a(lib_a-strlen.o)
 .debug_abbrev  0x0000000000000e34      0x3a3 /usr/local/m68k-elf/lib/libc.a(lib_a-vfprintf.o)
 .debug_abbrev  0x00000000000011d7      0x1ee /usr/local/m68k-elf/lib/libc.a(lib_a-wsetup.o)
 .debug_abbrev  0x00000000000013c5      0x213 /usr/local/m68k-elf/lib/libc.a(lib_a-__call_atexit.o)
 .debug_abbrev  0x00000000000015d8      0x2af /usr/local/m68k-elf/lib/libc.a(lib_a-dtoa.o)
 .debug_abbrev  0x0000000000001887      0x280 /usr/local/m68k-elf/lib/libc.a(lib_a-fflush.o)
 .debug_abbrev  0x0000000000001b07      0x383 /usr/local/m68k-elf/lib/libc.a(lib_a-findfp.o)
 .debug_abbrev  0x0000000000001e8a      0x24d /usr/local/m68k-elf/lib/libc.a(lib_a-freer.o)
 .debug_abbrev  0x00000000000020d7      0x21b /usr/local/m68k-elf/lib/libc.a(lib_a-fvwrite.o)
 .debug_abbrev  0x00000000000022f2      0x1c7 /usr/local/m68k-elf/lib/libc.a(lib_a-fwalk.o)
 .debug_abbrev  0x00000000000024b9      0x235 /usr/local/m68k-elf/lib/libc.a(lib_a-localeconv.o)
 .debug_abbrev  0x00000000000026ee      0x297 /usr/local/m68k-elf/lib/libc.a(lib_a-makebuf.o)
 .debug_abbrev  0x0000000000002985      0x28e /usr/local/m68k-elf/lib/libc.a(lib_a-mallocr.o)
 .debug_abbrev  0x0000000000002c13       0xc9 /usr/local/m68k-elf/lib/libc.a(lib_a-memchr.o)
 .debug_abbrev  0x0000000000002cdc       0x14 /usr/local/m68k-elf/lib/libc.a(lib_a-memcpy.o)
 .debug_abbrev  0x0000000000002cf0      0x1e3 /usr/local/m68k-elf/lib/libc.a(lib_a-memmove.o)
 .debug_abbrev  0x0000000000002ed3       0x14 /usr/local/m68k-elf/lib/libc.a(lib_a-memset.o)
 .debug_abbrev  0x0000000000002ee7      0x1b5 /usr/local/m68k-elf/lib/libc.a(lib_a-mlock.o)
 .debug_abbrev  0x000000000000309c      0x3e1 /usr/local/m68k-elf/lib/libc.a(lib_a-mprec.o)
 .debug_abbrev  0x000000000000347d      0x23c /usr/local/m68k-elf/lib/libc.a(lib_a-reallocr.o)
 .debug_abbrev  0x00000000000036b9      0x1f8 /usr/local/m68k-elf/lib/libc.a(lib_a-sbrkr.o)
 .debug_abbrev  0x00000000000038b1      0x22b /usr/local/m68k-elf/lib/libc.a(lib_a-stdio.o)
 .debug_abbrev  0x0000000000003adc      0x3bd /usr/local/m68k-elf/lib/libc.a(lib_a-vfiprintf.o)
 .debug_abbrev  0x0000000000003e99      0x1d9 /usr/local/m68k-elf/lib/libc.a(lib_a-writer.o)
 .debug_abbrev  0x0000000000004072      0x219 /usr/local/m68k-elf/lib/libc.a(lib_a-callocr.o)
 .debug_abbrev  0x000000000000428b      0x1d4 /usr/local/m68k-elf/lib/libc.a(lib_a-closer.o)
 .debug_abbrev  0x000000000000445f      0x268 /usr/local/m68k-elf/lib/libc.a(lib_a-fclose.o)
 .debug_abbrev  0x00000000000046c7      0x2cc /usr/local/m68k-elf/lib/libc.a(lib_a-fputwc.o)
 .debug_abbrev  0x0000000000004993      0x1e3 /usr/local/m68k-elf/lib/libc.a(lib_a-fstatr.o)
 .debug_abbrev  0x0000000000004b76      0x1d4 /usr/local/m68k-elf/lib/libc.a(lib_a-isattyr.o)
 .debug_abbrev  0x0000000000004d4a      0x26b /usr/local/m68k-elf/lib/libc.a(lib_a-locale.o)
 .debug_abbrev  0x0000000000004fb5      0x1e3 /usr/local/m68k-elf/lib/libc.a(lib_a-lseekr.o)
 .debug_abbrev  0x0000000000005198      0x24d /usr/local/m68k-elf/lib/libc.a(lib_a-mbtowc_r.o)
 .debug_abbrev  0x00000000000053e5      0x1d4 /usr/local/m68k-elf/lib/libc.a(lib_a-readr.o)
 .debug_abbrev  0x00000000000055b9      0x24a /usr/local/m68k-elf/lib/libc.a(lib_a-reent.o)
 .debug_abbrev  0x0000000000005803       0x74 /usr/local/m68k-elf/lib/libc.a(lib_a-strcmp.o)
 .debug_abbrev  0x0000000000005877      0x228 /usr/local/m68k-elf/lib/libc.a(lib_a-wbuf.o)
 .debug_abbrev  0x0000000000005a9f      0x207 /usr/local/m68k-elf/lib/libc.a(lib_a-wcrtomb.o)
 .debug_abbrev  0x0000000000005ca6      0x237 /usr/local/m68k-elf/lib/libc.a(lib_a-wctomb_r.o)
 .debug_abbrev  0x0000000000005edd      0x19c /usr/local/m68k-elf/lib/libc.a(lib_a-ctype_.o)
 .debug_abbrev  0x0000000000006079       0x14 /usr/local/lib/gcc/m68k-elf/5/libgcc.a(_mulsi3.o)
 .debug_abbrev  0x000000000000608d       0x14 /usr/local/lib/gcc/m68k-elf/5/libgcc.a(_udivsi3.o)
 .debug_abbrev  0x00000000000060a1       0x14 /usr/local/lib/gcc/m68k-elf/5/libgcc.a(_divsi3.o)
 .debug_abbrev  0x00000000000060b5       0x14 /usr/local/lib/gcc/m68k-elf/5/libgcc.a(_umodsi3.o)
 .debug_abbrev  0x00000000000060c9       0x14 /usr/local/lib/gcc/m68k-elf/5/libgcc.a(_modsi3.o)
 .debug_abbrev  0x00000000000060dd       0x14 /usr/local/lib/gcc/m68k-elf/5/libgcc.a(_double.o)
 .debug_abbrev  0x00000000000060f1       0x14 /usr/local/lib/gcc/m68k-elf/5/libgcc.a(_floatex.o)
 .debug_abbrev  0x0000000000006105       0x14 /usr/local/lib/gcc/m68k-elf/5/libgcc.a(_eqdf2.o)
 .debug_abbrev  0x0000000000006119       0x14 /usr/local/lib/gcc/m68k-elf/5/libgcc.a(_nedf2.o)
 .debug_abbrev  0x000000000000612d       0x14 /usr/local/lib/gcc/m68k-elf/5/libgcc.a(_gtdf2.o)
 .debug_abbrev  0x0000000000006141       0x14 /usr/local/lib/gcc/m68k-elf/5/libgcc.a(_gedf2.o)
 .debug_abbrev  0x0000000000006155       0x14 /usr/local/lib/gcc/m68k-elf/5/libgcc.a(_ltdf2.o)
 .debug_abbrev  0x0000000000006169       0x14 /usr/local/lib/gcc/m68k-elf/5/libgcc.a(_ledf2.o)
 .debug_abbrev  0x000000000000617d      0x1cf /usr/local/lib/gcc/m68k-elf/5/libgcc.a(fpgnulib.o)
 .debug_abbrev  0x000000000000634c      0x168 /usr/local/lib/gcc/m68k-elf/5/libgcc.a(xfgnulib.o)
 .debug_abbrev  0x00000000000064b4       0x4a /usr/local/m68k-elf/lib/libidp.a(close.o)
 .debug_abbrev  0x00000000000064fe       0x9b /usr/local/m68k-elf/lib/libidp.a(fstat.o)
 .debug_abbrev  0x0000000000006599       0x4a /usr/local/m68k-elf/lib/libidp.a(isatty.o)
 .debug_abbrev  0x00000000000065e3       0x8d /usr/local/m68k-elf/lib/libidp.a(lseek.o)
 .debug_abbrev  0x0000000000006670       0x9b /usr/local/m68k-elf/lib/libidp.a(sbrk.o)
 .debug_abbrev  0x000000000000670b       0x78 /usr/local/m68k-elf/lib/libidp.a(mc68ec.o)
 .debug_abbrev  0x0000000000006783      0x198 /usr/local/m68k-elf/lib/libc.a(lib_a-errno.o)

.debug_loc      0x0000000000000000     0xe44f
 .debug_loc     0x0000000000000000      0x15f csys68k.o
 .debug_loc     0x000000000000015f      0x454 mtk_c.o
 .debug_loc     0x00000000000005b3      0x12f test3.o
 .debug_loc     0x00000000000006e2       0xb7 /usr/local/m68k-elf/lib/libc.a(lib_a-printf.o)
 .debug_loc     0x0000000000000799       0x95 /usr/local/m68k-elf/lib/libc.a(lib_a-puts.o)
 .debug_loc     0x000000000000082e       0x33 /usr/local/m68k-elf/lib/libc.a(lib_a-strlen.o)
 .debug_loc     0x0000000000000861     0x310c /usr/local/m68k-elf/lib/libc.a(lib_a-vfprintf.o)
 .debug_loc     0x000000000000396d       0x1e /usr/local/m68k-elf/lib/libc.a(lib_a-wsetup.o)
 .debug_loc     0x000000000000398b      0x1c7 /usr/local/m68k-elf/lib/libc.a(lib_a-__call_atexit.o)
 .debug_loc     0x0000000000003b52     0x2566 /usr/local/m68k-elf/lib/libc.a(lib_a-dtoa.o)
 .debug_loc     0x00000000000060b8      0x172 /usr/local/m68k-elf/lib/libc.a(lib_a-fflush.o)
 .debug_loc     0x000000000000622a      0x198 /usr/local/m68k-elf/lib/libc.a(lib_a-findfp.o)
 .debug_loc     0x00000000000063c2      0x4dd /usr/local/m68k-elf/lib/libc.a(lib_a-freer.o)
 .debug_loc     0x000000000000689f      0x473 /usr/local/m68k-elf/lib/libc.a(lib_a-fvwrite.o)
 .debug_loc     0x0000000000006d12       0xf8 /usr/local/m68k-elf/lib/libc.a(lib_a-fwalk.o)
 .debug_loc     0x0000000000006e0a       0x24 /usr/local/m68k-elf/lib/libc.a(lib_a-localeconv.o)
 .debug_loc     0x0000000000006e2e       0xb3 /usr/local/m68k-elf/lib/libc.a(lib_a-makebuf.o)
 .debug_loc     0x0000000000006ee1      0xa3f /usr/local/m68k-elf/lib/libc.a(lib_a-mallocr.o)
 .debug_loc     0x0000000000007920      0x13c /usr/local/m68k-elf/lib/libc.a(lib_a-memchr.o)
 .debug_loc     0x0000000000007a5c      0x322 /usr/local/m68k-elf/lib/libc.a(lib_a-memmove.o)
 .debug_loc     0x0000000000007d7e     0x1ce9 /usr/local/m68k-elf/lib/libc.a(lib_a-mprec.o)
 .debug_loc     0x0000000000009a67     0x1618 /usr/local/m68k-elf/lib/libc.a(lib_a-reallocr.o)
 .debug_loc     0x000000000000b07f      0x14a /usr/local/m68k-elf/lib/libc.a(lib_a-stdio.o)
 .debug_loc     0x000000000000b1c9     0x2094 /usr/local/m68k-elf/lib/libc.a(lib_a-vfiprintf.o)
 .debug_loc     0x000000000000d25d      0x30b /usr/local/m68k-elf/lib/libc.a(lib_a-callocr.o)
 .debug_loc     0x000000000000d568       0x9a /usr/local/m68k-elf/lib/libc.a(lib_a-fclose.o)
 .debug_loc     0x000000000000d602      0x191 /usr/local/m68k-elf/lib/libc.a(lib_a-fputwc.o)
 .debug_loc     0x000000000000d793       0x1f /usr/local/m68k-elf/lib/libc.a(lib_a-locale.o)
 .debug_loc     0x000000000000d7b2       0xd6 /usr/local/m68k-elf/lib/libc.a(lib_a-mbtowc_r.o)
 .debug_loc     0x000000000000d888       0x6d /usr/local/m68k-elf/lib/libc.a(lib_a-reent.o)
 .debug_loc     0x000000000000d8f5       0x92 /usr/local/m68k-elf/lib/libc.a(lib_a-strcmp.o)
 .debug_loc     0x000000000000d987       0xab /usr/local/m68k-elf/lib/libc.a(lib_a-wbuf.o)
 .debug_loc     0x000000000000da32       0xf1 /usr/local/m68k-elf/lib/libc.a(lib_a-wcrtomb.o)
 .debug_loc     0x000000000000db23       0xcd /usr/local/m68k-elf/lib/libc.a(lib_a-wctomb_r.o)
 .debug_loc     0x000000000000dbf0      0x6f4 /usr/local/lib/gcc/m68k-elf/5/libgcc.a(fpgnulib.o)
 .debug_loc     0x000000000000e2e4      0x107 /usr/local/lib/gcc/m68k-elf/5/libgcc.a(xfgnulib.o)
 .debug_loc     0x000000000000e3eb       0x22 /usr/local/m68k-elf/lib/libidp.a(sbrk.o)
 .debug_loc     0x000000000000e40d       0x42 /usr/local/m68k-elf/lib/libidp.a(mc68ec.o)

.debug_aranges  0x0000000000000000      0x898
 .debug_aranges
                0x0000000000000000       0x20 csys68k.o
 .debug_aranges
                0x0000000000000020       0x20 mtk_c.o
 .debug_aranges
                0x0000000000000040       0x28 test3.o
 .debug_aranges
                0x0000000000000068       0x20 /usr/local/m68k-elf/lib/libc.a(lib_a-exit.o)
 .debug_aranges
                0x0000000000000088       0x18 /usr/local/m68k-elf/lib/libc.a(lib_a-impure.o)
 .debug_aranges
                0x00000000000000a0       0x20 /usr/local/m68k-elf/lib/libc.a(lib_a-printf.o)
 .debug_aranges
                0x00000000000000c0       0x20 /usr/local/m68k-elf/lib/libc.a(lib_a-puts.o)
 .debug_aranges
                0x00000000000000e0       0x20 /usr/local/m68k-elf/lib/libc.a(lib_a-strlen.o)
 .debug_aranges
                0x0000000000000100       0x20 /usr/local/m68k-elf/lib/libc.a(lib_a-vfprintf.o)
 .debug_aranges
                0x0000000000000120       0x20 /usr/local/m68k-elf/lib/libc.a(lib_a-wsetup.o)
 .debug_aranges
                0x0000000000000140       0x20 /usr/local/m68k-elf/lib/libc.a(lib_a-__call_atexit.o)
 .debug_aranges
                0x0000000000000160       0x20 /usr/local/m68k-elf/lib/libc.a(lib_a-dtoa.o)
 .debug_aranges
                0x0000000000000180       0x20 /usr/local/m68k-elf/lib/libc.a(lib_a-fflush.o)
 .debug_aranges
                0x00000000000001a0       0x20 /usr/local/m68k-elf/lib/libc.a(lib_a-findfp.o)
 .debug_aranges
                0x00000000000001c0       0x20 /usr/local/m68k-elf/lib/libc.a(lib_a-freer.o)
 .debug_aranges
                0x00000000000001e0       0x20 /usr/local/m68k-elf/lib/libc.a(lib_a-fvwrite.o)
 .debug_aranges
                0x0000000000000200       0x20 /usr/local/m68k-elf/lib/libc.a(lib_a-fwalk.o)
 .debug_aranges
                0x0000000000000220       0x20 /usr/local/m68k-elf/lib/libc.a(lib_a-localeconv.o)
 .debug_aranges
                0x0000000000000240       0x20 /usr/local/m68k-elf/lib/libc.a(lib_a-makebuf.o)
 .debug_aranges
                0x0000000000000260       0x20 /usr/local/m68k-elf/lib/libc.a(lib_a-mallocr.o)
 .debug_aranges
                0x0000000000000280       0x20 /usr/local/m68k-elf/lib/libc.a(lib_a-memchr.o)
 .debug_aranges
                0x00000000000002a0       0x20 /usr/local/m68k-elf/lib/libc.a(lib_a-memcpy.o)
 .debug_aranges
                0x00000000000002c0       0x20 /usr/local/m68k-elf/lib/libc.a(lib_a-memmove.o)
 .debug_aranges
                0x00000000000002e0       0x20 /usr/local/m68k-elf/lib/libc.a(lib_a-memset.o)
 .debug_aranges
                0x0000000000000300       0x20 /usr/local/m68k-elf/lib/libc.a(lib_a-mlock.o)
 .debug_aranges
                0x0000000000000320       0x20 /usr/local/m68k-elf/lib/libc.a(lib_a-mprec.o)
 .debug_aranges
                0x0000000000000340       0x20 /usr/local/m68k-elf/lib/libc.a(lib_a-reallocr.o)
 .debug_aranges
                0x0000000000000360       0x20 /usr/local/m68k-elf/lib/libc.a(lib_a-sbrkr.o)
 .debug_aranges
                0x0000000000000380       0x20 /usr/local/m68k-elf/lib/libc.a(lib_a-stdio.o)
 .debug_aranges
                0x00000000000003a0       0x20 /usr/local/m68k-elf/lib/libc.a(lib_a-vfiprintf.o)
 .debug_aranges
                0x00000000000003c0       0x20 /usr/local/m68k-elf/lib/libc.a(lib_a-writer.o)
 .debug_aranges
                0x00000000000003e0       0x20 /usr/local/m68k-elf/lib/libc.a(lib_a-callocr.o)
 .debug_aranges
                0x0000000000000400       0x20 /usr/local/m68k-elf/lib/libc.a(lib_a-closer.o)
 .debug_aranges
                0x0000000000000420       0x20 /usr/local/m68k-elf/lib/libc.a(lib_a-fclose.o)
 .debug_aranges
                0x0000000000000440       0x20 /usr/local/m68k-elf/lib/libc.a(lib_a-fputwc.o)
 .debug_aranges
                0x0000000000000460       0x20 /usr/local/m68k-elf/lib/libc.a(lib_a-fstatr.o)
 .debug_aranges
                0x0000000000000480       0x20 /usr/local/m68k-elf/lib/libc.a(lib_a-isattyr.o)
 .debug_aranges
                0x00000000000004a0       0x20 /usr/local/m68k-elf/lib/libc.a(lib_a-locale.o)
 .debug_aranges
                0x00000000000004c0       0x20 /usr/local/m68k-elf/lib/libc.a(lib_a-lseekr.o)
 .debug_aranges
                0x00000000000004e0       0x20 /usr/local/m68k-elf/lib/libc.a(lib_a-mbtowc_r.o)
 .debug_aranges
                0x0000000000000500       0x20 /usr/local/m68k-elf/lib/libc.a(lib_a-readr.o)
 .debug_aranges
                0x0000000000000520       0x20 /usr/local/m68k-elf/lib/libc.a(lib_a-reent.o)
 .debug_aranges
                0x0000000000000540       0x20 /usr/local/m68k-elf/lib/libc.a(lib_a-strcmp.o)
 .debug_aranges
                0x0000000000000560       0x20 /usr/local/m68k-elf/lib/libc.a(lib_a-wbuf.o)
 .debug_aranges
                0x0000000000000580       0x20 /usr/local/m68k-elf/lib/libc.a(lib_a-wcrtomb.o)
 .debug_aranges
                0x00000000000005a0       0x20 /usr/local/m68k-elf/lib/libc.a(lib_a-wctomb_r.o)
 .debug_aranges
                0x00000000000005c0       0x18 /usr/local/m68k-elf/lib/libc.a(lib_a-ctype_.o)
 .debug_aranges
                0x00000000000005d8       0x20 /usr/local/lib/gcc/m68k-elf/5/libgcc.a(_mulsi3.o)
 .debug_aranges
                0x00000000000005f8       0x20 /usr/local/lib/gcc/m68k-elf/5/libgcc.a(_udivsi3.o)
 .debug_aranges
                0x0000000000000618       0x20 /usr/local/lib/gcc/m68k-elf/5/libgcc.a(_divsi3.o)
 .debug_aranges
                0x0000000000000638       0x20 /usr/local/lib/gcc/m68k-elf/5/libgcc.a(_umodsi3.o)
 .debug_aranges
                0x0000000000000658       0x20 /usr/local/lib/gcc/m68k-elf/5/libgcc.a(_modsi3.o)
 .debug_aranges
                0x0000000000000678       0x20 /usr/local/lib/gcc/m68k-elf/5/libgcc.a(_double.o)
 .debug_aranges
                0x0000000000000698       0x20 /usr/local/lib/gcc/m68k-elf/5/libgcc.a(_floatex.o)
 .debug_aranges
                0x00000000000006b8       0x20 /usr/local/lib/gcc/m68k-elf/5/libgcc.a(_eqdf2.o)
 .debug_aranges
                0x00000000000006d8       0x20 /usr/local/lib/gcc/m68k-elf/5/libgcc.a(_nedf2.o)
 .debug_aranges
                0x00000000000006f8       0x20 /usr/local/lib/gcc/m68k-elf/5/libgcc.a(_gtdf2.o)
 .debug_aranges
                0x0000000000000718       0x20 /usr/local/lib/gcc/m68k-elf/5/libgcc.a(_gedf2.o)
 .debug_aranges
                0x0000000000000738       0x20 /usr/local/lib/gcc/m68k-elf/5/libgcc.a(_ltdf2.o)
 .debug_aranges
                0x0000000000000758       0x20 /usr/local/lib/gcc/m68k-elf/5/libgcc.a(_ledf2.o)
 .debug_aranges
                0x0000000000000778       0x20 /usr/local/lib/gcc/m68k-elf/5/libgcc.a(fpgnulib.o)
 .debug_aranges
                0x0000000000000798       0x20 /usr/local/lib/gcc/m68k-elf/5/libgcc.a(xfgnulib.o)
 .debug_aranges
                0x00000000000007b8       0x20 /usr/local/m68k-elf/lib/libidp.a(close.o)
 .debug_aranges
                0x00000000000007d8       0x20 /usr/local/m68k-elf/lib/libidp.a(fstat.o)
 .debug_aranges
                0x00000000000007f8       0x20 /usr/local/m68k-elf/lib/libidp.a(isatty.o)
 .debug_aranges
                0x0000000000000818       0x20 /usr/local/m68k-elf/lib/libidp.a(lseek.o)
 .debug_aranges
                0x0000000000000838       0x20 /usr/local/m68k-elf/lib/libidp.a(sbrk.o)
 .debug_aranges
                0x0000000000000858       0x20 /usr/local/m68k-elf/lib/libidp.a(mc68ec.o)
 .debug_aranges
                0x0000000000000878       0x20 /usr/local/m68k-elf/lib/libc.a(lib_a-errno.o)

.debug_line     0x0000000000000000     0x6e38
 .debug_line    0x0000000000000000       0xc9 csys68k.o
 .debug_line    0x00000000000000c9      0x192 mtk_c.o
 .debug_line    0x000000000000025b      0x14d test3.o
 .debug_line    0x00000000000003a8      0x157 /usr/local/m68k-elf/lib/libc.a(lib_a-exit.o)
 .debug_line    0x00000000000004ff       0xee /usr/local/m68k-elf/lib/libc.a(lib_a-impure.o)
 .debug_line    0x00000000000005ed      0x14f /usr/local/m68k-elf/lib/libc.a(lib_a-printf.o)
 .debug_line    0x000000000000073c      0x183 /usr/local/m68k-elf/lib/libc.a(lib_a-puts.o)
 .debug_line    0x00000000000008bf       0xf3 /usr/local/m68k-elf/lib/libc.a(lib_a-strlen.o)
 .debug_line    0x00000000000009b2      0x995 /usr/local/m68k-elf/lib/libc.a(lib_a-vfprintf.o)
 .debug_line    0x0000000000001347      0x1ba /usr/local/m68k-elf/lib/libc.a(lib_a-wsetup.o)
 .debug_line    0x0000000000001501      0x199 /usr/local/m68k-elf/lib/libc.a(lib_a-__call_atexit.o)
 .debug_line    0x000000000000169a      0x6aa /usr/local/m68k-elf/lib/libc.a(lib_a-dtoa.o)
 .debug_line    0x0000000000001d44      0x20b /usr/local/m68k-elf/lib/libc.a(lib_a-fflush.o)
 .debug_line    0x0000000000001f4f      0x213 /usr/local/m68k-elf/lib/libc.a(lib_a-findfp.o)
 .debug_line    0x0000000000002162      0x206 /usr/local/m68k-elf/lib/libc.a(lib_a-freer.o)
 .debug_line    0x0000000000002368      0x27b /usr/local/m68k-elf/lib/libc.a(lib_a-fvwrite.o)
 .debug_line    0x00000000000025e3      0x16b /usr/local/m68k-elf/lib/libc.a(lib_a-fwalk.o)
 .debug_line    0x000000000000274e      0x18e /usr/local/m68k-elf/lib/libc.a(lib_a-localeconv.o)
 .debug_line    0x00000000000028dc      0x216 /usr/local/m68k-elf/lib/libc.a(lib_a-makebuf.o)
 .debug_line    0x0000000000002af2      0x2f5 /usr/local/m68k-elf/lib/libc.a(lib_a-mallocr.o)
 .debug_line    0x0000000000002de7      0x115 /usr/local/m68k-elf/lib/libc.a(lib_a-memchr.o)
 .debug_line    0x0000000000002efc       0x99 /usr/local/m68k-elf/lib/libc.a(lib_a-memcpy.o)
 .debug_line    0x0000000000002f95      0x1e5 /usr/local/m68k-elf/lib/libc.a(lib_a-memmove.o)
 .debug_line    0x000000000000317a       0x9d /usr/local/m68k-elf/lib/libc.a(lib_a-memset.o)
 .debug_line    0x0000000000003217       0xff /usr/local/m68k-elf/lib/libc.a(lib_a-mlock.o)
 .debug_line    0x0000000000003316      0x540 /usr/local/m68k-elf/lib/libc.a(lib_a-mprec.o)
 .debug_line    0x0000000000003856      0x2a6 /usr/local/m68k-elf/lib/libc.a(lib_a-reallocr.o)
 .debug_line    0x0000000000003afc      0x144 /usr/local/m68k-elf/lib/libc.a(lib_a-sbrkr.o)
 .debug_line    0x0000000000003c40      0x17f /usr/local/m68k-elf/lib/libc.a(lib_a-stdio.o)
 .debug_line    0x0000000000003dbf      0x6e7 /usr/local/m68k-elf/lib/libc.a(lib_a-vfiprintf.o)
 .debug_line    0x00000000000044a6      0x151 /usr/local/m68k-elf/lib/libc.a(lib_a-writer.o)
 .debug_line    0x00000000000045f7      0x133 /usr/local/m68k-elf/lib/libc.a(lib_a-callocr.o)
 .debug_line    0x000000000000472a      0x151 /usr/local/m68k-elf/lib/libc.a(lib_a-closer.o)
 .debug_line    0x000000000000487b      0x189 /usr/local/m68k-elf/lib/libc.a(lib_a-fclose.o)
 .debug_line    0x0000000000004a04      0x1c8 /usr/local/m68k-elf/lib/libc.a(lib_a-fputwc.o)
 .debug_line    0x0000000000004bcc      0x1b7 /usr/local/m68k-elf/lib/libc.a(lib_a-fstatr.o)
 .debug_line    0x0000000000004d83      0x152 /usr/local/m68k-elf/lib/libc.a(lib_a-isattyr.o)
 .debug_line    0x0000000000004ed5      0x1c0 /usr/local/m68k-elf/lib/libc.a(lib_a-locale.o)
 .debug_line    0x0000000000005095      0x151 /usr/local/m68k-elf/lib/libc.a(lib_a-lseekr.o)
 .debug_line    0x00000000000051e6      0x1e0 /usr/local/m68k-elf/lib/libc.a(lib_a-mbtowc_r.o)
 .debug_line    0x00000000000053c6      0x150 /usr/local/m68k-elf/lib/libc.a(lib_a-readr.o)
 .debug_line    0x0000000000005516      0x16d /usr/local/m68k-elf/lib/libc.a(lib_a-reent.o)
 .debug_line    0x0000000000005683       0xcf /usr/local/m68k-elf/lib/libc.a(lib_a-strcmp.o)
 .debug_line    0x0000000000005752      0x1b7 /usr/local/m68k-elf/lib/libc.a(lib_a-wbuf.o)
 .debug_line    0x0000000000005909      0x22a /usr/local/m68k-elf/lib/libc.a(lib_a-wcrtomb.o)
 .debug_line    0x0000000000005b33      0x1d6 /usr/local/m68k-elf/lib/libc.a(lib_a-wctomb_r.o)
 .debug_line    0x0000000000005d09      0x150 /usr/local/m68k-elf/lib/libc.a(lib_a-ctype_.o)
 .debug_line    0x0000000000005e59       0x6a /usr/local/lib/gcc/m68k-elf/5/libgcc.a(_mulsi3.o)
 .debug_line    0x0000000000005ec3       0x83 /usr/local/lib/gcc/m68k-elf/5/libgcc.a(_udivsi3.o)
 .debug_line    0x0000000000005f46       0x72 /usr/local/lib/gcc/m68k-elf/5/libgcc.a(_divsi3.o)
 .debug_line    0x0000000000005fb8       0x6e /usr/local/lib/gcc/m68k-elf/5/libgcc.a(_umodsi3.o)
 .debug_line    0x0000000000006026       0x6e /usr/local/lib/gcc/m68k-elf/5/libgcc.a(_modsi3.o)
 .debug_line    0x0000000000006094      0x3e1 /usr/local/lib/gcc/m68k-elf/5/libgcc.a(_double.o)
 .debug_line    0x0000000000006475       0x79 /usr/local/lib/gcc/m68k-elf/5/libgcc.a(_floatex.o)
 .debug_line    0x00000000000064ee       0x68 /usr/local/lib/gcc/m68k-elf/5/libgcc.a(_eqdf2.o)
 .debug_line    0x0000000000006556       0x68 /usr/local/lib/gcc/m68k-elf/5/libgcc.a(_nedf2.o)
 .debug_line    0x00000000000065be       0x68 /usr/local/lib/gcc/m68k-elf/5/libgcc.a(_gtdf2.o)
 .debug_line    0x0000000000006626       0x68 /usr/local/lib/gcc/m68k-elf/5/libgcc.a(_gedf2.o)
 .debug_line    0x000000000000668e       0x68 /usr/local/lib/gcc/m68k-elf/5/libgcc.a(_ltdf2.o)
 .debug_line    0x00000000000066f6       0x68 /usr/local/lib/gcc/m68k-elf/5/libgcc.a(_ledf2.o)
 .debug_line    0x000000000000675e      0x158 /usr/local/lib/gcc/m68k-elf/5/libgcc.a(fpgnulib.o)
 .debug_line    0x00000000000068b6       0xcd /usr/local/lib/gcc/m68k-elf/5/libgcc.a(xfgnulib.o)
 .debug_line    0x0000000000006983       0x6b /usr/local/m68k-elf/lib/libidp.a(close.o)
 .debug_line    0x00000000000069ee      0x122 /usr/local/m68k-elf/lib/libidp.a(fstat.o)
 .debug_line    0x0000000000006b10       0x6c /usr/local/m68k-elf/lib/libidp.a(isatty.o)
 .debug_line    0x0000000000006b7c       0xc5 /usr/local/m68k-elf/lib/libidp.a(lseek.o)
 .debug_line    0x0000000000006c41       0x7e /usr/local/m68k-elf/lib/libidp.a(sbrk.o)
 .debug_line    0x0000000000006cbf       0x71 /usr/local/m68k-elf/lib/libidp.a(mc68ec.o)
 .debug_line    0x0000000000006d30      0x108 /usr/local/m68k-elf/lib/libc.a(lib_a-errno.o)

.debug_str      0x0000000000000000    0x1265e
 .debug_str     0x0000000000000000      0x132 csys68k.o
 .debug_str     0x0000000000000132      0x66c mtk_c.o
 .debug_str     0x000000000000079e      0x5ce test3.o
 .debug_str     0x0000000000000d6c      0x53a /usr/local/m68k-elf/lib/libc.a(lib_a-exit.o)
 .debug_str     0x00000000000012a6      0x531 /usr/local/m68k-elf/lib/libc.a(lib_a-impure.o)
 .debug_str     0x00000000000017d7      0x558 /usr/local/m68k-elf/lib/libc.a(lib_a-printf.o)
 .debug_str     0x0000000000001d2f      0x598 /usr/local/m68k-elf/lib/libc.a(lib_a-puts.o)
 .debug_str     0x00000000000022c7      0x15c /usr/local/m68k-elf/lib/libc.a(lib_a-strlen.o)
 .debug_str     0x0000000000002423      0xa76 /usr/local/m68k-elf/lib/libc.a(lib_a-vfprintf.o)
 .debug_str     0x0000000000002e99      0x550 /usr/local/m68k-elf/lib/libc.a(lib_a-wsetup.o)
 .debug_str     0x00000000000033e9      0x569 /usr/local/m68k-elf/lib/libc.a(lib_a-__call_atexit.o)
 .debug_str     0x0000000000003952      0x96d /usr/local/m68k-elf/lib/libc.a(lib_a-dtoa.o)
 .debug_str     0x00000000000042bf      0x591 /usr/local/m68k-elf/lib/libc.a(lib_a-fflush.o)
 .debug_str     0x0000000000004850      0x67b /usr/local/m68k-elf/lib/libc.a(lib_a-findfp.o)
 .debug_str     0x0000000000004ecb      0x684 /usr/local/m68k-elf/lib/libc.a(lib_a-freer.o)
 .debug_str     0x000000000000554f      0x5c7 /usr/local/m68k-elf/lib/libc.a(lib_a-fvwrite.o)
 .debug_str     0x0000000000005b16      0x542 /usr/local/m68k-elf/lib/libc.a(lib_a-fwalk.o)
 .debug_str     0x0000000000006058      0x883 /usr/local/m68k-elf/lib/libc.a(lib_a-localeconv.o)
 .debug_str     0x00000000000068db      0x6c7 /usr/local/m68k-elf/lib/libc.a(lib_a-makebuf.o)
 .debug_str     0x0000000000006fa2      0x73a /usr/local/m68k-elf/lib/libc.a(lib_a-mallocr.o)
 .debug_str     0x00000000000076dc      0x167 /usr/local/m68k-elf/lib/libc.a(lib_a-memchr.o)
 .debug_str     0x0000000000007843       0x8e /usr/local/m68k-elf/lib/libc.a(lib_a-memcpy.o)
 .debug_str     0x00000000000078d1      0x84d /usr/local/m68k-elf/lib/libc.a(lib_a-memmove.o)
 .debug_str     0x000000000000811e       0x8e /usr/local/m68k-elf/lib/libc.a(lib_a-memset.o)
 .debug_str     0x00000000000081ac      0x530 /usr/local/m68k-elf/lib/libc.a(lib_a-mlock.o)
 .debug_str     0x00000000000086dc      0x935 /usr/local/m68k-elf/lib/libc.a(lib_a-mprec.o)
 .debug_str     0x0000000000009011      0x61e /usr/local/m68k-elf/lib/libc.a(lib_a-reallocr.o)
 .debug_str     0x000000000000962f      0x527 /usr/local/m68k-elf/lib/libc.a(lib_a-sbrkr.o)
 .debug_str     0x0000000000009b56      0x588 /usr/local/m68k-elf/lib/libc.a(lib_a-stdio.o)
 .debug_str     0x000000000000a0de      0x9d4 /usr/local/m68k-elf/lib/libc.a(lib_a-vfiprintf.o)
 .debug_str     0x000000000000aab2      0x522 /usr/local/m68k-elf/lib/libc.a(lib_a-writer.o)
 .debug_str     0x000000000000afd4      0x576 /usr/local/m68k-elf/lib/libc.a(lib_a-callocr.o)
 .debug_str     0x000000000000b54a      0x51b /usr/local/m68k-elf/lib/libc.a(lib_a-closer.o)
 .debug_str     0x000000000000ba65      0x57e /usr/local/m68k-elf/lib/libc.a(lib_a-fclose.o)
 .debug_str     0x000000000000bfe3      0x58c /usr/local/m68k-elf/lib/libc.a(lib_a-fputwc.o)
 .debug_str     0x000000000000c56f      0x66f /usr/local/m68k-elf/lib/libc.a(lib_a-fstatr.o)
 .debug_str     0x000000000000cbde      0x51e /usr/local/m68k-elf/lib/libc.a(lib_a-isattyr.o)
 .debug_str     0x000000000000d0fc      0x8b3 /usr/local/m68k-elf/lib/libc.a(lib_a-locale.o)
 .debug_str     0x000000000000d9af      0x522 /usr/local/m68k-elf/lib/libc.a(lib_a-lseekr.o)
 .debug_str     0x000000000000ded1      0x863 /usr/local/m68k-elf/lib/libc.a(lib_a-mbtowc_r.o)
 .debug_str     0x000000000000e734      0x51f /usr/local/m68k-elf/lib/libc.a(lib_a-readr.o)
 .debug_str     0x000000000000ec53      0x550 /usr/local/m68k-elf/lib/libc.a(lib_a-reent.o)
 .debug_str     0x000000000000f1a3      0x146 /usr/local/m68k-elf/lib/libc.a(lib_a-strcmp.o)
 .debug_str     0x000000000000f2e9      0x555 /usr/local/m68k-elf/lib/libc.a(lib_a-wbuf.o)
 .debug_str     0x000000000000f83e      0x85d /usr/local/m68k-elf/lib/libc.a(lib_a-wcrtomb.o)
 .debug_str     0x000000000001009b      0x86a /usr/local/m68k-elf/lib/libc.a(lib_a-wctomb_r.o)
 .debug_str     0x0000000000010905      0x819 /usr/local/m68k-elf/lib/libc.a(lib_a-ctype_.o)
 .debug_str     0x000000000001111e       0x60 /usr/local/lib/gcc/m68k-elf/5/libgcc.a(_mulsi3.o)
 .debug_str     0x000000000001117e       0x60 /usr/local/lib/gcc/m68k-elf/5/libgcc.a(_udivsi3.o)
 .debug_str     0x00000000000111de       0x60 /usr/local/lib/gcc/m68k-elf/5/libgcc.a(_divsi3.o)
 .debug_str     0x000000000001123e       0x60 /usr/local/lib/gcc/m68k-elf/5/libgcc.a(_umodsi3.o)
 .debug_str     0x000000000001129e       0x60 /usr/local/lib/gcc/m68k-elf/5/libgcc.a(_modsi3.o)
 .debug_str     0x00000000000112fe       0x60 /usr/local/lib/gcc/m68k-elf/5/libgcc.a(_double.o)
 .debug_str     0x000000000001135e       0x60 /usr/local/lib/gcc/m68k-elf/5/libgcc.a(_floatex.o)
 .debug_str     0x00000000000113be       0x60 /usr/local/lib/gcc/m68k-elf/5/libgcc.a(_eqdf2.o)
 .debug_str     0x000000000001141e       0x60 /usr/local/lib/gcc/m68k-elf/5/libgcc.a(_nedf2.o)
 .debug_str     0x000000000001147e       0x60 /usr/local/lib/gcc/m68k-elf/5/libgcc.a(_gtdf2.o)
 .debug_str     0x00000000000114de       0x60 /usr/local/lib/gcc/m68k-elf/5/libgcc.a(_gedf2.o)
 .debug_str     0x000000000001153e       0x60 /usr/local/lib/gcc/m68k-elf/5/libgcc.a(_ltdf2.o)
 .debug_str     0x000000000001159e       0x60 /usr/local/lib/gcc/m68k-elf/5/libgcc.a(_ledf2.o)
 .debug_str     0x00000000000115fe      0x1af /usr/local/lib/gcc/m68k-elf/5/libgcc.a(fpgnulib.o)
 .debug_str     0x00000000000117ad      0x1df /usr/local/lib/gcc/m68k-elf/5/libgcc.a(xfgnulib.o)
 .debug_str     0x000000000001198c       0x9a /usr/local/m68k-elf/lib/libidp.a(close.o)
 .debug_str     0x0000000000011a26      0x28d /usr/local/m68k-elf/lib/libidp.a(fstat.o)
 .debug_str     0x0000000000011cb3       0x9c /usr/local/m68k-elf/lib/libidp.a(isatty.o)
 .debug_str     0x0000000000011d4f      0x163 /usr/local/m68k-elf/lib/libidp.a(lseek.o)
 .debug_str     0x0000000000011eb2      0x150 /usr/local/m68k-elf/lib/libidp.a(sbrk.o)
 .debug_str     0x0000000000012002      0x143 /usr/local/m68k-elf/lib/libidp.a(mc68ec.o)
 .debug_str     0x0000000000012145      0x519 /usr/local/m68k-elf/lib/libc.a(lib_a-errno.o)

.comment        0x0000000000000000      0x3cc
 .comment       0x0000000000000000       0x12 csys68k.o
 .comment       0x0000000000000012       0x12 mtk_c.o
 .comment       0x0000000000000024       0x12 test3.o
 .comment       0x0000000000000036       0x12 /usr/local/m68k-elf/lib/libc.a(lib_a-exit.o)
 .comment       0x0000000000000048       0x12 /usr/local/m68k-elf/lib/libc.a(lib_a-impure.o)
 .comment       0x000000000000005a       0x12 /usr/local/m68k-elf/lib/libc.a(lib_a-printf.o)
 .comment       0x000000000000006c       0x12 /usr/local/m68k-elf/lib/libc.a(lib_a-puts.o)
 .comment       0x000000000000007e       0x12 /usr/local/m68k-elf/lib/libc.a(lib_a-strlen.o)
 .comment       0x0000000000000090       0x12 /usr/local/m68k-elf/lib/libc.a(lib_a-vfprintf.o)
 .comment       0x00000000000000a2       0x12 /usr/local/m68k-elf/lib/libc.a(lib_a-wsetup.o)
 .comment       0x00000000000000b4       0x12 /usr/local/m68k-elf/lib/libc.a(lib_a-__call_atexit.o)
 .comment       0x00000000000000c6       0x12 /usr/local/m68k-elf/lib/libc.a(lib_a-dtoa.o)
 .comment       0x00000000000000d8       0x12 /usr/local/m68k-elf/lib/libc.a(lib_a-fflush.o)
 .comment       0x00000000000000ea       0x12 /usr/local/m68k-elf/lib/libc.a(lib_a-findfp.o)
 .comment       0x00000000000000fc       0x12 /usr/local/m68k-elf/lib/libc.a(lib_a-freer.o)
 .comment       0x000000000000010e       0x12 /usr/local/m68k-elf/lib/libc.a(lib_a-fvwrite.o)
 .comment       0x0000000000000120       0x12 /usr/local/m68k-elf/lib/libc.a(lib_a-fwalk.o)
 .comment       0x0000000000000132       0x12 /usr/local/m68k-elf/lib/libc.a(lib_a-localeconv.o)
 .comment       0x0000000000000144       0x12 /usr/local/m68k-elf/lib/libc.a(lib_a-makebuf.o)
 .comment       0x0000000000000156       0x12 /usr/local/m68k-elf/lib/libc.a(lib_a-mallocr.o)
 .comment       0x0000000000000168       0x12 /usr/local/m68k-elf/lib/libc.a(lib_a-memchr.o)
 .comment       0x000000000000017a       0x12 /usr/local/m68k-elf/lib/libc.a(lib_a-memmove.o)
 .comment       0x000000000000018c       0x12 /usr/local/m68k-elf/lib/libc.a(lib_a-mlock.o)
 .comment       0x000000000000019e       0x12 /usr/local/m68k-elf/lib/libc.a(lib_a-mprec.o)
 .comment       0x00000000000001b0       0x12 /usr/local/m68k-elf/lib/libc.a(lib_a-reallocr.o)
 .comment       0x00000000000001c2       0x12 /usr/local/m68k-elf/lib/libc.a(lib_a-sbrkr.o)
 .comment       0x00000000000001d4       0x12 /usr/local/m68k-elf/lib/libc.a(lib_a-stdio.o)
 .comment       0x00000000000001e6       0x12 /usr/local/m68k-elf/lib/libc.a(lib_a-vfiprintf.o)
 .comment       0x00000000000001f8       0x12 /usr/local/m68k-elf/lib/libc.a(lib_a-writer.o)
 .comment       0x000000000000020a       0x12 /usr/local/m68k-elf/lib/libc.a(lib_a-callocr.o)
 .comment       0x000000000000021c       0x12 /usr/local/m68k-elf/lib/libc.a(lib_a-closer.o)
 .comment       0x000000000000022e       0x12 /usr/local/m68k-elf/lib/libc.a(lib_a-fclose.o)
 .comment       0x0000000000000240       0x12 /usr/local/m68k-elf/lib/libc.a(lib_a-fputwc.o)
 .comment       0x0000000000000252       0x12 /usr/local/m68k-elf/lib/libc.a(lib_a-fstatr.o)
 .comment       0x0000000000000264       0x12 /usr/local/m68k-elf/lib/libc.a(lib_a-isattyr.o)
 .comment       0x0000000000000276       0x12 /usr/local/m68k-elf/lib/libc.a(lib_a-locale.o)
 .comment       0x0000000000000288       0x12 /usr/local/m68k-elf/lib/libc.a(lib_a-lseekr.o)
 .comment       0x000000000000029a       0x12 /usr/local/m68k-elf/lib/libc.a(lib_a-mbtowc_r.o)
 .comment       0x00000000000002ac       0x12 /usr/local/m68k-elf/lib/libc.a(lib_a-readr.o)
 .comment       0x00000000000002be       0x12 /usr/local/m68k-elf/lib/libc.a(lib_a-reent.o)
 .comment       0x00000000000002d0       0x12 /usr/local/m68k-elf/lib/libc.a(lib_a-strcmp.o)
 .comment       0x00000000000002e2       0x12 /usr/local/m68k-elf/lib/libc.a(lib_a-wbuf.o)
 .comment       0x00000000000002f4       0x12 /usr/local/m68k-elf/lib/libc.a(lib_a-wcrtomb.o)
 .comment       0x0000000000000306       0x12 /usr/local/m68k-elf/lib/libc.a(lib_a-wctomb_r.o)
 .comment       0x0000000000000318       0x12 /usr/local/m68k-elf/lib/libc.a(lib_a-ctype_.o)
 .comment       0x000000000000032a       0x12 /usr/local/lib/gcc/m68k-elf/5/libgcc.a(fpgnulib.o)
 .comment       0x000000000000033c       0x12 /usr/local/lib/gcc/m68k-elf/5/libgcc.a(xfgnulib.o)
 .comment       0x000000000000034e       0x12 /usr/local/m68k-elf/lib/libidp.a(close.o)
 .comment       0x0000000000000360       0x12 /usr/local/m68k-elf/lib/libidp.a(fstat.o)
 .comment       0x0000000000000372       0x12 /usr/local/m68k-elf/lib/libidp.a(isatty.o)
 .comment       0x0000000000000384       0x12 /usr/local/m68k-elf/lib/libidp.a(lseek.o)
 .comment       0x0000000000000396       0x12 /usr/local/m68k-elf/lib/libidp.a(sbrk.o)
 .comment       0x00000000000003a8       0x12 /usr/local/m68k-elf/lib/libidp.a(mc68ec.o)
 .comment       0x00000000000003ba       0x12 /usr/local/m68k-elf/lib/libc.a(lib_a-errno.o)

.debug_frame    0x0000000000000000     0x170c
 .debug_frame   0x0000000000000000       0xc0 csys68k.o
 .debug_frame   0x00000000000000c0      0x10c mtk_c.o
 .debug_frame   0x00000000000001cc      0x138 test3.o
 .debug_frame   0x0000000000000304       0x30 /usr/local/m68k-elf/lib/libc.a(lib_a-exit.o)
 .debug_frame   0x0000000000000334       0x44 /usr/local/m68k-elf/lib/libc.a(lib_a-printf.o)
 .debug_frame   0x0000000000000378       0x48 /usr/local/m68k-elf/lib/libc.a(lib_a-puts.o)
 .debug_frame   0x00000000000003c0       0x2c /usr/local/m68k-elf/lib/libc.a(lib_a-strlen.o)
 .debug_frame   0x00000000000003ec       0x78 /usr/local/m68k-elf/lib/libc.a(lib_a-vfprintf.o)
 .debug_frame   0x0000000000000464       0x30 /usr/local/m68k-elf/lib/libc.a(lib_a-wsetup.o)
 .debug_frame   0x0000000000000494       0x40 /usr/local/m68k-elf/lib/libc.a(lib_a-__call_atexit.o)
 .debug_frame   0x00000000000004d4       0x6c /usr/local/m68k-elf/lib/libc.a(lib_a-dtoa.o)
 .debug_frame   0x0000000000000540       0x68 /usr/local/m68k-elf/lib/libc.a(lib_a-fflush.o)
 .debug_frame   0x00000000000005a8      0x178 /usr/local/m68k-elf/lib/libc.a(lib_a-findfp.o)
 .debug_frame   0x0000000000000720       0x54 /usr/local/m68k-elf/lib/libc.a(lib_a-freer.o)
 .debug_frame   0x0000000000000774       0x40 /usr/local/m68k-elf/lib/libc.a(lib_a-fvwrite.o)
 .debug_frame   0x00000000000007b4       0x5c /usr/local/m68k-elf/lib/libc.a(lib_a-fwalk.o)
 .debug_frame   0x0000000000000810       0x5c /usr/local/m68k-elf/lib/libc.a(lib_a-localeconv.o)
 .debug_frame   0x000000000000086c       0x4c /usr/local/m68k-elf/lib/libc.a(lib_a-makebuf.o)
 .debug_frame   0x00000000000008b8       0x40 /usr/local/m68k-elf/lib/libc.a(lib_a-mallocr.o)
 .debug_frame   0x00000000000008f8       0x34 /usr/local/m68k-elf/lib/libc.a(lib_a-memchr.o)
 .debug_frame   0x000000000000092c       0x38 /usr/local/m68k-elf/lib/libc.a(lib_a-memmove.o)
 .debug_frame   0x0000000000000964       0x44 /usr/local/m68k-elf/lib/libc.a(lib_a-mlock.o)
 .debug_frame   0x00000000000009a8      0x298 /usr/local/m68k-elf/lib/libc.a(lib_a-mprec.o)
 .debug_frame   0x0000000000000c40       0x3c /usr/local/m68k-elf/lib/libc.a(lib_a-reallocr.o)
 .debug_frame   0x0000000000000c7c       0x2c /usr/local/m68k-elf/lib/libc.a(lib_a-sbrkr.o)
 .debug_frame   0x0000000000000ca8       0x9c /usr/local/m68k-elf/lib/libc.a(lib_a-stdio.o)
 .debug_frame   0x0000000000000d44       0xb8 /usr/local/m68k-elf/lib/libc.a(lib_a-vfiprintf.o)
 .debug_frame   0x0000000000000dfc       0x2c /usr/local/m68k-elf/lib/libc.a(lib_a-writer.o)
 .debug_frame   0x0000000000000e28       0x30 /usr/local/m68k-elf/lib/libc.a(lib_a-callocr.o)
 .debug_frame   0x0000000000000e58       0x2c /usr/local/m68k-elf/lib/libc.a(lib_a-closer.o)
 .debug_frame   0x0000000000000e84       0x4c /usr/local/m68k-elf/lib/libc.a(lib_a-fclose.o)
 .debug_frame   0x0000000000000ed0       0x70 /usr/local/m68k-elf/lib/libc.a(lib_a-fputwc.o)
 .debug_frame   0x0000000000000f40       0x2c /usr/local/m68k-elf/lib/libc.a(lib_a-fstatr.o)
 .debug_frame   0x0000000000000f6c       0x2c /usr/local/m68k-elf/lib/libc.a(lib_a-isattyr.o)
 .debug_frame   0x0000000000000f98       0x90 /usr/local/m68k-elf/lib/libc.a(lib_a-locale.o)
 .debug_frame   0x0000000000001028       0x2c /usr/local/m68k-elf/lib/libc.a(lib_a-lseekr.o)
 .debug_frame   0x0000000000001054       0x48 /usr/local/m68k-elf/lib/libc.a(lib_a-mbtowc_r.o)
 .debug_frame   0x000000000000109c       0x2c /usr/local/m68k-elf/lib/libc.a(lib_a-readr.o)
 .debug_frame   0x00000000000010c8       0x50 /usr/local/m68k-elf/lib/libc.a(lib_a-reent.o)
 .debug_frame   0x0000000000001118       0x2c /usr/local/m68k-elf/lib/libc.a(lib_a-strcmp.o)
 .debug_frame   0x0000000000001144       0x4c /usr/local/m68k-elf/lib/libc.a(lib_a-wbuf.o)
 .debug_frame   0x0000000000001190       0x4c /usr/local/m68k-elf/lib/libc.a(lib_a-wcrtomb.o)
 .debug_frame   0x00000000000011dc       0x48 /usr/local/m68k-elf/lib/libc.a(lib_a-wctomb_r.o)
 .debug_frame   0x0000000000001224      0x134 /usr/local/lib/gcc/m68k-elf/5/libgcc.a(fpgnulib.o)
 .debug_frame   0x0000000000001358      0x268 /usr/local/lib/gcc/m68k-elf/5/libgcc.a(xfgnulib.o)
 .debug_frame   0x00000000000015c0       0x2c /usr/local/m68k-elf/lib/libidp.a(close.o)
 .debug_frame   0x00000000000015ec       0x2c /usr/local/m68k-elf/lib/libidp.a(fstat.o)
 .debug_frame   0x0000000000001618       0x2c /usr/local/m68k-elf/lib/libidp.a(isatty.o)
 .debug_frame   0x0000000000001644       0x2c /usr/local/m68k-elf/lib/libidp.a(lseek.o)
 .debug_frame   0x0000000000001670       0x2c /usr/local/m68k-elf/lib/libidp.a(sbrk.o)
 .debug_frame   0x000000000000169c       0x44 /usr/local/m68k-elf/lib/libidp.a(mc68ec.o)
 .debug_frame   0x00000000000016e0       0x2c /usr/local/m68k-elf/lib/libc.a(lib_a-errno.o)

.debug_ranges   0x0000000000000000      0x840
 .debug_ranges  0x0000000000000000       0x60 mtk_c.o
 .debug_ranges  0x0000000000000060       0x48 test3.o
 .debug_ranges  0x00000000000000a8       0x18 /usr/local/m68k-elf/lib/libc.a(lib_a-puts.o)
 .debug_ranges  0x00000000000000c0      0x168 /usr/local/m68k-elf/lib/libc.a(lib_a-vfprintf.o)
 .debug_ranges  0x0000000000000228       0x18 /usr/local/m68k-elf/lib/libc.a(lib_a-wsetup.o)
 .debug_ranges  0x0000000000000240       0x28 /usr/local/m68k-elf/lib/libc.a(lib_a-__call_atexit.o)
 .debug_ranges  0x0000000000000268       0x38 /usr/local/m68k-elf/lib/libc.a(lib_a-fflush.o)
 .debug_ranges  0x00000000000002a0       0x20 /usr/local/m68k-elf/lib/libc.a(lib_a-fvwrite.o)
 .debug_ranges  0x00000000000002c0       0x30 /usr/local/m68k-elf/lib/libc.a(lib_a-localeconv.o)
 .debug_ranges  0x00000000000002f0       0x18 /usr/local/m68k-elf/lib/libc.a(lib_a-makebuf.o)
 .debug_ranges  0x0000000000000308       0x38 /usr/local/m68k-elf/lib/libc.a(lib_a-mallocr.o)
 .debug_ranges  0x0000000000000340       0x20 /usr/local/m68k-elf/lib/libc.a(lib_a-mprec.o)
 .debug_ranges  0x0000000000000360      0x1a8 /usr/local/m68k-elf/lib/libc.a(lib_a-reallocr.o)
 .debug_ranges  0x0000000000000508      0x170 /usr/local/m68k-elf/lib/libc.a(lib_a-vfiprintf.o)
 .debug_ranges  0x0000000000000678       0x48 /usr/local/m68k-elf/lib/libc.a(lib_a-callocr.o)
 .debug_ranges  0x00000000000006c0       0x30 /usr/local/m68k-elf/lib/libc.a(lib_a-fclose.o)
 .debug_ranges  0x00000000000006f0       0x38 /usr/local/m68k-elf/lib/libc.a(lib_a-fputwc.o)
 .debug_ranges  0x0000000000000728       0x48 /usr/local/m68k-elf/lib/libc.a(lib_a-locale.o)
 .debug_ranges  0x0000000000000770       0x18 /usr/local/m68k-elf/lib/libc.a(lib_a-mbtowc_r.o)
 .debug_ranges  0x0000000000000788       0x18 /usr/local/m68k-elf/lib/libc.a(lib_a-wbuf.o)
 .debug_ranges  0x00000000000007a0       0x70 /usr/local/m68k-elf/lib/libc.a(lib_a-wcrtomb.o)
 .debug_ranges  0x0000000000000810       0x18 /usr/local/m68k-elf/lib/libc.a(lib_a-wctomb_r.o)
 .debug_ranges  0x0000000000000828       0x18 /usr/local/lib/gcc/m68k-elf/5/libgcc.a(fpgnulib.o)

Cross Reference Table

Symbol                                            File
$_exception_handler                               /usr/local/lib/gcc/m68k-elf/5/libgcc.a(_floatex.o)
                                                  /usr/local/lib/gcc/m68k-elf/5/libgcc.a(_double.o)
P                                                 mtk_asm.o
                                                  test3.o
V                                                 mtk_asm.o
                                                  test3.o
_Balloc                                           /usr/local/m68k-elf/lib/libc.a(lib_a-mprec.o)
                                                  /usr/local/m68k-elf/lib/libc.a(lib_a-dtoa.o)
_Bfree                                            /usr/local/m68k-elf/lib/libc.a(lib_a-mprec.o)
                                                  /usr/local/m68k-elf/lib/libc.a(lib_a-dtoa.o)
_PathLocale                                       /usr/local/m68k-elf/lib/libc.a(lib_a-locale.o)
__adddf3                                          /usr/local/lib/gcc/m68k-elf/5/libgcc.a(_double.o)
                                                  /usr/local/lib/gcc/m68k-elf/5/libgcc.a(xfgnulib.o)
                                                  /usr/local/m68k-elf/lib/libc.a(lib_a-dtoa.o)
__addxf3                                          /usr/local/lib/gcc/m68k-elf/5/libgcc.a(xfgnulib.o)
__any_on                                          /usr/local/m68k-elf/lib/libc.a(lib_a-mprec.o)
__ascii_mbtowc                                    /usr/local/m68k-elf/lib/libc.a(lib_a-mbtowc_r.o)
                                                  /usr/local/m68k-elf/lib/libc.a(lib_a-locale.o)
__ascii_wctomb                                    /usr/local/m68k-elf/lib/libc.a(lib_a-wctomb_r.o)
                                                  /usr/local/m68k-elf/lib/libc.a(lib_a-locale.o)
__b2d                                             /usr/local/m68k-elf/lib/libc.a(lib_a-mprec.o)
__bss_start                                       crt0.o
__call_exitprocs                                  /usr/local/m68k-elf/lib/libc.a(lib_a-__call_atexit.o)
                                                  /usr/local/m68k-elf/lib/libc.a(lib_a-exit.o)
__clear_sticky_bit                                /usr/local/lib/gcc/m68k-elf/5/libgcc.a(_floatex.o)
__cmpdf2                                          /usr/local/lib/gcc/m68k-elf/5/libgcc.a(_double.o)
                                                  /usr/local/lib/gcc/m68k-elf/5/libgcc.a(xfgnulib.o)
__cmpdf2_internal                                 /usr/local/lib/gcc/m68k-elf/5/libgcc.a(_double.o)
                                                  /usr/local/lib/gcc/m68k-elf/5/libgcc.a(_ledf2.o)
                                                  /usr/local/lib/gcc/m68k-elf/5/libgcc.a(_ltdf2.o)
                                                  /usr/local/lib/gcc/m68k-elf/5/libgcc.a(_gedf2.o)
                                                  /usr/local/lib/gcc/m68k-elf/5/libgcc.a(_gtdf2.o)
                                                  /usr/local/lib/gcc/m68k-elf/5/libgcc.a(_nedf2.o)
                                                  /usr/local/lib/gcc/m68k-elf/5/libgcc.a(_eqdf2.o)
__cmpxf2                                          /usr/local/lib/gcc/m68k-elf/5/libgcc.a(xfgnulib.o)
__copybits                                        /usr/local/m68k-elf/lib/libc.a(lib_a-mprec.o)
__d2b                                             /usr/local/m68k-elf/lib/libc.a(lib_a-mprec.o)
                                                  /usr/local/m68k-elf/lib/libc.a(lib_a-dtoa.o)
__divdf3                                          /usr/local/lib/gcc/m68k-elf/5/libgcc.a(_double.o)
                                                  /usr/local/lib/gcc/m68k-elf/5/libgcc.a(xfgnulib.o)
                                                  /usr/local/m68k-elf/lib/libc.a(lib_a-mprec.o)
                                                  /usr/local/m68k-elf/lib/libc.a(lib_a-dtoa.o)
__divsi3                                          /usr/local/lib/gcc/m68k-elf/5/libgcc.a(_divsi3.o)
                                                  /usr/local/lib/gcc/m68k-elf/5/libgcc.a(_modsi3.o)
                                                  /usr/local/m68k-elf/lib/libc.a(lib_a-mprec.o)
                                                  /usr/local/m68k-elf/lib/libc.a(lib_a-fvwrite.o)
                                                  /usr/local/m68k-elf/lib/libc.a(lib_a-vfprintf.o)
__divxf3                                          /usr/local/lib/gcc/m68k-elf/5/libgcc.a(xfgnulib.o)
__eqdf2                                           /usr/local/lib/gcc/m68k-elf/5/libgcc.a(_eqdf2.o)
                                                  /usr/local/m68k-elf/lib/libc.a(lib_a-dtoa.o)
                                                  /usr/local/m68k-elf/lib/libc.a(lib_a-vfprintf.o)
__eqxf2                                           /usr/local/lib/gcc/m68k-elf/5/libgcc.a(xfgnulib.o)
__errno                                           /usr/local/m68k-elf/lib/libc.a(lib_a-errno.o)
                                                  /usr/local/m68k-elf/lib/libidp.a(lseek.o)
__extenddfxf2                                     /usr/local/lib/gcc/m68k-elf/5/libgcc.a(xfgnulib.o)
__extendsfdf2                                     /usr/local/lib/gcc/m68k-elf/5/libgcc.a(fpgnulib.o)
                                                  /usr/local/lib/gcc/m68k-elf/5/libgcc.a(xfgnulib.o)
__extendsfxf2                                     /usr/local/lib/gcc/m68k-elf/5/libgcc.a(xfgnulib.o)
__fixdfsi                                         /usr/local/lib/gcc/m68k-elf/5/libgcc.a(fpgnulib.o)
                                                  /usr/local/lib/gcc/m68k-elf/5/libgcc.a(xfgnulib.o)
                                                  /usr/local/m68k-elf/lib/libc.a(lib_a-dtoa.o)
__fixsfsi                                         /usr/local/lib/gcc/m68k-elf/5/libgcc.a(fpgnulib.o)
__fixxfsi                                         /usr/local/lib/gcc/m68k-elf/5/libgcc.a(xfgnulib.o)
__floatsidf                                       /usr/local/lib/gcc/m68k-elf/5/libgcc.a(fpgnulib.o)
                                                  /usr/local/lib/gcc/m68k-elf/5/libgcc.a(xfgnulib.o)
                                                  /usr/local/m68k-elf/lib/libc.a(lib_a-dtoa.o)
__floatsisf                                       /usr/local/lib/gcc/m68k-elf/5/libgcc.a(fpgnulib.o)
__floatsixf                                       /usr/local/lib/gcc/m68k-elf/5/libgcc.a(xfgnulib.o)
__floatunsidf                                     /usr/local/lib/gcc/m68k-elf/5/libgcc.a(fpgnulib.o)
                                                  /usr/local/lib/gcc/m68k-elf/5/libgcc.a(xfgnulib.o)
                                                  /usr/local/m68k-elf/lib/libc.a(lib_a-dtoa.o)
__floatunsisf                                     /usr/local/lib/gcc/m68k-elf/5/libgcc.a(fpgnulib.o)
__floatunsixf                                     /usr/local/lib/gcc/m68k-elf/5/libgcc.a(xfgnulib.o)
__fp_lock_all                                     /usr/local/m68k-elf/lib/libc.a(lib_a-findfp.o)