Archive member included to satisfy reference by file (symbol)

/usr/local/m68k-elf/lib/libc.a(lib_a-exit.o)
                              crt0.o (exit)
/usr/local/m68k-elf/lib/libc.a(lib_a-impure.o)
                              /usr/local/m68k-elf/lib/libc.a(lib_a-exit.o) (_global_impure_ptr)
/usr/local/m68k-elf/lib/libc.a(lib_a-printf.o)
                              test2.o (printf)
/usr/local/m68k-elf/lib/libc.a(lib_a-vfprintf.o)
                              /usr/local/m68k-elf/lib/libc.a(lib_a-printf.o) (_vfprintf_r)
/usr/local/m68k-elf/lib/libc.a(lib_a-wsetup.o)
                              /usr/local/m68k-elf/lib/libc.a(lib_a-vfprintf.o) (__swsetup_r)
/usr/local/m68k-elf/lib/libc.a(lib_a-__call_atexit.o)
                              /usr/local/m68k-elf/lib/libc.a(lib_a-exit.o) (__call_exitprocs)
/usr/local/m68k-elf/lib/libc.a(lib_a-dtoa.o)
                              /usr/local/m68k-elf/lib/libc.a(lib_a-vfprintf.o) (_dtoa_r)
/usr/local/m68k-elf/lib/libc.a(lib_a-fflush.o)
                              /usr/local/m68k-elf/lib/libc.a(lib_a-vfprintf.o) (_fflush_r)
/usr/local/m68k-elf/lib/libc.a(lib_a-findfp.o)
                              /usr/local/m68k-elf/lib/libc.a(lib_a-vfprintf.o) (__sinit)
/usr/local/m68k-elf/lib/libc.a(lib_a-freer.o)
                              /usr/local/m68k-elf/lib/libc.a(lib_a-wsetup.o) (_free_r)
/usr/local/m68k-elf/lib/libc.a(lib_a-fwalk.o)
                              /usr/local/m68k-elf/lib/libc.a(lib_a-findfp.o) (_fwalk)
/usr/local/m68k-elf/lib/libc.a(lib_a-localeconv.o)
                              /usr/local/m68k-elf/lib/libc.a(lib_a-vfprintf.o) (_localeconv_r)
/usr/local/m68k-elf/lib/libc.a(lib_a-makebuf.o)
                              /usr/local/m68k-elf/lib/libc.a(lib_a-wsetup.o) (__smakebuf_r)
/usr/local/m68k-elf/lib/libc.a(lib_a-mallocr.o)
                              /usr/local/m68k-elf/lib/libc.a(lib_a-findfp.o) (_malloc_r)
/usr/local/m68k-elf/lib/libc.a(lib_a-memchr.o)
                              /usr/local/m68k-elf/lib/libc.a(lib_a-vfprintf.o) (memchr)
/usr/local/m68k-elf/lib/libc.a(lib_a-memcpy.o)
                              /usr/local/m68k-elf/lib/libc.a(lib_a-dtoa.o) (memcpy)
/usr/local/m68k-elf/lib/libc.a(lib_a-memset.o)
                              /usr/local/m68k-elf/lib/libc.a(lib_a-findfp.o) (memset)
/usr/local/m68k-elf/lib/libc.a(lib_a-mlock.o)
                              /usr/local/m68k-elf/lib/libc.a(lib_a-freer.o) (__malloc_lock)
/usr/local/m68k-elf/lib/libc.a(lib_a-mprec.o)
                              /usr/local/m68k-elf/lib/libc.a(lib_a-dtoa.o) (_Balloc)
/usr/local/m68k-elf/lib/libc.a(lib_a-sbrkr.o)
                              /usr/local/m68k-elf/lib/libc.a(lib_a-freer.o) (_sbrk_r)
/usr/local/m68k-elf/lib/libc.a(lib_a-stdio.o)
                              /usr/local/m68k-elf/lib/libc.a(lib_a-findfp.o) (__sread)
/usr/local/m68k-elf/lib/libc.a(lib_a-strlen.o)
                              /usr/local/m68k-elf/lib/libc.a(lib_a-vfprintf.o) (strlen)
/usr/local/m68k-elf/lib/libc.a(lib_a-vfiprintf.o)
                              /usr/local/m68k-elf/lib/libc.a(lib_a-vfprintf.o) (__sprint_r)
/usr/local/m68k-elf/lib/libc.a(lib_a-writer.o)
                              /usr/local/m68k-elf/lib/libc.a(lib_a-stdio.o) (_write_r)
/usr/local/m68k-elf/lib/libc.a(lib_a-callocr.o)
                              /usr/local/m68k-elf/lib/libc.a(lib_a-mprec.o) (_calloc_r)
/usr/local/m68k-elf/lib/libc.a(lib_a-closer.o)
                              /usr/local/m68k-elf/lib/libc.a(lib_a-stdio.o) (_close_r)
/usr/local/m68k-elf/lib/libc.a(lib_a-fclose.o)
                              /usr/local/m68k-elf/lib/libc.a(lib_a-findfp.o) (_fclose_r)
/usr/local/m68k-elf/lib/libc.a(lib_a-fputwc.o)
                              /usr/local/m68k-elf/lib/libc.a(lib_a-vfiprintf.o) (_fputwc_r)
/usr/local/m68k-elf/lib/libc.a(lib_a-fstatr.o)
                              /usr/local/m68k-elf/lib/libc.a(lib_a-makebuf.o) (_fstat_r)
/usr/local/m68k-elf/lib/libc.a(lib_a-fvwrite.o)
                              /usr/local/m68k-elf/lib/libc.a(lib_a-vfiprintf.o) (__sfvwrite_r)
/usr/local/m68k-elf/lib/libc.a(lib_a-isattyr.o)
                              /usr/local/m68k-elf/lib/libc.a(lib_a-makebuf.o) (_isatty_r)
/usr/local/m68k-elf/lib/libc.a(lib_a-locale.o)
                              /usr/local/m68k-elf/lib/libc.a(lib_a-fputwc.o) (__locale_mb_cur_max)
/usr/local/m68k-elf/lib/libc.a(lib_a-lseekr.o)
                              /usr/local/m68k-elf/lib/libc.a(lib_a-stdio.o) (_lseek_r)
/usr/local/m68k-elf/lib/libc.a(lib_a-mbtowc_r.o)
                              /usr/local/m68k-elf/lib/libc.a(lib_a-locale.o) (__ascii_mbtowc)
/usr/local/m68k-elf/lib/libc.a(lib_a-memmove.o)
                              /usr/local/m68k-elf/lib/libc.a(lib_a-fvwrite.o) (memmove)
/usr/local/m68k-elf/lib/libc.a(lib_a-readr.o)
                              /usr/local/m68k-elf/lib/libc.a(lib_a-stdio.o) (_read_r)
/usr/local/m68k-elf/lib/libc.a(lib_a-reallocr.o)
[...]
Memory Configuration

Name             Origin             Length             Attributes
ram              0x0000000000000000 0x0000000000040000 xrw
rom0             0x0000000000c00000 0x0000000000080000
device           0x0000000000fff000 0x0000000000001000
*default*        0x0000000000000000 0xffffffffffffffff

Linker script and memory map

LOAD crt0.o
LOAD mon.o
LOAD csys68k.o
LOAD inchrw.o
LOAD mtk_asm.o
LOAD mtk_c.o
LOAD outchr.o
LOAD test2.o
START GROUP
LOAD /usr/local/m68k-elf/lib/libidp.a
LOAD /usr/local/m68k-elf/lib/libc.a
LOAD /usr/local/lib/gcc/m68k-elf/5/libgcc.a
END GROUP
                0x0000000000000000                __DYNAMIC = 0x0
                0x000000000003fff0                PROVIDE (__stack = 0x3fff0)
                0x0000000000000000                PROVIDE (hardware_init_hook = 0x0)
                [!provide]                        PROVIDE (_hardware_init_hook = 0x0)
                0x0000000000000000                PROVIDE (software_init_hook = 0x0)
                [!provide]                        PROVIDE (_software_init_hook = 0x0)

.vector
 *(.vector)

.text           0x0000000000000400     0xb081
                0x0000000000000400                __text_start = .
 *(.text)
 .text          0x0000000000000400       0x90 crt0.o
                0x000000000000043c                start
 .text          0x0000000000000490      0x43c mon.o
                0x0000000000000490                monitor_begin
 .text          0x00000000000008cc      0x106 csys68k.o
                0x00000000000008cc                read
                0x000000000000097c                write
 *fill*         0x00000000000009d2        0x2 
 .text          0x00000000000009d4       0x26 inchrw.o
                0x00000000000009d4                inbyte
 *fill*         0x00000000000009fa        0x2 
 .text          0x00000000000009fc      0x17e mtk_asm.o
                0x00000000000009fc                swtch
                0x0000000000000a74                pv_handler
                0x0000000000000ab4                P
                0x0000000000000ac6                V
                0x0000000000000ad8                hard_clock
                0x0000000000000b32                init_timer
                0x0000000000000b4e                first_task
 *fill*         0x0000000000000b7a        0x2 
 .text          0x0000000000000b7c      0x4e6 mtk_c.o
                0x0000000000000b7c                init_kernel
                0x0000000000000ba0                set_task
                0x0000000000000ccc                init_stack
                0x0000000000000d10                begin_sch
                0x0000000000000d42                removeq
                0x0000000000000d60                sched
                0x0000000000000d8c                addaddq
                0x0000000000000dbc                addq
                0x0000000000000e5e                sleep
                0x0000000000000f64                wakeup
                0x0000000000001016                p_body
                0x000000000000103c                v_body
 *fill*         0x0000000000001062        0x2 
 .text          0x0000000000001064       0x28 outchr.o
                0x0000000000001064                outbyte
 .text          0x000000000000108c       0xbe test2.o
                0x000000000000108c                task1
                0x00000000000010ca                task2
                0x0000000000001108                task3
 *fill*         0x000000000000114a        0x2 
 .text          0x000000000000114c       0x34 /usr/local/m68k-elf/lib/libc.a(lib_a-exit.o)
                0x000000000000114c                exit
 .text          0x0000000000001180        0x0 /usr/local/m68k-elf/lib/libc.a(lib_a-impure.o)
 .text          0x0000000000001180       0x42 /usr/local/m68k-elf/lib/libc.a(lib_a-printf.o)
                0x0000000000001180                _printf_r
                0x00000000000011a0                printf
 *fill*         0x00000000000011c2        0x2 
 .text          0x00000000000011c4     0x1e20 /usr/local/m68k-elf/lib/libc.a(lib_a-vfprintf.o)
                0x00000000000011c4                _vfprintf_r
                0x0000000000002f28                vfprintf
 .text          0x0000000000002fe4      0x14e /usr/local/m68k-elf/lib/libc.a(lib_a-wsetup.o)
                0x0000000000002fe4                __swsetup_r
 *fill*         0x0000000000003132        0x2 
 .text          0x0000000000003134      0x118 /usr/local/m68k-elf/lib/libc.a(lib_a-__call_atexit.o)
                0x0000000000003134                __call_exitprocs
 .text          0x000000000000324c     0x1876 /usr/local/m68k-elf/lib/libc.a(lib_a-dtoa.o)
                0x0000000000003408                _dtoa_r
 *fill*         0x0000000000004ac2        0x2 
 .text          0x0000000000004ac4      0x238 /usr/local/m68k-elf/lib/libc.a(lib_a-fflush.o)
                0x0000000000004ac4                __sflush_r
                0x0000000000004c74                _fflush_r
                0x0000000000004cca                fflush
 .text          0x0000000000004cfc      0x338 /usr/local/m68k-elf/lib/libc.a(lib_a-findfp.o)
                0x0000000000004d06                _cleanup_r
                0x0000000000004e76                __sfmoreglue
                0x0000000000004eda                __sfp
                0x0000000000004fac                _cleanup
                0x0000000000004fc8                __sinit
                0x0000000000004fe0                __sfp_lock_acquire
                0x0000000000004fe8                __sfp_lock_release
                0x0000000000004ff0                __sinit_lock_acquire
                0x0000000000004ff8                __sinit_lock_release
                0x0000000000005000                __fp_lock_all
                0x000000000000501a                __fp_unlock_all
 .text          0x0000000000005034      0x456 /usr/local/m68k-elf/lib/libc.a(lib_a-freer.o)
                0x0000000000005034                _malloc_trim_r
                0x000000000000511e                _free_r
 *fill*         0x000000000000548a        0x2 
 .text          0x000000000000548c       0xc8 /usr/local/m68k-elf/lib/libc.a(lib_a-fwalk.o)
                0x000000000000548c                _fwalk
                0x00000000000054ee                _fwalk_reent
 .text          0x0000000000005554       0x66 /usr/local/m68k-elf/lib/libc.a(lib_a-localeconv.o)
                0x0000000000005554                __localeconv_l
                0x0000000000005566                _localeconv_r
                0x0000000000005590                localeconv
 *fill*         0x00000000000055ba        0x2 
 .text          0x00000000000055bc      0x17e /usr/local/m68k-elf/lib/libc.a(lib_a-makebuf.o)
                0x00000000000055bc                __swhatbuf_r
                0x000000000000564e                __smakebuf_r
 *fill*         0x000000000000573a        0x2 
 .text          0x000000000000573c      0x80a /usr/local/m68k-elf/lib/libc.a(lib_a-mallocr.o)
                0x000000000000573c                _malloc_r
 *fill*         0x0000000000005f46        0x2 
 .text          0x0000000000005f48       0xbc /usr/local/m68k-elf/lib/libc.a(lib_a-memchr.o)
                0x0000000000005f48                memchr
 .text          0x0000000000006004       0x6e /usr/local/m68k-elf/lib/libc.a(lib_a-memcpy.o)
                0x0000000000006004                memcpy
 *fill*         0x0000000000006072        0x2 
 .text          0x0000000000006074       0x72 /usr/local/m68k-elf/lib/libc.a(lib_a-memset.o)
                0x0000000000006074                memset
 *fill*         0x00000000000060e6        0x2 
 .text          0x00000000000060e8       0x10 /usr/local/m68k-elf/lib/libc.a(lib_a-mlock.o)
                0x00000000000060e8                __malloc_lock
                0x00000000000060f0                __malloc_unlock
 .text          0x00000000000060f8      0xe72 /usr/local/m68k-elf/lib/libc.a(lib_a-mprec.o)
                0x00000000000060f8                _Balloc
                0x0000000000006198                _Bfree
                0x00000000000061c2                __multadd
                0x00000000000062a6                __s2b
                0x0000000000006366                __hi0bits
                0x00000000000063c8                __lo0bits
                0x000000000000644c                __i2b
                0x000000000000646e                __multiply
                0x00000000000066e8                __pow5mult
                0x00000000000067ca                __lshift
                0x000000000000688c                __mcmp
                0x00000000000068dc                __mdiff
                0x0000000000006af4                __ulp
                0x0000000000006b56                __b2d
                0x0000000000006c74                __d2b
                0x0000000000006d8c                __ratio
                0x0000000000006e24                _mprec_log10
                0x0000000000006e8e                __copybits
                0x0000000000006eea                __any_on
 *fill*         0x0000000000006f6a        0x2 
 .text          0x0000000000006f6c       0x32 /usr/local/m68k-elf/lib/libc.a(lib_a-sbrkr.o)
                0x0000000000006f6c                _sbrk_r
 *fill*         0x0000000000006f9e        0x2 
 .text          0x0000000000006fa0      0x144 /usr/local/m68k-elf/lib/libc.a(lib_a-stdio.o)
                0x0000000000006fa0                __sread
                0x0000000000006fe4                __seofread
                0x0000000000006fee                __swrite
                0x0000000000007080                __sseek
                0x00000000000070cc                __sclose
 .text          0x00000000000070e4       0x1a /usr/local/m68k-elf/lib/libc.a(lib_a-strlen.o)
                0x00000000000070e4                strlen
 *fill*         0x00000000000070fe        0x2 
 .text          0x0000000000007100     0x1122 /usr/local/m68k-elf/lib/libc.a(lib_a-vfiprintf.o)
                0x00000000000071b0                __sprint_r
                0x00000000000071ce                _vfiprintf_r
                0x0000000000008166                vfiprintf
 *fill*         0x0000000000008222        0x2 
 .text          0x0000000000008224       0x3c /usr/local/m68k-elf/lib/libc.a(lib_a-writer.o)
                0x0000000000008224                _write_r
 .text          0x0000000000008260       0xd2 /usr/local/m68k-elf/lib/libc.a(lib_a-callocr.o)
                0x0000000000008260                _calloc_r
 *fill*         0x0000000000008332        0x2 
 .text          0x0000000000008334       0x32 /usr/local/m68k-elf/lib/libc.a(lib_a-closer.o)
                0x0000000000008334                _close_r
 *fill*         0x0000000000008366        0x2 
 .text          0x0000000000008368       0xf8 /usr/local/m68k-elf/lib/libc.a(lib_a-fclose.o)
                0x0000000000008368                _fclose_r
                0x000000000000844a                fclose
 .text          0x0000000000008460      0x18c /usr/local/m68k-elf/lib/libc.a(lib_a-fputwc.o)
                0x0000000000008460                __fputwc
                0x000000000000854c                _fputwc_r
                0x000000000000858c                fputwc
 .text          0x00000000000085ec       0x36 /usr/local/m68k-elf/lib/libc.a(lib_a-fstatr.o)
                0x00000000000085ec                _fstat_r
 *fill*         0x0000000000008622        0x2 
 .text          0x0000000000008624      0x40e /usr/local/m68k-elf/lib/libc.a(lib_a-fvwrite.o)
                0x0000000000008624                __sfvwrite_r
 *fill*         0x0000000000008a32        0x2 
 .text          0x0000000000008a34       0x32 /usr/local/m68k-elf/lib/libc.a(lib_a-isattyr.o)
                0x0000000000008a34                _isatty_r
 *fill*         0x0000000000008a66        0x2 
 .text          0x0000000000008a68       0xea /usr/local/m68k-elf/lib/libc.a(lib_a-locale.o)
                0x0000000000008a68                _setlocale_r
                0x0000000000008acc                __locale_mb_cur_max
                0x0000000000008afe                __locale_ctype_ptr_l
                0x0000000000008b0e                __locale_ctype_ptr
                0x0000000000008b38                setlocale
 *fill*         0x0000000000008b52        0x2 
 .text          0x0000000000008b54       0x3c /usr/local/m68k-elf/lib/libc.a(lib_a-lseekr.o)
                0x0000000000008b54                _lseek_r
 .text          0x0000000000008b90       0xba /usr/local/m68k-elf/lib/libc.a(lib_a-mbtowc_r.o)
                0x0000000000008b90                _mbtowc_r
                0x0000000000008c02                __ascii_mbtowc
 *fill*         0x0000000000008c4a        0x2 
 .text          0x0000000000008c4c       0xec /usr/local/m68k-elf/lib/libc.a(lib_a-memmove.o)
                0x0000000000008c4c                memmove
 .text          0x0000000000008d38       0x3c /usr/local/m68k-elf/lib/libc.a(lib_a-readr.o)
                0x0000000000008d38                _read_r
 .text          0x0000000000008d74      0x622 /usr/local/m68k-elf/lib/libc.a(lib_a-reallocr.o)
                0x0000000000008d74                _realloc_r
 *fill*         0x0000000000009396        0x2 
 .text          0x0000000000009398      0x112 /usr/local/m68k-elf/lib/libc.a(lib_a-reent.o)
                0x0000000000009398                cleanup_glue
                0x00000000000093ce                _reclaim_reent
 *fill*         0x00000000000094aa        0x2 
 .text          0x00000000000094ac       0x6c /usr/local/m68k-elf/lib/libc.a(lib_a-strcmp.o)
                0x00000000000094ac                strcmp
 .text          0x0000000000009518      0x14c /usr/local/m68k-elf/lib/libc.a(lib_a-wbuf.o)
                0x0000000000009518                __swbuf_r
                0x000000000000964a                __swbuf
 .text          0x0000000000009664      0x174 /usr/local/m68k-elf/lib/libc.a(lib_a-wcrtomb.o)
                0x0000000000009664                _wcrtomb_r
                0x0000000000009720                wcrtomb
 .text          0x00000000000097d8       0x98 /usr/local/m68k-elf/lib/libc.a(lib_a-wctomb_r.o)
                0x00000000000097d8                _wctomb_r
                0x0000000000009838                __ascii_wctomb
 .text          0x0000000000009870        0x0 /usr/local/m68k-elf/lib/libc.a(lib_a-ctype_.o)
 .text          0x0000000000009870       0x22 /usr/local/lib/gcc/m68k-elf/5/libgcc.a(_mulsi3.o)
                0x0000000000009870                __mulsi3
 *fill*         0x0000000000009892        0x2 
 .text          0x0000000000009894       0x5c /usr/local/lib/gcc/m68k-elf/5/libgcc.a(_udivsi3.o)
                0x0000000000009894                __udivsi3
 .text          0x00000000000098f0       0x2e /usr/local/lib/gcc/m68k-elf/5/libgcc.a(_divsi3.o)
                0x00000000000098f0                __divsi3
 *fill*         0x000000000000991e        0x2 
 .text          0x0000000000009920       0x2e /usr/local/lib/gcc/m68k-elf/5/libgcc.a(_umodsi3.o)
                0x0000000000009920                __umodsi3
 *fill*         0x000000000000994e        0x2 
 .text          0x0000000000009950       0x2e /usr/local/lib/gcc/m68k-elf/5/libgcc.a(_modsi3.o)
                0x0000000000009950                __modsi3
 *fill*         0x000000000000997e        0x2 
 .text          0x0000000000009980      0x9cc /usr/local/lib/gcc/m68k-elf/5/libgcc.a(_double.o)
                0x00000000000099da                __subdf3
                0x00000000000099e0                __adddf3
                0x0000000000009d76                __muldf3
                0x0000000000009f24                __divdf3
                0x000000000000a198                __negdf2
                0x000000000000a1f6                __cmpdf2_internal
                0x000000000000a2c6                __cmpdf2
 .text          0x000000000000a34c       0x6a /usr/local/lib/gcc/m68k-elf/5/libgcc.a(_floatex.o)
                0x000000000000a34c                __clear_sticky_bit
                0x000000000000a35a                $_exception_handler
 *fill*         0x000000000000a3b6        0x2 
 .text          0x000000000000a3b8       0x22 /usr/local/lib/gcc/m68k-elf/5/libgcc.a(_eqdf2.o)
                0x000000000000a3b8                __eqdf2
 *fill*         0x000000000000a3da        0x2 
 .text          0x000000000000a3dc       0x22 /usr/local/lib/gcc/m68k-elf/5/libgcc.a(_nedf2.o)
                0x000000000000a3dc                __nedf2
 *fill*         0x000000000000a3fe        0x2 
 .text          0x000000000000a400       0x22 /usr/local/lib/gcc/m68k-elf/5/libgcc.a(_gtdf2.o)
                0x000000000000a400                __gtdf2
 *fill*         0x000000000000a422        0x2 
 .text          0x000000000000a424       0x22 /usr/local/lib/gcc/m68k-elf/5/libgcc.a(_gedf2.o)
                0x000000000000a424                __gedf2
 *fill*         0x000000000000a446        0x2 
 .text          0x000000000000a448       0x22 /usr/local/lib/gcc/m68k-elf/5/libgcc.a(_ltdf2.o)
                0x000000000000a448                __ltdf2
 *fill*         0x000000000000a46a        0x2 
 .text          0x000000000000a46c       0x22 /usr/local/lib/gcc/m68k-elf/5/libgcc.a(_ledf2.o)
                0x000000000000a46c                __ledf2
 *fill*         0x000000000000a48e        0x2 
 .text          0x000000000000a490      0x4aa /usr/local/lib/gcc/m68k-elf/5/libgcc.a(fpgnulib.o)
                0x000000000000a490                __unordsf2
                0x000000000000a4f0                __unorddf2
                0x000000000000a562                __floatunsidf
                0x000000000000a5ce                __floatsidf
                0x000000000000a698                __floatunsisf
                0x000000000000a6b2                __floatsisf
                0x000000000000a6cc                __extendsfdf2
                0x000000000000a748                __truncdfsf2
                0x000000000000a892                __fixdfsi
                0x000000000000a920                __fixsfsi
 *fill*         0x000000000000a93a        0x2 
 .text          0x000000000000a93c      0x800 /usr/local/lib/gcc/m68k-elf/5/libgcc.a(xfgnulib.o)
                0x000000000000a93c                __unordxf2
                0x000000000000a9c0                __extenddfxf2
                0x000000000000aada                __truncxfdf2
                0x000000000000aba0                __extendsfxf2
                0x000000000000abe4                __truncxfsf2
                0x000000000000ac0c                __floatsixf
                0x000000000000ac52                __floatunsixf
                0x000000000000ac98                __fixxfsi
                0x000000000000acc0                __addxf3
                0x000000000000ad36                __subxf3
                0x000000000000adac                __mulxf3
                0x000000000000ae22                __divxf3
                0x000000000000ae98                __negxf2
                0x000000000000aef0                __cmpxf2
                0x000000000000af44                __eqxf2
                0x000000000000af98                __nexf2
                0x000000000000afec                __ltxf2
                0x000000000000b040                __lexf2
                0x000000000000b094                __gtxf2
                0x000000000000b0e8                __gexf2
 .text          0x000000000000b13c        0xa /usr/local/m68k-elf/lib/libidp.a(close.o)
                0x000000000000b13c                close
 *fill*         0x000000000000b146        0x2 
 .text          0x000000000000b148       0x1a /usr/local/m68k-elf/lib/libidp.a(fstat.o)
                0x000000000000b148                fstat
 *fill*         0x000000000000b162        0x2 
 .text          0x000000000000b164        0xa /usr/local/m68k-elf/lib/libidp.a(isatty.o)
                0x000000000000b164                isatty
 *fill*         0x000000000000b16e        0x2 
 .text          0x000000000000b170       0x16 /usr/local/m68k-elf/lib/libidp.a(lseek.o)
                0x000000000000b170                lseek
 *fill*         0x000000000000b186        0x2 
 .text          0x000000000000b188       0x32 /usr/local/m68k-elf/lib/libidp.a(sbrk.o)
                0x000000000000b188                sbrk
 *fill*         0x000000000000b1ba        0x2 
 .text          0x000000000000b1bc       0x2a /usr/local/m68k-elf/lib/libidp.a(mc68ec.o)
                0x000000000000b1bc                _exit
                0x000000000000b1c6                delay
 *fill*         0x000000000000b1e6        0x2 
 .text          0x000000000000b1e8        0xe /usr/local/m68k-elf/lib/libc.a(lib_a-errno.o)
                0x000000000000b1e8                __errno
                0x000000000000b1f8                . = ALIGN (0x4)
 *fill*         0x000000000000b1f6        0x2 
                0x000000000000b1f8                __CTOR_LIST__ = .
                0x000000000000b1f8                ___CTOR_LIST__ = .
                0x000000000000b1f8        0x4 LONG 0x0 (((__CTOR_END__ - __CTOR_LIST__) / 0x4) - 0x2)
 *(.ctors)
                0x000000000000b1fc        0x4 LONG 0x0
                0x000000000000b200                __CTOR_END__ = .
                0x000000000000b200                __DTOR_LIST__ = .
                0x000000000000b200                ___DTOR_LIST__ = .
                0x000000000000b200        0x4 LONG 0x0 (((__DTOR_END__ - __DTOR_LIST__) / 0x4) - 0x2)
 *(.dtors)
                0x000000000000b204        0x4 LONG 0x0
                0x000000000000b208                __DTOR_END__ = .
 *(.rodata)
 .rodata        0x000000000000b208        0x4 /usr/local/m68k-elf/lib/libc.a(lib_a-impure.o)
                0x000000000000b208                _global_impure_ptr
 .rodata        0x000000000000b20c       0x20 /usr/local/m68k-elf/lib/libc.a(lib_a-vfprintf.o)
 .rodata        0x000000000000b22c      0x124 /usr/local/m68k-elf/lib/libc.a(lib_a-mprec.o)
                0x000000000000b238                __mprec_tinytens
                0x000000000000b260                __mprec_bigtens
                0x000000000000b288                __mprec_tens
 .rodata        0x000000000000b350       0x20 /usr/local/m68k-elf/lib/libc.a(lib_a-vfiprintf.o)
 .rodata        0x000000000000b370      0x101 /usr/local/m68k-elf/lib/libc.a(lib_a-ctype_.o)
                0x000000000000b370                _ctype_
 *(.gcc_except_table)
                0x000000000000b471                __INIT_SECTION__ = .
                0x000000000000b471        0x4 LONG 0x4e560000
 *(.init)
                0x000000000000b475        0x2 SHORT 0x4e5e
                0x000000000000b477        0x2 SHORT 0x4e75
                0x000000000000b479                __FINI_SECTION__ = .
                0x000000000000b479        0x4 LONG 0x4e560000
 *(.fini)
                0x000000000000b47d        0x2 SHORT 0x4e5e
                0x000000000000b47f        0x2 SHORT 0x4e75
                0x000000000000b481                _etext = .
 *(.lit)

.text.startup   0x000000000000b482       0x36
 .text.startup  0x000000000000b482       0x36 test2.o
                0x000000000000b482                main

.rodata.str1.1  0x000000000000b4b8       0x8d
 .rodata.str1.1
                0x000000000000b4b8        0xf test2.o
 .rodata.str1.1
                0x000000000000b4c7       0x3b /usr/local/m68k-elf/lib/libc.a(lib_a-vfprintf.o)
 .rodata.str1.1
                0x000000000000b502        0xf /usr/local/m68k-elf/lib/libc.a(lib_a-dtoa.o)
 .rodata.str1.1
                0x000000000000b511       0x29 /usr/local/m68k-elf/lib/libc.a(lib_a-vfiprintf.o)
 .rodata.str1.1
                0x000000000000b53a        0xb /usr/local/m68k-elf/lib/libc.a(lib_a-locale.o)

.data           0x000000000000b548      0xbe4
 *(.shdata)
 *(.data)
 .data          0x000000000000b548        0x4 crt0.o
 .data          0x000000000000b54c      0x222 mon.o
 *fill*         0x000000000000b76e        0x2 
 .data          0x000000000000b770        0x0 csys68k.o
 .data          0x000000000000b770        0x0 inchrw.o
 .data          0x000000000000b770        0x0 mtk_asm.o
 .data          0x000000000000b770        0x0 mtk_c.o
 .data          0x000000000000b770        0x0 outchr.o
 .data          0x000000000000b770        0x0 test2.o
 .data          0x000000000000b770        0x0 /usr/local/m68k-elf/lib/libc.a(lib_a-exit.o)
 .data          0x000000000000b770      0x426 /usr/local/m68k-elf/lib/libc.a(lib_a-impure.o)
                0x000000000000b770                _impure_ptr
 *fill*         0x000000000000bb96        0x2 
 .data          0x000000000000bb98        0x0 /usr/local/m68k-elf/lib/libc.a(lib_a-printf.o)
 .data          0x000000000000bb98        0x0 /usr/local/m68k-elf/lib/libc.a(lib_a-vfprintf.o)
 .data          0x000000000000bb98        0x0 /usr/local/m68k-elf/lib/libc.a(lib_a-wsetup.o)
 .data          0x000000000000bb98        0x0 /usr/local/m68k-elf/lib/libc.a(lib_a-__call_atexit.o)
 .data          0x000000000000bb98        0x0 /usr/local/m68k-elf/lib/libc.a(lib_a-dtoa.o)
 .data          0x000000000000bb98        0x0 /usr/local/m68k-elf/lib/libc.a(lib_a-fflush.o)
 .data          0x000000000000bb98        0x0 /usr/local/m68k-elf/lib/libc.a(lib_a-findfp.o)
 .data          0x000000000000bb98        0x0 /usr/local/m68k-elf/lib/libc.a(lib_a-freer.o)
 .data          0x000000000000bb98        0x0 /usr/local/m68k-elf/lib/libc.a(lib_a-fwalk.o)
 .data          0x000000000000bb98        0x0 /usr/local/m68k-elf/lib/libc.a(lib_a-localeconv.o)
 .data          0x000000000000bb98        0x0 /usr/local/m68k-elf/lib/libc.a(lib_a-makebuf.o)
 .data          0x000000000000bb98      0x410 /usr/local/m68k-elf/lib/libc.a(lib_a-mallocr.o)
                0x000000000000bb98                __malloc_sbrk_base
                0x000000000000bb9c                __malloc_trim_threshold
                0x000000000000bba0                __malloc_av_
 .data          0x000000000000bfa8        0x0 /usr/local/m68k-elf/lib/libc.a(lib_a-memchr.o)
 .data          0x000000000000bfa8        0x0 /usr/local/m68k-elf/lib/libc.a(lib_a-memcpy.o)
 .data          0x000000000000bfa8        0x0 /usr/local/m68k-elf/lib/libc.a(lib_a-memset.o)
 .data          0x000000000000bfa8        0x0 /usr/local/m68k-elf/lib/libc.a(lib_a-mlock.o)
 .data          0x000000000000bfa8        0x0 /usr/local/m68k-elf/lib/libc.a(lib_a-mprec.o)
 .data          0x000000000000bfa8        0x0 /usr/local/m68k-elf/lib/libc.a(lib_a-sbrkr.o)
 .data          0x000000000000bfa8        0x0 /usr/local/m68k-elf/lib/libc.a(lib_a-stdio.o)
 .data          0x000000000000bfa8        0x0 /usr/local/m68k-elf/lib/libc.a(lib_a-strlen.o)
 .data          0x000000000000bfa8        0x0 /usr/local/m68k-elf/lib/libc.a(lib_a-vfiprintf.o)
 .data          0x000000000000bfa8        0x0 /usr/local/m68k-elf/lib/libc.a(lib_a-writer.o)
 .data          0x000000000000bfa8        0x0 /usr/local/m68k-elf/lib/libc.a(lib_a-callocr.o)
 .data          0x000000000000bfa8        0x0 /usr/local/m68k-elf/lib/libc.a(lib_a-closer.o)
 .data          0x000000000000bfa8        0x0 /usr/local/m68k-elf/lib/libc.a(lib_a-fclose.o)
 .data          0x000000000000bfa8        0x0 /usr/local/m68k-elf/lib/libc.a(lib_a-fputwc.o)
 .data          0x000000000000bfa8        0x0 /usr/local/m68k-elf/lib/libc.a(lib_a-fstatr.o)
 .data          0x000000000000bfa8        0x0 /usr/local/m68k-elf/lib/libc.a(lib_a-fvwrite.o)
 .data          0x000000000000bfa8        0x0 /usr/local/m68k-elf/lib/libc.a(lib_a-isattyr.o)
 .data          0x000000000000bfa8      0x168 /usr/local/m68k-elf/lib/libc.a(lib_a-locale.o)
                0x000000000000bfa8                __global_locale
 .data          0x000000000000c110        0x0 /usr/local/m68k-elf/lib/libc.a(lib_a-lseekr.o)
 .data          0x000000000000c110        0x0 /usr/local/m68k-elf/lib/libc.a(lib_a-mbtowc_r.o)
 .data          0x000000000000c110        0x0 /usr/local/m68k-elf/lib/libc.a(lib_a-memmove.o)
 .data          0x000000000000c110        0x0 /usr/local/m68k-elf/lib/libc.a(lib_a-readr.o)
 .data          0x000000000000c110        0x0 /usr/local/m68k-elf/lib/libc.a(lib_a-reallocr.o)
 .data          0x000000000000c110        0x0 /usr/local/m68k-elf/lib/libc.a(lib_a-reent.o)
 .data          0x000000000000c110        0x0 /usr/local/m68k-elf/lib/libc.a(lib_a-strcmp.o)
 .data          0x000000000000c110        0x0 /usr/local/m68k-elf/lib/libc.a(lib_a-wbuf.o)
 .data          0x000000000000c110        0x0 /usr/local/m68k-elf/lib/libc.a(lib_a-wcrtomb.o)
 .data          0x000000000000c110        0x0 /usr/local/m68k-elf/lib/libc.a(lib_a-wctomb_r.o)
 .data          0x000000000000c110        0x0 /usr/local/m68k-elf/lib/libc.a(lib_a-ctype_.o)
 .data          0x000000000000c110        0x0 /usr/local/lib/gcc/m68k-elf/5/libgcc.a(_mulsi3.o)
 .data          0x000000000000c110        0x0 /usr/local/lib/gcc/m68k-elf/5/libgcc.a(_udivsi3.o)
 .data          0x000000000000c110        0x0 /usr/local/lib/gcc/m68k-elf/5/libgcc.a(_divsi3.o)
 .data          0x000000000000c110        0x0 /usr/local/lib/gcc/m68k-elf/5/libgcc.a(_umodsi3.o)
 .data          0x000000000000c110        0x0 /usr/local/lib/gcc/m68k-elf/5/libgcc.a(_modsi3.o)
 .data          0x000000000000c110        0x0 /usr/local/lib/gcc/m68k-elf/5/libgcc.a(_double.o)
 .data          0x000000000000c110       0x1c /usr/local/lib/gcc/m68k-elf/5/libgcc.a(_floatex.o)
                0x000000000000c110                _fpCCR
 .data          0x000000000000c12c        0x0 /usr/local/lib/gcc/m68k-elf/5/libgcc.a(_eqdf2.o)
 .data          0x000000000000c12c        0x0 /usr/local/lib/gcc/m68k-elf/5/libgcc.a(_nedf2.o)
 .data          0x000000000000c12c        0x0 /usr/local/lib/gcc/m68k-elf/5/libgcc.a(_gtdf2.o)
 .data          0x000000000000c12c        0x0 /usr/local/lib/gcc/m68k-elf/5/libgcc.a(_gedf2.o)
 .data          0x000000000000c12c        0x0 /usr/local/lib/gcc/m68k-elf/5/libgcc.a(_ltdf2.o)
 .data          0x000000000000c12c        0x0 /usr/local/lib/gcc/m68k-elf/5/libgcc.a(_ledf2.o)
 .data          0x000000000000c12c        0x0 /usr/local/lib/gcc/m68k-elf/5/libgcc.a(fpgnulib.o)
 .data          0x000000000000c12c        0x0 /usr/local/lib/gcc/m68k-elf/5/libgcc.a(xfgnulib.o)
 .data          0x000000000000c12c        0x0 /usr/local/m68k-elf/lib/libidp.a(close.o)
 .data          0x000000000000c12c        0x0 /usr/local/m68k-elf/lib/libidp.a(fstat.o)
 .data          0x000000000000c12c        0x0 /usr/local/m68k-elf/lib/libidp.a(isatty.o)
 .data          0x000000000000c12c        0x0 /usr/local/m68k-elf/lib/libidp.a(lseek.o)
 .data          0x000000000000c12c        0x0 /usr/local/m68k-elf/lib/libidp.a(sbrk.o)
 .data          0x000000000000c12c        0x0 /usr/local/m68k-elf/lib/libidp.a(mc68ec.o)
 .data          0x000000000000c12c        0x0 /usr/local/m68k-elf/lib/libc.a(lib_a-errno.o)
                0x000000000000c12c                _edata = .

.bss            0x000000000000c12c     0xa9fc
                0x000000000000c12c                . = ALIGN (0x4)
                0x000000000000c12c                __bss_start = .
 *(.shbss)
 *(.bss)
 .bss           0x000000000000c12c        0x0 crt0.o
 .bss           0x000000000000c12c     0x8104 mon.o
 .bss           0x0000000000014230        0x0 csys68k.o
 .bss           0x0000000000014230        0x1 inchrw.o
 *fill*         0x0000000000014231        0x3 
 .bss           0x0000000000014234        0x0 mtk_asm.o
 .bss           0x0000000000014234        0x0 mtk_c.o
 .bss           0x0000000000014234        0x0 outchr.o
 .bss           0x0000000000014234        0x0 test2.o
 .bss           0x0000000000014234        0x0 /usr/local/m68k-elf/lib/libc.a(lib_a-exit.o)
 .bss           0x0000000000014234        0x0 /usr/local/m68k-elf/lib/libc.a(lib_a-impure.o)
 .bss           0x0000000000014234        0x0 /usr/local/m68k-elf/lib/libc.a(lib_a-printf.o)
 .bss           0x0000000000014234        0x0 /usr/local/m68k-elf/lib/libc.a(lib_a-vfprintf.o)
 .bss           0x0000000000014234        0x0 /usr/local/m68k-elf/lib/libc.a(lib_a-wsetup.o)
 .bss           0x0000000000014234        0x0 /usr/local/m68k-elf/lib/libc.a(lib_a-__call_atexit.o)
 .bss           0x0000000000014234        0x0 /usr/local/m68k-elf/lib/libc.a(lib_a-dtoa.o)
 .bss           0x0000000000014234        0x0 /usr/local/m68k-elf/lib/libc.a(lib_a-fflush.o)
 .bss           0x0000000000014234        0x0 /usr/local/m68k-elf/lib/libc.a(lib_a-findfp.o)
 .bss           0x0000000000014234        0x0 /usr/local/m68k-elf/lib/libc.a(lib_a-freer.o)
 .bss           0x0000000000014234        0x0 /usr/local/m68k-elf/lib/libc.a(lib_a-fwalk.o)
 .bss           0x0000000000014234        0x0 /usr/local/m68k-elf/lib/libc.a(lib_a-localeconv.o)
 .bss           0x0000000000014234        0x0 /usr/local/m68k-elf/lib/libc.a(lib_a-makebuf.o)
 .bss           0x0000000000014234       0x34 /usr/local/m68k-elf/lib/libc.a(lib_a-mallocr.o)
                0x0000000000014234                __malloc_current_mallinfo
                0x000000000001425c                __malloc_max_total_mem
                0x0000000000014260                __malloc_max_sbrked_mem
                0x0000000000014264                __malloc_top_pad
 .bss           0x0000000000014268        0x0 /usr/local/m68k-elf/lib/libc.a(lib_a-memchr.o)
 .bss           0x0000000000014268        0x0 /usr/local/m68k-elf/lib/libc.a(lib_a-memcpy.o)
 .bss           0x0000000000014268        0x0 /usr/local/m68k-elf/lib/libc.a(lib_a-memset.o)
 .bss           0x0000000000014268        0x0 /usr/local/m68k-elf/lib/libc.a(lib_a-mlock.o)
 .bss           0x0000000000014268        0x0 /usr/local/m68k-elf/lib/libc.a(lib_a-mprec.o)
 .bss           0x0000000000014268        0x0 /usr/local/m68k-elf/lib/libc.a(lib_a-sbrkr.o)
 .bss           0x0000000000014268        0x0 /usr/local/m68k-elf/lib/libc.a(lib_a-stdio.o)
 .bss           0x0000000000014268        0x0 /usr/local/m68k-elf/lib/libc.a(lib_a-strlen.o)
 .bss           0x0000000000014268        0x0 /usr/local/m68k-elf/lib/libc.a(lib_a-vfiprintf.o)
 .bss           0x0000000000014268        0x0 /usr/local/m68k-elf/lib/libc.a(lib_a-writer.o)
 .bss           0x0000000000014268        0x0 /usr/local/m68k-elf/lib/libc.a(lib_a-callocr.o)
 .bss           0x0000000000014268        0x0 /usr/local/m68k-elf/lib/libc.a(lib_a-closer.o)
 .bss           0x0000000000014268        0x0 /usr/local/m68k-elf/lib/libc.a(lib_a-fclose.o)
 .bss           0x0000000000014268        0x0 /usr/local/m68k-elf/lib/libc.a(lib_a-fputwc.o)
 .bss           0x0000000000014268        0x0 /usr/local/m68k-elf/lib/libc.a(lib_a-fstatr.o)
 .bss           0x0000000000014268        0x0 /usr/local/m68k-elf/lib/libc.a(lib_a-fvwrite.o)
 .bss           0x0000000000014268        0x0 /usr/local/m68k-elf/lib/libc.a(lib_a-isattyr.o)
 .bss           0x0000000000014268        0x4 /usr/local/m68k-elf/lib/libc.a(lib_a-locale.o)
                0x0000000000014268                _PathLocale
 .bss           0x000000000001426c        0x0 /usr/local/m68k-elf/lib/libc.a(lib_a-lseekr.o)
 .bss           0x000000000001426c        0x0 /usr/local/m68k-elf/lib/libc.a(lib_a-mbtowc_r.o)
 .bss           0x000000000001426c        0x0 /usr/local/m68k-elf/lib/libc.a(lib_a-memmove.o)
 .bss           0x000000000001426c        0x0 /usr/local/m68k-elf/lib/libc.a(lib_a-readr.o)
 .bss           0x000000000001426c        0x0 /usr/local/m68k-elf/lib/libc.a(lib_a-reallocr.o)
 .bss           0x000000000001426c        0x0 /usr/local/m68k-elf/lib/libc.a(lib_a-reent.o)
 .bss           0x000000000001426c        0x0 /usr/local/m68k-elf/lib/libc.a(lib_a-strcmp.o)
 .bss           0x000000000001426c        0x0 /usr/local/m68k-elf/lib/libc.a(lib_a-wbuf.o)
 .bss           0x000000000001426c        0x0 /usr/local/m68k-elf/lib/libc.a(lib_a-wcrtomb.o)
 .bss           0x000000000001426c        0x0 /usr/local/m68k-elf/lib/libc.a(lib_a-wctomb_r.o)
 .bss           0x000000000001426c        0x0 /usr/local/m68k-elf/lib/libc.a(lib_a-ctype_.o)
 .bss           0x000000000001426c        0x0 /usr/local/lib/gcc/m68k-elf/5/libgcc.a(_mulsi3.o)
 .bss           0x000000000001426c        0x0 /usr/local/lib/gcc/m68k-elf/5/libgcc.a(_udivsi3.o)
 .bss           0x000000000001426c        0x0 /usr/local/lib/gcc/m68k-elf/5/libgcc.a(_divsi3.o)
 .bss           0x000000000001426c        0x0 /usr/local/lib/gcc/m68k-elf/5/libgcc.a(_umodsi3.o)
 .bss           0x000000000001426c        0x0 /usr/local/lib/gcc/m68k-elf/5/libgcc.a(_modsi3.o)
 .bss           0x000000000001426c        0x0 /usr/local/lib/gcc/m68k-elf/5/libgcc.a(_double.o)
 .bss           0x000000000001426c        0x0 /usr/local/lib/gcc/m68k-elf/5/libgcc.a(_floatex.o)
 .bss           0x000000000001426c        0x0 /usr/local/lib/gcc/m68k-elf/5/libgcc.a(_eqdf2.o)
 .bss           0x000000000001426c        0x0 /usr/local/lib/gcc/m68k-elf/5/libgcc.a(_nedf2.o)
 .bss           0x000000000001426c        0x0 /usr/local/lib/gcc/m68k-elf/5/libgcc.a(_gtdf2.o)
 .bss           0x000000000001426c        0x0 /usr/local/lib/gcc/m68k-elf/5/libgcc.a(_gedf2.o)
 .bss           0x000000000001426c        0x0 /usr/local/lib/gcc/m68k-elf/5/libgcc.a(_ltdf2.o)
 .bss           0x000000000001426c        0x0 /usr/local/lib/gcc/m68k-elf/5/libgcc.a(_ledf2.o)
 .bss           0x000000000001426c        0x0 /usr/local/lib/gcc/m68k-elf/5/libgcc.a(fpgnulib.o)
 .bss           0x000000000001426c        0x0 /usr/local/lib/gcc/m68k-elf/5/libgcc.a(xfgnulib.o)
 .bss           0x000000000001426c        0x0 /usr/local/m68k-elf/lib/libidp.a(close.o)
 .bss           0x000000000001426c        0x0 /usr/local/m68k-elf/lib/libidp.a(fstat.o)
 .bss           0x000000000001426c        0x0 /usr/local/m68k-elf/lib/libidp.a(isatty.o)
 .bss           0x000000000001426c        0x0 /usr/local/m68k-elf/lib/libidp.a(lseek.o)
 .bss           0x000000000001426c        0x0 /usr/local/m68k-elf/lib/libidp.a(sbrk.o)
 .bss           0x000000000001426c        0x0 /usr/local/m68k-elf/lib/libidp.a(mc68ec.o)
 .bss           0x000000000001426c        0x0 /usr/local/m68k-elf/lib/libc.a(lib_a-errno.o)
 *(COMMON)
 COMMON         0x000000000001426c     0x28b4 mtk_c.o
                0x000000000001426c                next_task
                0x0000000000014270                semaphore
                0x0000000000014288                curr_task
                0x000000000001428c                task_tab
                0x0000000000014318                stacks
                0x0000000000016b18                new_task
                0x0000000000016b1c                ready
 COMMON         0x0000000000016b20        0x4 /usr/local/m68k-elf/lib/libc.a(lib_a-reent.o)
                0x0000000000016b20                errno
 COMMON         0x0000000000016b24        0x4 /usr/local/m68k-elf/lib/libidp.a(sbrk.o)
                0x0000000000016b24                heap_ptr
                0x0000000000016b28                _end = ALIGN (0x8)
                0x0000000000016b28                __end = _end

.stab
 *(.stab)

.stabstr
 *(.stabstr)
OUTPUT(test2.hex srec)

.debug_info     0x0000000000000000    0x2012c
 .debug_info    0x0000000000000000      0x100 csys68k.o
 .debug_info    0x0000000000000100      0x642 mtk_c.o
 .debug_info    0x0000000000000742      0xb22 test2.o
 .debug_info    0x0000000000001264      0x8dc /usr/local/m68k-elf/lib/libc.a(lib_a-exit.o)
 .debug_info    0x0000000000001b40      0x8b1 /usr/local/m68k-elf/lib/libc.a(lib_a-impure.o)
 .debug_info    0x00000000000023f1      0x970 /usr/local/m68k-elf/lib/libc.a(lib_a-printf.o)
 .debug_info    0x0000000000002d61     0x16d2 /usr/local/m68k-elf/lib/libc.a(lib_a-vfprintf.o)
 .debug_info    0x0000000000004433      0x927 /usr/local/m68k-elf/lib/libc.a(lib_a-wsetup.o)
 .debug_info    0x0000000000004d5a      0x95f /usr/local/m68k-elf/lib/libc.a(lib_a-__call_atexit.o)
 .debug_info    0x00000000000056b9     0x144b /usr/local/m68k-elf/lib/libc.a(lib_a-dtoa.o)
 .debug_info    0x0000000000006b04      0xa2c /usr/local/m68k-elf/lib/libc.a(lib_a-fflush.o)
 .debug_info    0x0000000000007530      0xd0b /usr/local/m68k-elf/lib/libc.a(lib_a-findfp.o)
 .debug_info    0x000000000000823b      0xbb5 /usr/local/m68k-elf/lib/libc.a(lib_a-freer.o)
 .debug_info    0x0000000000008df0      0x9a5 /usr/local/m68k-elf/lib/libc.a(lib_a-fwalk.o)
 .debug_info    0x0000000000009795      0xe4a /usr/local/m68k-elf/lib/libc.a(lib_a-localeconv.o)
 .debug_info    0x000000000000a5df      0xc08 /usr/local/m68k-elf/lib/libc.a(lib_a-makebuf.o)
 .debug_info    0x000000000000b1e7      0xcdd /usr/local/m68k-elf/lib/libc.a(lib_a-mallocr.o)
 .debug_info    0x000000000000bec4      0x12d /usr/local/m68k-elf/lib/libc.a(lib_a-memchr.o)
 .debug_info    0x000000000000bff1       0x26 /usr/local/m68k-elf/lib/libc.a(lib_a-memcpy.o)
 .debug_info    0x000000000000c017       0x26 /usr/local/m68k-elf/lib/libc.a(lib_a-memset.o)
 .debug_info    0x000000000000c03d      0x8bf /usr/local/m68k-elf/lib/libc.a(lib_a-mlock.o)
 .debug_info    0x000000000000c8fc     0x1a82 /usr/local/m68k-elf/lib/libc.a(lib_a-mprec.o)
 .debug_info    0x000000000000e37e      0x901 /usr/local/m68k-elf/lib/libc.a(lib_a-sbrkr.o)
 .debug_info    0x000000000000ec7f      0xae3 /usr/local/m68k-elf/lib/libc.a(lib_a-stdio.o)
 .debug_info    0x000000000000f762       0xd6 /usr/local/m68k-elf/lib/libc.a(lib_a-strlen.o)
 .debug_info    0x000000000000f838     0x17d3 /usr/local/m68k-elf/lib/libc.a(lib_a-vfiprintf.o)
 .debug_info    0x000000000001100b      0x90e /usr/local/m68k-elf/lib/libc.a(lib_a-writer.o)
 .debug_info    0x0000000000011919      0x9d3 /usr/local/m68k-elf/lib/libc.a(lib_a-callocr.o)
 .debug_info    0x00000000000122ec      0x8e0 /usr/local/m68k-elf/lib/libc.a(lib_a-closer.o)
 .debug_info    0x0000000000012bcc      0x9e5 /usr/local/m68k-elf/lib/libc.a(lib_a-fclose.o)
 .debug_info    0x00000000000135b1      0xae3 /usr/local/m68k-elf/lib/libc.a(lib_a-fputwc.o)
 .debug_info    0x0000000000014094      0xac4 /usr/local/m68k-elf/lib/libc.a(lib_a-fstatr.o)
 .debug_info    0x0000000000014b58      0xac9 /usr/local/m68k-elf/lib/libc.a(lib_a-fvwrite.o)
 .debug_info    0x0000000000015621      0x8e0 /usr/local/m68k-elf/lib/libc.a(lib_a-isattyr.o)
 .debug_info    0x0000000000015f01      0xf06 /usr/local/m68k-elf/lib/libc.a(lib_a-locale.o)
 .debug_info    0x0000000000016e07      0x8fc /usr/local/m68k-elf/lib/libc.a(lib_a-lseekr.o)
 .debug_info    0x0000000000017703      0xe78 /usr/local/m68k-elf/lib/libc.a(lib_a-mbtowc_r.o)
 .debug_info    0x000000000001857b      0xdfd /usr/local/m68k-elf/lib/libc.a(lib_a-memmove.o)
 .debug_info    0x0000000000019378      0x907 /usr/local/m68k-elf/lib/libc.a(lib_a-readr.o)
 .debug_info    0x0000000000019c7f      0xc46 /usr/local/m68k-elf/lib/libc.a(lib_a-reallocr.o)
 .debug_info    0x000000000001a8c5      0x993 /usr/local/m68k-elf/lib/libc.a(lib_a-reent.o)
 .debug_info    0x000000000001b258       0xe4 /usr/local/m68k-elf/lib/libc.a(lib_a-strcmp.o)
 .debug_info    0x000000000001b33c      0x987 /usr/local/m68k-elf/lib/libc.a(lib_a-wbuf.o)
 .debug_info    0x000000000001bcc3      0xeb9 /usr/local/m68k-elf/lib/libc.a(lib_a-wcrtomb.o)
 .debug_info    0x000000000001cb7c      0xe4a /usr/local/m68k-elf/lib/libc.a(lib_a-wctomb_r.o)
 .debug_info    0x000000000001d9c6      0xd83 /usr/local/m68k-elf/lib/libc.a(lib_a-ctype_.o)
 .debug_info    0x000000000001e749       0x26 /usr/local/lib/gcc/m68k-elf/5/libgcc.a(_mulsi3.o)
 .debug_info    0x000000000001e76f       0x26 /usr/local/lib/gcc/m68k-elf/5/libgcc.a(_udivsi3.o)
 .debug_info    0x000000000001e795       0x26 /usr/local/lib/gcc/m68k-elf/5/libgcc.a(_divsi3.o)
 .debug_info    0x000000000001e7bb       0x26 /usr/local/lib/gcc/m68k-elf/5/libgcc.a(_umodsi3.o)
 .debug_info    0x000000000001e7e1       0x26 /usr/local/lib/gcc/m68k-elf/5/libgcc.a(_modsi3.o)
 .debug_info    0x000000000001e807       0x26 /usr/local/lib/gcc/m68k-elf/5/libgcc.a(_double.o)
 .debug_info    0x000000000001e82d       0x26 /usr/local/lib/gcc/m68k-elf/5/libgcc.a(_floatex.o)
 .debug_info    0x000000000001e853       0x26 /usr/local/lib/gcc/m68k-elf/5/libgcc.a(_eqdf2.o)
 .debug_info    0x000000000001e879       0x26 /usr/local/lib/gcc/m68k-elf/5/libgcc.a(_nedf2.o)
 .debug_info    0x000000000001e89f       0x26 /usr/local/lib/gcc/m68k-elf/5/libgcc.a(_gtdf2.o)
 .debug_info    0x000000000001e8c5       0x26 /usr/local/lib/gcc/m68k-elf/5/libgcc.a(_gedf2.o)
 .debug_info    0x000000000001e8eb       0x26 /usr/local/lib/gcc/m68k-elf/5/libgcc.a(_ltdf2.o)
 .debug_info    0x000000000001e911       0x26 /usr/local/lib/gcc/m68k-elf/5/libgcc.a(_ledf2.o)
 .debug_info    0x000000000001e937      0x44e /usr/local/lib/gcc/m68k-elf/5/libgcc.a(fpgnulib.o)
 .debug_info    0x000000000001ed85      0x51e /usr/local/lib/gcc/m68k-elf/5/libgcc.a(xfgnulib.o)
 .debug_info    0x000000000001f2a3       0x54 /usr/local/m68k-elf/lib/libidp.a(close.o)
 .debug_info    0x000000000001f2f7      0x297 /usr/local/m68k-elf/lib/libidp.a(fstat.o)
 .debug_info    0x000000000001f58e       0x54 /usr/local/m68k-elf/lib/libidp.a(isatty.o)
 .debug_info    0x000000000001f5e2       0xf9 /usr/local/m68k-elf/lib/libidp.a(lseek.o)
 .debug_info    0x000000000001f6db       0xe5 /usr/local/m68k-elf/lib/libidp.a(sbrk.o)
 .debug_info    0x000000000001f7c0       0xc6 /usr/local/m68k-elf/lib/libidp.a(mc68ec.o)
 .debug_info    0x000000000001f886      0x8a6 /usr/local/m68k-elf/lib/libc.a(lib_a-errno.o)

.debug_abbrev   0x0000000000000000     0x660c
 .debug_abbrev  0x0000000000000000       0xa2 csys68k.o
 .debug_abbrev  0x00000000000000a2      0x26a mtk_c.o
 .debug_abbrev  0x000000000000030c      0x237 test2.o
 .debug_abbrev  0x0000000000000543      0x1c6 /usr/local/m68k-elf/lib/libc.a(lib_a-exit.o)
 .debug_abbrev  0x0000000000000709      0x189 /usr/local/m68k-elf/lib/libc.a(lib_a-impure.o)
 .debug_abbrev  0x0000000000000892      0x214 /usr/local/m68k-elf/lib/libc.a(lib_a-printf.o)
 .debug_abbrev  0x0000000000000aa6      0x3a3 /usr/local/m68k-elf/lib/libc.a(lib_a-vfprintf.o)
 .debug_abbrev  0x0000000000000e49      0x1ee /usr/local/m68k-elf/lib/libc.a(lib_a-wsetup.o)
 .debug_abbrev  0x0000000000001037      0x213 /usr/local/m68k-elf/lib/libc.a(lib_a-__call_atexit.o)
 .debug_abbrev  0x000000000000124a      0x2af /usr/local/m68k-elf/lib/libc.a(lib_a-dtoa.o)
 .debug_abbrev  0x00000000000014f9      0x280 /usr/local/m68k-elf/lib/libc.a(lib_a-fflush.o)
 .debug_abbrev  0x0000000000001779      0x383 /usr/local/m68k-elf/lib/libc.a(lib_a-findfp.o)
 .debug_abbrev  0x0000000000001afc      0x24d /usr/local/m68k-elf/lib/libc.a(lib_a-freer.o)
 .debug_abbrev  0x0000000000001d49      0x1c7 /usr/local/m68k-elf/lib/libc.a(lib_a-fwalk.o)
 .debug_abbrev  0x0000000000001f10      0x235 /usr/local/m68k-elf/lib/libc.a(lib_a-localeconv.o)
 .debug_abbrev  0x0000000000002145      0x297 /usr/local/m68k-elf/lib/libc.a(lib_a-makebuf.o)
 .debug_abbrev  0x00000000000023dc      0x28e /usr/local/m68k-elf/lib/libc.a(lib_a-mallocr.o)
 .debug_abbrev  0x000000000000266a       0xc9 /usr/local/m68k-elf/lib/libc.a(lib_a-memchr.o)
 .debug_abbrev  0x0000000000002733       0x14 /usr/local/m68k-elf/lib/libc.a(lib_a-memcpy.o)
 .debug_abbrev  0x0000000000002747       0x14 /usr/local/m68k-elf/lib/libc.a(lib_a-memset.o)
 .debug_abbrev  0x000000000000275b      0x1b5 /usr/local/m68k-elf/lib/libc.a(lib_a-mlock.o)
 .debug_abbrev  0x0000000000002910      0x3e1 /usr/local/m68k-elf/lib/libc.a(lib_a-mprec.o)
 .debug_abbrev  0x0000000000002cf1      0x1f8 /usr/local/m68k-elf/lib/libc.a(lib_a-sbrkr.o)
 .debug_abbrev  0x0000000000002ee9      0x22b /usr/local/m68k-elf/lib/libc.a(lib_a-stdio.o)
 .debug_abbrev  0x0000000000003114       0x7f /usr/local/m68k-elf/lib/libc.a(lib_a-strlen.o)
 .debug_abbrev  0x0000000000003193      0x3bd /usr/local/m68k-elf/lib/libc.a(lib_a-vfiprintf.o)
 .debug_abbrev  0x0000000000003550      0x1d9 /usr/local/m68k-elf/lib/libc.a(lib_a-writer.o)
 .debug_abbrev  0x0000000000003729      0x219 /usr/local/m68k-elf/lib/libc.a(lib_a-callocr.o)
 .debug_abbrev  0x0000000000003942      0x1d4 /usr/local/m68k-elf/lib/libc.a(lib_a-closer.o)
 .debug_abbrev  0x0000000000003b16      0x268 /usr/local/m68k-elf/lib/libc.a(lib_a-fclose.o)
 .debug_abbrev  0x0000000000003d7e      0x2cc /usr/local/m68k-elf/lib/libc.a(lib_a-fputwc.o)
 .debug_abbrev  0x000000000000404a      0x1e3 /usr/local/m68k-elf/lib/libc.a(lib_a-fstatr.o)
 .debug_abbrev  0x000000000000422d      0x21b /usr/local/m68k-elf/lib/libc.a(lib_a-fvwrite.o)
 .debug_abbrev  0x0000000000004448      0x1d4 /usr/local/m68k-elf/lib/libc.a(lib_a-isattyr.o)
 .debug_abbrev  0x000000000000461c      0x26b /usr/local/m68k-elf/lib/libc.a(lib_a-locale.o)
 .debug_abbrev  0x0000000000004887      0x1e3 /usr/local/m68k-elf/lib/libc.a(lib_a-lseekr.o)
 .debug_abbrev  0x0000000000004a6a      0x24d /usr/local/m68k-elf/lib/libc.a(lib_a-mbtowc_r.o)
 .debug_abbrev  0x0000000000004cb7      0x1e3 /usr/local/m68k-elf/lib/libc.a(lib_a-memmove.o)
 .debug_abbrev  0x0000000000004e9a      0x1d4 /usr/local/m68k-elf/lib/libc.a(lib_a-readr.o)
 .debug_abbrev  0x000000000000506e      0x23c /usr/local/m68k-elf/lib/libc.a(lib_a-reallocr.o)
 .debug_abbrev  0x00000000000052aa      0x24a /usr/local/m68k-elf/lib/libc.a(lib_a-reent.o)
 .debug_abbrev  0x00000000000054f4       0x74 /usr/local/m68k-elf/lib/libc.a(lib_a-strcmp.o)
 .debug_abbrev  0x0000000000005568      0x228 /usr/local/m68k-elf/lib/libc.a(lib_a-wbuf.o)
 .debug_abbrev  0x0000000000005790      0x207 /usr/local/m68k-elf/lib/libc.a(lib_a-wcrtomb.o)
 .debug_abbrev  0x0000000000005997      0x237 /usr/local/m68k-elf/lib/libc.a(lib_a-wctomb_r.o)
 .debug_abbrev  0x0000000000005bce      0x19c /usr/local/m68k-elf/lib/libc.a(lib_a-ctype_.o)
 .debug_abbrev  0x0000000000005d6a       0x14 /usr/local/lib/gcc/m68k-elf/5/libgcc.a(_mulsi3.o)
 .debug_abbrev  0x0000000000005d7e       0x14 /usr/local/lib/gcc/m68k-elf/5/libgcc.a(_udivsi3.o)
 .debug_abbrev  0x0000000000005d92       0x14 /usr/local/lib/gcc/m68k-elf/5/libgcc.a(_divsi3.o)
 .debug_abbrev  0x0000000000005da6       0x14 /usr/local/lib/gcc/m68k-elf/5/libgcc.a(_umodsi3.o)
 .debug_abbrev  0x0000000000005dba       0x14 /usr/local/lib/gcc/m68k-elf/5/libgcc.a(_modsi3.o)
 .debug_abbrev  0x0000000000005dce       0x14 /usr/local/lib/gcc/m68k-elf/5/libgcc.a(_double.o)
 .debug_abbrev  0x0000000000005de2       0x14 /usr/local/lib/gcc/m68k-elf/5/libgcc.a(_floatex.o)
 .debug_abbrev  0x0000000000005df6       0x14 /usr/local/lib/gcc/m68k-elf/5/libgcc.a(_eqdf2.o)
 .debug_abbrev  0x0000000000005e0a       0x14 /usr/local/lib/gcc/m68k-elf/5/libgcc.a(_nedf2.o)
 .debug_abbrev  0x0000000000005e1e       0x14 /usr/local/lib/gcc/m68k-elf/5/libgcc.a(_gtdf2.o)
 .debug_abbrev  0x0000000000005e32       0x14 /usr/local/lib/gcc/m68k-elf/5/libgcc.a(_gedf2.o)
 .debug_abbrev  0x0000000000005e46       0x14 /usr/local/lib/gcc/m68k-elf/5/libgcc.a(_ltdf2.o)
 .debug_abbrev  0x0000000000005e5a       0x14 /usr/local/lib/gcc/m68k-elf/5/libgcc.a(_ledf2.o)
 .debug_abbrev  0x0000000000005e6e      0x1cf /usr/local/lib/gcc/m68k-elf/5/libgcc.a(fpgnulib.o)
 .debug_abbrev  0x000000000000603d      0x168 /usr/local/lib/gcc/m68k-elf/5/libgcc.a(xfgnulib.o)
 .debug_abbrev  0x00000000000061a5       0x4a /usr/local/m68k-elf/lib/libidp.a(close.o)
 .debug_abbrev  0x00000000000061ef       0x9b /usr/local/m68k-elf/lib/libidp.a(fstat.o)
 .debug_abbrev  0x000000000000628a       0x4a /usr/local/m68k-elf/lib/libidp.a(isatty.o)
 .debug_abbrev  0x00000000000062d4       0x8d /usr/local/m68k-elf/lib/libidp.a(lseek.o)
 .debug_abbrev  0x0000000000006361       0x9b /usr/local/m68k-elf/lib/libidp.a(sbrk.o)
 .debug_abbrev  0x00000000000063fc       0x78 /usr/local/m68k-elf/lib/libidp.a(mc68ec.o)
 .debug_abbrev  0x0000000000006474      0x198 /usr/local/m68k-elf/lib/libc.a(lib_a-errno.o)

.debug_loc      0x0000000000000000     0xe2b2
 .debug_loc     0x0000000000000000      0x102 csys68k.o
 .debug_loc     0x0000000000000102      0x3e9 mtk_c.o
 .debug_loc     0x00000000000004eb       0xef test2.o
 .debug_loc     0x00000000000005da       0xb7 /usr/local/m68k-elf/lib/libc.a(lib_a-printf.o)
 .debug_loc     0x0000000000000691     0x310c /usr/local/m68k-elf/lib/libc.a(lib_a-vfprintf.o)
 .debug_loc     0x000000000000379d       0x1e /usr/local/m68k-elf/lib/libc.a(lib_a-wsetup.o)
 .debug_loc     0x00000000000037bb      0x1c7 /usr/local/m68k-elf/lib/libc.a(lib_a-__call_atexit.o)
 .debug_loc     0x0000000000003982     0x2566 /usr/local/m68k-elf/lib/libc.a(lib_a-dtoa.o)
 .debug_loc     0x0000000000005ee8      0x172 /usr/local/m68k-elf/lib/libc.a(lib_a-fflush.o)
 .debug_loc     0x000000000000605a      0x198 /usr/local/m68k-elf/lib/libc.a(lib_a-findfp.o)
 .debug_loc     0x00000000000061f2      0x4dd /usr/local/m68k-elf/lib/libc.a(lib_a-freer.o)
 .debug_loc     0x00000000000066cf       0xf8 /usr/local/m68k-elf/lib/libc.a(lib_a-fwalk.o)
 .debug_loc     0x00000000000067c7       0x24 /usr/local/m68k-elf/lib/libc.a(lib_a-localeconv.o)
 .debug_loc     0x00000000000067eb       0xb3 /usr/local/m68k-elf/lib/libc.a(lib_a-makebuf.o)
 .debug_loc     0x000000000000689e      0xa3f /usr/local/m68k-elf/lib/libc.a(lib_a-mallocr.o)
 .debug_loc     0x00000000000072dd      0x13c /usr/local/m68k-elf/lib/libc.a(lib_a-memchr.o)
 .debug_loc     0x0000000000007419     0x1ce9 /usr/local/m68k-elf/lib/libc.a(lib_a-mprec.o)
 .debug_loc     0x0000000000009102      0x14a /usr/local/m68k-elf/lib/libc.a(lib_a-stdio.o)
 .debug_loc     0x000000000000924c       0x33 /usr/local/m68k-elf/lib/libc.a(lib_a-strlen.o)
 .debug_loc     0x000000000000927f     0x2094 /usr/local/m68k-elf/lib/libc.a(lib_a-vfiprintf.o)
 .debug_loc     0x000000000000b313      0x30b /usr/local/m68k-elf/lib/libc.a(lib_a-callocr.o)
 .debug_loc     0x000000000000b61e       0x9a /usr/local/m68k-elf/lib/libc.a(lib_a-fclose.o)
 .debug_loc     0x000000000000b6b8      0x191 /usr/local/m68k-elf/lib/libc.a(lib_a-fputwc.o)
 .debug_loc     0x000000000000b849      0x473 /usr/local/m68k-elf/lib/libc.a(lib_a-fvwrite.o)
 .debug_loc     0x000000000000bcbc       0x1f /usr/local/m68k-elf/lib/libc.a(lib_a-locale.o)
 .debug_loc     0x000000000000bcdb       0xd6 /usr/local/m68k-elf/lib/libc.a(lib_a-mbtowc_r.o)
 .debug_loc     0x000000000000bdb1      0x322 /usr/local/m68k-elf/lib/libc.a(lib_a-memmove.o)
 .debug_loc     0x000000000000c0d3     0x1618 /usr/local/m68k-elf/lib/libc.a(lib_a-reallocr.o)
 .debug_loc     0x000000000000d6eb       0x6d /usr/local/m68k-elf/lib/libc.a(lib_a-reent.o)
 .debug_loc     0x000000000000d758       0x92 /usr/local/m68k-elf/lib/libc.a(lib_a-strcmp.o)
 .debug_loc     0x000000000000d7ea       0xab /usr/local/m68k-elf/lib/libc.a(lib_a-wbuf.o)
 .debug_loc     0x000000000000d895       0xf1 /usr/local/m68k-elf/lib/libc.a(lib_a-wcrtomb.o)
 .debug_loc     0x000000000000d986       0xcd /usr/local/m68k-elf/lib/libc.a(lib_a-wctomb_r.o)
 .debug_loc     0x000000000000da53      0x6f4 /usr/local/lib/gcc/m68k-elf/5/libgcc.a(fpgnulib.o)
 .debug_loc     0x000000000000e147      0x107 /usr/local/lib/gcc/m68k-elf/5/libgcc.a(xfgnulib.o)
 .debug_loc     0x000000000000e24e       0x22 /usr/local/m68k-elf/lib/libidp.a(sbrk.o)
 .debug_loc     0x000000000000e270       0x42 /usr/local/m68k-elf/lib/libidp.a(mc68ec.o)

.debug_aranges  0x0000000000000000      0x878
 .debug_aranges
                0x0000000000000000       0x20 csys68k.o
 .debug_aranges
                0x0000000000000020       0x20 mtk_c.o
 .debug_aranges
                0x0000000000000040       0x28 test2.o
 .debug_aranges
                0x0000000000000068       0x20 /usr/local/m68k-elf/lib/libc.a(lib_a-exit.o)
 .debug_aranges
                0x0000000000000088       0x18 /usr/local/m68k-elf/lib/libc.a(lib_a-impure.o)
 .debug_aranges
                0x00000000000000a0       0x20 /usr/local/m68k-elf/lib/libc.a(lib_a-printf.o)
 .debug_aranges
                0x00000000000000c0       0x20 /usr/local/m68k-elf/lib/libc.a(lib_a-vfprintf.o)
 .debug_aranges
                0x00000000000000e0       0x20 /usr/local/m68k-elf/lib/libc.a(lib_a-wsetup.o)
 .debug_aranges
                0x0000000000000100       0x20 /usr/local/m68k-elf/lib/libc.a(lib_a-__call_atexit.o)
 .debug_aranges
                0x0000000000000120       0x20 /usr/local/m68k-elf/lib/libc.a(lib_a-dtoa.o)
 .debug_aranges
                0x0000000000000140       0x20 /usr/local/m68k-elf/lib/libc.a(lib_a-fflush.o)
 .debug_aranges
                0x0000000000000160       0x20 /usr/local/m68k-elf/lib/libc.a(lib_a-findfp.o)
 .debug_aranges
                0x0000000000000180       0x20 /usr/local/m68k-elf/lib/libc.a(lib_a-freer.o)
 .debug_aranges
                0x00000000000001a0       0x20 /usr/local/m68k-elf/lib/libc.a(lib_a-fwalk.o)
 .debug_aranges
                0x00000000000001c0       0x20 /usr/local/m68k-elf/lib/libc.a(lib_a-localeconv.o)
 .debug_aranges
                0x00000000000001e0       0x20 /usr/local/m68k-elf/lib/libc.a(lib_a-makebuf.o)
 .debug_aranges
                0x0000000000000200       0x20 /usr/local/m68k-elf/lib/libc.a(lib_a-mallocr.o)
 .debug_aranges
                0x0000000000000220       0x20 /usr/local/m68k-elf/lib/libc.a(lib_a-memchr.o)
 .debug_aranges
                0x0000000000000240       0x20 /usr/local/m68k-elf/lib/libc.a(lib_a-memcpy.o)
 .debug_aranges
                0x0000000000000260       0x20 /usr/local/m68k-elf/lib/libc.a(lib_a-memset.o)
 .debug_aranges
                0x0000000000000280       0x20 /usr/local/m68k-elf/lib/libc.a(lib_a-mlock.o)
 .debug_aranges
                0x00000000000002a0       0x20 /usr/local/m68k-elf/lib/libc.a(lib_a-mprec.o)
 .debug_aranges
                0x00000000000002c0       0x20 /usr/local/m68k-elf/lib/libc.a(lib_a-sbrkr.o)
 .debug_aranges
                0x00000000000002e0       0x20 /usr/local/m68k-elf/lib/libc.a(lib_a-stdio.o)
 .debug_aranges
                0x0000000000000300       0x20 /usr/local/m68k-elf/lib/libc.a(lib_a-strlen.o)
 .debug_aranges
                0x0000000000000320       0x20 /usr/local/m68k-elf/lib/libc.a(lib_a-vfiprintf.o)
 .debug_aranges
                0x0000000000000340       0x20 /usr/local/m68k-elf/lib/libc.a(lib_a-writer.o)
 .debug_aranges
                0x0000000000000360       0x20 /usr/local/m68k-elf/lib/libc.a(lib_a-callocr.o)
 .debug_aranges
                0x0000000000000380       0x20 /usr/local/m68k-elf/lib/libc.a(lib_a-closer.o)
 .debug_aranges
                0x00000000000003a0       0x20 /usr/local/m68k-elf/lib/libc.a(lib_a-fclose.o)
 .debug_aranges
                0x00000000000003c0       0x20 /usr/local/m68k-elf/lib/libc.a(lib_a-fputwc.o)
 .debug_aranges
                0x00000000000003e0       0x20 /usr/local/m68k-elf/lib/libc.a(lib_a-fstatr.o)
 .debug_aranges
                0x0000000000000400       0x20 /usr/local/m68k-elf/lib/libc.a(lib_a-fvwrite.o)
 .debug_aranges
                0x0000000000000420       0x20 /usr/local/m68k-elf/lib/libc.a(lib_a-isattyr.o)
 .debug_aranges
                0x0000000000000440       0x20 /usr/local/m68k-elf/lib/libc.a(lib_a-locale.o)
 .debug_aranges
                0x0000000000000460       0x20 /usr/local/m68k-elf/lib/libc.a(lib_a-lseekr.o)
 .debug_aranges
                0x0000000000000480       0x20 /usr/local/m68k-elf/lib/libc.a(lib_a-mbtowc_r.o)
 .debug_aranges
                0x00000000000004a0       0x20 /usr/local/m68k-elf/lib/libc.a(lib_a-memmove.o)
 .debug_aranges
                0x00000000000004c0       0x20 /usr/local/m68k-elf/lib/libc.a(lib_a-readr.o)
 .debug_aranges
                0x00000000000004e0       0x20 /usr/local/m68k-elf/lib/libc.a(lib_a-reallocr.o)
 .debug_aranges
                0x0000000000000500       0x20 /usr/local/m68k-elf/lib/libc.a(lib_a-reent.o)
 .debug_aranges
                0x0000000000000520       0x20 /usr/local/m68k-elf/lib/libc.a(lib_a-strcmp.o)
 .debug_aranges
                0x0000000000000540       0x20 /usr/local/m68k-elf/lib/libc.a(lib_a-wbuf.o)
 .debug_aranges
                0x0000000000000560       0x20 /usr/local/m68k-elf/lib/libc.a(lib_a-wcrtomb.o)
 .debug_aranges
                0x0000000000000580       0x20 /usr/local/m68k-elf/lib/libc.a(lib_a-wctomb_r.o)
 .debug_aranges
                0x00000000000005a0       0x18 /usr/local/m68k-elf/lib/libc.a(lib_a-ctype_.o)
 .debug_aranges
                0x00000000000005b8       0x20 /usr/local/lib/gcc/m68k-elf/5/libgcc.a(_mulsi3.o)
 .debug_aranges
                0x00000000000005d8       0x20 /usr/local/lib/gcc/m68k-elf/5/libgcc.a(_udivsi3.o)
 .debug_aranges
                0x00000000000005f8       0x20 /usr/local/lib/gcc/m68k-elf/5/libgcc.a(_divsi3.o)
 .debug_aranges
                0x0000000000000618       0x20 /usr/local/lib/gcc/m68k-elf/5/libgcc.a(_umodsi3.o)
 .debug_aranges
                0x0000000000000638       0x20 /usr/local/lib/gcc/m68k-elf/5/libgcc.a(_modsi3.o)
 .debug_aranges
                0x0000000000000658       0x20 /usr/local/lib/gcc/m68k-elf/5/libgcc.a(_double.o)
 .debug_aranges
                0x0000000000000678       0x20 /usr/local/lib/gcc/m68k-elf/5/libgcc.a(_floatex.o)
 .debug_aranges
                0x0000000000000698       0x20 /usr/local/lib/gcc/m68k-elf/5/libgcc.a(_eqdf2.o)
 .debug_aranges
                0x00000000000006b8       0x20 /usr/local/lib/gcc/m68k-elf/5/libgcc.a(_nedf2.o)
 .debug_aranges
                0x00000000000006d8       0x20 /usr/local/lib/gcc/m68k-elf/5/libgcc.a(_gtdf2.o)
 .debug_aranges
                0x00000000000006f8       0x20 /usr/local/lib/gcc/m68k-elf/5/libgcc.a(_gedf2.o)
 .debug_aranges
                0x0000000000000718       0x20 /usr/local/lib/gcc/m68k-elf/5/libgcc.a(_ltdf2.o)
 .debug_aranges
                0x0000000000000738       0x20 /usr/local/lib/gcc/m68k-elf/5/libgcc.a(_ledf2.o)
 .debug_aranges
                0x0000000000000758       0x20 /usr/local/lib/gcc/m68k-elf/5/libgcc.a(fpgnulib.o)
 .debug_aranges
                0x0000000000000778       0x20 /usr/local/lib/gcc/m68k-elf/5/libgcc.a(xfgnulib.o)
 .debug_aranges
                0x0000000000000798       0x20 /usr/local/m68k-elf/lib/libidp.a(close.o)
 .debug_aranges
                0x00000000000007b8       0x20 /usr/local/m68k-elf/lib/libidp.a(fstat.o)
 .debug_aranges
                0x00000000000007d8       0x20 /usr/local/m68k-elf/lib/libidp.a(isatty.o)
 .debug_aranges
                0x00000000000007f8       0x20 /usr/local/m68k-elf/lib/libidp.a(lseek.o)
 .debug_aranges
                0x0000000000000818       0x20 /usr/local/m68k-elf/lib/libidp.a(sbrk.o)
 .debug_aranges
                0x0000000000000838       0x20 /usr/local/m68k-elf/lib/libidp.a(mc68ec.o)
 .debug_aranges
                0x0000000000000858       0x20 /usr/local/m68k-elf/lib/libc.a(lib_a-errno.o)

.debug_line     0x0000000000000000     0x6b6f
 .debug_line    0x0000000000000000       0x70 csys68k.o
 .debug_line    0x0000000000000070       0xfa mtk_c.o
 .debug_line    0x000000000000016a       0xf8 test2.o
 .debug_line    0x0000000000000262      0x157 /usr/local/m68k-elf/lib/libc.a(lib_a-exit.o)
 .debug_line    0x00000000000003b9       0xee /usr/local/m68k-elf/lib/libc.a(lib_a-impure.o)
 .debug_line    0x00000000000004a7      0x14f /usr/local/m68k-elf/lib/libc.a(lib_a-printf.o)
 .debug_line    0x00000000000005f6      0x995 /usr/local/m68k-elf/lib/libc.a(lib_a-vfprintf.o)
 .debug_line    0x0000000000000f8b      0x1ba /usr/local/m68k-elf/lib/libc.a(lib_a-wsetup.o)
 .debug_line    0x0000000000001145      0x199 /usr/local/m68k-elf/lib/libc.a(lib_a-__call_atexit.o)
 .debug_line    0x00000000000012de      0x6aa /usr/local/m68k-elf/lib/libc.a(lib_a-dtoa.o)
 .debug_line    0x0000000000001988      0x20b /usr/local/m68k-elf/lib/libc.a(lib_a-fflush.o)
 .debug_line    0x0000000000001b93      0x213 /usr/local/m68k-elf/lib/libc.a(lib_a-findfp.o)
 .debug_line    0x0000000000001da6      0x206 /usr/local/m68k-elf/lib/libc.a(lib_a-freer.o)
 .debug_line    0x0000000000001fac      0x16b /usr/local/m68k-elf/lib/libc.a(lib_a-fwalk.o)
 .debug_line    0x0000000000002117      0x18e /usr/local/m68k-elf/lib/libc.a(lib_a-localeconv.o)
 .debug_line    0x00000000000022a5      0x216 /usr/local/m68k-elf/lib/libc.a(lib_a-makebuf.o)
 .debug_line    0x00000000000024bb      0x2f5 /usr/local/m68k-elf/lib/libc.a(lib_a-mallocr.o)
 .debug_line    0x00000000000027b0      0x115 /usr/local/m68k-elf/lib/libc.a(lib_a-memchr.o)
 .debug_line    0x00000000000028c5       0x99 /usr/local/m68k-elf/lib/libc.a(lib_a-memcpy.o)
 .debug_line    0x000000000000295e       0x9d /usr/local/m68k-elf/lib/libc.a(lib_a-memset.o)
 .debug_line    0x00000000000029fb       0xff /usr/local/m68k-elf/lib/libc.a(lib_a-mlock.o)
 .debug_line    0x0000000000002afa      0x540 /usr/local/m68k-elf/lib/libc.a(lib_a-mprec.o)
 .debug_line    0x000000000000303a      0x144 /usr/local/m68k-elf/lib/libc.a(lib_a-sbrkr.o)
 .debug_line    0x000000000000317e      0x17f /usr/local/m68k-elf/lib/libc.a(lib_a-stdio.o)
 .debug_line    0x00000000000032fd       0xf3 /usr/local/m68k-elf/lib/libc.a(lib_a-strlen.o)
 .debug_line    0x00000000000033f0      0x6e7 /usr/local/m68k-elf/lib/libc.a(lib_a-vfiprintf.o)
 .debug_line    0x0000000000003ad7      0x151 /usr/local/m68k-elf/lib/libc.a(lib_a-writer.o)
 .debug_line    0x0000000000003c28      0x133 /usr/local/m68k-elf/lib/libc.a(lib_a-callocr.o)
 .debug_line    0x0000000000003d5b      0x151 /usr/local/m68k-elf/lib/libc.a(lib_a-closer.o)
 .debug_line    0x0000000000003eac      0x189 /usr/local/m68k-elf/lib/libc.a(lib_a-fclose.o)
 .debug_line    0x0000000000004035      0x1c8 /usr/local/m68k-elf/lib/libc.a(lib_a-fputwc.o)
 .debug_line    0x00000000000041fd      0x1b7 /usr/local/m68k-elf/lib/libc.a(lib_a-fstatr.o)
 .debug_line    0x00000000000043b4      0x27b /usr/local/m68k-elf/lib/libc.a(lib_a-fvwrite.o)
 .debug_line    0x000000000000462f      0x152 /usr/local/m68k-elf/lib/libc.a(lib_a-isattyr.o)
 .debug_line    0x0000000000004781      0x1c0 /usr/local/m68k-elf/lib/libc.a(lib_a-locale.o)
 .debug_line    0x0000000000004941      0x151 /usr/local/m68k-elf/lib/libc.a(lib_a-lseekr.o)
 .debug_line    0x0000000000004a92      0x1e0 /usr/local/m68k-elf/lib/libc.a(lib_a-mbtowc_r.o)
 .debug_line    0x0000000000004c72      0x1e5 /usr/local/m68k-elf/lib/libc.a(lib_a-memmove.o)
 .debug_line    0x0000000000004e57      0x150 /usr/local/m68k-elf/lib/libc.a(lib_a-readr.o)
 .debug_line    0x0000000000004fa7      0x2a6 /usr/local/m68k-elf/lib/libc.a(lib_a-reallocr.o)
 .debug_line    0x000000000000524d      0x16d /usr/local/m68k-elf/lib/libc.a(lib_a-reent.o)
 .debug_line    0x00000000000053ba       0xcf /usr/local/m68k-elf/lib/libc.a(lib_a-strcmp.o)
 .debug_line    0x0000000000005489      0x1b7 /usr/local/m68k-elf/lib/libc.a(lib_a-wbuf.o)
 .debug_line    0x0000000000005640      0x22a /usr/local/m68k-elf/lib/libc.a(lib_a-wcrtomb.o)
 .debug_line    0x000000000000586a      0x1d6 /usr/local/m68k-elf/lib/libc.a(lib_a-wctomb_r.o)
 .debug_line    0x0000000000005a40      0x150 /usr/local/m68k-elf/lib/libc.a(lib_a-ctype_.o)
 .debug_line    0x0000000000005b90       0x6a /usr/local/lib/gcc/m68k-elf/5/libgcc.a(_mulsi3.o)
 .debug_line    0x0000000000005bfa       0x83 /usr/local/lib/gcc/m68k-elf/5/libgcc.a(_udivsi3.o)
 .debug_line    0x0000000000005c7d       0x72 /usr/local/lib/gcc/m68k-elf/5/libgcc.a(_divsi3.o)
 .debug_line    0x0000000000005cef       0x6e /usr/local/lib/gcc/m68k-elf/5/libgcc.a(_umodsi3.o)
 .debug_line    0x0000000000005d5d       0x6e /usr/local/lib/gcc/m68k-elf/5/libgcc.a(_modsi3.o)
 .debug_line    0x0000000000005dcb      0x3e1 /usr/local/lib/gcc/m68k-elf/5/libgcc.a(_double.o)
 .debug_line    0x00000000000061ac       0x79 /usr/local/lib/gcc/m68k-elf/5/libgcc.a(_floatex.o)
 .debug_line    0x0000000000006225       0x68 /usr/local/lib/gcc/m68k-elf/5/libgcc.a(_eqdf2.o)
 .debug_line    0x000000000000628d       0x68 /usr/local/lib/gcc/m68k-elf/5/libgcc.a(_nedf2.o)
 .debug_line    0x00000000000062f5       0x68 /usr/local/lib/gcc/m68k-elf/5/libgcc.a(_gtdf2.o)
 .debug_line    0x000000000000635d       0x68 /usr/local/lib/gcc/m68k-elf/5/libgcc.a(_gedf2.o)
 .debug_line    0x00000000000063c5       0x68 /usr/local/lib/gcc/m68k-elf/5/libgcc.a(_ltdf2.o)
 .debug_line    0x000000000000642d       0x68 /usr/local/lib/gcc/m68k-elf/5/libgcc.a(_ledf2.o)
 .debug_line    0x0000000000006495      0x158 /usr/local/lib/gcc/m68k-elf/5/libgcc.a(fpgnulib.o)
 .debug_line    0x00000000000065ed       0xcd /usr/local/lib/gcc/m68k-elf/5/libgcc.a(xfgnulib.o)
 .debug_line    0x00000000000066ba       0x6b /usr/local/m68k-elf/lib/libidp.a(close.o)
 .debug_line    0x0000000000006725      0x122 /usr/local/m68k-elf/lib/libidp.a(fstat.o)
 .debug_line    0x0000000000006847       0x6c /usr/local/m68k-elf/lib/libidp.a(isatty.o)
 .debug_line    0x00000000000068b3       0xc5 /usr/local/m68k-elf/lib/libidp.a(lseek.o)
 .debug_line    0x0000000000006978       0x7e /usr/local/m68k-elf/lib/libidp.a(sbrk.o)
 .debug_line    0x00000000000069f6       0x71 /usr/local/m68k-elf/lib/libidp.a(mc68ec.o)
 .debug_line    0x0000000000006a67      0x108 /usr/local/m68k-elf/lib/libc.a(lib_a-errno.o)

.debug_str      0x0000000000000000    0x11bc9
 .debug_str     0x0000000000000000       0x93 csys68k.o
 .debug_str     0x0000000000000093      0x20e mtk_c.o
 .debug_str     0x00000000000002a1      0x5ce test2.o
 .debug_str     0x000000000000086f      0x53a /usr/local/m68k-elf/lib/libc.a(lib_a-exit.o)
 .debug_str     0x0000000000000da9      0x531 /usr/local/m68k-elf/lib/libc.a(lib_a-impure.o)
 .debug_str     0x00000000000012da      0x558 /usr/local/m68k-elf/lib/libc.a(lib_a-printf.o)
 .debug_str     0x0000000000001832      0xa76 /usr/local/m68k-elf/lib/libc.a(lib_a-vfprintf.o)
 .debug_str     0x00000000000022a8      0x550 /usr/local/m68k-elf/lib/libc.a(lib_a-wsetup.o)
 .debug_str     0x00000000000027f8      0x569 /usr/local/m68k-elf/lib/libc.a(lib_a-__call_atexit.o)
 .debug_str     0x0000000000002d61      0x96d /usr/local/m68k-elf/lib/libc.a(lib_a-dtoa.o)
 .debug_str     0x00000000000036ce      0x591 /usr/local/m68k-elf/lib/libc.a(lib_a-fflush.o)
 .debug_str     0x0000000000003c5f      0x67b /usr/local/m68k-elf/lib/libc.a(lib_a-findfp.o)
 .debug_str     0x00000000000042da      0x684 /usr/local/m68k-elf/lib/libc.a(lib_a-freer.o)
 .debug_str     0x000000000000495e      0x542 /usr/local/m68k-elf/lib/libc.a(lib_a-fwalk.o)
 .debug_str     0x0000000000004ea0      0x883 /usr/local/m68k-elf/lib/libc.a(lib_a-localeconv.o)
 .debug_str     0x0000000000005723      0x6c7 /usr/local/m68k-elf/lib/libc.a(lib_a-makebuf.o)
 .debug_str     0x0000000000005dea      0x73a /usr/local/m68k-elf/lib/libc.a(lib_a-mallocr.o)
 .debug_str     0x0000000000006524      0x167 /usr/local/m68k-elf/lib/libc.a(lib_a-memchr.o)
 .debug_str     0x000000000000668b       0x8e /usr/local/m68k-elf/lib/libc.a(lib_a-memcpy.o)
 .debug_str     0x0000000000006719       0x8e /usr/local/m68k-elf/lib/libc.a(lib_a-memset.o)
 .debug_str     0x00000000000067a7      0x530 /usr/local/m68k-elf/lib/libc.a(lib_a-mlock.o)
 .debug_str     0x0000000000006cd7      0x935 /usr/local/m68k-elf/lib/libc.a(lib_a-mprec.o)
 .debug_str     0x000000000000760c      0x527 /usr/local/m68k-elf/lib/libc.a(lib_a-sbrkr.o)
 .debug_str     0x0000000000007b33      0x588 /usr/local/m68k-elf/lib/libc.a(lib_a-stdio.o)
 .debug_str     0x00000000000080bb      0x15c /usr/local/m68k-elf/lib/libc.a(lib_a-strlen.o)
 .debug_str     0x0000000000008217      0x9d4 /usr/local/m68k-elf/lib/libc.a(lib_a-vfiprintf.o)
 .debug_str     0x0000000000008beb      0x522 /usr/local/m68k-elf/lib/libc.a(lib_a-writer.o)
 .debug_str     0x000000000000910d      0x576 /usr/local/m68k-elf/lib/libc.a(lib_a-callocr.o)
 .debug_str     0x0000000000009683      0x51b /usr/local/m68k-elf/lib/libc.a(lib_a-closer.o)
 .debug_str     0x0000000000009b9e      0x57e /usr/local/m68k-elf/lib/libc.a(lib_a-fclose.o)
 .debug_str     0x000000000000a11c      0x58c /usr/local/m68k-elf/lib/libc.a(lib_a-fputwc.o)
 .debug_str     0x000000000000a6a8      0x66f /usr/local/m68k-elf/lib/libc.a(lib_a-fstatr.o)
 .debug_str     0x000000000000ad17      0x5c7 /usr/local/m68k-elf/lib/libc.a(lib_a-fvwrite.o)
 .debug_str     0x000000000000b2de      0x51e /usr/local/m68k-elf/lib/libc.a(lib_a-isattyr.o)
 .debug_str     0x000000000000b7fc      0x8b3 /usr/local/m68k-elf/lib/libc.a(lib_a-locale.o)
 .debug_str     0x000000000000c0af      0x522 /usr/local/m68k-elf/lib/libc.a(lib_a-lseekr.o)
 .debug_str     0x000000000000c5d1      0x863 /usr/local/m68k-elf/lib/libc.a(lib_a-mbtowc_r.o)
 .debug_str     0x000000000000ce34      0x84d /usr/local/m68k-elf/lib/libc.a(lib_a-memmove.o)
 .debug_str     0x000000000000d681      0x51f /usr/local/m68k-elf/lib/libc.a(lib_a-readr.o)
 .debug_str     0x000000000000dba0      0x61e /usr/local/m68k-elf/lib/libc.a(lib_a-reallocr.o)
 .debug_str     0x000000000000e1be      0x550 /usr/local/m68k-elf/lib/libc.a(lib_a-reent.o)
 .debug_str     0x000000000000e70e      0x146 /usr/local/m68k-elf/lib/libc.a(lib_a-strcmp.o)
 .debug_str     0x000000000000e854      0x555 /usr/local/m68k-elf/lib/libc.a(lib_a-wbuf.o)
 .debug_str     0x000000000000eda9      0x85d /usr/local/m68k-elf/lib/libc.a(lib_a-wcrtomb.o)
 .debug_str     0x000000000000f606      0x86a /usr/local/m68k-elf/lib/libc.a(lib_a-wctomb_r.o)
 .debug_str     0x000000000000fe70      0x819 /usr/local/m68k-elf/lib/libc.a(lib_a-ctype_.o)
 .debug_str     0x0000000000010689       0x60 /usr/local/lib/gcc/m68k-elf/5/libgcc.a(_mulsi3.o)
 .debug_str     0x00000000000106e9       0x60 /usr/local/lib/gcc/m68k-elf/5/libgcc.a(_udivsi3.o)
 .debug_str     0x0000000000010749       0x60 /usr/local/lib/gcc/m68k-elf/5/libgcc.a(_divsi3.o)
 .debug_str     0x00000000000107a9       0x60 /usr/local/lib/gcc/m68k-elf/5/libgcc.a(_umodsi3.o)
 .debug_str     0x0000000000010809       0x60 /usr/local/lib/gcc/m68k-elf/5/libgcc.a(_modsi3.o)
 .debug_str     0x0000000000010869       0x60 /usr/local/lib/gcc/m68k-elf/5/libgcc.a(_double.o)
 .debug_str     0x00000000000108c9       0x60 /usr/local/lib/gcc/m68k-elf/5/libgcc.a(_floatex.o)
 .debug_str     0x0000000000010929       0x60 /usr/local/lib/gcc/m68k-elf/5/libgcc.a(_eqdf2.o)
 .debug_str     0x0000000000010989       0x60 /usr/local/lib/gcc/m68k-elf/5/libgcc.a(_nedf2.o)
 .debug_str     0x00000000000109e9       0x60 /usr/local/lib/gcc/m68k-elf/5/libgcc.a(_gtdf2.o)
 .debug_str     0x0000000000010a49       0x60 /usr/local/lib/gcc/m68k-elf/5/libgcc.a(_gedf2.o)
 .debug_str     0x0000000000010aa9       0x60 /usr/local/lib/gcc/m68k-elf/5/libgcc.a(_ltdf2.o)
 .debug_str     0x0000000000010b09       0x60 /usr/local/lib/gcc/m68k-elf/5/libgcc.a(_ledf2.o)
 .debug_str     0x0000000000010b69      0x1af /usr/local/lib/gcc/m68k-elf/5/libgcc.a(fpgnulib.o)
 .debug_str     0x0000000000010d18      0x1df /usr/local/lib/gcc/m68k-elf/5/libgcc.a(xfgnulib.o)
 .debug_str     0x0000000000010ef7       0x9a /usr/local/m68k-elf/lib/libidp.a(close.o)
 .debug_str     0x0000000000010f91      0x28d /usr/local/m68k-elf/lib/libidp.a(fstat.o)
 .debug_str     0x000000000001121e       0x9c /usr/local/m68k-elf/lib/libidp.a(isatty.o)
 .debug_str     0x00000000000112ba      0x163 /usr/local/m68k-elf/lib/libidp.a(lseek.o)
 .debug_str     0x000000000001141d      0x150 /usr/local/m68k-elf/lib/libidp.a(sbrk.o)
 .debug_str     0x000000000001156d      0x143 /usr/local/m68k-elf/lib/libidp.a(mc68ec.o)
 .debug_str     0x00000000000116b0      0x519 /usr/local/m68k-elf/lib/libc.a(lib_a-errno.o)

.comment        0x0000000000000000      0x3ba
 .comment       0x0000000000000000       0x12 csys68k.o
 .comment       0x0000000000000012       0x12 mtk_c.o
 .comment       0x0000000000000024       0x12 test2.o
 .comment       0x0000000000000036       0x12 /usr/local/m68k-elf/lib/libc.a(lib_a-exit.o)
 .comment       0x0000000000000048       0x12 /usr/local/m68k-elf/lib/libc.a(lib_a-impure.o)
 .comment       0x000000000000005a       0x12 /usr/local/m68k-elf/lib/libc.a(lib_a-printf.o)
 .comment       0x000000000000006c       0x12 /usr/local/m68k-elf/lib/libc.a(lib_a-vfprintf.o)
 .comment       0x000000000000007e       0x12 /usr/local/m68k-elf/lib/libc.a(lib_a-wsetup.o)
 .comment       0x0000000000000090       0x12 /usr/local/m68k-elf/lib/libc.a(lib_a-__call_atexit.o)
 .comment       0x00000000000000a2       0x12 /usr/local/m68k-elf/lib/libc.a(lib_a-dtoa.o)
 .comment       0x00000000000000b4       0x12 /usr/local/m68k-elf/lib/libc.a(lib_a-fflush.o)
 .comment       0x00000000000000c6       0x12 /usr/local/m68k-elf/lib/libc.a(lib_a-findfp.o)
 .comment       0x00000000000000d8       0x12 /usr/local/m68k-elf/lib/libc.a(lib_a-freer.o)
 .comment       0x00000000000000ea       0x12 /usr/local/m68k-elf/lib/libc.a(lib_a-fwalk.o)
 .comment       0x00000000000000fc       0x12 /usr/local/m68k-elf/lib/libc.a(lib_a-localeconv.o)
 .comment       0x000000000000010e       0x12 /usr/local/m68k-elf/lib/libc.a(lib_a-makebuf.o)
 .comment       0x0000000000000120       0x12 /usr/local/m68k-elf/lib/libc.a(lib_a-mallocr.o)
 .comment       0x0000000000000132       0x12 /usr/local/m68k-elf/lib/libc.a(lib_a-memchr.o)
 .comment       0x0000000000000144       0x12 /usr/local/m68k-elf/lib/libc.a(lib_a-mlock.o)
 .comment       0x0000000000000156       0x12 /usr/local/m68k-elf/lib/libc.a(lib_a-mprec.o)
 .comment       0x0000000000000168       0x12 /usr/local/m68k-elf/lib/libc.a(lib_a-sbrkr.o)
 .comment       0x000000000000017a       0x12 /usr/local/m68k-elf/lib/libc.a(lib_a-stdio.o)
 .comment       0x000000000000018c       0x12 /usr/local/m68k-elf/lib/libc.a(lib_a-strlen.o)
 .comment       0x000000000000019e       0x12 /usr/local/m68k-elf/lib/libc.a(lib_a-vfiprintf.o)
 .comment       0x00000000000001b0       0x12 /usr/local/m68k-elf/lib/libc.a(lib_a-writer.o)
 .comment       0x00000000000001c2       0x12 /usr/local/m68k-elf/lib/libc.a(lib_a-callocr.o)
 .comment       0x00000000000001d4       0x12 /usr/local/m68k-elf/lib/libc.a(lib_a-closer.o)
 .comment       0x00000000000001e6       0x12 /usr/local/m68k-elf/lib/libc.a(lib_a-fclose.o)
 .comment       0x00000000000001f8       0x12 /usr/local/m68k-elf/lib/libc.a(lib_a-fputwc.o)
 .comment       0x000000000000020a       0x12 /usr/local/m68k-elf/lib/libc.a(lib_a-fstatr.o)
 .comment       0x000000000000021c       0x12 /usr/local/m68k-elf/lib/libc.a(lib_a-fvwrite.o)
 .comment       0x000000000000022e       0x12 /usr/local/m68k-elf/lib/libc.a(lib_a-isattyr.o)
 .comment       0x0000000000000240       0x12 /usr/local/m68k-elf/lib/libc.a(lib_a-locale.o)
 .comment       0x0000000000000252       0x12 /usr/local/m68k-elf/lib/libc.a(lib_a-lseekr.o)
 .comment       0x0000000000000264       0x12 /usr/local/m68k-elf/lib/libc.a(lib_a-mbtowc_r.o)
 .comment       0x0000000000000276       0x12 /usr/local/m68k-elf/lib/libc.a(lib_a-memmove.o)
 .comment       0x0000000000000288       0x12 /usr/local/m68k-elf/lib/libc.a(lib_a-readr.o)
 .comment       0x000000000000029a       0x12 /usr/local/m68k-elf/lib/libc.a(lib_a-reallocr.o)
 .comment       0x00000000000002ac       0x12 /usr/local/m68k-elf/lib/libc.a(lib_a-reent.o)
 .comment       0x00000000000002be       0x12 /usr/local/m68k-elf/lib/libc.a(lib_a-strcmp.o)
 .comment       0x00000000000002d0       0x12 /usr/local/m68k-elf/lib/libc.a(lib_a-wbuf.o)
 .comment       0x00000000000002e2       0x12 /usr/local/m68k-elf/lib/libc.a(lib_a-wcrtomb.o)
 .comment       0x00000000000002f4       0x12 /usr/local/m68k-elf/lib/libc.a(lib_a-wctomb_r.o)
 .comment       0x0000000000000306       0x12 /usr/local/m68k-elf/lib/libc.a(lib_a-ctype_.o)
 .comment       0x0000000000000318       0x12 /usr/local/lib/gcc/m68k-elf/5/libgcc.a(fpgnulib.o)
 .comment       0x000000000000032a       0x12 /usr/local/lib/gcc/m68k-elf/5/libgcc.a(xfgnulib.o)
 .comment       0x000000000000033c       0x12 /usr/local/m68k-elf/lib/libidp.a(close.o)
 .comment       0x000000000000034e       0x12 /usr/local/m68k-elf/lib/libidp.a(fstat.o)
 .comment       0x0000000000000360       0x12 /usr/local/m68k-elf/lib/libidp.a(isatty.o)
 .comment       0x0000000000000372       0x12 /usr/local/m68k-elf/lib/libidp.a(lseek.o)
 .comment       0x0000000000000384       0x12 /usr/local/m68k-elf/lib/libidp.a(sbrk.o)
 .comment       0x0000000000000396       0x12 /usr/local/m68k-elf/lib/libidp.a(mc68ec.o)
 .comment       0x00000000000003a8       0x12 /usr/local/m68k-elf/lib/libc.a(lib_a-errno.o)

.debug_frame    0x0000000000000000     0x1624
 .debug_frame   0x0000000000000000       0x88 csys68k.o
 .debug_frame   0x0000000000000088      0x114 mtk_c.o
 .debug_frame   0x000000000000019c       0xc8 test2.o
 .debug_frame   0x0000000000000264       0x30 /usr/local/m68k-elf/lib/libc.a(lib_a-exit.o)
 .debug_frame   0x0000000000000294       0x44 /usr/local/m68k-elf/lib/libc.a(lib_a-printf.o)
 .debug_frame   0x00000000000002d8       0x78 /usr/local/m68k-elf/lib/libc.a(lib_a-vfprintf.o)
 .debug_frame   0x0000000000000350       0x30 /usr/local/m68k-elf/lib/libc.a(lib_a-wsetup.o)
 .debug_frame   0x0000000000000380       0x40 /usr/local/m68k-elf/lib/libc.a(lib_a-__call_atexit.o)
 .debug_frame   0x00000000000003c0       0x6c /usr/local/m68k-elf/lib/libc.a(lib_a-dtoa.o)
 .debug_frame   0x000000000000042c       0x68 /usr/local/m68k-elf/lib/libc.a(lib_a-fflush.o)
 .debug_frame   0x0000000000000494      0x178 /usr/local/m68k-elf/lib/libc.a(lib_a-findfp.o)
 .debug_frame   0x000000000000060c       0x54 /usr/local/m68k-elf/lib/libc.a(lib_a-freer.o)
 .debug_frame   0x0000000000000660       0x5c /usr/local/m68k-elf/lib/libc.a(lib_a-fwalk.o)
 .debug_frame   0x00000000000006bc       0x5c /usr/local/m68k-elf/lib/libc.a(lib_a-localeconv.o)
 .debug_frame   0x0000000000000718       0x4c /usr/local/m68k-elf/lib/libc.a(lib_a-makebuf.o)
 .debug_frame   0x0000000000000764       0x40 /usr/local/m68k-elf/lib/libc.a(lib_a-mallocr.o)
 .debug_frame   0x00000000000007a4       0x34 /usr/local/m68k-elf/lib/libc.a(lib_a-memchr.o)
 .debug_frame   0x00000000000007d8       0x44 /usr/local/m68k-elf/lib/libc.a(lib_a-mlock.o)
 .debug_frame   0x000000000000081c      0x298 /usr/local/m68k-elf/lib/libc.a(lib_a-mprec.o)
 .debug_frame   0x0000000000000ab4       0x2c /usr/local/m68k-elf/lib/libc.a(lib_a-sbrkr.o)
 .debug_frame   0x0000000000000ae0       0x9c /usr/local/m68k-elf/lib/libc.a(lib_a-stdio.o)
 .debug_frame   0x0000000000000b7c       0x2c /usr/local/m68k-elf/lib/libc.a(lib_a-strlen.o)
 .debug_frame   0x0000000000000ba8       0xb8 /usr/local/m68k-elf/lib/libc.a(lib_a-vfiprintf.o)
 .debug_frame   0x0000000000000c60       0x2c /usr/local/m68k-elf/lib/libc.a(lib_a-writer.o)
 .debug_frame   0x0000000000000c8c       0x30 /usr/local/m68k-elf/lib/libc.a(lib_a-callocr.o)
 .debug_frame   0x0000000000000cbc       0x2c /usr/local/m68k-elf/lib/libc.a(lib_a-closer.o)
 .debug_frame   0x0000000000000ce8       0x4c /usr/local/m68k-elf/lib/libc.a(lib_a-fclose.o)
 .debug_frame   0x0000000000000d34       0x70 /usr/local/m68k-elf/lib/libc.a(lib_a-fputwc.o)
 .debug_frame   0x0000000000000da4       0x2c /usr/local/m68k-elf/lib/libc.a(lib_a-fstatr.o)
 .debug_frame   0x0000000000000dd0       0x40 /usr/local/m68k-elf/lib/libc.a(lib_a-fvwrite.o)
 .debug_frame   0x0000000000000e10       0x2c /usr/local/m68k-elf/lib/libc.a(lib_a-isattyr.o)
 .debug_frame   0x0000000000000e3c       0x90 /usr/local/m68k-elf/lib/libc.a(lib_a-locale.o)
 .debug_frame   0x0000000000000ecc       0x2c /usr/local/m68k-elf/lib/libc.a(lib_a-lseekr.o)
 .debug_frame   0x0000000000000ef8       0x48 /usr/local/m68k-elf/lib/libc.a(lib_a-mbtowc_r.o)
 .debug_frame   0x0000000000000f40       0x38 /usr/local/m68k-elf/lib/libc.a(lib_a-memmove.o)
 .debug_frame   0x0000000000000f78       0x2c /usr/local/m68k-elf/lib/libc.a(lib_a-readr.o)
 .debug_frame   0x0000000000000fa4       0x3c /usr/local/m68k-elf/lib/libc.a(lib_a-reallocr.o)
 .debug_frame   0x0000000000000fe0       0x50 /usr/local/m68k-elf/lib/libc.a(lib_a-reent.o)
 .debug_frame   0x0000000000001030       0x2c /usr/local/m68k-elf/lib/libc.a(lib_a-strcmp.o)
 .debug_frame   0x000000000000105c       0x4c /usr/local/m68k-elf/lib/libc.a(lib_a-wbuf.o)
 .debug_frame   0x00000000000010a8       0x4c /usr/local/m68k-elf/lib/libc.a(lib_a-wcrtomb.o)
 .debug_frame   0x00000000000010f4       0x48 /usr/local/m68k-elf/lib/libc.a(lib_a-wctomb_r.o)
 .debug_frame   0x000000000000113c      0x134 /usr/local/lib/gcc/m68k-elf/5/libgcc.a(fpgnulib.o)
 .debug_frame   0x0000000000001270      0x268 /usr/local/lib/gcc/m68k-elf/5/libgcc.a(xfgnulib.o)
 .debug_frame   0x00000000000014d8       0x2c /usr/local/m68k-elf/lib/libidp.a(close.o)
 .debug_frame   0x0000000000001504       0x2c /usr/local/m68k-elf/lib/libidp.a(fstat.o)
 .debug_frame   0x0000000000001530       0x2c /usr/local/m68k-elf/lib/libidp.a(isatty.o)
 .debug_frame   0x000000000000155c       0x2c /usr/local/m68k-elf/lib/libidp.a(lseek.o)
 .debug_frame   0x0000000000001588       0x2c /usr/local/m68k-elf/lib/libidp.a(sbrk.o)
 .debug_frame   0x00000000000015b4       0x44 /usr/local/m68k-elf/lib/libidp.a(mc68ec.o)
 .debug_frame   0x00000000000015f8       0x2c /usr/local/m68k-elf/lib/libc.a(lib_a-errno.o)

.debug_ranges   0x0000000000000000      0x810
 .debug_ranges  0x0000000000000000       0x78 mtk_c.o
 .debug_ranges  0x0000000000000078       0x18 test2.o
 .debug_ranges  0x0000000000000090      0x168 /usr/local/m68k-elf/lib/libc.a(lib_a-vfprintf.o)
 .debug_ranges  0x00000000000001f8       0x18 /usr/local/m68k-elf/lib/libc.a(lib_a-wsetup.o)
 .debug_ranges  0x0000000000000210       0x28 /usr/local/m68k-elf/lib/libc.a(lib_a-__call_atexit.o)
 .debug_ranges  0x0000000000000238       0x38 /usr/local/m68k-elf/lib/libc.a(lib_a-fflush.o)
 .debug_ranges  0x0000000000000270       0x30 /usr/local/m68k-elf/lib/libc.a(lib_a-localeconv.o)
 .debug_ranges  0x00000000000002a0       0x18 /usr/local/m68k-elf/lib/libc.a(lib_a-makebuf.o)
 .debug_ranges  0x00000000000002b8       0x38 /usr/local/m68k-elf/lib/libc.a(lib_a-mallocr.o)
 .debug_ranges  0x00000000000002f0       0x20 /usr/local/m68k-elf/lib/libc.a(lib_a-mprec.o)
 .debug_ranges  0x0000000000000310      0x170 /usr/local/m68k-elf/lib/libc.a(lib_a-vfiprintf.o)
 .debug_ranges  0x0000000000000480       0x48 /usr/local/m68k-elf/lib/libc.a(lib_a-callocr.o)
 .debug_ranges  0x00000000000004c8       0x30 /usr/local/m68k-elf/lib/libc.a(lib_a-fclose.o)
 .debug_ranges  0x00000000000004f8       0x38 /usr/local/m68k-elf/lib/libc.a(lib_a-fputwc.o)
 .debug_ranges  0x0000000000000530       0x20 /usr/local/m68k-elf/lib/libc.a(lib_a-fvwrite.o)
 .debug_ranges  0x0000000000000550       0x48 /usr/local/m68k-elf/lib/libc.a(lib_a-locale.o)
 .debug_ranges  0x0000000000000598       0x18 /usr/local/m68k-elf/lib/libc.a(lib_a-mbtowc_r.o)
 .debug_ranges  0x00000000000005b0      0x1a8 /usr/local/m68k-elf/lib/libc.a(lib_a-reallocr.o)
 .debug_ranges  0x0000000000000758       0x18 /usr/local/m68k-elf/lib/libc.a(lib_a-wbuf.o)
 .debug_ranges  0x0000000000000770       0x70 /usr/local/m68k-elf/lib/libc.a(lib_a-wcrtomb.o)
 .debug_ranges  0x00000000000007e0       0x18 /usr/local/m68k-elf/lib/libc.a(lib_a-wctomb_r.o)
 .debug_ranges  0x00000000000007f8       0x18 /usr/local/lib/gcc/m68k-elf/5/libgcc.a(fpgnulib.o)

Cross Reference Table

Symbol                                            File
$_exception_handler                               /usr/local/lib/gcc/m68k-elf/5/libgcc.a(_floatex.o)
                                                  /usr/local/lib/gcc/m68k-elf/5/libgcc.a(_double.o)
P                                                 mtk_asm.o
V                                                 mtk_asm.o
_Balloc                                           /usr/local/m68k-elf/lib/libc.a(lib_a-mprec.o)
                                                  /usr/local/m68k-elf/lib/libc.a(lib_a-dtoa.o)
_Bfree                                            /usr/local/m68k-elf/lib/libc.a(lib_a-mprec.o)
                                                  /usr/local/m68k-elf/lib/libc.a(lib_a-dtoa.o)
_PathLocale                                       /usr/local/m68k-elf/lib/libc.a(lib_a-locale.o)
__adddf3                                          /usr/local/lib/gcc/m68k-elf/5/libgcc.a(_double.o)
                                                  /usr/local/lib/gcc/m68k-elf/5/libgcc.a(xfgnulib.o)
                                                  /usr/local/m68k-elf/lib/libc.a(lib_a-dtoa.o)
__addxf3                                          /usr/local/lib/gcc/m68k-elf/5/libgcc.a(xfgnulib.o)
__any_on                                          /usr/local/m68k-elf/lib/libc.a(lib_a-mprec.o)
__ascii_mbtowc                                    /usr/local/m68k-elf/lib/libc.a(lib_a-mbtowc_r.o)
                                                  /usr/local/m68k-elf/lib/libc.a(lib_a-locale.o)
__ascii_wctomb                                    /usr/local/m68k-elf/lib/libc.a(lib_a-wctomb_r.o)
                                                  /usr/local/m68k-elf/lib/libc.a(lib_a-locale.o)
__b2d                                             /usr/local/m68k-elf/lib/libc.a(lib_a-mprec.o)
__bss_start                                       crt0.o
__call_exitprocs                                  /usr/local/m68k-elf/lib/libc.a(lib_a-__call_atexit.o)
                                                  /usr/local/m68k-elf/lib/libc.a(lib_a-exit.o)
__clear_sticky_bit                                /usr/local/lib/gcc/m68k-elf/5/libgcc.a(_floatex.o)
__cmpdf2                                          /usr/local/lib/gcc/m68k-elf/5/libgcc.a(_double.o)
                                                  /usr/local/lib/gcc/m68k-elf/5/libgcc.a(xfgnulib.o)
__cmpdf2_internal                                 /usr/local/lib/gcc/m68k-elf/5/libgcc.a(_double.o)
                                                  /usr/local/lib/gcc/m68k-elf/5/libgcc.a(_ledf2.o)
                                                  /usr/local/lib/gcc/m68k-elf/5/libgcc.a(_ltdf2.o)
                                                  /usr/local/lib/gcc/m68k-elf/5/libgcc.a(_gedf2.o)
                                                  /usr/local/lib/gcc/m68k-elf/5/libgcc.a(_gtdf2.o)
                                                  /usr/local/lib/gcc/m68k-elf/5/libgcc.a(_nedf2.o)
                                                  /usr/local/lib/gcc/m68k-elf/5/libgcc.a(_eqdf2.o)
__cmpxf2                                          /usr/local/lib/gcc/m68k-elf/5/libgcc.a(xfgnulib.o)
__copybits                                        /usr/local/m68k-elf/lib/libc.a(lib_a-mprec.o)
__d2b                                             /usr/local/m68k-elf/lib/libc.a(lib_a-mprec.o)
                                                  /usr/local/m68k-elf/lib/libc.a(lib_a-dtoa.o)
__divdf3                                          /usr/local/lib/gcc/m68k-elf/5/libgcc.a(_double.o)
                                                  /usr/local/lib/gcc/m68k-elf/5/libgcc.a(xfgnulib.o)
                                                  /usr/local/m68k-elf/lib/libc.a(lib_a-mprec.o)
                                                  /usr/local/m68k-elf/lib/libc.a(lib_a-dtoa.o)
__divsi3                                          /usr/local/lib/gcc/m68k-elf/5/libgcc.a(_divsi3.o)
                                                  /usr/local/lib/gcc/m68k-elf/5/libgcc.a(_modsi3.o)
                                                  /usr/local/m68k-elf/lib/libc.a(lib_a-fvwrite.o)
                                                  /usr/local/m68k-elf/lib/libc.a(lib_a-mprec.o)
                                                  /usr/local/m68k-elf/lib/libc.a(lib_a-vfprintf.o)
__divxf3                                          /usr/local/lib/gcc/m68k-elf/5/libgcc.a(xfgnulib.o)
__eqdf2                                           /usr/local/lib/gcc/m68k-elf/5/libgcc.a(_eqdf2.o)
                                                  /usr/local/m68k-elf/lib/libc.a(lib_a-dtoa.o)
                                                  /usr/local/m68k-elf/lib/libc.a(lib_a-vfprintf.o)
__eqxf2                                           /usr/local/lib/gcc/m68k-elf/5/libgcc.a(xfgnulib.o)
__errno                                           /usr/local/m68k-elf/lib/libc.a(lib_a-errno.o)
                                                  /usr/local/m68k-elf/lib/libidp.a(lseek.o)
__extenddfxf2                                     /usr/local/lib/gcc/m68k-elf/5/libgcc.a(xfgnulib.o)
__extendsfdf2                                     /usr/local/lib/gcc/m68k-elf/5/libgcc.a(fpgnulib.o)
                                                  /usr/local/lib/gcc/m68k-elf/5/libgcc.a(xfgnulib.o)
__extendsfxf2                                     /usr/local/lib/gcc/m68k-elf/5/libgcc.a(xfgnulib.o)
__fixdfsi                                         /usr/local/lib/gcc/m68k-elf/5/libgcc.a(fpgnulib.o)
                                                  /usr/local/lib/gcc/m68k-elf/5/libgcc.a(xfgnulib.o)
                                                  /usr/local/m68k-elf/lib/libc.a(lib_a-dtoa.o)
__fixsfsi                                         /usr/local/lib/gcc/m68k-elf/5/libgcc.a(fpgnulib.o)
__fixxfsi                                         /usr/local/lib/gcc/m68k-elf/5/libgcc.a(xfgnulib.o)
__floatsidf                                       /usr/local/lib/gcc/m68k-elf/5/libgcc.a(fpgnulib.o)
                                                  /usr/local/lib/gcc/m68k-elf/5/libgcc.a(xfgnulib.o)
                                                  /usr/local/m68k-elf/lib/libc.a(lib_a-dtoa.o)
__floatsisf                                       /usr/local/lib/gcc/m68k-elf/5/libgcc.a(fpgnulib.o)
__floatsixf                                       /usr/local/lib/gcc/m68k-elf/5/libgcc.a(xfgnulib.o)
__floatunsidf                                     /usr/local/lib/gcc/m68k-elf/5/libgcc.a(fpgnulib.o)
                                                  /usr/local/lib/gcc/m68k-elf/5/libgcc.a(xfgnulib.o)
                                                  /usr/local/m68k-elf/lib/libc.a(lib_a-dtoa.o)
__floatunsisf                                     /usr/local/lib/gcc/m68k-elf/5/libgcc.a(fpgnulib.o)
__floatunsixf                                     /usr/local/lib/gcc/m68k-elf/5/libgcc.a(xfgnulib.o)
__fp_lock_all                                     /usr/local/m68k-elf/lib/libc.a(lib_a-findfp.o)
__fp_unlock_all                                   /usr/local/m68k-elf/lib/libc.a(lib_a-findfp.o)
__fputwc                                          /usr/local/m68k-elf/lib/libc.a(lib_a-fputwc.o)
__gedf2                                           /usr/local/lib/gcc/m68k-elf/5/libgcc.a(_gedf2.o)
                                                  /usr/local/m68k-elf/lib/libc.a(lib_a-dtoa.o)
__gexf2                                           /usr/local/lib/gcc/m68k-elf/5/libgcc.a(xfgnulib.o)
__global_locale                                   /usr/local/m68k-elf/lib/libc.a(lib_a-locale.o)
                                                  /usr/local/m68k-elf/lib/libc.a(lib_a-wctomb_r.o)
                                                  /usr/local/m68k-elf/lib/libc.a(lib_a-wcrtomb.o)
                                                  /usr/local/m68k-elf/lib/libc.a(lib_a-mbtowc_r.o)
                                                  /usr/local/m68k-elf/lib/libc.a(lib_a-localeconv.o)
__gtdf2                                           /usr/local/lib/gcc/m68k-elf/5/libgcc.a(_gtdf2.o)
                                                  /usr/local/m68k-elf/lib/libc.a(lib_a-dtoa.o)
__gtxf2                                           /usr/local/lib/gcc/m68k-elf/5/libgcc.a(xfgnulib.o)
__hi0bits                                         /usr/local/m68k-elf/lib/libc.a(lib_a-mprec.o)