Archive member included to satisfy reference by file (symbol)

/usr/local/m68k-elf/lib/libc.a(lib_a-exit.o)
                              crt0.o (exit)
/usr/local/m68k-elf/lib/libc.a(lib_a-impure.o)
                              /usr/local/m68k-elf/lib/libc.a(lib_a-exit.o) (_global_impure_ptr)
/usr/local/m68k-elf/lib/libc.a(lib_a-putchar.o)
                              test2.o (putchar)
/usr/local/m68k-elf/lib/libc.a(lib_a-__call_atexit.o)
                              /usr/local/m68k-elf/lib/libc.a(lib_a-exit.o) (__call_exitprocs)
/usr/local/m68k-elf/lib/libc.a(lib_a-putc.o)
                              /usr/local/m68k-elf/lib/libc.a(lib_a-putchar.o) (_putc_r)
/usr/local/m68k-elf/lib/libc.a(lib_a-wbuf.o)
                              /usr/local/m68k-elf/lib/libc.a(lib_a-putc.o) (__swbuf_r)
/usr/local/m68k-elf/lib/libc.a(lib_a-wsetup.o)
                              /usr/local/m68k-elf/lib/libc.a(lib_a-wbuf.o) (__swsetup_r)
/usr/local/m68k-elf/lib/libc.a(lib_a-fflush.o)
                              /usr/local/m68k-elf/lib/libc.a(lib_a-wbuf.o) (_fflush_r)
/usr/local/m68k-elf/lib/libc.a(lib_a-findfp.o)
                              /usr/local/m68k-elf/lib/libc.a(lib_a-putc.o) (__sinit)
/usr/local/m68k-elf/lib/libc.a(lib_a-freer.o)
                              /usr/local/m68k-elf/lib/libc.a(lib_a-wsetup.o) (_free_r)
/usr/local/m68k-elf/lib/libc.a(lib_a-fwalk.o)
                              /usr/local/m68k-elf/lib/libc.a(lib_a-findfp.o) (_fwalk)
/usr/local/m68k-elf/lib/libc.a(lib_a-makebuf.o)
                              /usr/local/m68k-elf/lib/libc.a(lib_a-wsetup.o) (__smakebuf_r)
/usr/local/m68k-elf/lib/libc.a(lib_a-mallocr.o)
                              /usr/local/m68k-elf/lib/libc.a(lib_a-findfp.o) (_malloc_r)
/usr/local/m68k-elf/lib/libc.a(lib_a-memset.o)
                              /usr/local/m68k-elf/lib/libc.a(lib_a-findfp.o) (memset)
/usr/local/m68k-elf/lib/libc.a(lib_a-mlock.o)
                              /usr/local/m68k-elf/lib/libc.a(lib_a-freer.o) (__malloc_lock)
/usr/local/m68k-elf/lib/libc.a(lib_a-sbrkr.o)
                              /usr/local/m68k-elf/lib/libc.a(lib_a-freer.o) (_sbrk_r)
/usr/local/m68k-elf/lib/libc.a(lib_a-stdio.o)
                              /usr/local/m68k-elf/lib/libc.a(lib_a-findfp.o) (__sread)
/usr/local/m68k-elf/lib/libc.a(lib_a-writer.o)
                              /usr/local/m68k-elf/lib/libc.a(lib_a-stdio.o) (_write_r)
/usr/local/m68k-elf/lib/libc.a(lib_a-closer.o)
                              /usr/local/m68k-elf/lib/libc.a(lib_a-stdio.o) (_close_r)
/usr/local/m68k-elf/lib/libc.a(lib_a-fclose.o)
                              /usr/local/m68k-elf/lib/libc.a(lib_a-findfp.o) (_fclose_r)
/usr/local/m68k-elf/lib/libc.a(lib_a-fstatr.o)
                              /usr/local/m68k-elf/lib/libc.a(lib_a-makebuf.o) (_fstat_r)
/usr/local/m68k-elf/lib/libc.a(lib_a-isattyr.o)
                              /usr/local/m68k-elf/lib/libc.a(lib_a-makebuf.o) (_isatty_r)
/usr/local/m68k-elf/lib/libc.a(lib_a-lseekr.o)
                              /usr/local/m68k-elf/lib/libc.a(lib_a-stdio.o) (_lseek_r)
/usr/local/m68k-elf/lib/libc.a(lib_a-readr.o)
                              /usr/local/m68k-elf/lib/libc.a(lib_a-stdio.o) (_read_r)
/usr/local/m68k-elf/lib/libc.a(lib_a-reent.o)
                              /usr/local/m68k-elf/lib/libc.a(lib_a-sbrkr.o) (errno)
/usr/local/m68k-elf/lib/libidp.a(close.o)
                              /usr/local/m68k-elf/lib/libc.a(lib_a-closer.o) (close)
/usr/local/m68k-elf/lib/libidp.a(fstat.o)
                              /usr/local/m68k-elf/lib/libc.a(lib_a-fstatr.o) (fstat)
/usr/local/m68k-elf/lib/libidp.a(isatty.o)
                              /usr/local/m68k-elf/lib/libc.a(lib_a-isattyr.o) (isatty)
/usr/local/m68k-elf/lib/libidp.a(lseek.o)
                              /usr/local/m68k-elf/lib/libc.a(lib_a-lseekr.o) (lseek)
/usr/local/m68k-elf/lib/libidp.a(sbrk.o)
                              /usr/local/m68k-elf/lib/libc.a(lib_a-sbrkr.o) (sbrk)
/usr/local/m68k-elf/lib/libidp.a(mc68ec.o)
                              /usr/local/m68k-elf/lib/libc.a(lib_a-exit.o) (_exit)
/usr/local/m68k-elf/lib/libc.a(lib_a-errno.o)
                              /usr/local/m68k-elf/lib/libidp.a(lseek.o) (__errno)

Allocating common symbols
Common symbol       size              file

next_task           0x4               mtk_c.o
semaphore           0x18              mtk_c.o
errno               0x4               /usr/local/m68k-elf/lib/libc.a(lib_a-reent.o)
heap_ptr            0x4               /usr/local/m68k-elf/lib/libidp.a(sbrk.o)
curr_task           0x4               mtk_c.o
task_tab            0x78              mtk_c.o
stacks              0x2800            mtk_c.o
new_task            0x4               mtk_c.o
ready               0x4               mtk_c.o

Memory Configuration

Name             Origin             Length             Attributes
ram              0x0000000000000000 0x0000000000040000 xrw
rom0             0x0000000000c00000 0x0000000000080000
device           0x0000000000fff000 0x0000000000001000
*default*        0x0000000000000000 0xffffffffffffffff

Linker script and memory map

LOAD crt0.o
LOAD mon.o
LOAD csys68k.o
LOAD inchrw.o
LOAD mtk_asm.o
LOAD mtk_c.o
LOAD outchr.o
LOAD test2.o
START GROUP
LOAD /usr/local/m68k-elf/lib/libidp.a
LOAD /usr/local/m68k-elf/lib/libc.a
LOAD /usr/local/lib/gcc/m68k-elf/5/libgcc.a
END GROUP
                0x0000000000000000                __DYNAMIC = 0x0
                0x000000000003fff0                PROVIDE (__stack = 0x3fff0)
                0x0000000000000000                PROVIDE (hardware_init_hook = 0x0)
                [!provide]                        PROVIDE (_hardware_init_hook = 0x0)
                0x0000000000000000                PROVIDE (software_init_hook = 0x0)
                [!provide]                        PROVIDE (_software_init_hook = 0x0)

.vector
 *(.vector)

.text           0x0000000000000400     0x2adc
                0x0000000000000400                __text_start = .
 *(.text)
 .text          0x0000000000000400       0x90 crt0.o
                0x000000000000043c                start
 .text          0x0000000000000490      0x438 mon.o
                0x0000000000000490                monitor_begin
 .text          0x00000000000008c8      0x106 csys68k.o
                0x00000000000008c8                read
                0x0000000000000978                write
 *fill*         0x00000000000009ce        0x2 
 .text          0x00000000000009d0       0x26 inchrw.o
                0x00000000000009d0                inbyte
 *fill*         0x00000000000009f6        0x2 
 .text          0x00000000000009f8      0x116 mtk_asm.o
                0x00000000000009f8                swtch
                0x0000000000000a3e                pv_handler
                0x0000000000000a7e                P
                0x0000000000000a90                V
                0x0000000000000aa2                hard_clock
                0x0000000000000ac6                init_timer
                0x0000000000000ae4                first_task
 *fill*         0x0000000000000b0e        0x2 
 .text          0x0000000000000b10      0x3e4 mtk_c.o
                0x0000000000000b10                init_kernel
                0x0000000000000b20                set_task
                0x0000000000000c4a                init_stack
                0x0000000000000c8e                begin_sch
                0x0000000000000cdc                removeq
                0x0000000000000cfa                sched
                0x0000000000000d26                addq
                0x0000000000000d62                sleep
                0x0000000000000df2                wakeup
                0x0000000000000e56                p_body
                0x0000000000000e7c                v_body
 .text          0x0000000000000ef4       0x28 outchr.o
                0x0000000000000ef4                outbyte
 .text          0x0000000000000f1c       0x2a test2.o
                0x0000000000000f1c                task1
 *fill*         0x0000000000000f46        0x2 
 .text          0x0000000000000f48       0x34 /usr/local/m68k-elf/lib/libc.a(lib_a-exit.o)
                0x0000000000000f48                exit
 .text          0x0000000000000f7c        0x0 /usr/local/m68k-elf/lib/libc.a(lib_a-impure.o)
 .text          0x0000000000000f7c       0x3a /usr/local/m68k-elf/lib/libc.a(lib_a-putchar.o)
                0x0000000000000f7c                _putchar_r
                0x0000000000000f98                putchar
 *fill*         0x0000000000000fb6        0x2 
 .text          0x0000000000000fb8      0x118 /usr/local/m68k-elf/lib/libc.a(lib_a-__call_atexit.o)
                0x0000000000000fb8                __call_exitprocs
 .text          0x00000000000010d0      0x116 /usr/local/m68k-elf/lib/libc.a(lib_a-putc.o)
                0x00000000000010d0                _putc_r
                0x0000000000001156                putc
 *fill*         0x00000000000011e6        0x2 
 .text          0x00000000000011e8      0x14c /usr/local/m68k-elf/lib/libc.a(lib_a-wbuf.o)
                0x00000000000011e8                __swbuf_r
                0x000000000000131a                __swbuf
 .text          0x0000000000001334      0x14e /usr/local/m68k-elf/lib/libc.a(lib_a-wsetup.o)
                0x0000000000001334                __swsetup_r
 *fill*         0x0000000000001482        0x2 
 .text          0x0000000000001484      0x238 /usr/local/m68k-elf/lib/libc.a(lib_a-fflush.o)
                0x0000000000001484                __sflush_r
                0x0000000000001634                _fflush_r
                0x000000000000168a                fflush
 .text          0x00000000000016bc      0x338 /usr/local/m68k-elf/lib/libc.a(lib_a-findfp.o)
                0x00000000000016c6                _cleanup_r
                0x0000000000001836                __sfmoreglue
                0x000000000000189a                __sfp
                0x000000000000196c                _cleanup
                0x0000000000001988                __sinit
                0x00000000000019a0                __sfp_lock_acquire
                0x00000000000019a8                __sfp_lock_release
                0x00000000000019b0                __sinit_lock_acquire
                0x00000000000019b8                __sinit_lock_release
                0x00000000000019c0                __fp_lock_all
                0x00000000000019da                __fp_unlock_all
 .text          0x00000000000019f4      0x456 /usr/local/m68k-elf/lib/libc.a(lib_a-freer.o)
                0x00000000000019f4                _malloc_trim_r
                0x0000000000001ade                _free_r
 *fill*         0x0000000000001e4a        0x2 
 .text          0x0000000000001e4c       0xc8 /usr/local/m68k-elf/lib/libc.a(lib_a-fwalk.o)
                0x0000000000001e4c                _fwalk
                0x0000000000001eae                _fwalk_reent
 .text          0x0000000000001f14      0x17e /usr/local/m68k-elf/lib/libc.a(lib_a-makebuf.o)
                0x0000000000001f14                __swhatbuf_r
                0x0000000000001fa6                __smakebuf_r
 *fill*         0x0000000000002092        0x2 
 .text          0x0000000000002094      0x80a /usr/local/m68k-elf/lib/libc.a(lib_a-mallocr.o)
                0x0000000000002094                _malloc_r
 *fill*         0x000000000000289e        0x2 
 .text          0x00000000000028a0       0x72 /usr/local/m68k-elf/lib/libc.a(lib_a-memset.o)
                0x00000000000028a0                memset
 *fill*         0x0000000000002912        0x2 
 .text          0x0000000000002914       0x10 /usr/local/m68k-elf/lib/libc.a(lib_a-mlock.o)
                0x0000000000002914                __malloc_lock
                0x000000000000291c                __malloc_unlock
 .text          0x0000000000002924       0x32 /usr/local/m68k-elf/lib/libc.a(lib_a-sbrkr.o)
                0x0000000000002924                _sbrk_r
 *fill*         0x0000000000002956        0x2 
 .text          0x0000000000002958      0x144 /usr/local/m68k-elf/lib/libc.a(lib_a-stdio.o)
                0x0000000000002958                __sread
                0x000000000000299c                __seofread
                0x00000000000029a6                __swrite
                0x0000000000002a38                __sseek
                0x0000000000002a84                __sclose
 .text          0x0000000000002a9c       0x3c /usr/local/m68k-elf/lib/libc.a(lib_a-writer.o)
                0x0000000000002a9c                _write_r
 .text          0x0000000000002ad8       0x32 /usr/local/m68k-elf/lib/libc.a(lib_a-closer.o)
                0x0000000000002ad8                _close_r
 *fill*         0x0000000000002b0a        0x2 
 .text          0x0000000000002b0c       0xf8 /usr/local/m68k-elf/lib/libc.a(lib_a-fclose.o)
                0x0000000000002b0c                _fclose_r
                0x0000000000002bee                fclose
 .text          0x0000000000002c04       0x36 /usr/local/m68k-elf/lib/libc.a(lib_a-fstatr.o)
                0x0000000000002c04                _fstat_r
 *fill*         0x0000000000002c3a        0x2 
 .text          0x0000000000002c3c       0x32 /usr/local/m68k-elf/lib/libc.a(lib_a-isattyr.o)
                0x0000000000002c3c                _isatty_r
 *fill*         0x0000000000002c6e        0x2 
 .text          0x0000000000002c70       0x3c /usr/local/m68k-elf/lib/libc.a(lib_a-lseekr.o)
                0x0000000000002c70                _lseek_r
 .text          0x0000000000002cac       0x3c /usr/local/m68k-elf/lib/libc.a(lib_a-readr.o)
                0x0000000000002cac                _read_r
 .text          0x0000000000002ce8      0x112 /usr/local/m68k-elf/lib/libc.a(lib_a-reent.o)
                0x0000000000002ce8                cleanup_glue
                0x0000000000002d1e                _reclaim_reent
 *fill*         0x0000000000002dfa        0x2 
 .text          0x0000000000002dfc        0xa /usr/local/m68k-elf/lib/libidp.a(close.o)
                0x0000000000002dfc                close
 *fill*         0x0000000000002e06        0x2 
 .text          0x0000000000002e08       0x1a /usr/local/m68k-elf/lib/libidp.a(fstat.o)
                0x0000000000002e08                fstat
 *fill*         0x0000000000002e22        0x2 
 .text          0x0000000000002e24        0xa /usr/local/m68k-elf/lib/libidp.a(isatty.o)
                0x0000000000002e24                isatty
 *fill*         0x0000000000002e2e        0x2 
 .text          0x0000000000002e30       0x16 /usr/local/m68k-elf/lib/libidp.a(lseek.o)
                0x0000000000002e30                lseek
 *fill*         0x0000000000002e46        0x2 
 .text          0x0000000000002e48       0x32 /usr/local/m68k-elf/lib/libidp.a(sbrk.o)
                0x0000000000002e48                sbrk
 *fill*         0x0000000000002e7a        0x2 
 .text          0x0000000000002e7c       0x2a /usr/local/m68k-elf/lib/libidp.a(mc68ec.o)
                0x0000000000002e7c                _exit
                0x0000000000002e86                delay
 *fill*         0x0000000000002ea6        0x2 
 .text          0x0000000000002ea8        0xe /usr/local/m68k-elf/lib/libc.a(lib_a-errno.o)
                0x0000000000002ea8                __errno
                0x0000000000002eb8                . = ALIGN (0x4)
 *fill*         0x0000000000002eb6        0x2 
                0x0000000000002eb8                __CTOR_LIST__ = .
                0x0000000000002eb8                ___CTOR_LIST__ = .
                0x0000000000002eb8        0x4 LONG 0x0 (((__CTOR_END__ - __CTOR_LIST__) / 0x4) - 0x2)
 *(.ctors)
                0x0000000000002ebc        0x4 LONG 0x0
                0x0000000000002ec0                __CTOR_END__ = .
                0x0000000000002ec0                __DTOR_LIST__ = .
                0x0000000000002ec0                ___DTOR_LIST__ = .
                0x0000000000002ec0        0x4 LONG 0x0 (((__DTOR_END__ - __DTOR_LIST__) / 0x4) - 0x2)
 *(.dtors)
                0x0000000000002ec4        0x4 LONG 0x0
                0x0000000000002ec8                __DTOR_END__ = .
 *(.rodata)
 .rodata        0x0000000000002ec8        0x4 /usr/local/m68k-elf/lib/libc.a(lib_a-impure.o)
                0x0000000000002ec8                _global_impure_ptr
 *(.gcc_except_table)
                0x0000000000002ecc                __INIT_SECTION__ = .
                0x0000000000002ecc        0x4 LONG 0x4e560000
 *(.init)
                0x0000000000002ed0        0x2 SHORT 0x4e5e
                0x0000000000002ed2        0x2 SHORT 0x4e75
                0x0000000000002ed4                __FINI_SECTION__ = .
                0x0000000000002ed4        0x4 LONG 0x4e560000
 *(.fini)
                0x0000000000002ed8        0x2 SHORT 0x4e5e
                0x0000000000002eda        0x2 SHORT 0x4e75
                0x0000000000002edc                _etext = .
 *(.lit)

.text.startup   0x0000000000002edc       0x30
 .text.startup  0x0000000000002edc       0x30 test2.o
                0x0000000000002edc                main

.data           0x0000000000002f0c      0xa60
 *(.shdata)
 *(.data)
 .data          0x0000000000002f0c        0x4 crt0.o
 .data          0x0000000000002f10      0x222 mon.o
 *fill*         0x0000000000003132        0x2 
 .data          0x0000000000003134        0x0 csys68k.o
 .data          0x0000000000003134        0x0 inchrw.o
 .data          0x0000000000003134        0x0 mtk_asm.o
 .data          0x0000000000003134        0x0 mtk_c.o
 .data          0x0000000000003134        0x0 outchr.o
 .data          0x0000000000003134        0x0 test2.o
 .data          0x0000000000003134        0x0 /usr/local/m68k-elf/lib/libc.a(lib_a-exit.o)
 .data          0x0000000000003134      0x426 /usr/local/m68k-elf/lib/libc.a(lib_a-impure.o)
                0x0000000000003134                _impure_ptr
 *fill*         0x000000000000355a        0x2 
 .data          0x000000000000355c        0x0 /usr/local/m68k-elf/lib/libc.a(lib_a-putchar.o)
 .data          0x000000000000355c        0x0 /usr/local/m68k-elf/lib/libc.a(lib_a-__call_atexit.o)
 .data          0x000000000000355c        0x0 /usr/local/m68k-elf/lib/libc.a(lib_a-putc.o)
 .data          0x000000000000355c        0x0 /usr/local/m68k-elf/lib/libc.a(lib_a-wbuf.o)
 .data          0x000000000000355c        0x0 /usr/local/m68k-elf/lib/libc.a(lib_a-wsetup.o)
 .data          0x000000000000355c        0x0 /usr/local/m68k-elf/lib/libc.a(lib_a-fflush.o)
 .data          0x000000000000355c        0x0 /usr/local/m68k-elf/lib/libc.a(lib_a-findfp.o)
 .data          0x000000000000355c        0x0 /usr/local/m68k-elf/lib/libc.a(lib_a-freer.o)
 .data          0x000000000000355c        0x0 /usr/local/m68k-elf/lib/libc.a(lib_a-fwalk.o)
 .data          0x000000000000355c        0x0 /usr/local/m68k-elf/lib/libc.a(lib_a-makebuf.o)
 .data          0x000000000000355c      0x410 /usr/local/m68k-elf/lib/libc.a(lib_a-mallocr.o)
                0x000000000000355c                __malloc_sbrk_base
                0x0000000000003560                __malloc_trim_threshold
                0x0000000000003564                __malloc_av_
 .data          0x000000000000396c        0x0 /usr/local/m68k-elf/lib/libc.a(lib_a-memset.o)
 .data          0x000000000000396c        0x0 /usr/local/m68k-elf/lib/libc.a(lib_a-mlock.o)
 .data          0x000000000000396c        0x0 /usr/local/m68k-elf/lib/libc.a(lib_a-sbrkr.o)
 .data          0x000000000000396c        0x0 /usr/local/m68k-elf/lib/libc.a(lib_a-stdio.o)
 .data          0x000000000000396c        0x0 /usr/local/m68k-elf/lib/libc.a(lib_a-writer.o)
 .data          0x000000000000396c        0x0 /usr/local/m68k-elf/lib/libc.a(lib_a-closer.o)
 .data          0x000000000000396c        0x0 /usr/local/m68k-elf/lib/libc.a(lib_a-fclose.o)
 .data          0x000000000000396c        0x0 /usr/local/m68k-elf/lib/libc.a(lib_a-fstatr.o)
 .data          0x000000000000396c        0x0 /usr/local/m68k-elf/lib/libc.a(lib_a-isattyr.o)
 .data          0x000000000000396c        0x0 /usr/local/m68k-elf/lib/libc.a(lib_a-lseekr.o)
 .data          0x000000000000396c        0x0 /usr/local/m68k-elf/lib/libc.a(lib_a-readr.o)
 .data          0x000000000000396c        0x0 /usr/local/m68k-elf/lib/libc.a(lib_a-reent.o)
 .data          0x000000000000396c        0x0 /usr/local/m68k-elf/lib/libidp.a(close.o)
 .data          0x000000000000396c        0x0 /usr/local/m68k-elf/lib/libidp.a(fstat.o)
 .data          0x000000000000396c        0x0 /usr/local/m68k-elf/lib/libidp.a(isatty.o)
 .data          0x000000000000396c        0x0 /usr/local/m68k-elf/lib/libidp.a(lseek.o)
 .data          0x000000000000396c        0x0 /usr/local/m68k-elf/lib/libidp.a(sbrk.o)
 .data          0x000000000000396c        0x0 /usr/local/m68k-elf/lib/libidp.a(mc68ec.o)
 .data          0x000000000000396c        0x0 /usr/local/m68k-elf/lib/libc.a(lib_a-errno.o)
                0x000000000000396c                _edata = .

.bss            0x000000000000396c     0xa9e4
                0x000000000000396c                . = ALIGN (0x4)
                0x000000000000396c                __bss_start = .
 *(.shbss)
 *(.bss)
 .bss           0x000000000000396c        0x0 crt0.o
 .bss           0x000000000000396c     0x8104 mon.o
 .bss           0x000000000000ba70        0x0 csys68k.o
 .bss           0x000000000000ba70        0x1 inchrw.o
 *fill*         0x000000000000ba71        0x3 
 .bss           0x000000000000ba74        0x0 mtk_asm.o
 .bss           0x000000000000ba74        0x0 mtk_c.o
 .bss           0x000000000000ba74        0x0 outchr.o
 .bss           0x000000000000ba74        0x0 test2.o
 .bss           0x000000000000ba74        0x0 /usr/local/m68k-elf/lib/libc.a(lib_a-exit.o)
 .bss           0x000000000000ba74        0x0 /usr/local/m68k-elf/lib/libc.a(lib_a-impure.o)
 .bss           0x000000000000ba74        0x0 /usr/local/m68k-elf/lib/libc.a(lib_a-putchar.o)
 .bss           0x000000000000ba74        0x0 /usr/local/m68k-elf/lib/libc.a(lib_a-__call_atexit.o)
 .bss           0x000000000000ba74        0x0 /usr/local/m68k-elf/lib/libc.a(lib_a-putc.o)
 .bss           0x000000000000ba74        0x0 /usr/local/m68k-elf/lib/libc.a(lib_a-wbuf.o)
 .bss           0x000000000000ba74        0x0 /usr/local/m68k-elf/lib/libc.a(lib_a-wsetup.o)
 .bss           0x000000000000ba74        0x0 /usr/local/m68k-elf/lib/libc.a(lib_a-fflush.o)
 .bss           0x000000000000ba74        0x0 /usr/local/m68k-elf/lib/libc.a(lib_a-findfp.o)
 .bss           0x000000000000ba74        0x0 /usr/local/m68k-elf/lib/libc.a(lib_a-freer.o)
 .bss           0x000000000000ba74        0x0 /usr/local/m68k-elf/lib/libc.a(lib_a-fwalk.o)
 .bss           0x000000000000ba74        0x0 /usr/local/m68k-elf/lib/libc.a(lib_a-makebuf.o)
 .bss           0x000000000000ba74       0x34 /usr/local/m68k-elf/lib/libc.a(lib_a-mallocr.o)
                0x000000000000ba74                __malloc_current_mallinfo
                0x000000000000ba9c                __malloc_max_total_mem
                0x000000000000baa0                __malloc_max_sbrked_mem
                0x000000000000baa4                __malloc_top_pad
 .bss           0x000000000000baa8        0x0 /usr/local/m68k-elf/lib/libc.a(lib_a-memset.o)
 .bss           0x000000000000baa8        0x0 /usr/local/m68k-elf/lib/libc.a(lib_a-mlock.o)
 .bss           0x000000000000baa8        0x0 /usr/local/m68k-elf/lib/libc.a(lib_a-sbrkr.o)
 .bss           0x000000000000baa8        0x0 /usr/local/m68k-elf/lib/libc.a(lib_a-stdio.o)
 .bss           0x000000000000baa8        0x0 /usr/local/m68k-elf/lib/libc.a(lib_a-writer.o)
 .bss           0x000000000000baa8        0x0 /usr/local/m68k-elf/lib/libc.a(lib_a-closer.o)
 .bss           0x000000000000baa8        0x0 /usr/local/m68k-elf/lib/libc.a(lib_a-fclose.o)
 .bss           0x000000000000baa8        0x0 /usr/local/m68k-elf/lib/libc.a(lib_a-fstatr.o)
 .bss           0x000000000000baa8        0x0 /usr/local/m68k-elf/lib/libc.a(lib_a-isattyr.o)
 .bss           0x000000000000baa8        0x0 /usr/local/m68k-elf/lib/libc.a(lib_a-lseekr.o)
 .bss           0x000000000000baa8        0x0 /usr/local/m68k-elf/lib/libc.a(lib_a-readr.o)
 .bss           0x000000000000baa8        0x0 /usr/local/m68k-elf/lib/libc.a(lib_a-reent.o)
 .bss           0x000000000000baa8        0x0 /usr/local/m68k-elf/lib/libidp.a(close.o)
 .bss           0x000000000000baa8        0x0 /usr/local/m68k-elf/lib/libidp.a(fstat.o)
 .bss           0x000000000000baa8        0x0 /usr/local/m68k-elf/lib/libidp.a(isatty.o)
 .bss           0x000000000000baa8        0x0 /usr/local/m68k-elf/lib/libidp.a(lseek.o)
 .bss           0x000000000000baa8        0x0 /usr/local/m68k-elf/lib/libidp.a(sbrk.o)
 .bss           0x000000000000baa8        0x0 /usr/local/m68k-elf/lib/libidp.a(mc68ec.o)
 .bss           0x000000000000baa8        0x0 /usr/local/m68k-elf/lib/libc.a(lib_a-errno.o)
 *(COMMON)
 COMMON         0x000000000000baa8     0x28a0 mtk_c.o
                0x000000000000baa8                next_task
                0x000000000000baac                semaphore
                0x000000000000bac4                curr_task
                0x000000000000bac8                task_tab
                0x000000000000bb40                stacks
                0x000000000000e340                new_task
                0x000000000000e344                ready
 COMMON         0x000000000000e348        0x4 /usr/local/m68k-elf/lib/libc.a(lib_a-reent.o)
                0x000000000000e348                errno
 COMMON         0x000000000000e34c        0x4 /usr/local/m68k-elf/lib/libidp.a(sbrk.o)
                0x000000000000e34c                heap_ptr
                0x000000000000e350                _end = ALIGN (0x8)
                0x000000000000e350                __end = _end

.stab
 *(.stab)

.stabstr
 *(.stabstr)
OUTPUT(test2.hex srec)

.debug_info     0x0000000000000000    0x10d3f
 .debug_info    0x0000000000000000      0x100 csys68k.o
 .debug_info    0x0000000000000100      0x653 mtk_c.o
 .debug_info    0x0000000000000753      0x93d test2.o
 .debug_info    0x0000000000001090      0x8dc /usr/local/m68k-elf/lib/libc.a(lib_a-exit.o)
 .debug_info    0x000000000000196c      0x8b1 /usr/local/m68k-elf/lib/libc.a(lib_a-impure.o)
 .debug_info    0x000000000000221d      0x913 /usr/local/m68k-elf/lib/libc.a(lib_a-putchar.o)
 .debug_info    0x0000000000002b30      0x95f /usr/local/m68k-elf/lib/libc.a(lib_a-__call_atexit.o)
 .debug_info    0x000000000000348f      0xa2d /usr/local/m68k-elf/lib/libc.a(lib_a-putc.o)
 .debug_info    0x0000000000003ebc      0x987 /usr/local/m68k-elf/lib/libc.a(lib_a-wbuf.o)
 .debug_info    0x0000000000004843      0x927 /usr/local/m68k-elf/lib/libc.a(lib_a-wsetup.o)
 .debug_info    0x000000000000516a      0xa2c /usr/local/m68k-elf/lib/libc.a(lib_a-fflush.o)
 .debug_info    0x0000000000005b96      0xd0b /usr/local/m68k-elf/lib/libc.a(lib_a-findfp.o)
 .debug_info    0x00000000000068a1      0xbb5 /usr/local/m68k-elf/lib/libc.a(lib_a-freer.o)
 .debug_info    0x0000000000007456      0x9a5 /usr/local/m68k-elf/lib/libc.a(lib_a-fwalk.o)
 .debug_info    0x0000000000007dfb      0xc08 /usr/local/m68k-elf/lib/libc.a(lib_a-makebuf.o)
 .debug_info    0x0000000000008a03      0xcdd /usr/local/m68k-elf/lib/libc.a(lib_a-mallocr.o)
 .debug_info    0x00000000000096e0       0x26 /usr/local/m68k-elf/lib/libc.a(lib_a-memset.o)
 .debug_info    0x0000000000009706      0x8bf /usr/local/m68k-elf/lib/libc.a(lib_a-mlock.o)
 .debug_info    0x0000000000009fc5      0x901 /usr/local/m68k-elf/lib/libc.a(lib_a-sbrkr.o)
 .debug_info    0x000000000000a8c6      0xae3 /usr/local/m68k-elf/lib/libc.a(lib_a-stdio.o)
 .debug_info    0x000000000000b3a9      0x90e /usr/local/m68k-elf/lib/libc.a(lib_a-writer.o)
 .debug_info    0x000000000000bcb7      0x8e0 /usr/local/m68k-elf/lib/libc.a(lib_a-closer.o)
 .debug_info    0x000000000000c597      0x9e5 /usr/local/m68k-elf/lib/libc.a(lib_a-fclose.o)
 .debug_info    0x000000000000cf7c      0xac4 /usr/local/m68k-elf/lib/libc.a(lib_a-fstatr.o)
 .debug_info    0x000000000000da40      0x8e0 /usr/local/m68k-elf/lib/libc.a(lib_a-isattyr.o)
 .debug_info    0x000000000000e320      0x8fc /usr/local/m68k-elf/lib/libc.a(lib_a-lseekr.o)
 .debug_info    0x000000000000ec1c      0x907 /usr/local/m68k-elf/lib/libc.a(lib_a-readr.o)
 .debug_info    0x000000000000f523      0x993 /usr/local/m68k-elf/lib/libc.a(lib_a-reent.o)
 .debug_info    0x000000000000feb6       0x54 /usr/local/m68k-elf/lib/libidp.a(close.o)
 .debug_info    0x000000000000ff0a      0x297 /usr/local/m68k-elf/lib/libidp.a(fstat.o)
 .debug_info    0x00000000000101a1       0x54 /usr/local/m68k-elf/lib/libidp.a(isatty.o)
 .debug_info    0x00000000000101f5       0xf9 /usr/local/m68k-elf/lib/libidp.a(lseek.o)
 .debug_info    0x00000000000102ee       0xe5 /usr/local/m68k-elf/lib/libidp.a(sbrk.o)
 .debug_info    0x00000000000103d3       0xc6 /usr/local/m68k-elf/lib/libidp.a(mc68ec.o)
 .debug_info    0x0000000000010499      0x8a6 /usr/local/m68k-elf/lib/libc.a(lib_a-errno.o)

.debug_abbrev   0x0000000000000000     0x3c3d
 .debug_abbrev  0x0000000000000000       0xa2 csys68k.o
 .debug_abbrev  0x00000000000000a2      0x273 mtk_c.o
 .debug_abbrev  0x0000000000000315      0x1fa test2.o
 .debug_abbrev  0x000000000000050f      0x1c6 /usr/local/m68k-elf/lib/libc.a(lib_a-exit.o)
 .debug_abbrev  0x00000000000006d5      0x189 /usr/local/m68k-elf/lib/libc.a(lib_a-impure.o)
 .debug_abbrev  0x000000000000085e      0x1f0 /usr/local/m68k-elf/lib/libc.a(lib_a-putchar.o)
 .debug_abbrev  0x0000000000000a4e      0x213 /usr/local/m68k-elf/lib/libc.a(lib_a-__call_atexit.o)
 .debug_abbrev  0x0000000000000c61      0x26a /usr/local/m68k-elf/lib/libc.a(lib_a-putc.o)
 .debug_abbrev  0x0000000000000ecb      0x228 /usr/local/m68k-elf/lib/libc.a(lib_a-wbuf.o)
 .debug_abbrev  0x00000000000010f3      0x1ee /usr/local/m68k-elf/lib/libc.a(lib_a-wsetup.o)
 .debug_abbrev  0x00000000000012e1      0x280 /usr/local/m68k-elf/lib/libc.a(lib_a-fflush.o)
 .debug_abbrev  0x0000000000001561      0x383 /usr/local/m68k-elf/lib/libc.a(lib_a-findfp.o)
 .debug_abbrev  0x00000000000018e4      0x24d /usr/local/m68k-elf/lib/libc.a(lib_a-freer.o)
 .debug_abbrev  0x0000000000001b31      0x1c7 /usr/local/m68k-elf/lib/libc.a(lib_a-fwalk.o)
 .debug_abbrev  0x0000000000001cf8      0x297 /usr/local/m68k-elf/lib/libc.a(lib_a-makebuf.o)
 .debug_abbrev  0x0000000000001f8f      0x28e /usr/local/m68k-elf/lib/libc.a(lib_a-mallocr.o)
 .debug_abbrev  0x000000000000221d       0x14 /usr/local/m68k-elf/lib/libc.a(lib_a-memset.o)
 .debug_abbrev  0x0000000000002231      0x1b5 /usr/local/m68k-elf/lib/libc.a(lib_a-mlock.o)
 .debug_abbrev  0x00000000000023e6      0x1f8 /usr/local/m68k-elf/lib/libc.a(lib_a-sbrkr.o)
 .debug_abbrev  0x00000000000025de      0x22b /usr/local/m68k-elf/lib/libc.a(lib_a-stdio.o)
 .debug_abbrev  0x0000000000002809      0x1d9 /usr/local/m68k-elf/lib/libc.a(lib_a-writer.o)
 .debug_abbrev  0x00000000000029e2      0x1d4 /usr/local/m68k-elf/lib/libc.a(lib_a-closer.o)
 .debug_abbrev  0x0000000000002bb6      0x268 /usr/local/m68k-elf/lib/libc.a(lib_a-fclose.o)
 .debug_abbrev  0x0000000000002e1e      0x1e3 /usr/local/m68k-elf/lib/libc.a(lib_a-fstatr.o)
 .debug_abbrev  0x0000000000003001      0x1d4 /usr/local/m68k-elf/lib/libc.a(lib_a-isattyr.o)
 .debug_abbrev  0x00000000000031d5      0x1e3 /usr/local/m68k-elf/lib/libc.a(lib_a-lseekr.o)
 .debug_abbrev  0x00000000000033b8      0x1d4 /usr/local/m68k-elf/lib/libc.a(lib_a-readr.o)
 .debug_abbrev  0x000000000000358c      0x24a /usr/local/m68k-elf/lib/libc.a(lib_a-reent.o)
 .debug_abbrev  0x00000000000037d6       0x4a /usr/local/m68k-elf/lib/libidp.a(close.o)
 .debug_abbrev  0x0000000000003820       0x9b /usr/local/m68k-elf/lib/libidp.a(fstat.o)
 .debug_abbrev  0x00000000000038bb       0x4a /usr/local/m68k-elf/lib/libidp.a(isatty.o)
 .debug_abbrev  0x0000000000003905       0x8d /usr/local/m68k-elf/lib/libidp.a(lseek.o)
 .debug_abbrev  0x0000000000003992       0x9b /usr/local/m68k-elf/lib/libidp.a(sbrk.o)
 .debug_abbrev  0x0000000000003a2d       0x78 /usr/local/m68k-elf/lib/libidp.a(mc68ec.o)
 .debug_abbrev  0x0000000000003aa5      0x198 /usr/local/m68k-elf/lib/libc.a(lib_a-errno.o)

.debug_loc      0x0000000000000000     0x205d
 .debug_loc     0x0000000000000000      0x102 csys68k.o
 .debug_loc     0x0000000000000102      0x4ab mtk_c.o
 .debug_loc     0x00000000000005ad       0x13 /usr/local/m68k-elf/lib/libc.a(lib_a-putchar.o)
 .debug_loc     0x00000000000005c0      0x1c7 /usr/local/m68k-elf/lib/libc.a(lib_a-__call_atexit.o)
 .debug_loc     0x0000000000000787      0x187 /usr/local/m68k-elf/lib/libc.a(lib_a-putc.o)
 .debug_loc     0x000000000000090e       0xab /usr/local/m68k-elf/lib/libc.a(lib_a-wbuf.o)
 .debug_loc     0x00000000000009b9       0x1e /usr/local/m68k-elf/lib/libc.a(lib_a-wsetup.o)
 .debug_loc     0x00000000000009d7      0x172 /usr/local/m68k-elf/lib/libc.a(lib_a-fflush.o)
 .debug_loc     0x0000000000000b49      0x198 /usr/local/m68k-elf/lib/libc.a(lib_a-findfp.o)
 .debug_loc     0x0000000000000ce1      0x4dd /usr/local/m68k-elf/lib/libc.a(lib_a-freer.o)
 .debug_loc     0x00000000000011be       0xf8 /usr/local/m68k-elf/lib/libc.a(lib_a-fwalk.o)
 .debug_loc     0x00000000000012b6       0xb3 /usr/local/m68k-elf/lib/libc.a(lib_a-makebuf.o)
 .debug_loc     0x0000000000001369      0xa3f /usr/local/m68k-elf/lib/libc.a(lib_a-mallocr.o)
 .debug_loc     0x0000000000001da8      0x14a /usr/local/m68k-elf/lib/libc.a(lib_a-stdio.o)
 .debug_loc     0x0000000000001ef2       0x9a /usr/local/m68k-elf/lib/libc.a(lib_a-fclose.o)
 .debug_loc     0x0000000000001f8c       0x6d /usr/local/m68k-elf/lib/libc.a(lib_a-reent.o)
 .debug_loc     0x0000000000001ff9       0x22 /usr/local/m68k-elf/lib/libidp.a(sbrk.o)
 .debug_loc     0x000000000000201b       0x42 /usr/local/m68k-elf/lib/libidp.a(mc68ec.o)

.debug_aranges  0x0000000000000000      0x460
 .debug_aranges
                0x0000000000000000       0x20 csys68k.o
 .debug_aranges
                0x0000000000000020       0x20 mtk_c.o
 .debug_aranges
                0x0000000000000040       0x28 test2.o
 .debug_aranges
                0x0000000000000068       0x20 /usr/local/m68k-elf/lib/libc.a(lib_a-exit.o)
 .debug_aranges
                0x0000000000000088       0x18 /usr/local/m68k-elf/lib/libc.a(lib_a-impure.o)
 .debug_aranges
                0x00000000000000a0       0x20 /usr/local/m68k-elf/lib/libc.a(lib_a-putchar.o)
 .debug_aranges
                0x00000000000000c0       0x20 /usr/local/m68k-elf/lib/libc.a(lib_a-__call_atexit.o)
 .debug_aranges
                0x00000000000000e0       0x20 /usr/local/m68k-elf/lib/libc.a(lib_a-putc.o)
 .debug_aranges
                0x0000000000000100       0x20 /usr/local/m68k-elf/lib/libc.a(lib_a-wbuf.o)
 .debug_aranges
                0x0000000000000120       0x20 /usr/local/m68k-elf/lib/libc.a(lib_a-wsetup.o)
 .debug_aranges
                0x0000000000000140       0x20 /usr/local/m68k-elf/lib/libc.a(lib_a-fflush.o)
 .debug_aranges
                0x0000000000000160       0x20 /usr/local/m68k-elf/lib/libc.a(lib_a-findfp.o)
 .debug_aranges
                0x0000000000000180       0x20 /usr/local/m68k-elf/lib/libc.a(lib_a-freer.o)
 .debug_aranges
                0x00000000000001a0       0x20 /usr/local/m68k-elf/lib/libc.a(lib_a-fwalk.o)
 .debug_aranges
                0x00000000000001c0       0x20 /usr/local/m68k-elf/lib/libc.a(lib_a-makebuf.o)
 .debug_aranges
                0x00000000000001e0       0x20 /usr/local/m68k-elf/lib/libc.a(lib_a-mallocr.o)
 .debug_aranges
                0x0000000000000200       0x20 /usr/local/m68k-elf/lib/libc.a(lib_a-memset.o)
 .debug_aranges
                0x0000000000000220       0x20 /usr/local/m68k-elf/lib/libc.a(lib_a-mlock.o)
 .debug_aranges
                0x0000000000000240       0x20 /usr/local/m68k-elf/lib/libc.a(lib_a-sbrkr.o)
 .debug_aranges
                0x0000000000000260       0x20 /usr/local/m68k-elf/lib/libc.a(lib_a-stdio.o)
 .debug_aranges
                0x0000000000000280       0x20 /usr/local/m68k-elf/lib/libc.a(lib_a-writer.o)
 .debug_aranges
                0x00000000000002a0       0x20 /usr/local/m68k-elf/lib/libc.a(lib_a-closer.o)
 .debug_aranges
                0x00000000000002c0       0x20 /usr/local/m68k-elf/lib/libc.a(lib_a-fclose.o)
 .debug_aranges
                0x00000000000002e0       0x20 /usr/local/m68k-elf/lib/libc.a(lib_a-fstatr.o)
 .debug_aranges
                0x0000000000000300       0x20 /usr/local/m68k-elf/lib/libc.a(lib_a-isattyr.o)
 .debug_aranges
                0x0000000000000320       0x20 /usr/local/m68k-elf/lib/libc.a(lib_a-lseekr.o)
 .debug_aranges
                0x0000000000000340       0x20 /usr/local/m68k-elf/lib/libc.a(lib_a-readr.o)
 .debug_aranges
                0x0000000000000360       0x20 /usr/local/m68k-elf/lib/libc.a(lib_a-reent.o)
 .debug_aranges
                0x0000000000000380       0x20 /usr/local/m68k-elf/lib/libidp.a(close.o)
 .debug_aranges
                0x00000000000003a0       0x20 /usr/local/m68k-elf/lib/libidp.a(fstat.o)
 .debug_aranges
                0x00000000000003c0       0x20 /usr/local/m68k-elf/lib/libidp.a(isatty.o)
 .debug_aranges
                0x00000000000003e0       0x20 /usr/local/m68k-elf/lib/libidp.a(lseek.o)
 .debug_aranges
                0x0000000000000400       0x20 /usr/local/m68k-elf/lib/libidp.a(sbrk.o)
 .debug_aranges
                0x0000000000000420       0x20 /usr/local/m68k-elf/lib/libidp.a(mc68ec.o)
 .debug_aranges
                0x0000000000000440       0x20 /usr/local/m68k-elf/lib/libc.a(lib_a-errno.o)

.debug_line     0x0000000000000000     0x2d6b
 .debug_line    0x0000000000000000       0x70 csys68k.o
 .debug_line    0x0000000000000070       0xdb mtk_c.o
 .debug_line    0x000000000000014b       0xe3 test2.o
 .debug_line    0x000000000000022e      0x157 /usr/local/m68k-elf/lib/libc.a(lib_a-exit.o)
 .debug_line    0x0000000000000385       0xee /usr/local/m68k-elf/lib/libc.a(lib_a-impure.o)
 .debug_line    0x0000000000000473      0x143 /usr/local/m68k-elf/lib/libc.a(lib_a-putchar.o)
 .debug_line    0x00000000000005b6      0x199 /usr/local/m68k-elf/lib/libc.a(lib_a-__call_atexit.o)
 .debug_line    0x000000000000074f      0x1bb /usr/local/m68k-elf/lib/libc.a(lib_a-putc.o)
 .debug_line    0x000000000000090a      0x1b7 /usr/local/m68k-elf/lib/libc.a(lib_a-wbuf.o)
 .debug_line    0x0000000000000ac1      0x1ba /usr/local/m68k-elf/lib/libc.a(lib_a-wsetup.o)
 .debug_line    0x0000000000000c7b      0x20b /usr/local/m68k-elf/lib/libc.a(lib_a-fflush.o)
 .debug_line    0x0000000000000e86      0x213 /usr/local/m68k-elf/lib/libc.a(lib_a-findfp.o)
 .debug_line    0x0000000000001099      0x206 /usr/local/m68k-elf/lib/libc.a(lib_a-freer.o)
 .debug_line    0x000000000000129f      0x16b /usr/local/m68k-elf/lib/libc.a(lib_a-fwalk.o)
 .debug_line    0x000000000000140a      0x216 /usr/local/m68k-elf/lib/libc.a(lib_a-makebuf.o)
 .debug_line    0x0000000000001620      0x2f5 /usr/local/m68k-elf/lib/libc.a(lib_a-mallocr.o)
 .debug_line    0x0000000000001915       0x9d /usr/local/m68k-elf/lib/libc.a(lib_a-memset.o)
 .debug_line    0x00000000000019b2       0xff /usr/local/m68k-elf/lib/libc.a(lib_a-mlock.o)
 .debug_line    0x0000000000001ab1      0x144 /usr/local/m68k-elf/lib/libc.a(lib_a-sbrkr.o)
 .debug_line    0x0000000000001bf5      0x17f /usr/local/m68k-elf/lib/libc.a(lib_a-stdio.o)
 .debug_line    0x0000000000001d74      0x151 /usr/local/m68k-elf/lib/libc.a(lib_a-writer.o)
 .debug_line    0x0000000000001ec5      0x151 /usr/local/m68k-elf/lib/libc.a(lib_a-closer.o)
 .debug_line    0x0000000000002016      0x189 /usr/local/m68k-elf/lib/libc.a(lib_a-fclose.o)
 .debug_line    0x000000000000219f      0x1b7 /usr/local/m68k-elf/lib/libc.a(lib_a-fstatr.o)
 .debug_line    0x0000000000002356      0x152 /usr/local/m68k-elf/lib/libc.a(lib_a-isattyr.o)
 .debug_line    0x00000000000024a8      0x151 /usr/local/m68k-elf/lib/libc.a(lib_a-lseekr.o)
 .debug_line    0x00000000000025f9      0x150 /usr/local/m68k-elf/lib/libc.a(lib_a-readr.o)
 .debug_line    0x0000000000002749      0x16d /usr/local/m68k-elf/lib/libc.a(lib_a-reent.o)
 .debug_line    0x00000000000028b6       0x6b /usr/local/m68k-elf/lib/libidp.a(close.o)
 .debug_line    0x0000000000002921      0x122 /usr/local/m68k-elf/lib/libidp.a(fstat.o)
 .debug_line    0x0000000000002a43       0x6c /usr/local/m68k-elf/lib/libidp.a(isatty.o)
 .debug_line    0x0000000000002aaf       0xc5 /usr/local/m68k-elf/lib/libidp.a(lseek.o)
 .debug_line    0x0000000000002b74       0x7e /usr/local/m68k-elf/lib/libidp.a(sbrk.o)
 .debug_line    0x0000000000002bf2       0x71 /usr/local/m68k-elf/lib/libidp.a(mc68ec.o)
 .debug_line    0x0000000000002c63      0x108 /usr/local/m68k-elf/lib/libc.a(lib_a-errno.o)

.debug_str      0x0000000000000000     0x9ac2
 .debug_str     0x0000000000000000       0x93 csys68k.o
 .debug_str     0x0000000000000093      0x206 mtk_c.o
 .debug_str     0x0000000000000299      0x531 test2.o
 .debug_str     0x00000000000007ca      0x53a /usr/local/m68k-elf/lib/libc.a(lib_a-exit.o)
 .debug_str     0x0000000000000d04      0x531 /usr/local/m68k-elf/lib/libc.a(lib_a-impure.o)
 .debug_str     0x0000000000001235      0x534 /usr/local/m68k-elf/lib/libc.a(lib_a-putchar.o)
 .debug_str     0x0000000000001769      0x569 /usr/local/m68k-elf/lib/libc.a(lib_a-__call_atexit.o)
 .debug_str     0x0000000000001cd2      0x560 /usr/local/m68k-elf/lib/libc.a(lib_a-putc.o)
 .debug_str     0x0000000000002232      0x555 /usr/local/m68k-elf/lib/libc.a(lib_a-wbuf.o)
 .debug_str     0x0000000000002787      0x550 /usr/local/m68k-elf/lib/libc.a(lib_a-wsetup.o)
 .debug_str     0x0000000000002cd7      0x591 /usr/local/m68k-elf/lib/libc.a(lib_a-fflush.o)
 .debug_str     0x0000000000003268      0x67b /usr/local/m68k-elf/lib/libc.a(lib_a-findfp.o)
 .debug_str     0x00000000000038e3      0x684 /usr/local/m68k-elf/lib/libc.a(lib_a-freer.o)
 .debug_str     0x0000000000003f67      0x542 /usr/local/m68k-elf/lib/libc.a(lib_a-fwalk.o)
 .debug_str     0x00000000000044a9      0x6c7 /usr/local/m68k-elf/lib/libc.a(lib_a-makebuf.o)
 .debug_str     0x0000000000004b70      0x73a /usr/local/m68k-elf/lib/libc.a(lib_a-mallocr.o)
 .debug_str     0x00000000000052aa       0x8e /usr/local/m68k-elf/lib/libc.a(lib_a-memset.o)
 .debug_str     0x0000000000005338      0x530 /usr/local/m68k-elf/lib/libc.a(lib_a-mlock.o)
 .debug_str     0x0000000000005868      0x527 /usr/local/m68k-elf/lib/libc.a(lib_a-sbrkr.o)
 .debug_str     0x0000000000005d8f      0x588 /usr/local/m68k-elf/lib/libc.a(lib_a-stdio.o)
 .debug_str     0x0000000000006317      0x522 /usr/local/m68k-elf/lib/libc.a(lib_a-writer.o)
 .debug_str     0x0000000000006839      0x51b /usr/local/m68k-elf/lib/libc.a(lib_a-closer.o)
 .debug_str     0x0000000000006d54      0x57e /usr/local/m68k-elf/lib/libc.a(lib_a-fclose.o)
 .debug_str     0x00000000000072d2      0x66f /usr/local/m68k-elf/lib/libc.a(lib_a-fstatr.o)
 .debug_str     0x0000000000007941      0x51e /usr/local/m68k-elf/lib/libc.a(lib_a-isattyr.o)
 .debug_str     0x0000000000007e5f      0x522 /usr/local/m68k-elf/lib/libc.a(lib_a-lseekr.o)
 .debug_str     0x0000000000008381      0x51f /usr/local/m68k-elf/lib/libc.a(lib_a-readr.o)
 .debug_str     0x00000000000088a0      0x550 /usr/local/m68k-elf/lib/libc.a(lib_a-reent.o)
 .debug_str     0x0000000000008df0       0x9a /usr/local/m68k-elf/lib/libidp.a(close.o)
 .debug_str     0x0000000000008e8a      0x28d /usr/local/m68k-elf/lib/libidp.a(fstat.o)
 .debug_str     0x0000000000009117       0x9c /usr/local/m68k-elf/lib/libidp.a(isatty.o)
 .debug_str     0x00000000000091b3      0x163 /usr/local/m68k-elf/lib/libidp.a(lseek.o)
 .debug_str     0x0000000000009316      0x150 /usr/local/m68k-elf/lib/libidp.a(sbrk.o)
 .debug_str     0x0000000000009466      0x143 /usr/local/m68k-elf/lib/libidp.a(mc68ec.o)
 .debug_str     0x00000000000095a9      0x519 /usr/local/m68k-elf/lib/libc.a(lib_a-errno.o)

.comment        0x0000000000000000      0x264
 .comment       0x0000000000000000       0x12 csys68k.o
 .comment       0x0000000000000012       0x12 mtk_c.o
 .comment       0x0000000000000024       0x12 test2.o
 .comment       0x0000000000000036       0x12 /usr/local/m68k-elf/lib/libc.a(lib_a-exit.o)
 .comment       0x0000000000000048       0x12 /usr/local/m68k-elf/lib/libc.a(lib_a-impure.o)
 .comment       0x000000000000005a       0x12 /usr/local/m68k-elf/lib/libc.a(lib_a-putchar.o)
 .comment       0x000000000000006c       0x12 /usr/local/m68k-elf/lib/libc.a(lib_a-__call_atexit.o)
 .comment       0x000000000000007e       0x12 /usr/local/m68k-elf/lib/libc.a(lib_a-putc.o)
 .comment       0x0000000000000090       0x12 /usr/local/m68k-elf/lib/libc.a(lib_a-wbuf.o)
 .comment       0x00000000000000a2       0x12 /usr/local/m68k-elf/lib/libc.a(lib_a-wsetup.o)
 .comment       0x00000000000000b4       0x12 /usr/local/m68k-elf/lib/libc.a(lib_a-fflush.o)
 .comment       0x00000000000000c6       0x12 /usr/local/m68k-elf/lib/libc.a(lib_a-findfp.o)
 .comment       0x00000000000000d8       0x12 /usr/local/m68k-elf/lib/libc.a(lib_a-freer.o)
 .comment       0x00000000000000ea       0x12 /usr/local/m68k-elf/lib/libc.a(lib_a-fwalk.o)
 .comment       0x00000000000000fc       0x12 /usr/local/m68k-elf/lib/libc.a(lib_a-makebuf.o)
 .comment       0x000000000000010e       0x12 /usr/local/m68k-elf/lib/libc.a(lib_a-mallocr.o)
 .comment       0x0000000000000120       0x12 /usr/local/m68k-elf/lib/libc.a(lib_a-mlock.o)
 .comment       0x0000000000000132       0x12 /usr/local/m68k-elf/lib/libc.a(lib_a-sbrkr.o)
 .comment       0x0000000000000144       0x12 /usr/local/m68k-elf/lib/libc.a(lib_a-stdio.o)
 .comment       0x0000000000000156       0x12 /usr/local/m68k-elf/lib/libc.a(lib_a-writer.o)
 .comment       0x0000000000000168       0x12 /usr/local/m68k-elf/lib/libc.a(lib_a-closer.o)
 .comment       0x000000000000017a       0x12 /usr/local/m68k-elf/lib/libc.a(lib_a-fclose.o)
 .comment       0x000000000000018c       0x12 /usr/local/m68k-elf/lib/libc.a(lib_a-fstatr.o)
 .comment       0x000000000000019e       0x12 /usr/local/m68k-elf/lib/libc.a(lib_a-isattyr.o)
 .comment       0x00000000000001b0       0x12 /usr/local/m68k-elf/lib/libc.a(lib_a-lseekr.o)
 .comment       0x00000000000001c2       0x12 /usr/local/m68k-elf/lib/libc.a(lib_a-readr.o)
 .comment       0x00000000000001d4       0x12 /usr/local/m68k-elf/lib/libc.a(lib_a-reent.o)
 .comment       0x00000000000001e6       0x12 /usr/local/m68k-elf/lib/libidp.a(close.o)
 .comment       0x00000000000001f8       0x12 /usr/local/m68k-elf/lib/libidp.a(fstat.o)
 .comment       0x000000000000020a       0x12 /usr/local/m68k-elf/lib/libidp.a(isatty.o)
 .comment       0x000000000000021c       0x12 /usr/local/m68k-elf/lib/libidp.a(lseek.o)
 .comment       0x000000000000022e       0x12 /usr/local/m68k-elf/lib/libidp.a(sbrk.o)
 .comment       0x0000000000000240       0x12 /usr/local/m68k-elf/lib/libidp.a(mc68ec.o)
 .comment       0x0000000000000252       0x12 /usr/local/m68k-elf/lib/libc.a(lib_a-errno.o)

.debug_frame    0x0000000000000000      0xa5c
 .debug_frame   0x0000000000000000       0x88 csys68k.o
 .debug_frame   0x0000000000000088       0xe8 mtk_c.o
 .debug_frame   0x0000000000000170       0x54 test2.o
 .debug_frame   0x00000000000001c4       0x30 /usr/local/m68k-elf/lib/libc.a(lib_a-exit.o)
 .debug_frame   0x00000000000001f4       0x44 /usr/local/m68k-elf/lib/libc.a(lib_a-putchar.o)
 .debug_frame   0x0000000000000238       0x40 /usr/local/m68k-elf/lib/libc.a(lib_a-__call_atexit.o)
 .debug_frame   0x0000000000000278       0x50 /usr/local/m68k-elf/lib/libc.a(lib_a-putc.o)
 .debug_frame   0x00000000000002c8       0x4c /usr/local/m68k-elf/lib/libc.a(lib_a-wbuf.o)
 .debug_frame   0x0000000000000314       0x30 /usr/local/m68k-elf/lib/libc.a(lib_a-wsetup.o)
 .debug_frame   0x0000000000000344       0x68 /usr/local/m68k-elf/lib/libc.a(lib_a-fflush.o)
 .debug_frame   0x00000000000003ac      0x178 /usr/local/m68k-elf/lib/libc.a(lib_a-findfp.o)
 .debug_frame   0x0000000000000524       0x54 /usr/local/m68k-elf/lib/libc.a(lib_a-freer.o)
 .debug_frame   0x0000000000000578       0x5c /usr/local/m68k-elf/lib/libc.a(lib_a-fwalk.o)
 .debug_frame   0x00000000000005d4       0x4c /usr/local/m68k-elf/lib/libc.a(lib_a-makebuf.o)
 .debug_frame   0x0000000000000620       0x40 /usr/local/m68k-elf/lib/libc.a(lib_a-mallocr.o)
 .debug_frame   0x0000000000000660       0x44 /usr/local/m68k-elf/lib/libc.a(lib_a-mlock.o)
 .debug_frame   0x00000000000006a4       0x2c /usr/local/m68k-elf/lib/libc.a(lib_a-sbrkr.o)
 .debug_frame   0x00000000000006d0       0x9c /usr/local/m68k-elf/lib/libc.a(lib_a-stdio.o)
 .debug_frame   0x000000000000076c       0x2c /usr/local/m68k-elf/lib/libc.a(lib_a-writer.o)
 .debug_frame   0x0000000000000798       0x2c /usr/local/m68k-elf/lib/libc.a(lib_a-closer.o)
 .debug_frame   0x00000000000007c4       0x4c /usr/local/m68k-elf/lib/libc.a(lib_a-fclose.o)
 .debug_frame   0x0000000000000810       0x2c /usr/local/m68k-elf/lib/libc.a(lib_a-fstatr.o)
 .debug_frame   0x000000000000083c       0x2c /usr/local/m68k-elf/lib/libc.a(lib_a-isattyr.o)
 .debug_frame   0x0000000000000868       0x2c /usr/local/m68k-elf/lib/libc.a(lib_a-lseekr.o)
 .debug_frame   0x0000000000000894       0x2c /usr/local/m68k-elf/lib/libc.a(lib_a-readr.o)
 .debug_frame   0x00000000000008c0       0x50 /usr/local/m68k-elf/lib/libc.a(lib_a-reent.o)
 .debug_frame   0x0000000000000910       0x2c /usr/local/m68k-elf/lib/libidp.a(close.o)
 .debug_frame   0x000000000000093c       0x2c /usr/local/m68k-elf/lib/libidp.a(fstat.o)
 .debug_frame   0x0000000000000968       0x2c /usr/local/m68k-elf/lib/libidp.a(isatty.o)
 .debug_frame   0x0000000000000994       0x2c /usr/local/m68k-elf/lib/libidp.a(lseek.o)
 .debug_frame   0x00000000000009c0       0x2c /usr/local/m68k-elf/lib/libidp.a(sbrk.o)
 .debug_frame   0x00000000000009ec       0x44 /usr/local/m68k-elf/lib/libidp.a(mc68ec.o)
 .debug_frame   0x0000000000000a30       0x2c /usr/local/m68k-elf/lib/libc.a(lib_a-errno.o)

.debug_ranges   0x0000000000000000      0x1f0
 .debug_ranges  0x0000000000000000       0x50 mtk_c.o
 .debug_ranges  0x0000000000000050       0x18 test2.o
 .debug_ranges  0x0000000000000068       0x28 /usr/local/m68k-elf/lib/libc.a(lib_a-__call_atexit.o)
 .debug_ranges  0x0000000000000090       0x78 /usr/local/m68k-elf/lib/libc.a(lib_a-putc.o)
 .debug_ranges  0x0000000000000108       0x18 /usr/local/m68k-elf/lib/libc.a(lib_a-wbuf.o)
 .debug_ranges  0x0000000000000120       0x18 /usr/local/m68k-elf/lib/libc.a(lib_a-wsetup.o)
 .debug_ranges  0x0000000000000138       0x38 /usr/local/m68k-elf/lib/libc.a(lib_a-fflush.o)
 .debug_ranges  0x0000000000000170       0x18 /usr/local/m68k-elf/lib/libc.a(lib_a-makebuf.o)
 .debug_ranges  0x0000000000000188       0x38 /usr/local/m68k-elf/lib/libc.a(lib_a-mallocr.o)
 .debug_ranges  0x00000000000001c0       0x30 /usr/local/m68k-elf/lib/libc.a(lib_a-fclose.o)

Cross Reference Table

Symbol                                            File
P                                                 mtk_asm.o
V                                                 mtk_asm.o
__bss_start                                       crt0.o
__call_exitprocs                                  /usr/local/m68k-elf/lib/libc.a(lib_a-__call_atexit.o)
                                                  /usr/local/m68k-elf/lib/libc.a(lib_a-exit.o)
__errno                                           /usr/local/m68k-elf/lib/libc.a(lib_a-errno.o)
                                                  /usr/local/m68k-elf/lib/libidp.a(lseek.o)
__fp_lock_all                                     /usr/local/m68k-elf/lib/libc.a(lib_a-findfp.o)
__fp_unlock_all                                   /usr/local/m68k-elf/lib/libc.a(lib_a-findfp.o)
__malloc_av_                                      /usr/local/m68k-elf/lib/libc.a(lib_a-mallocr.o)
                                                  /usr/local/m68k-elf/lib/libc.a(lib_a-freer.o)
__malloc_current_mallinfo                         /usr/local/m68k-elf/lib/libc.a(lib_a-mallocr.o)
                                                  /usr/local/m68k-elf/lib/libc.a(lib_a-freer.o)
__malloc_lock                                     /usr/local/m68k-elf/lib/libc.a(lib_a-mlock.o)
                                                  /usr/local/m68k-elf/lib/libc.a(lib_a-mallocr.o)
                                                  /usr/local/m68k-elf/lib/libc.a(lib_a-freer.o)
__malloc_max_sbrked_mem                           /usr/local/m68k-elf/lib/libc.a(lib_a-mallocr.o)
__malloc_max_total_mem                            /usr/local/m68k-elf/lib/libc.a(lib_a-mallocr.o)
__malloc_sbrk_base                                /usr/local/m68k-elf/lib/libc.a(lib_a-mallocr.o)
                                                  /usr/local/m68k-elf/lib/libc.a(lib_a-freer.o)
__malloc_top_pad                                  /usr/local/m68k-elf/lib/libc.a(lib_a-mallocr.o)
                                                  /usr/local/m68k-elf/lib/libc.a(lib_a-freer.o)
__malloc_trim_threshold                           /usr/local/m68k-elf/lib/libc.a(lib_a-mallocr.o)
                                                  /usr/local/m68k-elf/lib/libc.a(lib_a-freer.o)
__malloc_unlock                                   /usr/local/m68k-elf/lib/libc.a(lib_a-mlock.o)
                                                  /usr/local/m68k-elf/lib/libc.a(lib_a-mallocr.o)
                                                  /usr/local/m68k-elf/lib/libc.a(lib_a-freer.o)
__sclose                                          /usr/local/m68k-elf/lib/libc.a(lib_a-stdio.o)
                                                  /usr/local/m68k-elf/lib/libc.a(lib_a-findfp.o)
__seofread                                        /usr/local/m68k-elf/lib/libc.a(lib_a-stdio.o)
__sflush_r                                        /usr/local/m68k-elf/lib/libc.a(lib_a-fflush.o)
                                                  /usr/local/m68k-elf/lib/libc.a(lib_a-fclose.o)
__sfmoreglue                                      /usr/local/m68k-elf/lib/libc.a(lib_a-findfp.o)
__sfp                                             /usr/local/m68k-elf/lib/libc.a(lib_a-findfp.o)
__sfp_lock_acquire                                /usr/local/m68k-elf/lib/libc.a(lib_a-findfp.o)
                                                  /usr/local/m68k-elf/lib/libc.a(lib_a-fclose.o)
__sfp_lock_release                                /usr/local/m68k-elf/lib/libc.a(lib_a-findfp.o)
                                                  /usr/local/m68k-elf/lib/libc.a(lib_a-fclose.o)
__sinit                                           /usr/local/m68k-elf/lib/libc.a(lib_a-findfp.o)
                                                  /usr/local/m68k-elf/lib/libc.a(lib_a-fclose.o)
                                                  /usr/local/m68k-elf/lib/libc.a(lib_a-fflush.o)
                                                  /usr/local/m68k-elf/lib/libc.a(lib_a-wsetup.o)
                                                  /usr/local/m68k-elf/lib/libc.a(lib_a-wbuf.o)
                                                  /usr/local/m68k-elf/lib/libc.a(lib_a-putc.o)
__sinit_lock_acquire                              /usr/local/m68k-elf/lib/libc.a(lib_a-findfp.o)
__sinit_lock_release                              /usr/local/m68k-elf/lib/libc.a(lib_a-findfp.o)
__smakebuf_r                                      /usr/local/m68k-elf/lib/libc.a(lib_a-makebuf.o)
                                                  /usr/local/m68k-elf/lib/libc.a(lib_a-wsetup.o)
__sread                                           /usr/local/m68k-elf/lib/libc.a(lib_a-stdio.o)
                                                  /usr/local/m68k-elf/lib/libc.a(lib_a-findfp.o)
__sseek                                           /usr/local/m68k-elf/lib/libc.a(lib_a-stdio.o)
                                                  /usr/local/m68k-elf/lib/libc.a(lib_a-findfp.o)
__stack                                           crt0.o
__swbuf                                           /usr/local/m68k-elf/lib/libc.a(lib_a-wbuf.o)
__swbuf_r                                         /usr/local/m68k-elf/lib/libc.a(lib_a-wbuf.o)
                                                  /usr/local/m68k-elf/lib/libc.a(lib_a-putc.o)
__swhatbuf_r                                      /usr/local/m68k-elf/lib/libc.a(lib_a-makebuf.o)
__swrite                                          /usr/local/m68k-elf/lib/libc.a(lib_a-stdio.o)
                                                  /usr/local/m68k-elf/lib/libc.a(lib_a-findfp.o)
__swsetup_r                                       /usr/local/m68k-elf/lib/libc.a(lib_a-wsetup.o)
                                                  /usr/local/m68k-elf/lib/libc.a(lib_a-wbuf.o)
_cleanup                                          /usr/local/m68k-elf/lib/libc.a(lib_a-findfp.o)
_cleanup_r                                        /usr/local/m68k-elf/lib/libc.a(lib_a-findfp.o)
                                                  /usr/local/m68k-elf/lib/libc.a(lib_a-makebuf.o)
_close_r                                          /usr/local/m68k-elf/lib/libc.a(lib_a-closer.o)
                                                  /usr/local/m68k-elf/lib/libc.a(lib_a-stdio.o)
_end                                              /usr/local/m68k-elf/lib/libidp.a(sbrk.o)
                                                  crt0.o
_exit                                             /usr/local/m68k-elf/lib/libidp.a(mc68ec.o)
                                                  /usr/local/m68k-elf/lib/libc.a(lib_a-exit.o)
_fclose_r                                         /usr/local/m68k-elf/lib/libc.a(lib_a-fclose.o)
                                                  /usr/local/m68k-elf/lib/libc.a(lib_a-findfp.o)
_fflush_r                                         /usr/local/m68k-elf/lib/libc.a(lib_a-fflush.o)
                                                  /usr/local/m68k-elf/lib/libc.a(lib_a-wbuf.o)
_free_r                                           /usr/local/m68k-elf/lib/libc.a(lib_a-freer.o)
                                                  /usr/local/m68k-elf/lib/libc.a(lib_a-reent.o)
                                                  /usr/local/m68k-elf/lib/libc.a(lib_a-fclose.o)
                                                  /usr/local/m68k-elf/lib/libc.a(lib_a-mallocr.o)
                                                  /usr/local/m68k-elf/lib/libc.a(lib_a-fflush.o)
                                                  /usr/local/m68k-elf/lib/libc.a(lib_a-wsetup.o)
_fstat_r                                          /usr/local/m68k-elf/lib/libc.a(lib_a-fstatr.o)
                                                  /usr/local/m68k-elf/lib/libc.a(lib_a-makebuf.o)
_fwalk                                            /usr/local/m68k-elf/lib/libc.a(lib_a-fwalk.o)
                                                  /usr/local/m68k-elf/lib/libc.a(lib_a-findfp.o)
_fwalk_reent                                      /usr/local/m68k-elf/lib/libc.a(lib_a-fwalk.o)
                                                  /usr/local/m68k-elf/lib/libc.a(lib_a-findfp.o)
                                                  /usr/local/m68k-elf/lib/libc.a(lib_a-fflush.o)
_global_impure_ptr                                /usr/local/m68k-elf/lib/libc.a(lib_a-impure.o)
                                                  /usr/local/m68k-elf/lib/libc.a(lib_a-findfp.o)
                                                  /usr/local/m68k-elf/lib/libc.a(lib_a-fflush.o)
                                                  /usr/local/m68k-elf/lib/libc.a(lib_a-__call_atexit.o)
                                                  /usr/local/m68k-elf/lib/libc.a(lib_a-exit.o)
_impure_ptr                                       /usr/local/m68k-elf/lib/libc.a(lib_a-impure.o)
                                                  /usr/local/m68k-elf/lib/libc.a(lib_a-errno.o)
                                                  /usr/local/m68k-elf/lib/libc.a(lib_a-reent.o)
                                                  /usr/local/m68k-elf/lib/libc.a(lib_a-fclose.o)
                                                  /usr/local/m68k-elf/lib/libc.a(lib_a-findfp.o)
                                                  /usr/local/m68k-elf/lib/libc.a(lib_a-fflush.o)
                                                  /usr/local/m68k-elf/lib/libc.a(lib_a-wsetup.o)
                                                  /usr/local/m68k-elf/lib/libc.a(lib_a-wbuf.o)
                                                  /usr/local/m68k-elf/lib/libc.a(lib_a-putc.o)
                                                  /usr/local/m68k-elf/lib/libc.a(lib_a-putchar.o)
_isatty_r                                         /usr/local/m68k-elf/lib/libc.a(lib_a-isattyr.o)
                                                  /usr/local/m68k-elf/lib/libc.a(lib_a-makebuf.o)
_lseek_r                                          /usr/local/m68k-elf/lib/libc.a(lib_a-lseekr.o)
                                                  /usr/local/m68k-elf/lib/libc.a(lib_a-stdio.o)
_malloc_r                                         /usr/local/m68k-elf/lib/libc.a(lib_a-mallocr.o)
                                                  /usr/local/m68k-elf/lib/libc.a(lib_a-makebuf.o)
                                                  /usr/local/m68k-elf/lib/libc.a(lib_a-findfp.o)
_malloc_trim_r                                    /usr/local/m68k-elf/lib/libc.a(lib_a-freer.o)
_putc_r                                           /usr/local/m68k-elf/lib/libc.a(lib_a-putc.o)
                                                  /usr/local/m68k-elf/lib/libc.a(lib_a-putchar.o)
_putchar_r                                        /usr/local/m68k-elf/lib/libc.a(lib_a-putchar.o)
_read_r                                           /usr/local/m68k-elf/lib/libc.a(lib_a-readr.o)
                                                  /usr/local/m68k-elf/lib/libc.a(lib_a-stdio.o)
_reclaim_reent                                    /usr/local/m68k-elf/lib/libc.a(lib_a-reent.o)
_sbrk_r                                           /usr/local/m68k-elf/lib/libc.a(lib_a-sbrkr.o)
                                                  /usr/local/m68k-elf/lib/libc.a(lib_a-mallocr.o)
                                                  /usr/local/m68k-elf/lib/libc.a(lib_a-freer.o)
_write_r                                          /usr/local/m68k-elf/lib/libc.a(lib_a-writer.o)
                                                  /usr/local/m68k-elf/lib/libc.a(lib_a-stdio.o)
addq                                              mtk_c.o
                                                  mtk_asm.o
begin_sch                                         mtk_c.o
                                                  test2.o
cleanup_glue                                      /usr/local/m68k-elf/lib/libc.a(lib_a-reent.o)
close                                             /usr/local/m68k-elf/lib/libidp.a(close.o)
                                                  /usr/local/m68k-elf/lib/libc.a(lib_a-closer.o)
curr_task                                         mtk_c.o
                                                  mtk_asm.o
delay                                             /usr/local/m68k-elf/lib/libidp.a(mc68ec.o)
errno                                             /usr/local/m68k-elf/lib/libc.a(lib_a-reent.o)
                                                  /usr/local/m68k-elf/lib/libc.a(lib_a-readr.o)
                                                  /usr/local/m68k-elf/lib/libc.a(lib_a-lseekr.o)
                                                  /usr/local/m68k-elf/lib/libc.a(lib_a-isattyr.o)
                                                  /usr/local/m68k-elf/lib/libc.a(lib_a-fstatr.o)
                                                  /usr/local/m68k-elf/lib/libc.a(lib_a-closer.o)
                                                  /usr/local/m68k-elf/lib/libc.a(lib_a-writer.o)
                                                  /usr/local/m68k-elf/lib/libc.a(lib_a-sbrkr.o)
exit                                              /usr/local/m68k-elf/lib/libc.a(lib_a-exit.o)
                                                  crt0.o
fclose                                            /usr/local/m68k-elf/lib/libc.a(lib_a-fclose.o)
fflush                                            /usr/local/m68k-elf/lib/libc.a(lib_a-fflush.o)
first_task                                        mtk_asm.o
                                                  mtk_c.o
free                                              /usr/local/m68k-elf/lib/libc.a(lib_a-__call_atexit.o)
fstat                                             /usr/local/m68k-elf/lib/libidp.a(fstat.o)
                                                  /usr/local/m68k-elf/lib/libc.a(lib_a-fstatr.o)
hard_clock                                        mtk_asm.o
hardware_init_hook                                crt0.o
heap_ptr                                          /usr/local/m68k-elf/lib/libidp.a(sbrk.o)
inbyte                                            inchrw.o
                                                  csys68k.o
init_kernel                                       mtk_c.o
                                                  test2.o
init_stack                                        mtk_c.o
init_timer                                        mtk_asm.o
                                                  mtk_c.o
isatty                                            /usr/local/m68k-elf/lib/libidp.a(isatty.o)
                                                  /usr/local/m68k-elf/lib/libc.a(lib_a-isattyr.o)
lseek                                             /usr/local/m68k-elf/lib/libidp.a(lseek.o)
                                                  /usr/local/m68k-elf/lib/libc.a(lib_a-lseekr.o)
main                                              test2.o
                                                  crt0.o
memset                                            /usr/local/m68k-elf/lib/libc.a(lib_a-memset.o)
                                                  /usr/local/m68k-elf/lib/libc.a(lib_a-findfp.o)
monitor_begin                                     mon.o
                                                  crt0.o
new_task                                          mtk_c.o
next_task                                         mtk_c.o
                                                  mtk_asm.o
outbyte                                           outchr.o
                                                  csys68k.o
p_body                                            mtk_c.o
                                                  mtk_asm.o
putc                                              /usr/local/m68k-elf/lib/libc.a(lib_a-putc.o)
putchar                                           /usr/local/m68k-elf/lib/libc.a(lib_a-putchar.o)
                                                  test2.o
pv_handler                                        mtk_asm.o
                                                  mtk_c.o
read                                              csys68k.o
                                                  /usr/local/m68k-elf/lib/libc.a(lib_a-readr.o)
ready                                             mtk_c.o
removeq                                           mtk_c.o
sbrk                                              /usr/local/m68k-elf/lib/libidp.a(sbrk.o)
                                                  /usr/local/m68k-elf/lib/libc.a(lib_a-sbrkr.o)
sched                                             mtk_c.o
                                                  mtk_asm.o
semaphore                                         mtk_c.o
set_task                                          mtk_c.o
                                                  test2.o
sleep                                             mtk_c.o
software_init_hook                                crt0.o
stacks                                            mtk_c.o
start                                             crt0.o
                                                  mon.o
swtch                                             mtk_asm.o
                                                  mtk_c.o
task1                                             test2.o
task_tab                                          mtk_c.o
                                                  mtk_asm.o
v_body                                            mtk_c.o
                                                  mtk_asm.o
wakeup                                            mtk_c.o
write                                             csys68k.o
                                                  /usr/local/m68k-elf/lib/libc.a(lib_a-writer.o)
